
 Start         Length     Name                   Class
 0001:00401000 00008D538H _TEXT                  CODE
 0002:0048F000 0000270B8H _DATA                  DATA
 0003:004B60B8 000010C18H _BSS                   BSS
 0004:00000000 00000009CH _TLS                   TLS


Detailed map of segments
 0001:00000000 0000014F C=CODE    S=_TEXT    G=(none)   M=C:\BORLAND\BCC55\LIB\C0W32.OBJ ACBP=A9
 0001:00000150 0000004D C=CODE    S=_TEXT    G=(none)   M=C:\HELIO\SIACHB\COR.OBJ ACBP=A9
 0001:000001A0 00000010 C=CODE    S=_TEXT    G=(none)   M=C:\XHARBOUR\LIB\LANG.LIB|msgen ACBP=A9
 0001:000001B0 000015B3 C=CODE    S=_TEXT    G=(none)   M=C:\XHARBOUR\LIB\VM.LIB|arrays ACBP=A9
 0001:00001764 000034ED C=CODE    S=_TEXT    G=(none)   M=C:\XHARBOUR\LIB\VM.LIB|arrayshb ACBP=A9
 0001:00004C54 000005A0 C=CODE    S=_TEXT    G=(none)   M=C:\XHARBOUR\LIB\VM.LIB|asort ACBP=A9
 0001:000051F4 00000017 C=CODE    S=_TEXT    G=(none)   M=C:\XHARBOUR\LIB\VM.LIB|break ACBP=A9
 0001:0000520C 0000587C C=CODE    S=_TEXT    G=(none)   M=C:\XHARBOUR\LIB\VM.LIB|classes ACBP=A9
 0001:0000AA88 00000567 C=CODE    S=_TEXT    G=(none)   M=C:\XHARBOUR\LIB\VM.LIB|cmdarg ACBP=A9
 0001:0000AFF0 00000321 C=CODE    S=_TEXT    G=(none)   M=C:\XHARBOUR\LIB\VM.LIB|codebloc ACBP=A9
 0001:0000B314 0000070F C=CODE    S=_TEXT    G=(none)   M=C:\XHARBOUR\LIB\VM.LIB|dynsym ACBP=A9
 0001:0000BA24 000016B7 C=CODE    S=_TEXT    G=(none)   M=C:\XHARBOUR\LIB\VM.LIB|errorapi ACBP=A9
 0001:0000D0DC 00000846 C=CODE    S=_TEXT    G=(none)   M=C:\XHARBOUR\LIB\VM.LIB|estack ACBP=A9
 0001:0000D924 00000BD2 C=CODE    S=_TEXT    G=(none)   M=C:\XHARBOUR\LIB\VM.LIB|eval ACBP=A9
 0001:0000E4F8 00001B70 C=CODE    S=_TEXT    G=(none)   M=C:\XHARBOUR\LIB\VM.LIB|extend ACBP=A9
 0001:00010068 00000B0D C=CODE    S=_TEXT    G=(none)   M=C:\XHARBOUR\LIB\VM.LIB|fm ACBP=A9
 0001:00010B78 000006D7 C=CODE    S=_TEXT    G=(none)   M=C:\XHARBOUR\LIB\VM.LIB|garbage ACBP=A9
 0001:00011250 00002A5A C=CODE    S=_TEXT    G=(none)   M=C:\XHARBOUR\LIB\VM.LIB|hash ACBP=A9
 0001:00013CAC 00000FC9 C=CODE    S=_TEXT    G=(none)   M=C:\XHARBOUR\LIB\VM.LIB|hbi18n ACBP=A9
 0001:00014C78 0000E1FC C=CODE    S=_TEXT    G=(none)   M=C:\XHARBOUR\LIB\VM.LIB|hvm ACBP=A9
 0001:00022E74 00000006 C=CODE    S=_TEXT    G=(none)   M=C:\XHARBOUR\LIB\VM.LIB|initexit ACBP=A9
 0001:00022E7C 00000017 C=CODE    S=_TEXT    G=(none)   M=C:\XHARBOUR\LIB\VM.LIB|initsymb ACBP=A9
 0001:00022E94 00001732 C=CODE    S=_TEXT    G=(none)   M=C:\XHARBOUR\LIB\VM.LIB|itemapi ACBP=A9
 0001:000245C8 000008FF C=CODE    S=_TEXT    G=(none)   M=C:\XHARBOUR\LIB\VM.LIB|fastitem ACBP=A9
 0001:00024EC8 00001A0B C=CODE    S=_TEXT    G=(none)   M=C:\XHARBOUR\LIB\VM.LIB|macro ACBP=A9
 0001:000268D4 0000011D C=CODE    S=_TEXT    G=(none)   M=C:\XHARBOUR\LIB\VM.LIB|mainwin ACBP=A9
 0001:000269F4 00001DF1 C=CODE    S=_TEXT    G=(none)   M=C:\XHARBOUR\LIB\VM.LIB|memvars ACBP=A9
 0001:000287E8 00000039 C=CODE    S=_TEXT    G=(none)   M=C:\XHARBOUR\LIB\VM.LIB|pcount ACBP=A9
 0001:00028824 00000558 C=CODE    S=_TEXT    G=(none)   M=C:\XHARBOUR\LIB\VM.LIB|proc ACBP=A9
 0001:00028D7C 000000D5 C=CODE    S=_TEXT    G=(none)   M=C:\XHARBOUR\LIB\VM.LIB|harbinit ACBP=A9
 0001:00028E54 000001A4 C=CODE    S=_TEXT    G=(none)   M=C:\XHARBOUR\LIB\RTL.LIB|abs ACBP=A9
 0001:00028FF8 000002CD C=CODE    S=_TEXT    G=(none)   M=C:\XHARBOUR\LIB\RTL.LIB|at ACBP=A9
 0001:000292C8 00000593 C=CODE    S=_TEXT    G=(none)   M=C:\XHARBOUR\LIB\RTL.LIB|bkgtsks ACBP=A9
 0001:0002985C 0000017D C=CODE    S=_TEXT    G=(none)   M=C:\XHARBOUR\LIB\RTL.LIB|box ACBP=A9
 0001:000299DC 00000D78 C=CODE    S=_TEXT    G=(none)   M=C:\XHARBOUR\LIB\RTL.LIB|cdpapi ACBP=A9
 0001:0002A754 000000AD C=CODE    S=_TEXT    G=(none)   M=C:\XHARBOUR\LIB\RTL.LIB|chrasc ACBP=A9
 0001:0002A804 000000CD C=CODE    S=_TEXT    G=(none)   M=C:\XHARBOUR\LIB\RTL.LIB|colorind ACBP=A9
 0001:0002A8D4 00000A05 C=CODE    S=_TEXT    G=(none)   M=C:\XHARBOUR\LIB\RTL.LIB|console ACBP=A9
 0001:0002B2DC 00000159 C=CODE    S=_TEXT    G=(none)   M=C:\XHARBOUR\LIB\RTL.LIB|datec ACBP=A9
 0001:0002B438 000007EB C=CODE    S=_TEXT    G=(none)   M=C:\XHARBOUR\LIB\RTL.LIB|dates ACBP=A9
 0001:0002BC24 000006A7 C=CODE    S=_TEXT    G=(none)   M=C:\XHARBOUR\LIB\RTL.LIB|dateshb ACBP=A9
 0001:0002C2CC 00000218 C=CODE    S=_TEXT    G=(none)   M=C:\XHARBOUR\LIB\RTL.LIB|empty ACBP=A9
 0001:0002C4E4 00000138 C=CODE    S=_TEXT    G=(none)   M=C:\XHARBOUR\LIB\RTL.LIB|file ACBP=A9
 0001:0002C61C 0000009A C=CODE    S=_TEXT    G=(none)   M=C:\XHARBOUR\LIB\RTL.LIB|filehb ACBP=A9
 0001:0002C6B8 00001337 C=CODE    S=_TEXT    G=(none)   M=C:\XHARBOUR\LIB\RTL.LIB|filesys ACBP=A9
 0001:0002D9F0 000000B8 C=CODE    S=_TEXT    G=(none)   M=C:\XHARBOUR\LIB\RTL.LIB|fserror ACBP=A9
 0001:0002DAA8 00000144 C=CODE    S=_TEXT    G=(none)   M=C:\XHARBOUR\LIB\RTL.LIB|fnsplit ACBP=A9
 0001:0002DBEC 000009C8 C=CODE    S=_TEXT    G=(none)   M=C:\XHARBOUR\LIB\RTL.LIB|fparse ACBP=A9
 0001:0002E5B4 00000132 C=CODE    S=_TEXT    G=(none)   M=C:\XHARBOUR\LIB\RTL.LIB|fstemp ACBP=A9
 0001:0002E6E8 00000046 C=CODE    S=_TEXT    G=(none)   M=C:\XHARBOUR\LIB\RTL.LIB|gt ACBP=A9
 0001:0002E730 00003EE6 C=CODE    S=_TEXT    G=(none)   M=C:\XHARBOUR\LIB\RTL.LIB|gtapi ACBP=A9
 0001:00032618 000004AF C=CODE    S=_TEXT    G=(none)   M=C:\XHARBOUR\LIB\RTL.LIB|hbbitf ACBP=A9
 0001:00032AC8 00000830 C=CODE    S=_TEXT    G=(none)   M=C:\XHARBOUR\LIB\RTL.LIB|hbffind ACBP=A9
 0001:000332F8 00000407 C=CODE    S=_TEXT    G=(none)   M=C:\XHARBOUR\LIB\RTL.LIB|hbhex2n ACBP=A9
 0001:00033700 000002C0 C=CODE    S=_TEXT    G=(none)   M=C:\XHARBOUR\LIB\RTL.LIB|hbrandom ACBP=A9
 0001:000339C0 0000081F C=CODE    S=_TEXT    G=(none)   M=C:\XHARBOUR\LIB\RTL.LIB|hbserv ACBP=A9
 0001:000341E0 00000473 C=CODE    S=_TEXT    G=(none)   M=C:\XHARBOUR\LIB\RTL.LIB|idle ACBP=A9
 0001:00034654 000009CF C=CODE    S=_TEXT    G=(none)   M=C:\XHARBOUR\LIB\RTL.LIB|inkey ACBP=A9
 0001:00035024 0000043A C=CODE    S=_TEXT    G=(none)   M=C:\XHARBOUR\LIB\RTL.LIB|is ACBP=A9
 0001:00035460 00000286 C=CODE    S=_TEXT    G=(none)   M=C:\XHARBOUR\LIB\RTL.LIB|langapi ACBP=A9
 0001:000356E8 000000BD C=CODE    S=_TEXT    G=(none)   M=C:\XHARBOUR\LIB\RTL.LIB|left ACBP=A9
 0001:000357A8 00000084 C=CODE    S=_TEXT    G=(none)   M=C:\XHARBOUR\LIB\RTL.LIB|len ACBP=A9
 0001:0003582C 000009E0 C=CODE    S=_TEXT    G=(none)   M=C:\XHARBOUR\LIB\RTL.LIB|math ACBP=A9
 0001:0003620C 000000EE C=CODE    S=_TEXT    G=(none)   M=C:\XHARBOUR\LIB\RTL.LIB|maxrow ACBP=A9
 0001:000362FC 00000596 C=CODE    S=_TEXT    G=(none)   M=C:\XHARBOUR\LIB\RTL.LIB|minmax ACBP=A9
 0001:00036894 000003F5 C=CODE    S=_TEXT    G=(none)   M=C:\XHARBOUR\LIB\RTL.LIB|mouseapi ACBP=A9
 0001:00036C8C 0000018B C=CODE    S=_TEXT    G=(none)   M=C:\XHARBOUR\LIB\RTL.LIB|natmsg ACBP=A9
 0001:00036E18 00000136 C=CODE    S=_TEXT    G=(none)   M=C:\XHARBOUR\LIB\RTL.LIB|padc ACBP=A9
 0001:00036F50 00000104 C=CODE    S=_TEXT    G=(none)   M=C:\XHARBOUR\LIB\RTL.LIB|padl ACBP=A9
 0001:00037054 000000FF C=CODE    S=_TEXT    G=(none)   M=C:\XHARBOUR\LIB\RTL.LIB|padr ACBP=A9
 0001:00037154 00000BFC C=CODE    S=_TEXT    G=(none)   M=C:\XHARBOUR\LIB\RTL.LIB|philes ACBP=A9
 0001:00037D50 00005E50 C=CODE    S=_TEXT    G=(none)   M=C:\XHARBOUR\LIB\RTL.LIB|regex ACBP=A9
 0001:0003DBA0 00000140 C=CODE    S=_TEXT    G=(none)   M=C:\XHARBOUR\LIB\RTL.LIB|replic ACBP=A9
 0001:0003DCE0 00000132 C=CODE    S=_TEXT    G=(none)   M=C:\XHARBOUR\LIB\RTL.LIB|round ACBP=A9
 0001:0003DE14 000001B4 C=CODE    S=_TEXT    G=(none)   M=C:\XHARBOUR\LIB\RTL.LIB|saverest ACBP=A9
 0001:0003DFC8 00000103 C=CODE    S=_TEXT    G=(none)   M=C:\XHARBOUR\LIB\RTL.LIB|scroll ACBP=A9
 0001:0003E0CC 0000012C C=CODE    S=_TEXT    G=(none)   M=C:\XHARBOUR\LIB\RTL.LIB|seconds ACBP=A9
 0001:0003E1F8 00002B72 C=CODE    S=_TEXT    G=(none)   M=C:\XHARBOUR\LIB\RTL.LIB|set ACBP=A9
 0001:00040D6C 00000110 C=CODE    S=_TEXT    G=(none)   M=C:\XHARBOUR\LIB\RTL.LIB|setcolor ACBP=A9
 0001:00040E7C 00000063 C=CODE    S=_TEXT    G=(none)   M=C:\XHARBOUR\LIB\RTL.LIB|setcurs ACBP=A9
 0001:00040EE0 00000606 C=CODE    S=_TEXT    G=(none)   M=C:\XHARBOUR\LIB\RTL.LIB|setkey ACBP=A9
 0001:000414E8 0000008C C=CODE    S=_TEXT    G=(none)   M=C:\XHARBOUR\LIB\RTL.LIB|setpos ACBP=A9
 0001:00041574 0000002C C=CODE    S=_TEXT    G=(none)   M=C:\XHARBOUR\LIB\RTL.LIB|setposbs ACBP=A9
 0001:000415A0 00000085 C=CODE    S=_TEXT    G=(none)   M=C:\XHARBOUR\LIB\RTL.LIB|space ACBP=A9
 0001:00041628 00000224 C=CODE    S=_TEXT    G=(none)   M=C:\XHARBOUR\LIB\RTL.LIB|spfiles ACBP=A9
 0001:0004184C 0000024F C=CODE    S=_TEXT    G=(none)   M=C:\XHARBOUR\LIB\RTL.LIB|str ACBP=A9
 0001:00041A9C 000002A7 C=CODE    S=_TEXT    G=(none)   M=C:\XHARBOUR\LIB\RTL.LIB|strcase ACBP=A9
 0001:00041D44 0000013E C=CODE    S=_TEXT    G=(none)   M=C:\XHARBOUR\LIB\RTL.LIB|strdel ACBP=A9
 0001:00041E84 000000AD C=CODE    S=_TEXT    G=(none)   M=C:\XHARBOUR\LIB\RTL.LIB|strings ACBP=A9
 0001:00041F34 000002FB C=CODE    S=_TEXT    G=(none)   M=C:\XHARBOUR\LIB\RTL.LIB|strtran ACBP=A9
 0001:00042230 00000159 C=CODE    S=_TEXT    G=(none)   M=C:\XHARBOUR\LIB\RTL.LIB|stuff ACBP=A9
 0001:0004238C 00000161 C=CODE    S=_TEXT    G=(none)   M=C:\XHARBOUR\LIB\RTL.LIB|substr ACBP=A9
 0001:000424F0 00000946 C=CODE    S=_TEXT    G=(none)   M=C:\XHARBOUR\LIB\RTL.LIB|tprinter ACBP=A9
 0001:00042E38 00000140 C=CODE    S=_TEXT    G=(none)   M=C:\XHARBOUR\LIB\RTL.LIB|trace ACBP=A9
 0001:00042F78 00001594 C=CODE    S=_TEXT    G=(none)   M=C:\XHARBOUR\LIB\RTL.LIB|transfrm ACBP=A9
 0001:0004450C 000002E3 C=CODE    S=_TEXT    G=(none)   M=C:\XHARBOUR\LIB\RTL.LIB|trim ACBP=A9
 0001:000447F0 0000006D C=CODE    S=_TEXT    G=(none)   M=C:\XHARBOUR\LIB\RTL.LIB|type ACBP=A9
 0001:00044860 0000009A C=CODE    S=_TEXT    G=(none)   M=C:\XHARBOUR\LIB\RTL.LIB|val ACBP=A9
 0001:000448FC 000003A1 C=CODE    S=_TEXT    G=(none)   M=C:\XHARBOUR\LIB\RTL.LIB|valtype ACBP=A9
 0001:00044CA0 0000039F C=CODE    S=_TEXT    G=(none)   M=C:\XHARBOUR\LIB\RTL.LIB|version ACBP=A9
 0001:00045040 00000049 C=CODE    S=_TEXT    G=(none)   M=C:\XHARBOUR\LIB\RTL.LIB|word ACBP=A9
 0001:0004508C 00000080 C=CODE    S=_TEXT    G=(none)   M=C:\XHARBOUR\LIB\RTL.LIB|xhelp ACBP=A9
 0001:0004510C 000000DE C=CODE    S=_TEXT    G=(none)   M=C:\XHARBOUR\LIB\RTL.LIB|xsavescr ACBP=A9
 0001:000451EC 0000008D C=CODE    S=_TEXT    G=(none)   M=C:\XHARBOUR\LIB\RTL.LIB|alert ACBP=A9
 0001:0004527C 00000165 C=CODE    S=_TEXT    G=(none)   M=C:\XHARBOUR\LIB\RTL.LIB|color53 ACBP=A9
 0001:000453E4 00000075 C=CODE    S=_TEXT    G=(none)   M=C:\XHARBOUR\LIB\RTL.LIB|cstr ACBP=A9
 0001:0004545C 000001FA C=CODE    S=_TEXT    G=(none)   M=C:\XHARBOUR\LIB\RTL.LIB|errorsys ACBP=A9
 0001:00045658 00000075 C=CODE    S=_TEXT    G=(none)   M=C:\XHARBOUR\LIB\RTL.LIB|getlist ACBP=A9
 0001:000456D0 0000023D C=CODE    S=_TEXT    G=(none)   M=C:\XHARBOUR\LIB\RTL.LIB|getsys ACBP=A9
 0001:00045910 0000002D C=CODE    S=_TEXT    G=(none)   M=C:\XHARBOUR\LIB\RTL.LIB|memvarbl ACBP=A9
 0001:00045940 00000105 C=CODE    S=_TEXT    G=(none)   M=C:\XHARBOUR\LIB\RTL.LIB|mssgline ACBP=A9
 0001:00045A48 0000020D C=CODE    S=_TEXT    G=(none)   M=C:\XHARBOUR\LIB\RTL.LIB|objfunc ACBP=A9
 0001:00045C58 0000038D C=CODE    S=_TEXT    G=(none)   M=C:\XHARBOUR\LIB\RTL.LIB|tclass ACBP=A9
 0001:00045FE8 00000045 C=CODE    S=_TEXT    G=(none)   M=C:\XHARBOUR\LIB\RTL.LIB|terror ACBP=A9
 0001:00046030 00000409 C=CODE    S=_TEXT    G=(none)   M=C:\XHARBOUR\LIB\RTL.LIB|tget ACBP=A9
 0001:0004643C 0000005D C=CODE    S=_TEXT    G=(none)   M=C:\XHARBOUR\LIB\RTL.LIB|tgetint ACBP=A9
 0001:0004649C 000002A1 C=CODE    S=_TEXT    G=(none)   M=C:\XHARBOUR\LIB\RTL.LIB|tgetlist ACBP=A9
 0001:00046740 000000D5 C=CODE    S=_TEXT    G=(none)   M=C:\XHARBOUR\LIB\RTL.LIB|tobject ACBP=A9
 0001:00046818 00000045 C=CODE    S=_TEXT    G=(none)   M=C:\XHARBOUR\LIB\RTL.LIB|traceprg ACBP=A9
 0001:00046860 00006976 C=CODE    S=_TEXT    G=(none)   M=C:\XHARBOUR\LIB\RDD.LIB|dbcmd ACBP=A9
 0001:0004D1D8 000011C3 C=CODE    S=_TEXT    G=(none)   M=C:\XHARBOUR\LIB\RDD.LIB|workarea ACBP=A9
 0001:0004E39C 000047D7 C=CODE    S=_TEXT    G=(none)   M=C:\XHARBOUR\LIB\RDD.LIB|dbf1 ACBP=A9
 0001:00052B74 00000087 C=CODE    S=_TEXT    G=(none)   M=C:\XHARBOUR\LIB\RDD.LIB|delim1 ACBP=A9
 0001:00052BFC 00000087 C=CODE    S=_TEXT    G=(none)   M=C:\XHARBOUR\LIB\RDD.LIB|sdf1 ACBP=A9
 0001:00052C84 00000045 C=CODE    S=_TEXT    G=(none)   M=C:\XHARBOUR\LIB\RDD.LIB|dbf0 ACBP=A9
 0001:00052CCC 00000671 C=CODE    S=_TEXT    G=(none)   M=C:\XHARBOUR\LIB\RDD.LIB|hbdbsort ACBP=A9
 0001:00053340 00000045 C=CODE    S=_TEXT    G=(none)   M=C:\XHARBOUR\LIB\RDD.LIB|delim0 ACBP=A9
 0001:00053388 00000045 C=CODE    S=_TEXT    G=(none)   M=C:\XHARBOUR\LIB\RDD.LIB|rddsys ACBP=A9
 0001:000533D0 00000045 C=CODE    S=_TEXT    G=(none)   M=C:\XHARBOUR\LIB\RDD.LIB|sdf0 ACBP=A9
 0001:00053418 00003EE1 C=CODE    S=_TEXT    G=(none)   M=C:\XHARBOUR\LIB\MACRO.LIB|macroy ACBP=A9
 0001:000572FC 0000030D C=CODE    S=_TEXT    G=(none)   M=C:\XHARBOUR\LIB\MACRO.LIB|macroa ACBP=A9
 0001:0005760C 0000577D C=CODE    S=_TEXT    G=(none)   M=C:\XHARBOUR\LIB\MACRO.LIB|macrob ACBP=A9
 0001:0005CD8C 0000073C C=CODE    S=_TEXT    G=(none)   M=C:\XHARBOUR\LIB\MACRO.LIB|macroc ACBP=A9
 0001:0005D4C8 00001C22 C=CODE    S=_TEXT    G=(none)   M=C:\XHARBOUR\LIB\MACRO.LIB|macroslx ACBP=A9
 0001:0005F0EC 0000033F C=CODE    S=_TEXT    G=(none)   M=C:\XHARBOUR\LIB\COMMON.LIB|hbfsapi ACBP=A9
 0001:0005F42C 00000033 C=CODE    S=_TEXT    G=(none)   M=C:\XHARBOUR\LIB\COMMON.LIB|hbgete ACBP=A9
 0001:0005F460 00000B5B C=CODE    S=_TEXT    G=(none)   M=C:\XHARBOUR\LIB\COMMON.LIB|hbstr ACBP=A9
 0001:0005FFBC 00000225 C=CODE    S=_TEXT    G=(none)   M=C:\XHARBOUR\LIB\COMMON.LIB|hbtrace ACBP=A9
 0001:000601E4 00000EA2 C=CODE    S=_TEXT    G=(none)   M=C:\XHARBOUR\LIB\COMMON.LIB|hbver ACBP=A9
 0001:00061088 00000856 C=CODE    S=_TEXT    G=(none)   M=C:\XHARBOUR\LIB\COMMON.LIB|expropt1 ACBP=A9
 0001:000618E0 0000129B C=CODE    S=_TEXT    G=(none)   M=C:\XHARBOUR\LIB\COMMON.LIB|expropt2 ACBP=A9
 0001:00062B7C 00000060 C=CODE    S=_TEXT    G=(none)   M=C:\XHARBOUR\LIB\COMMON.LIB|reserved ACBP=A9
 0001:00062BDC 00006B70 C=CODE    S=_TEXT    G=(none)   M=C:\XHARBOUR\LIB\DBFNTX.LIB|dbfntx1 ACBP=A9
 0001:0006974C 00000045 C=CODE    S=_TEXT    G=(none)   M=C:\XHARBOUR\LIB\DBFNTX.LIB|dbfntx0 ACBP=A9
 0001:00069794 000002D9 C=CODE    S=_TEXT    G=(none)   M=C:\XHARBOUR\LIB\BCC640.LIB|handles ACBP=A9
 0001:00069A70 00000B42 C=CODE    S=_TEXT    G=(none)   M=C:\XHARBOUR\LIB\DBFDBT.LIB|dbfdbt1 ACBP=A9
 0001:0006A5B4 00000045 C=CODE    S=_TEXT    G=(none)   M=C:\XHARBOUR\LIB\DBFDBT.LIB|dbfdbt0 ACBP=A9
 0001:0006A5FC 00017ED6 C=CODE    S=_TEXT    G=(none)   M=C:\HELIO\SIACHB\LIB\GTWVW.LIB|gtwvw ACBP=A9
 0001:000824D4 0000002B C=CODE    S=_TEXT    G=(none)   M=C:\BORLAND\BCC55\LIB\CW32.LIB|calloc ACBP=A9
 0001:00082500 0000000F C=CODE    S=_TEXT    G=(none)   M=C:\BORLAND\BCC55\LIB\CW32.LIB|del ACBP=A9
 0001:00082510 0000000F C=CODE    S=_TEXT    G=(none)   M=C:\BORLAND\BCC55\LIB\CW32.LIB|delarray ACBP=A9
 0001:00082520 00000111 C=CODE    S=_TEXT    G=(none)   M=C:\BORLAND\BCC55\LIB\CW32.LIB|virtmem ACBP=A9
 0001:00082634 0000009F C=CODE    S=_TEXT    G=(none)   M=C:\BORLAND\BCC55\LIB\CW32.LIB|hrdir_b ACBP=A9
 0001:000826D4 00000020 C=CODE    S=_TEXT    G=(none)   M=C:\BORLAND\BCC55\LIB\CW32.LIB|hrdir_mf ACBP=A9
 0001:000826F4 00000016 C=CODE    S=_TEXT    G=(none)   M=C:\BORLAND\BCC55\LIB\CW32.LIB|hrdir_r ACBP=A9
 0001:0008270C 000000B8 C=CODE    S=_TEXT    G=(none)   M=C:\BORLAND\BCC55\LIB\CW32.LIB|hrdir_s ACBP=A9
 0001:000827C4 00000001 C=CODE    S=_TEXT    G=(none)   M=C:\BORLAND\BCC55\LIB\CW32.LIB|hrdir_us ACBP=A9
 0001:000827C8 000009CC C=CODE    S=_TEXT    G=(none)   M=C:\BORLAND\BCC55\LIB\CW32.LIB|heap ACBP=A9
 0001:00083194 00000292 C=CODE    S=_TEXT    G=(none)   M=C:\BORLAND\BCC55\LIB\CW32.LIB|realloc ACBP=A9
 0001:00083428 00000001 C=CODE    S=_TEXT    G=(none)   M=C:\BORLAND\BCC55\LIB\CW32.LIB|crtlst_i ACBP=A9
 0001:0008342C 00000001 C=CODE    S=_TEXT    G=(none)   M=C:\BORLAND\BCC55\LIB\CW32.LIB|crtlst_l ACBP=A9
 0001:00083430 0000001E C=CODE    S=_TEXT    G=(none)   M=C:\BORLAND\BCC55\LIB\CW32.LIB|memchr ACBP=A9
 0001:00083450 00000024 C=CODE    S=_TEXT    G=(none)   M=C:\BORLAND\BCC55\LIB\CW32.LIB|memcpy ACBP=A9
 0001:00083474 0000004A C=CODE    S=_TEXT    G=(none)   M=C:\BORLAND\BCC55\LIB\CW32.LIB|memmove ACBP=A9
 0001:000834C0 0000008A C=CODE    S=_TEXT    G=(none)   M=C:\BORLAND\BCC55\LIB\CW32.LIB|memset ACBP=A9
 0001:0008354C 00000018 C=CODE    S=_TEXT    G=(none)   M=C:\BORLAND\BCC55\LIB\CW32.LIB|wmemset ACBP=A9
 0001:00083564 0000003C C=CODE    S=_TEXT    G=(none)   M=C:\BORLAND\BCC55\LIB\CW32.LIB|strcat ACBP=A9
 0001:000835A0 00000053 C=CODE    S=_TEXT    G=(none)   M=C:\BORLAND\BCC55\LIB\CW32.LIB|strchr ACBP=A9
 0001:000835F4 0000005A C=CODE    S=_TEXT    G=(none)   M=C:\BORLAND\BCC55\LIB\CW32.LIB|strlen ACBP=A9
 0001:00083650 0000006E C=CODE    S=_TEXT    G=(none)   M=C:\BORLAND\BCC55\LIB\CW32.LIB|strncat ACBP=A9
 0001:000836C0 00000027 C=CODE    S=_TEXT    G=(none)   M=C:\BORLAND\BCC55\LIB\CW32.LIB|strncmp ACBP=A9
 0001:000836E8 0000006C C=CODE    S=_TEXT    G=(none)   M=C:\BORLAND\BCC55\LIB\CW32.LIB|memcmp ACBP=A9
 0001:00083754 00000032 C=CODE    S=_TEXT    G=(none)   M=C:\BORLAND\BCC55\LIB\CW32.LIB|strdup ACBP=A9
 0001:00083788 0000004F C=CODE    S=_TEXT    G=(none)   M=C:\BORLAND\BCC55\LIB\CW32.LIB|strncpy ACBP=A9
 0001:000837D8 0000002B C=CODE    S=_TEXT    G=(none)   M=C:\BORLAND\BCC55\LIB\CW32.LIB|strpbrk ACBP=A9
 0001:00083804 00000029 C=CODE    S=_TEXT    G=(none)   M=C:\BORLAND\BCC55\LIB\CW32.LIB|strrchr ACBP=A9
 0001:00083830 00000054 C=CODE    S=_TEXT    G=(none)   M=C:\BORLAND\BCC55\LIB\CW32.LIB|strstr ACBP=A9
 0001:00083884 00000067 C=CODE    S=_TEXT    G=(none)   M=C:\BORLAND\BCC55\LIB\CW32.LIB|strtok ACBP=A9
 0001:000838EC 00000037 C=CODE    S=_TEXT    G=(none)   M=C:\BORLAND\BCC55\LIB\CW32.LIB|_stpcpy ACBP=A9
 0001:00083924 00000018 C=CODE    S=_TEXT    G=(none)   M=C:\BORLAND\BCC55\LIB\CW32.LIB|wcslen ACBP=A9
 0001:0008393C 0000003F C=CODE    S=_TEXT    G=(none)   M=C:\BORLAND\BCC55\LIB\CW32.LIB|wcscpy ACBP=A9
 0001:0008397C 00000070 C=CODE    S=_TEXT    G=(none)   M=C:\BORLAND\BCC55\LIB\CW32.LIB|xxa ACBP=A9
 0001:000839EC 00000778 C=CODE    S=_TEXT    G=(none)   M=C:\BORLAND\BCC55\LIB\CW32.LIB|xxtype ACBP=A9
 0001:0008413E 000000B6 C=CODE    S=_TEXT    G=(none)   M=C:\BORLAND\BCC55\LIB\CW32.LIB|xxut ACBP=A9
 0001:000841E0 0000014B C=CODE    S=_TEXT    G=(none)   M=C:\BORLAND\BCC55\LIB\CW32.LIB|xxv ACBP=A9
 0001:0008432C 0000000A C=CODE    S=_TEXT    G=(none)   M=C:\BORLAND\BCC55\LIB\CW32.LIB|defhandl ACBP=A9
 0001:00084338 00000179 C=CODE    S=_TEXT    G=(none)   M=C:\BORLAND\BCC55\LIB\CW32.LIB|except ACBP=A9
 0001:000844B4 00000046 C=CODE    S=_TEXT    G=(none)   M=C:\BORLAND\BCC55\LIB\CW32.LIB|setexc ACBP=A9
 0001:000844FC 00000022 C=CODE    S=_TEXT    G=(none)   M=C:\BORLAND\BCC55\LIB\CW32.LIB|ta ACBP=A9
 0001:00084520 0000003C C=CODE    S=_TEXT    G=(none)   M=C:\BORLAND\BCC55\LIB\CW32.LIB|__access ACBP=A9
 0001:0008455C 00000060 C=CODE    S=_TEXT    G=(none)   M=C:\BORLAND\BCC55\LIB\CW32.LIB|__close ACBP=A9
 0001:000845BC 00000013 C=CODE    S=_TEXT    G=(none)   M=C:\BORLAND\BCC55\LIB\CW32.LIB|__dup ACBP=A9
 0001:000845D0 000000EF C=CODE    S=_TEXT    G=(none)   M=C:\BORLAND\BCC55\LIB\CW32.LIB|__dup2 ACBP=A9
 0001:000846C0 00000086 C=CODE    S=_TEXT    G=(none)   M=C:\BORLAND\BCC55\LIB\CW32.LIB|__eof ACBP=A9
 0001:00084748 00000047 C=CODE    S=_TEXT    G=(none)   M=C:\BORLAND\BCC55\LIB\CW32.LIB|__isatty ACBP=A9
 0001:00084790 00000076 C=CODE    S=_TEXT    G=(none)   M=C:\BORLAND\BCC55\LIB\CW32.LIB|__lseek ACBP=A9
 0001:00084808 000001FA C=CODE    S=_TEXT    G=(none)   M=C:\BORLAND\BCC55\LIB\CW32.LIB|__open ACBP=A9
 0001:00084A04 0000019A C=CODE    S=_TEXT    G=(none)   M=C:\BORLAND\BCC55\LIB\CW32.LIB|__read ACBP=A9
 0001:00084BA0 0000011C C=CODE    S=_TEXT    G=(none)   M=C:\BORLAND\BCC55\LIB\CW32.LIB|__write ACBP=A9
 0001:00084CBC 00000011 C=CODE    S=_TEXT    G=(none)   M=C:\BORLAND\BCC55\LIB\CW32.LIB|_cfinfo ACBP=A9
 0001:00084CD0 00000038 C=CODE    S=_TEXT    G=(none)   M=C:\BORLAND\BCC55\LIB\CW32.LIB|_flshall ACBP=A9
 0001:00084D08 00000061 C=CODE    S=_TEXT    G=(none)   M=C:\BORLAND\BCC55\LIB\CW32.LIB|_read ACBP=A9
 0001:00084D69 00000017 C=CODE    S=_TEXT    G=(none)   M=C:\BORLAND\BCC55\LIB\CW32.LIB|_umask ACBP=A9
 0001:00084D6C 00000061 C=CODE    S=_TEXT    G=(none)   M=C:\BORLAND\BCC55\LIB\CW32.LIB|_write ACBP=A9
 0001:00084DD0 00000008 C=CODE    S=_TEXT    G=(none)   M=C:\BORLAND\BCC55\LIB\CW32.LIB|access ACBP=A9
 0001:00084DD8 0000007D C=CODE    S=_TEXT    G=(none)   M=C:\BORLAND\BCC55\LIB\CW32.LIB|allocbuf ACBP=A9
 0001:00084E58 0000009B C=CODE    S=_TEXT    G=(none)   M=C:\BORLAND\BCC55\LIB\CW32.LIB|chdrive ACBP=A9
 0001:00084EF4 00000008 C=CODE    S=_TEXT    G=(none)   M=C:\BORLAND\BCC55\LIB\CW32.LIB|close ACBP=A9
 0001:00084EFC 00000008 C=CODE    S=_TEXT    G=(none)   M=C:\BORLAND\BCC55\LIB\CW32.LIB|dup ACBP=A9
 0001:00084F04 00000008 C=CODE    S=_TEXT    G=(none)   M=C:\BORLAND\BCC55\LIB\CW32.LIB|eof ACBP=A9
 0001:00084F0C 0000008E C=CODE    S=_TEXT    G=(none)   M=C:\BORLAND\BCC55\LIB\CW32.LIB|fclose ACBP=A9
 0001:00084F9C 0000007F C=CODE    S=_TEXT    G=(none)   M=C:\BORLAND\BCC55\LIB\CW32.LIB|fflush ACBP=A9
 0001:0008501C 0000005A C=CODE    S=_TEXT    G=(none)   M=C:\BORLAND\BCC55\LIB\CW32.LIB|flushout ACBP=A9
 0001:00085078 00000023 C=CODE    S=_TEXT    G=(none)   M=C:\BORLAND\BCC55\LIB\CW32.LIB|fmodeptr ACBP=A9
 0001:0008509C 000001DD C=CODE    S=_TEXT    G=(none)   M=C:\BORLAND\BCC55\LIB\CW32.LIB|fopen ACBP=A9
 0001:0008527C 00000022 C=CODE    S=_TEXT    G=(none)   M=C:\BORLAND\BCC55\LIB\CW32.LIB|fprintf ACBP=A9
 0001:000852A0 000000D9 C=CODE    S=_TEXT    G=(none)   M=C:\BORLAND\BCC55\LIB\CW32.LIB|fputn ACBP=A9
 0001:0008537C 0000013E C=CODE    S=_TEXT    G=(none)   M=C:\BORLAND\BCC55\LIB\CW32.LIB|fseek ACBP=A9
 0001:000854BC 00000076 C=CODE    S=_TEXT    G=(none)   M=C:\BORLAND\BCC55\LIB\CW32.LIB|ioerror ACBP=A9
 0001:00085534 00000008 C=CODE    S=_TEXT    G=(none)   M=C:\BORLAND\BCC55\LIB\CW32.LIB|isatty ACBP=A9
 0001:0008553C 0000019E C=CODE    S=_TEXT    G=(none)   M=C:\BORLAND\BCC55\LIB\CW32.LIB|lgetc ACBP=A9
 0001:000856DC 00000110 C=CODE    S=_TEXT    G=(none)   M=C:\BORLAND\BCC55\LIB\CW32.LIB|lputc ACBP=A9
 0001:000857EC 00000091 C=CODE    S=_TEXT    G=(none)   M=C:\BORLAND\BCC55\LIB\CW32.LIB|mkname ACBP=A9
 0001:0008587D 00000079 C=CODE    S=_TEXT    G=(none)   M=C:\BORLAND\BCC55\LIB\CW32.LIB|perror ACBP=A9
 0001:00085880 00000023 C=CODE    S=_TEXT    G=(none)   M=C:\BORLAND\BCC55\LIB\CW32.LIB|printf ACBP=A9
 0001:000858A4 0000006B C=CODE    S=_TEXT    G=(none)   M=C:\BORLAND\BCC55\LIB\CW32.LIB|setmode ACBP=A9
 0001:00085910 0000004D C=CODE    S=_TEXT    G=(none)   M=C:\BORLAND\BCC55\LIB\CW32.LIB|setvbuf ACBP=A9
 0001:00085960 00000100 C=CODE    S=_TEXT    G=(none)   M=C:\BORLAND\BCC55\LIB\CW32.LIB|snprntf ACBP=A9
 0001:00085A60 00000078 C=CODE    S=_TEXT    G=(none)   M=C:\BORLAND\BCC55\LIB\CW32.LIB|sprintf ACBP=A9
 0001:00085AD8 00000115 C=CODE    S=_TEXT    G=(none)   M=C:\BORLAND\BCC55\LIB\CW32.LIB|streams ACBP=A9
 0001:00085BF0 0000001A C=CODE    S=_TEXT    G=(none)   M=C:\BORLAND\BCC55\LIB\CW32.LIB|unlink ACBP=A9
 0001:00085C0C 00000022 C=CODE    S=_TEXT    G=(none)   M=C:\BORLAND\BCC55\LIB\CW32.LIB|vfprintf ACBP=A9
 0001:00085C30 000009EC C=CODE    S=_TEXT    G=(none)   M=C:\BORLAND\BCC55\LIB\CW32.LIB|vprinter ACBP=A9
 0001:0008661C 0000002E C=CODE    S=_TEXT    G=(none)   M=C:\BORLAND\BCC55\LIB\CW32.LIB|xfclose ACBP=A9
 0001:0008664C 00000027 C=CODE    S=_TEXT    G=(none)   M=C:\BORLAND\BCC55\LIB\CW32.LIB|xfflush ACBP=A9
 0001:00086674 00000051 C=CODE    S=_TEXT    G=(none)   M=C:\BORLAND\BCC55\LIB\CW32.LIB|getinfo ACBP=A9
 0001:000866C8 00000102 C=CODE    S=_TEXT    G=(none)   M=C:\BORLAND\BCC55\LIB\CW32.LIB|is ACBP=A9
 0001:000867CC 00000103 C=CODE    S=_TEXT    G=(none)   M=C:\BORLAND\BCC55\LIB\CW32.LIB|wis ACBP=A9
 0001:000868D0 00000043 C=CODE    S=_TEXT    G=(none)   M=C:\BORLAND\BCC55\LIB\CW32.LIB|isctype ACBP=A9
 0001:00086914 00000055 C=CODE    S=_TEXT    G=(none)   M=C:\BORLAND\BCC55\LIB\CW32.LIB|iswctype ACBP=A9
 0001:0008696C 00000054 C=CODE    S=_TEXT    G=(none)   M=C:\BORLAND\BCC55\LIB\CW32.LIB|ltolower ACBP=A9
 0001:000869C0 00000054 C=CODE    S=_TEXT    G=(none)   M=C:\BORLAND\BCC55\LIB\CW32.LIB|ltowlwr ACBP=A9
 0001:00086A14 00000054 C=CODE    S=_TEXT    G=(none)   M=C:\BORLAND\BCC55\LIB\CW32.LIB|ltoupper ACBP=A9
 0001:00086A68 00000054 C=CODE    S=_TEXT    G=(none)   M=C:\BORLAND\BCC55\LIB\CW32.LIB|ltowupr ACBP=A9
 0001:00086ABC 000004D0 C=CODE    S=_TEXT    G=(none)   M=C:\BORLAND\BCC55\LIB\CW32.LIB|mbyte1 ACBP=A9
 0001:00086F8C 00000200 C=CODE    S=_TEXT    G=(none)   M=C:\BORLAND\BCC55\LIB\CW32.LIB|_ll ACBP=A9
 0001:0008718C 0000001D C=CODE    S=_TEXT    G=(none)   M=C:\BORLAND\BCC55\LIB\CW32.LIB|_finite ACBP=A9
 0001:000871AC 00000045 C=CODE    S=_TEXT    G=(none)   M=C:\BORLAND\BCC55\LIB\CW32.LIB|_isnan ACBP=A9
 0001:000871F4 000000B0 C=CODE    S=_TEXT    G=(none)   M=C:\BORLAND\BCC55\LIB\CW32.LIB|_matherr ACBP=A9
 0001:000872A4 00000188 C=CODE    S=_TEXT    G=(none)   M=C:\BORLAND\BCC55\LIB\CW32.LIB|_pow10 ACBP=A9
 0001:0008742C 00000077 C=CODE    S=_TEXT    G=(none)   M=C:\BORLAND\BCC55\LIB\CW32.LIB|atol ACBP=A9
 0001:000874A4 0000001C C=CODE    S=_TEXT    G=(none)   M=C:\BORLAND\BCC55\LIB\CW32.LIB|ceil ACBP=A9
 0001:000874C0 00000013 C=CODE    S=_TEXT    G=(none)   M=C:\BORLAND\BCC55\LIB\CW32.LIB|clear87 ACBP=A9
 0001:000874D4 0000002F C=CODE    S=_TEXT    G=(none)   M=C:\BORLAND\BCC55\LIB\CW32.LIB|ctrl87 ACBP=A9
 0001:00087504 00000018 C=CODE    S=_TEXT    G=(none)   M=C:\BORLAND\BCC55\LIB\CW32.LIB|cvtentry ACBP=A9
 0001:0008751C 00000018 C=CODE    S=_TEXT    G=(none)   M=C:\BORLAND\BCC55\LIB\CW32.LIB|cvtfak ACBP=A9
 0001:00087534 00000018 C=CODE    S=_TEXT    G=(none)   M=C:\BORLAND\BCC55\LIB\CW32.LIB|cvtfakw ACBP=A9
 0001:0008754C 0000006C C=CODE    S=_TEXT    G=(none)   M=C:\BORLAND\BCC55\LIB\CW32.LIB|exp ACBP=A9
 0001:000875B8 000000CD C=CODE    S=_TEXT    G=(none)   M=C:\BORLAND\BCC55\LIB\CW32.LIB|f87exp ACBP=A9
 0001:00087688 00000048 C=CODE    S=_TEXT    G=(none)   M=C:\BORLAND\BCC55\LIB\CW32.LIB|f87log ACBP=A9
 0001:000876D0 0000004D C=CODE    S=_TEXT    G=(none)   M=C:\BORLAND\BCC55\LIB\CW32.LIB|fmod ACBP=A9
 0001:00087720 00000016 C=CODE    S=_TEXT    G=(none)   M=C:\BORLAND\BCC55\LIB\CW32.LIB|fpreset ACBP=A9
 0001:00087738 00000028 C=CODE    S=_TEXT    G=(none)   M=C:\BORLAND\BCC55\LIB\CW32.LIB|ftol ACBP=A9
 0001:00087760 0000002D C=CODE    S=_TEXT    G=(none)   M=C:\BORLAND\BCC55\LIB\CW32.LIB|fuildq ACBP=A9
 0001:00087790 00000021 C=CODE    S=_TEXT    G=(none)   M=C:\BORLAND\BCC55\LIB\CW32.LIB|fuistq ACBP=A9
 0001:000877B4 00000011 C=CODE    S=_TEXT    G=(none)   M=C:\BORLAND\BCC55\LIB\CW32.LIB|fxam ACBP=A9
 0001:000877C8 000000B1 C=CODE    S=_TEXT    G=(none)   M=C:\BORLAND\BCC55\LIB\CW32.LIB|int64toa ACBP=A9
 0001:0008787C 00000117 C=CODE    S=_TEXT    G=(none)   M=C:\BORLAND\BCC55\LIB\CW32.LIB|ldtrunc ACBP=A9
 0001:00087994 0000006D C=CODE    S=_TEXT    G=(none)   M=C:\BORLAND\BCC55\LIB\CW32.LIB|log ACBP=A9
 0001:00087A04 0000008F C=CODE    S=_TEXT    G=(none)   M=C:\BORLAND\BCC55\LIB\CW32.LIB|longtoa ACBP=A9
 0001:00087A94 00000075 C=CODE    S=_TEXT    G=(none)   M=C:\BORLAND\BCC55\LIB\CW32.LIB|ltoa1 ACBP=A9
 0001:00087B0C 0000002E C=CODE    S=_TEXT    G=(none)   M=C:\BORLAND\BCC55\LIB\CW32.LIB|matherrl ACBP=A9
 0001:00087B3C 00000016 C=CODE    S=_TEXT    G=(none)   M=C:\BORLAND\BCC55\LIB\CW32.LIB|mathptr ACBP=A9
 0001:00087B54 00000030 C=CODE    S=_TEXT    G=(none)   M=C:\BORLAND\BCC55\LIB\CW32.LIB|modf ACBP=A9
 0001:00087B84 000001DC C=CODE    S=_TEXT    G=(none)   M=C:\BORLAND\BCC55\LIB\CW32.LIB|pow ACBP=A9
 0001:00087D60 00000025 C=CODE    S=_TEXT    G=(none)   M=C:\BORLAND\BCC55\LIB\CW32.LIB|qdiv10 ACBP=A9
 0001:00087D88 0000002E C=CODE    S=_TEXT    G=(none)   M=C:\BORLAND\BCC55\LIB\CW32.LIB|qmul10 ACBP=A9
 0001:00087DB8 0000008E C=CODE    S=_TEXT    G=(none)   M=C:\BORLAND\BCC55\LIB\CW32.LIB|rand ACBP=A9
 0001:00087E48 000002F9 C=CODE    S=_TEXT    G=(none)   M=C:\BORLAND\BCC55\LIB\CW32.LIB|realcvt ACBP=A9
 0001:00088144 00000331 C=CODE    S=_TEXT    G=(none)   M=C:\BORLAND\BCC55\LIB\CW32.LIB|realcvtw ACBP=A9
 0001:00088478 0000002C C=CODE    S=_TEXT    G=(none)   M=C:\BORLAND\BCC55\LIB\CW32.LIB|round ACBP=A9
 0001:000884A4 000004E1 C=CODE    S=_TEXT    G=(none)   M=C:\BORLAND\BCC55\LIB\CW32.LIB|scantod ACBP=A9
 0001:00088988 000004DD C=CODE    S=_TEXT    G=(none)   M=C:\BORLAND\BCC55\LIB\CW32.LIB|scanwtod ACBP=A9
 0001:00088E68 0000003A C=CODE    S=_TEXT    G=(none)   M=C:\BORLAND\BCC55\LIB\CW32.LIB|sqrt ACBP=A9
 0001:00088EA4 000002D2 C=CODE    S=_TEXT    G=(none)   M=C:\BORLAND\BCC55\LIB\CW32.LIB|xcvt ACBP=A9
 0001:00089178 000002F1 C=CODE    S=_TEXT    G=(none)   M=C:\BORLAND\BCC55\LIB\CW32.LIB|xcvtw ACBP=A9
 0001:0008946C 00000139 C=CODE    S=_TEXT    G=(none)   M=C:\BORLAND\BCC55\LIB\CW32.LIB|mbctype ACBP=A9
 0001:000895A8 0000003D C=CODE    S=_TEXT    G=(none)   M=C:\BORLAND\BCC55\LIB\CW32.LIB|mbisalp ACBP=A9
 0001:000895E8 0000001A C=CODE    S=_TEXT    G=(none)   M=C:\BORLAND\BCC55\LIB\CW32.LIB|mbisdgt ACBP=A9
 0001:00089604 0000001A C=CODE    S=_TEXT    G=(none)   M=C:\BORLAND\BCC55\LIB\CW32.LIB|mbisspc ACBP=A9
 0001:00089620 00000054 C=CODE    S=_TEXT    G=(none)   M=C:\BORLAND\BCC55\LIB\CW32.LIB|mbsnbcpy ACBP=A9
 0001:00089674 000000BF C=CODE    S=_TEXT    G=(none)   M=C:\BORLAND\BCC55\LIB\CW32.LIB|mbsnbicm ACBP=A9
 0001:00089734 00000056 C=CODE    S=_TEXT    G=(none)   M=C:\BORLAND\BCC55\LIB\CW32.LIB|mbsrchr ACBP=A9
 0001:0008978C 000000A6 C=CODE    S=_TEXT    G=(none)   M=C:\BORLAND\BCC55\LIB\CW32.LIB|assert ACBP=A9
 0001:00089834 000000B8 C=CODE    S=_TEXT    G=(none)   M=C:\BORLAND\BCC55\LIB\CW32.LIB|ermsghlp ACBP=A9
 0001:000898EC 00000006 C=CODE    S=_TEXT    G=(none)   M=C:\BORLAND\BCC55\LIB\CW32.LIB|errno ACBP=A9
 0001:000898EC 0000019B C=CODE    S=_TEXT    G=(none)   M=C:\BORLAND\BCC55\LIB\CW32.LIB|errormsg ACBP=A9
 0001:00089A88 00000089 C=CODE    S=_TEXT    G=(none)   M=C:\BORLAND\BCC55\LIB\CW32.LIB|platform ACBP=A9
 0001:00089B14 00000236 C=CODE    S=_TEXT    G=(none)   M=C:\BORLAND\BCC55\LIB\CW32.LIB|qsort ACBP=A9
 0001:00089D4C 00000022 C=CODE    S=_TEXT    G=(none)   M=C:\BORLAND\BCC55\LIB\CW32.LIB|abort ACBP=A9
 0001:00089D70 000000A7 C=CODE    S=_TEXT    G=(none)   M=C:\BORLAND\BCC55\LIB\CW32.LIB|exit ACBP=A9
 0001:00089E18 00000057 C=CODE    S=_TEXT    G=(none)   M=C:\BORLAND\BCC55\LIB\CW32.LIB|getenv ACBP=A9
 0001:00089E70 0000001A C=CODE    S=_TEXT    G=(none)   M=C:\BORLAND\BCC55\LIB\CW32.LIB|initwild ACBP=A9
 0001:00089E8C 00000011 C=CODE    S=_TEXT    G=(none)   M=C:\BORLAND\BCC55\LIB\CW32.LIB|exparg ACBP=A9
 0001:00089EA0 00000011 C=CODE    S=_TEXT    G=(none)   M=C:\BORLAND\BCC55\LIB\CW32.LIB|wexparg ACBP=A9
 0001:00089EB4 00000027 C=CODE    S=_TEXT    G=(none)   M=C:\BORLAND\BCC55\LIB\CW32.LIB|initargv ACBP=A9
 0001:00089EDC 0000016C C=CODE    S=_TEXT    G=(none)   M=C:\BORLAND\BCC55\LIB\CW32.LIB|setargv ACBP=A9
 0001:0008A048 000001E5 C=CODE    S=_TEXT    G=(none)   M=C:\BORLAND\BCC55\LIB\CW32.LIB|hsargv ACBP=A9
 0001:0008A230 00000227 C=CODE    S=_TEXT    G=(none)   M=C:\BORLAND\BCC55\LIB\CW32.LIB|whsargv ACBP=A9
 0001:0008A458 00000045 C=CODE    S=_TEXT    G=(none)   M=C:\BORLAND\BCC55\LIB\CW32.LIB|setargv0 ACBP=A9
 0001:0008A4A0 000001A0 C=CODE    S=_TEXT    G=(none)   M=C:\BORLAND\BCC55\LIB\CW32.LIB|setenvp ACBP=A9
 0001:0008A640 000002F8 C=CODE    S=_TEXT    G=(none)   M=C:\BORLAND\BCC55\LIB\CW32.LIB|signal ACBP=A9
 0001:0008A938 00000157 C=CODE    S=_TEXT    G=(none)   M=C:\BORLAND\BCC55\LIB\CW32.LIB|initexit ACBP=A9
 0001:0008AA90 000001A4 C=CODE    S=_TEXT    G=(none)   M=C:\BORLAND\BCC55\LIB\CW32.LIB|startup ACBP=A9
 0001:0008AC34 0000004F C=CODE    S=_TEXT    G=(none)   M=C:\BORLAND\BCC55\LIB\CW32.LIB|tlsstat ACBP=A9
 0001:0008AC84 000001A9 C=CODE    S=_TEXT    G=(none)   M=C:\BORLAND\BCC55\LIB\CW32.LIB|gmtime ACBP=A9
 0001:0008AE30 000002A4 C=CODE    S=_TEXT    G=(none)   M=C:\BORLAND\BCC55\LIB\CW32.LIB|timefunc ACBP=A9
 0001:0008B0D4 00000006 C=CODE    S=_TEXT    G=(none)   M=C:\BORLAND\BCC55\LIB\CW32.LIB|tzdata ACBP=A9
 0001:0008B0DC 000001C8 C=CODE    S=_TEXT    G=(none)   M=C:\BORLAND\BCC55\LIB\CW32.LIB|tzset ACBP=A9
 0001:0008B2A4 00000008 C=CODE    S=_TEXT    G=(none)   M=C:\BORLAND\BCC55\LIB\CW32.LIB|_tzset ACBP=A9
 0001:0008B2AC 00000017 C=CODE    S=_TEXT    G=(none)   M=C:\BORLAND\BCC55\LIB\CW32.LIB|clock ACBP=A9
 0001:0008B2C4 0000009E C=CODE    S=_TEXT    G=(none)   M=C:\BORLAND\BCC55\LIB\CW32.LIB|ftime ACBP=A9
 0001:0008B364 0000004D C=CODE    S=_TEXT    G=(none)   M=C:\BORLAND\BCC55\LIB\CW32.LIB|time ACBP=A9
 0001:0008B3B4 00001BA2 C=CODE    S=_TEXT    G=(none)   M=C:\BORLAND\BCC55\LIB\CW32.LIB|xx ACBP=A9
 0002:00000164 000000A4 C=DATA    S=_DATA    G=DGROUP   M=C:\BORLAND\BCC55\LIB\C0W32.OBJ ACBP=A9
 0002:00000208 000009C0 C=DATA    S=_DATA    G=DGROUP   M=C:\HELIO\SIACHB\COR.OBJ ACBP=A9
 0002:00000BC8 00000978 C=DATA    S=_DATA    G=DGROUP   M=C:\XHARBOUR\LIB\LANG.LIB|msgen ACBP=A9
 0002:00001540 00000230 C=DATA    S=_DATA    G=DGROUP   M=C:\XHARBOUR\LIB\VM.LIB|arrayshb ACBP=A9
 0002:00001770 00000304 C=DATA    S=_DATA    G=DGROUP   M=C:\XHARBOUR\LIB\VM.LIB|classes ACBP=A9
 0002:00001A74 000000D8 C=DATA    S=_DATA    G=DGROUP   M=C:\XHARBOUR\LIB\VM.LIB|cmdarg ACBP=A9
 0002:00001B4C 00000010 C=DATA    S=_DATA    G=DGROUP   M=C:\XHARBOUR\LIB\VM.LIB|dynsym ACBP=A9
 0002:00001B5C 000001DC C=DATA    S=_DATA    G=DGROUP   M=C:\XHARBOUR\LIB\VM.LIB|errorapi ACBP=A9
 0002:00001D38 00000140 C=DATA    S=_DATA    G=DGROUP   M=C:\XHARBOUR\LIB\VM.LIB|estack ACBP=A9
 0002:00001E78 0000001C C=DATA    S=_DATA    G=DGROUP   M=C:\XHARBOUR\LIB\VM.LIB|eval ACBP=A9
 0002:00001E94 00000004 C=DATA    S=_DATA    G=DGROUP   M=C:\XHARBOUR\LIB\VM.LIB|extend ACBP=A9
 0002:00001E98 00000330 C=DATA    S=_DATA    G=DGROUP   M=C:\XHARBOUR\LIB\VM.LIB|fm ACBP=A9
 0002:000021C8 00000018 C=DATA    S=_DATA    G=DGROUP   M=C:\XHARBOUR\LIB\VM.LIB|garbage ACBP=A9
 0002:000021E0 0000022C C=DATA    S=_DATA    G=DGROUP   M=C:\XHARBOUR\LIB\VM.LIB|hash ACBP=A9
 0002:0000240C 00000098 C=DATA    S=_DATA    G=DGROUP   M=C:\XHARBOUR\LIB\VM.LIB|hbi18n ACBP=A9
 0002:000024A4 00000E70 C=DATA    S=_DATA    G=DGROUP   M=C:\XHARBOUR\LIB\VM.LIB|hvm ACBP=A9
 0002:00003314 00000568 C=DATA    S=_DATA    G=DGROUP   M=C:\XHARBOUR\LIB\VM.LIB|initsymb ACBP=A9
 0002:0000387C 00000024 C=DATA    S=_DATA    G=DGROUP   M=C:\XHARBOUR\LIB\VM.LIB|itemapi ACBP=A9
 0002:000038A0 000000A8 C=DATA    S=_DATA    G=DGROUP   M=C:\XHARBOUR\LIB\VM.LIB|fastitem ACBP=A9
 0002:00003948 00000024 C=DATA    S=_DATA    G=DGROUP   M=C:\XHARBOUR\LIB\VM.LIB|macro ACBP=A9
 0002:0000396C 00000004 C=DATA    S=_DATA    G=DGROUP   M=C:\XHARBOUR\LIB\VM.LIB|mainwin ACBP=A9
 0002:00003970 000000CC C=DATA    S=_DATA    G=DGROUP   M=C:\XHARBOUR\LIB\VM.LIB|memvars ACBP=A9
 0002:00003A3C 000000C8 C=DATA    S=_DATA    G=DGROUP   M=C:\XHARBOUR\LIB\VM.LIB|proc ACBP=A9
 0002:00003B04 00000448 C=DATA    S=_DATA    G=DGROUP   M=C:\XHARBOUR\LIB\VM.LIB|harbinit ACBP=A9
 0002:00003F4C 00000004 C=DATA    S=_DATA    G=DGROUP   M=C:\XHARBOUR\LIB\RTL.LIB|abs ACBP=A9
 0002:00003F50 0000000C C=DATA    S=_DATA    G=DGROUP   M=C:\XHARBOUR\LIB\RTL.LIB|at ACBP=A9
 0002:00003F5C 00000010 C=DATA    S=_DATA    G=DGROUP   M=C:\XHARBOUR\LIB\RTL.LIB|bkgtsks ACBP=A9
 0002:00003F6C 0000000C C=DATA    S=_DATA    G=DGROUP   M=C:\XHARBOUR\LIB\RTL.LIB|box ACBP=A9
 0002:00003F78 00000264 C=DATA    S=_DATA    G=DGROUP   M=C:\XHARBOUR\LIB\RTL.LIB|cdpapi ACBP=A9
 0002:000041DC 00000008 C=DATA    S=_DATA    G=DGROUP   M=C:\XHARBOUR\LIB\RTL.LIB|chrasc ACBP=A9
 0002:000041E4 00000004 C=DATA    S=_DATA    G=DGROUP   M=C:\XHARBOUR\LIB\RTL.LIB|colorind ACBP=A9
 0002:000041E8 00000024 C=DATA    S=_DATA    G=DGROUP   M=C:\XHARBOUR\LIB\RTL.LIB|console ACBP=A9
 0002:0000420C 00000010 C=DATA    S=_DATA    G=DGROUP   M=C:\XHARBOUR\LIB\RTL.LIB|datec ACBP=A9
 0002:0000421C 00000040 C=DATA    S=_DATA    G=DGROUP   M=C:\XHARBOUR\LIB\RTL.LIB|dates ACBP=A9
 0002:0000425C 00000040 C=DATA    S=_DATA    G=DGROUP   M=C:\XHARBOUR\LIB\RTL.LIB|dateshb ACBP=A9
 0002:0000429C 00000018 C=DATA    S=_DATA    G=DGROUP   M=C:\XHARBOUR\LIB\RTL.LIB|filesys ACBP=A9
 0002:000042B4 00000004 C=DATA    S=_DATA    G=DGROUP   M=C:\XHARBOUR\LIB\RTL.LIB|fserror ACBP=A9
 0002:000042B8 00000094 C=DATA    S=_DATA    G=DGROUP   M=C:\XHARBOUR\LIB\RTL.LIB|fparse ACBP=A9
 0002:0000434C 00000004 C=DATA    S=_DATA    G=DGROUP   M=C:\XHARBOUR\LIB\RTL.LIB|fstemp ACBP=A9
 0002:00004350 00000184 C=DATA    S=_DATA    G=DGROUP   M=C:\XHARBOUR\LIB\RTL.LIB|gtapi ACBP=A9
 0002:000044D4 00000060 C=DATA    S=_DATA    G=DGROUP   M=C:\XHARBOUR\LIB\RTL.LIB|hbbitf ACBP=A9
 0002:00004534 00000020 C=DATA    S=_DATA    G=DGROUP   M=C:\XHARBOUR\LIB\RTL.LIB|hbffind ACBP=A9
 0002:00004554 00000030 C=DATA    S=_DATA    G=DGROUP   M=C:\XHARBOUR\LIB\RTL.LIB|hbhex2n ACBP=A9
 0002:00004584 00000004 C=DATA    S=_DATA    G=DGROUP   M=C:\XHARBOUR\LIB\RTL.LIB|hbrandom ACBP=A9
 0002:00004588 00000360 C=DATA    S=_DATA    G=DGROUP   M=C:\XHARBOUR\LIB\RTL.LIB|hbserv ACBP=A9
 0002:000048E8 00000018 C=DATA    S=_DATA    G=DGROUP   M=C:\XHARBOUR\LIB\RTL.LIB|idle ACBP=A9
 0002:00004900 00000040 C=DATA    S=_DATA    G=DGROUP   M=C:\XHARBOUR\LIB\RTL.LIB|inkey ACBP=A9
 0002:00004940 00000060 C=DATA    S=_DATA    G=DGROUP   M=C:\XHARBOUR\LIB\RTL.LIB|langapi ACBP=A9
 0002:000049A0 00000008 C=DATA    S=_DATA    G=DGROUP   M=C:\XHARBOUR\LIB\RTL.LIB|left ACBP=A9
 0002:000049A8 00000004 C=DATA    S=_DATA    G=DGROUP   M=C:\XHARBOUR\LIB\RTL.LIB|len ACBP=A9
 0002:000049AC 00000154 C=DATA    S=_DATA    G=DGROUP   M=C:\XHARBOUR\LIB\RTL.LIB|math ACBP=A9
 0002:00004B00 00000008 C=DATA    S=_DATA    G=DGROUP   M=C:\XHARBOUR\LIB\RTL.LIB|minmax ACBP=A9
 0002:00004B08 00000010 C=DATA    S=_DATA    G=DGROUP   M=C:\XHARBOUR\LIB\RTL.LIB|mouseapi ACBP=A9
 0002:00004B18 00000038 C=DATA    S=_DATA    G=DGROUP   M=C:\XHARBOUR\LIB\RTL.LIB|natmsg ACBP=A9
 0002:00004B50 00000004 C=DATA    S=_DATA    G=DGROUP   M=C:\XHARBOUR\LIB\RTL.LIB|padc ACBP=A9
 0002:00004B54 00000004 C=DATA    S=_DATA    G=DGROUP   M=C:\XHARBOUR\LIB\RTL.LIB|padl ACBP=A9
 0002:00004B58 00000004 C=DATA    S=_DATA    G=DGROUP   M=C:\XHARBOUR\LIB\RTL.LIB|padr ACBP=A9
 0002:00004B5C 000000E0 C=DATA    S=_DATA    G=DGROUP   M=C:\XHARBOUR\LIB\RTL.LIB|philes ACBP=A9
 0002:00004C3C 00000D94 C=DATA    S=_DATA    G=DGROUP   M=C:\XHARBOUR\LIB\RTL.LIB|regex ACBP=A9
 0002:000059D0 0000000C C=DATA    S=_DATA    G=DGROUP   M=C:\XHARBOUR\LIB\RTL.LIB|replic ACBP=A9
 0002:000059DC 0000000C C=DATA    S=_DATA    G=DGROUP   M=C:\XHARBOUR\LIB\RTL.LIB|round ACBP=A9
 0002:000059E8 000000AC C=DATA    S=_DATA    G=DGROUP   M=C:\XHARBOUR\LIB\RTL.LIB|set ACBP=A9
 0002:00005A94 00000008 C=DATA    S=_DATA    G=DGROUP   M=C:\XHARBOUR\LIB\RTL.LIB|space ACBP=A9
 0002:00005A9C 00000004 C=DATA    S=_DATA    G=DGROUP   M=C:\XHARBOUR\LIB\RTL.LIB|spfiles ACBP=A9
 0002:00005AA0 00000004 C=DATA    S=_DATA    G=DGROUP   M=C:\XHARBOUR\LIB\RTL.LIB|str ACBP=A9
 0002:00005AA4 0000000C C=DATA    S=_DATA    G=DGROUP   M=C:\XHARBOUR\LIB\RTL.LIB|strcase ACBP=A9
 0002:00005AB0 00000004 C=DATA    S=_DATA    G=DGROUP   M=C:\XHARBOUR\LIB\RTL.LIB|strdel ACBP=A9
 0002:00005AB4 0000000C C=DATA    S=_DATA    G=DGROUP   M=C:\XHARBOUR\LIB\RTL.LIB|strtran ACBP=A9
 0002:00005AC0 00000004 C=DATA    S=_DATA    G=DGROUP   M=C:\XHARBOUR\LIB\RTL.LIB|stuff ACBP=A9
 0002:00005AC4 00000008 C=DATA    S=_DATA    G=DGROUP   M=C:\XHARBOUR\LIB\RTL.LIB|substr ACBP=A9
 0002:00005ACC 0000007C C=DATA    S=_DATA    G=DGROUP   M=C:\XHARBOUR\LIB\RTL.LIB|tprinter ACBP=A9
 0002:00005B48 0000002C C=DATA    S=_DATA    G=DGROUP   M=C:\XHARBOUR\LIB\RTL.LIB|trace ACBP=A9
 0002:00005B74 0000008C C=DATA    S=_DATA    G=DGROUP   M=C:\XHARBOUR\LIB\RTL.LIB|transfrm ACBP=A9
 0002:00005C00 00000010 C=DATA    S=_DATA    G=DGROUP   M=C:\XHARBOUR\LIB\RTL.LIB|trim ACBP=A9
 0002:00005C10 00000008 C=DATA    S=_DATA    G=DGROUP   M=C:\XHARBOUR\LIB\RTL.LIB|type ACBP=A9
 0002:00005C18 00000004 C=DATA    S=_DATA    G=DGROUP   M=C:\XHARBOUR\LIB\RTL.LIB|val ACBP=A9
 0002:00005C1C 0000000C C=DATA    S=_DATA    G=DGROUP   M=C:\XHARBOUR\LIB\RTL.LIB|valtype ACBP=A9
 0002:00005C28 00000058 C=DATA    S=_DATA    G=DGROUP   M=C:\XHARBOUR\LIB\RTL.LIB|version ACBP=A9
 0002:00005C80 00000008 C=DATA    S=_DATA    G=DGROUP   M=C:\XHARBOUR\LIB\RTL.LIB|word ACBP=A9
 0002:00005C88 00000008 C=DATA    S=_DATA    G=DGROUP   M=C:\XHARBOUR\LIB\RTL.LIB|xhelp ACBP=A9
 0002:00005C90 00000004 C=DATA    S=_DATA    G=DGROUP   M=C:\XHARBOUR\LIB\RTL.LIB|xsavescr ACBP=A9
 0002:00005C94 000011DC C=DATA    S=_DATA    G=DGROUP   M=C:\XHARBOUR\LIB\RTL.LIB|alert ACBP=A9
 0002:00006E70 00000834 C=DATA    S=_DATA    G=DGROUP   M=C:\XHARBOUR\LIB\RTL.LIB|color53 ACBP=A9
 0002:000076A4 00000E74 C=DATA    S=_DATA    G=DGROUP   M=C:\XHARBOUR\LIB\RTL.LIB|cstr ACBP=A9
 0002:00008518 00001C94 C=DATA    S=_DATA    G=DGROUP   M=C:\XHARBOUR\LIB\RTL.LIB|errorsys ACBP=A9
 0002:0000A1AC 00000118 C=DATA    S=_DATA    G=DGROUP   M=C:\XHARBOUR\LIB\RTL.LIB|getlist ACBP=A9
 0002:0000A2C4 00000F4C C=DATA    S=_DATA    G=DGROUP   M=C:\XHARBOUR\LIB\RTL.LIB|getsys ACBP=A9
 0002:0000B210 000000D8 C=DATA    S=_DATA    G=DGROUP   M=C:\XHARBOUR\LIB\RTL.LIB|memvarbl ACBP=A9
 0002:0000B2E8 00000AFC C=DATA    S=_DATA    G=DGROUP   M=C:\XHARBOUR\LIB\RTL.LIB|mssgline ACBP=A9
 0002:0000BDE4 0000118C C=DATA    S=_DATA    G=DGROUP   M=C:\XHARBOUR\LIB\RTL.LIB|objfunc ACBP=A9
 0002:0000CF70 00002160 C=DATA    S=_DATA    G=DGROUP   M=C:\XHARBOUR\LIB\RTL.LIB|tclass ACBP=A9
 0002:0000F0D0 00000508 C=DATA    S=_DATA    G=DGROUP   M=C:\XHARBOUR\LIB\RTL.LIB|terror ACBP=A9
 0002:0000F5D8 000050B4 C=DATA    S=_DATA    G=DGROUP   M=C:\XHARBOUR\LIB\RTL.LIB|tget ACBP=A9
 0002:0001468C 000003AC C=DATA    S=_DATA    G=DGROUP   M=C:\XHARBOUR\LIB\RTL.LIB|tgetint ACBP=A9
 0002:00014A38 00003CD8 C=DATA    S=_DATA    G=DGROUP   M=C:\XHARBOUR\LIB\RTL.LIB|tgetlist ACBP=A9
 0002:00018710 00000774 C=DATA    S=_DATA    G=DGROUP   M=C:\XHARBOUR\LIB\RTL.LIB|tobject ACBP=A9
 0002:00018E84 00000410 C=DATA    S=_DATA    G=DGROUP   M=C:\XHARBOUR\LIB\RTL.LIB|traceprg ACBP=A9
 0002:00019294 0000067C C=DATA    S=_DATA    G=DGROUP   M=C:\XHARBOUR\LIB\RDD.LIB|dbcmd ACBP=A9
 0002:00019910 00000054 C=DATA    S=_DATA    G=DGROUP   M=C:\XHARBOUR\LIB\RDD.LIB|workarea ACBP=A9
 0002:00019964 000001F8 C=DATA    S=_DATA    G=DGROUP   M=C:\XHARBOUR\LIB\RDD.LIB|dbf1 ACBP=A9
 0002:00019B5C 000001CC C=DATA    S=_DATA    G=DGROUP   M=C:\XHARBOUR\LIB\RDD.LIB|delim1 ACBP=A9
 0002:00019D28 000001C8 C=DATA    S=_DATA    G=DGROUP   M=C:\XHARBOUR\LIB\RDD.LIB|sdf1 ACBP=A9
 0002:00019EF0 0000007C C=DATA    S=_DATA    G=DGROUP   M=C:\XHARBOUR\LIB\RDD.LIB|dbf0 ACBP=A9
 0002:00019F6C 00000088 C=DATA    S=_DATA    G=DGROUP   M=C:\XHARBOUR\LIB\RDD.LIB|delim0 ACBP=A9
 0002:00019FF4 000000A0 C=DATA    S=_DATA    G=DGROUP   M=C:\XHARBOUR\LIB\RDD.LIB|rddsys ACBP=A9
 0002:0001A094 00000080 C=DATA    S=_DATA    G=DGROUP   M=C:\XHARBOUR\LIB\RDD.LIB|sdf0 ACBP=A9
 0002:0001A114 000028A0 C=DATA    S=_DATA    G=DGROUP   M=C:\XHARBOUR\LIB\MACRO.LIB|macroy ACBP=A9
 0002:0001C9B4 0000003E C=DATA    S=_DATA    G=DGROUP   M=C:\XHARBOUR\LIB\MACRO.LIB|macroa ACBP=A9
 0002:0001C9F4 00000158 C=DATA    S=_DATA    G=DGROUP   M=C:\XHARBOUR\LIB\MACRO.LIB|macrob ACBP=A9
 0002:0001CB4C 00000C74 C=DATA    S=_DATA    G=DGROUP   M=C:\XHARBOUR\LIB\MACRO.LIB|macroslx ACBP=A9
 0002:0001D7C0 00000008 C=DATA    S=_DATA    G=DGROUP   M=C:\XHARBOUR\LIB\COMMON.LIB|hbfsapi ACBP=A9
 0002:0001D7C8 00000088 C=DATA    S=_DATA    G=DGROUP   M=C:\XHARBOUR\LIB\COMMON.LIB|hbstr ACBP=A9
 0002:0001D850 000000C0 C=DATA    S=_DATA    G=DGROUP   M=C:\XHARBOUR\LIB\COMMON.LIB|hbtrace ACBP=A9
 0002:0001D910 00000FB0 C=DATA    S=_DATA    G=DGROUP   M=C:\XHARBOUR\LIB\COMMON.LIB|hbver ACBP=A9
 0002:0001E8C0 00000178 C=DATA    S=_DATA    G=DGROUP   M=C:\XHARBOUR\LIB\COMMON.LIB|expropt1 ACBP=A9
 0002:0001EA38 00000254 C=DATA    S=_DATA    G=DGROUP   M=C:\XHARBOUR\LIB\COMMON.LIB|reserved ACBP=A9
 0002:0001EC8C 00000444 C=DATA    S=_DATA    G=DGROUP   M=C:\XHARBOUR\LIB\DBFNTX.LIB|dbfntx1 ACBP=A9
 0002:0001F0D0 00000090 C=DATA    S=_DATA    G=DGROUP   M=C:\XHARBOUR\LIB\DBFNTX.LIB|dbfntx0 ACBP=A9
 0002:0001F160 000041A0 C=DATA    S=_DATA    G=DGROUP   M=C:\XHARBOUR\LIB\BCC640.LIB|files ACBP=A9
 0002:00023300 00000AF4 C=DATA    S=_DATA    G=DGROUP   M=C:\XHARBOUR\LIB\BCC640.LIB|files2 ACBP=A9
 0002:00023DF4 000001E0 C=DATA    S=_DATA    G=DGROUP   M=C:\XHARBOUR\LIB\DBFDBT.LIB|dbfdbt1 ACBP=A9
 0002:00023FD4 00000090 C=DATA    S=_DATA    G=DGROUP   M=C:\XHARBOUR\LIB\DBFDBT.LIB|dbfdbt0 ACBP=A9
 0002:00024064 00000DCC C=DATA    S=_DATA    G=DGROUP   M=C:\HELIO\SIACHB\LIB\GTWVW.LIB|gtwvw ACBP=A9
 0002:00024E30 00000004 C=DATA    S=_DATA    G=DGROUP   M=C:\BORLAND\BCC55\LIB\CW32.LIB|virtmem ACBP=A9
 0002:00024E34 00000098 C=DATA    S=_DATA    G=DGROUP   M=C:\BORLAND\BCC55\LIB\CW32.LIB|hrdir_b ACBP=A9
 0002:00024ECC 00000020 C=DATA    S=_DATA    G=DGROUP   M=C:\BORLAND\BCC55\LIB\CW32.LIB|hrdir_s ACBP=A9
 0002:00024EEC 00000040 C=DATA    S=_DATA    G=DGROUP   M=C:\BORLAND\BCC55\LIB\CW32.LIB|heap ACBP=A9
 0002:00024F2C 00000004 C=DATA    S=_DATA    G=DGROUP   M=C:\BORLAND\BCC55\LIB\CW32.LIB|xx_xpf ACBP=A9
 0002:00024F30 00000330 C=DATA    S=_DATA    G=DGROUP   M=C:\BORLAND\BCC55\LIB\CW32.LIB|xxtype ACBP=A9
 0002:00025250 0000003C C=DATA    S=_DATA    G=DGROUP   M=C:\BORLAND\BCC55\LIB\CW32.LIB|xxut ACBP=A9
 0002:0002528C 000000E4 C=DATA    S=_DATA    G=DGROUP   M=C:\BORLAND\BCC55\LIB\CW32.LIB|xxv ACBP=A9
 0002:00025370 00000014 C=DATA    S=_DATA    G=DGROUP   M=C:\BORLAND\BCC55\LIB\CW32.LIB|except ACBP=A9
 0002:00025384 0000000C C=DATA    S=_DATA    G=DGROUP   M=C:\BORLAND\BCC55\LIB\CW32.LIB|__dup2 ACBP=A9
 0002:00025390 00000004 C=DATA    S=_DATA    G=DGROUP   M=C:\BORLAND\BCC55\LIB\CW32.LIB|_cfinfo ACBP=A9
 0002:00025394 00000004 C=DATA    S=_DATA    G=DGROUP   M=C:\BORLAND\BCC55\LIB\CW32.LIB|_umask ACBP=A9
 0002:00025398 00000004 C=DATA    S=_DATA    G=DGROUP   M=C:\BORLAND\BCC55\LIB\CW32.LIB|cfinfo ACBP=A9
 0002:0002539C 00000004 C=DATA    S=_DATA    G=DGROUP   M=C:\BORLAND\BCC55\LIB\CW32.LIB|fmode ACBP=A9
 0002:000253A0 00000004 C=DATA    S=_DATA    G=DGROUP   M=C:\BORLAND\BCC55\LIB\CW32.LIB|fmodeptr ACBP=A9
 0002:000253A4 0000012B C=DATA    S=_DATA    G=DGROUP   M=C:\BORLAND\BCC55\LIB\CW32.LIB|ioerror ACBP=A9
 0002:000254D0 0000000C C=DATA    S=_DATA    G=DGROUP   M=C:\BORLAND\BCC55\LIB\CW32.LIB|mkname ACBP=A9
 0002:000254DC 0000047C C=DATA    S=_DATA    G=DGROUP   M=C:\BORLAND\BCC55\LIB\CW32.LIB|perror ACBP=A9
 0002:00025958 00000076 C=DATA    S=_DATA    G=DGROUP   M=C:\BORLAND\BCC55\LIB\CW32.LIB|vprinter ACBP=A9
 0002:000259D0 00000202 C=DATA    S=_DATA    G=DGROUP   M=C:\BORLAND\BCC55\LIB\CW32.LIB|bigctype ACBP=A9
 0002:00025BD4 00000100 C=DATA    S=_DATA    G=DGROUP   M=C:\BORLAND\BCC55\LIB\CW32.LIB|clower ACBP=A9
 0002:00025CD4 00000100 C=DATA    S=_DATA    G=DGROUP   M=C:\BORLAND\BCC55\LIB\CW32.LIB|cupper ACBP=A9
 0002:00025DD4 00000260 C=DATA    S=_DATA    G=DGROUP   M=C:\BORLAND\BCC55\LIB\CW32.LIB|clocale ACBP=A9
 0002:00026034 00000010 C=DATA    S=_DATA    G=DGROUP   M=C:\BORLAND\BCC55\LIB\CW32.LIB|_matherr ACBP=A9
 0002:00026044 000000C0 C=DATA    S=_DATA    G=DGROUP   M=C:\BORLAND\BCC55\LIB\CW32.LIB|_pow10 ACBP=A9
 0002:00026104 00000068 C=DATA    S=_DATA    G=DGROUP   M=C:\BORLAND\BCC55\LIB\CW32.LIB|cvtfak ACBP=A9
 0002:0002616C 00000068 C=DATA    S=_DATA    G=DGROUP   M=C:\BORLAND\BCC55\LIB\CW32.LIB|cvtfakw ACBP=A9
 0002:000261D4 00000004 C=DATA    S=_DATA    G=DGROUP   M=C:\BORLAND\BCC55\LIB\CW32.LIB|deflt87 ACBP=A9
 0002:000261D8 0000000C C=DATA    S=_DATA    G=DGROUP   M=C:\BORLAND\BCC55\LIB\CW32.LIB|exp ACBP=A9
 0002:000261E4 00000012 C=DATA    S=_DATA    G=DGROUP   M=C:\BORLAND\BCC55\LIB\CW32.LIB|f87exp ACBP=A9
 0002:000261F8 00000016 C=DATA    S=_DATA    G=DGROUP   M=C:\BORLAND\BCC55\LIB\CW32.LIB|f87log ACBP=A9
 0002:00026210 0000007C C=DATA    S=_DATA    G=DGROUP   M=C:\BORLAND\BCC55\LIB\CW32.LIB|hugeval ACBP=A9
 0002:0002628C 00000008 C=DATA    S=_DATA    G=DGROUP   M=C:\BORLAND\BCC55\LIB\CW32.LIB|initcvt ACBP=A9
 0002:00026294 0000000C C=DATA    S=_DATA    G=DGROUP   M=C:\BORLAND\BCC55\LIB\CW32.LIB|log ACBP=A9
 0002:000262A0 00000008 C=DATA    S=_DATA    G=DGROUP   M=C:\BORLAND\BCC55\LIB\CW32.LIB|mathptr ACBP=A9
 0002:000262A8 00000044 C=DATA    S=_DATA    G=DGROUP   M=C:\BORLAND\BCC55\LIB\CW32.LIB|mathwhy ACBP=A9
 0002:000262EC 0000001C C=DATA    S=_DATA    G=DGROUP   M=C:\BORLAND\BCC55\LIB\CW32.LIB|pow ACBP=A9
 0002:00026308 00000008 C=DATA    S=_DATA    G=DGROUP   M=C:\BORLAND\BCC55\LIB\CW32.LIB|rand ACBP=A9
 0002:00026310 00000014 C=DATA    S=_DATA    G=DGROUP   M=C:\BORLAND\BCC55\LIB\CW32.LIB|realcvt ACBP=A9
 0002:00026324 00000028 C=DATA    S=_DATA    G=DGROUP   M=C:\BORLAND\BCC55\LIB\CW32.LIB|realcvtw ACBP=A9
 0002:0002634C 00000028 C=DATA    S=_DATA    G=DGROUP   M=C:\BORLAND\BCC55\LIB\CW32.LIB|scantod ACBP=A9
 0002:00026374 00000028 C=DATA    S=_DATA    G=DGROUP   M=C:\BORLAND\BCC55\LIB\CW32.LIB|scanwtod ACBP=A9
 0002:0002639C 00000010 C=DATA    S=_DATA    G=DGROUP   M=C:\BORLAND\BCC55\LIB\CW32.LIB|sqrt ACBP=A9
 0002:000263AC 00000048 C=DATA    S=_DATA    G=DGROUP   M=C:\BORLAND\BCC55\LIB\CW32.LIB|mbctype ACBP=A9
 0002:000263F4 00000024 C=DATA    S=_DATA    G=DGROUP   M=C:\BORLAND\BCC55\LIB\CW32.LIB|assert ACBP=A9
 0002:00026418 00000024 C=DATA    S=_DATA    G=DGROUP   M=C:\BORLAND\BCC55\LIB\CW32.LIB|ermsghlp ACBP=A9
 0002:0002643C 00000004 C=DATA    S=_DATA    G=DGROUP   M=C:\BORLAND\BCC55\LIB\CW32.LIB|errno ACBP=A9
 0002:00026440 00000010 C=DATA    S=_DATA    G=DGROUP   M=C:\BORLAND\BCC55\LIB\CW32.LIB|errormsg ACBP=A9
 0002:00026450 00000028 C=DATA    S=_DATA    G=DGROUP   M=C:\BORLAND\BCC55\LIB\CW32.LIB|platform ACBP=A9
 0002:00026478 00000020 C=DATA    S=_DATA    G=DGROUP   M=C:\BORLAND\BCC55\LIB\CW32.LIB|abort ACBP=A9
 0002:00026498 00000004 C=DATA    S=_DATA    G=DGROUP   M=C:\BORLAND\BCC55\LIB\CW32.LIB|patexit ACBP=A9
 0002:0002649C 0000000C C=DATA    S=_DATA    G=DGROUP   M=C:\BORLAND\BCC55\LIB\CW32.LIB|exit ACBP=A9
 0002:000264A8 00000008 C=DATA    S=_DATA    G=DGROUP   M=C:\BORLAND\BCC55\LIB\CW32.LIB|saptr ACBP=A9
 0002:000264B0 00000008 C=DATA    S=_DATA    G=DGROUP   M=C:\BORLAND\BCC55\LIB\CW32.LIB|wsaptr ACBP=A9
 0002:000264B8 00000054 C=DATA    S=_DATA    G=DGROUP   M=C:\BORLAND\BCC55\LIB\CW32.LIB|setargv ACBP=A9
 0002:0002650C 00000028 C=DATA    S=_DATA    G=DGROUP   M=C:\BORLAND\BCC55\LIB\CW32.LIB|hsargv ACBP=A9
 0002:00026534 00000024 C=DATA    S=_DATA    G=DGROUP   M=C:\BORLAND\BCC55\LIB\CW32.LIB|whsargv ACBP=A9
 0002:00026558 00000004 C=DATA    S=_DATA    G=DGROUP   M=C:\BORLAND\BCC55\LIB\CW32.LIB|wildptr ACBP=A9
 0002:0002655C 00000004 C=DATA    S=_DATA    G=DGROUP   M=C:\BORLAND\BCC55\LIB\CW32.LIB|wwildptr ACBP=A9
 0002:00026560 00000020 C=DATA    S=_DATA    G=DGROUP   M=C:\BORLAND\BCC55\LIB\CW32.LIB|setargv0 ACBP=A9
 0002:00026580 00000054 C=DATA    S=_DATA    G=DGROUP   M=C:\BORLAND\BCC55\LIB\CW32.LIB|setenvp ACBP=A9
 0002:000265D4 0000005E C=DATA    S=_DATA    G=DGROUP   M=C:\BORLAND\BCC55\LIB\CW32.LIB|signal ACBP=A9
 0002:00026634 00000004 C=DATA    S=_DATA    G=DGROUP   M=C:\BORLAND\BCC55\LIB\CW32.LIB|globals ACBP=A9
 0002:00026638 00000004 C=DATA    S=_DATA    G=DGROUP   M=C:\BORLAND\BCC55\LIB\CW32.LIB|initexit ACBP=A9
 0002:0002663C 000001C4 C=DATA    S=_DATA    G=DGROUP   M=C:\BORLAND\BCC55\LIB\CW32.LIB|timedata ACBP=A9
 0002:00026800 00000008 C=DATA    S=_DATA    G=DGROUP   M=C:\BORLAND\BCC55\LIB\CW32.LIB|tzdata ACBP=A9
 0002:00026808 00000010 C=DATA    S=_DATA    G=DGROUP   M=C:\BORLAND\BCC55\LIB\CW32.LIB|tzset ACBP=A9
 0002:00026818 00000004 C=DATA    S=_DATA    G=DGROUP   M=C:\BORLAND\BCC55\LIB\CW32.LIB|clock ACBP=A9
 0002:0002681C 0000088C C=DATA    S=_DATA    G=DGROUP   M=C:\BORLAND\BCC55\LIB\CW32.LIB|xx ACBP=A9
 0002:000270A8 00000020 C=DATA    S=_DATA    G=DGROUP   M=C:\BORLAND\BCC55\LIB\IMPORT32.LIB|inetguid ACBP=A9
 0003:00000000 00000004 C=BSS     S=_BSS     G=DGROUP   M=C:\XHARBOUR\LIB\VM.LIB|cmdarg ACBP=A9
 0003:00000004 00000008 C=BSS     S=_BSS     G=DGROUP   M=C:\XHARBOUR\LIB\VM.LIB|errorapi ACBP=A9
 0003:0000000C 00000048 C=BSS     S=_BSS     G=DGROUP   M=C:\XHARBOUR\LIB\VM.LIB|estack ACBP=A9
 0003:00000054 00000018 C=BSS     S=_BSS     G=DGROUP   M=C:\XHARBOUR\LIB\VM.LIB|extend ACBP=A9
 0003:0000006C 00000201 C=BSS     S=_BSS     G=DGROUP   M=C:\XHARBOUR\LIB\VM.LIB|fm ACBP=A9
 0003:00000270 00000189 C=BSS     S=_BSS     G=DGROUP   M=C:\XHARBOUR\LIB\VM.LIB|hbi18n ACBP=A9
 0003:000003FC 000009D8 C=BSS     S=_BSS     G=DGROUP   M=C:\XHARBOUR\LIB\VM.LIB|hvm ACBP=A9
 0003:00000DD4 00000100 C=BSS     S=_BSS     G=DGROUP   M=C:\XHARBOUR\LIB\VM.LIB|mainwin ACBP=A9
 0003:00000ED4 00000100 C=BSS     S=_BSS     G=DGROUP   M=C:\XHARBOUR\LIB\RTL.LIB|cdpapi ACBP=A9
 0003:00000FD4 00000018 C=BSS     S=_BSS     G=DGROUP   M=C:\XHARBOUR\LIB\RTL.LIB|console ACBP=A9
 0003:00000FEC 00000208 C=BSS     S=_BSS     G=DGROUP   M=C:\XHARBOUR\LIB\RTL.LIB|filesys ACBP=A9
 0003:000011F4 00000034 C=BSS     S=_BSS     G=DGROUP   M=C:\XHARBOUR\LIB\RTL.LIB|gtapi ACBP=A9
 0003:00001228 00000014 C=BSS     S=_BSS     G=DGROUP   M=C:\XHARBOUR\LIB\RTL.LIB|inkey ACBP=A9
 0003:0000123C 00000100 C=BSS     S=_BSS     G=DGROUP   M=C:\XHARBOUR\LIB\RTL.LIB|langapi ACBP=A9
 0003:0000133C 0000056C C=BSS     S=_BSS     G=DGROUP   M=C:\XHARBOUR\LIB\RTL.LIB|set ACBP=A9
 0003:000018A8 00000004 C=BSS     S=_BSS     G=DGROUP   M=C:\XHARBOUR\LIB\RTL.LIB|setkey ACBP=A9
 0003:000018AC 00000004 C=BSS     S=_BSS     G=DGROUP   M=C:\XHARBOUR\LIB\RTL.LIB|xsavescr ACBP=A9
 0003:000018B0 00000004 C=BSS     S=_BSS     G=DGROUP   M=C:\XHARBOUR\LIB\RTL.LIB|errorsys ACBP=A9
 0003:000018B4 0000017C C=BSS     S=_BSS     G=DGROUP   M=C:\XHARBOUR\LIB\RDD.LIB|dbf1 ACBP=A9
 0003:00001A30 0000017C C=BSS     S=_BSS     G=DGROUP   M=C:\XHARBOUR\LIB\RDD.LIB|delim1 ACBP=A9
 0003:00001BAC 0000017C C=BSS     S=_BSS     G=DGROUP   M=C:\XHARBOUR\LIB\RDD.LIB|sdf1 ACBP=A9
 0003:00001D28 00000040 C=BSS     S=_BSS     G=DGROUP   M=C:\XHARBOUR\LIB\MACRO.LIB|macroy ACBP=A9
 0003:00001D68 0000C6DC C=BSS     S=_BSS     G=DGROUP   M=C:\XHARBOUR\LIB\MACRO.LIB|macroslx ACBP=A9
 0003:0000E444 0000017C C=BSS     S=_BSS     G=DGROUP   M=C:\XHARBOUR\LIB\DBFNTX.LIB|dbfntx1 ACBP=A9
 0003:0000E5C0 000015E0 C=BSS     S=_BSS     G=DGROUP   M=C:\XHARBOUR\LIB\BCC640.LIB|files2 ACBP=A9
 0003:0000FBA0 0000017C C=BSS     S=_BSS     G=DGROUP   M=C:\XHARBOUR\LIB\DBFDBT.LIB|dbfdbt1 ACBP=A9
 0003:0000FD1C 000007D8 C=BSS     S=_BSS     G=DGROUP   M=C:\HELIO\SIACHB\LIB\GTWVW.LIB|gtwvw ACBP=A9
 0003:000104F4 00000018 C=BSS     S=_BSS     G=DGROUP   M=C:\BORLAND\BCC55\LIB\CW32.LIB|hrdir_b ACBP=A9
 0003:0001050C 00000004 C=BSS     S=_BSS     G=DGROUP   M=C:\BORLAND\BCC55\LIB\CW32.LIB|strtok ACBP=A9
 0003:00010510 00000410 C=BSS     S=_BSS     G=DGROUP   M=C:\BORLAND\BCC55\LIB\CW32.LIB|xxtype ACBP=A9
 0003:00010920 00000008 C=BSS     S=_BSS     G=DGROUP   M=C:\BORLAND\BCC55\LIB\CW32.LIB|xxv ACBP=A9
 0003:00010928 00000008 C=BSS     S=_BSS     G=DGROUP   M=C:\BORLAND\BCC55\LIB\CW32.LIB|except ACBP=A9
 0003:00010930 00000004 C=BSS     S=_BSS     G=DGROUP   M=C:\BORLAND\BCC55\LIB\CW32.LIB|ioerror ACBP=A9
 0003:00010934 00000001 C=BSS     S=_BSS     G=DGROUP   M=C:\BORLAND\BCC55\LIB\CW32.LIB|lgetc ACBP=A9
 0003:00010938 0000000F C=BSS     S=_BSS     G=DGROUP   M=C:\BORLAND\BCC55\LIB\CW32.LIB|mkname ACBP=A9
 0003:00010948 00000108 C=BSS     S=_BSS     G=DGROUP   M=C:\BORLAND\BCC55\LIB\CW32.LIB|mbctype ACBP=A9
 0003:00010A50 00000100 C=BSS     S=_BSS     G=DGROUP   M=C:\BORLAND\BCC55\LIB\CW32.LIB|assert ACBP=A9
 0003:00010B50 00000019 C=BSS     S=_BSS     G=DGROUP   M=C:\BORLAND\BCC55\LIB\CW32.LIB|ermsghlp ACBP=A9
 0003:00010B6C 00000004 C=BSS     S=_BSS     G=DGROUP   M=C:\BORLAND\BCC55\LIB\CW32.LIB|platform ACBP=A9
 0003:00010B70 00000008 C=BSS     S=_BSS     G=DGROUP   M=C:\BORLAND\BCC55\LIB\CW32.LIB|qsort ACBP=A9
 0003:00010B78 0000000C C=BSS     S=_BSS     G=DGROUP   M=C:\BORLAND\BCC55\LIB\CW32.LIB|setargv ACBP=A9
 0003:00010B84 00000004 C=BSS     S=_BSS     G=DGROUP   M=C:\BORLAND\BCC55\LIB\CW32.LIB|hsargv ACBP=A9
 0003:00010B88 00000004 C=BSS     S=_BSS     G=DGROUP   M=C:\BORLAND\BCC55\LIB\CW32.LIB|whsargv ACBP=A9
 0003:00010B8C 00000010 C=BSS     S=_BSS     G=DGROUP   M=C:\BORLAND\BCC55\LIB\CW32.LIB|setenvp ACBP=A9
 0003:00010B9C 00000040 C=BSS     S=_BSS     G=DGROUP   M=C:\BORLAND\BCC55\LIB\CW32.LIB|globals ACBP=A9
 0003:00010BDC 00000024 C=BSS     S=_BSS     G=DGROUP   M=C:\BORLAND\BCC55\LIB\CW32.LIB|gmtime ACBP=A9
 0003:00010C00 00000008 C=BSS     S=_BSS     G=DGROUP   M=C:\BORLAND\BCC55\LIB\CW32.LIB|tzset ACBP=A9
 0003:00010C08 00000010 C=BSS     S=_BSS     G=DGROUP   M=C:\BORLAND\BCC55\LIB\CW32.LIB|xx ACBP=A9
 0004:00000000 0000009C C=TLS     S=_TLS     G=DGROUP   M=C:\BORLAND\BCC55\LIB\CW32.LIB|xxv ACBP=A9

  Address         Publics by Name

 0001:00082500      @$bdele$qpv
 0001:00082510      @$bdla$qpv
 0003:0001050C      @B1114_1
 0003:00010510      @B1164_2
 0003:00010920      @B1168_2
 0003:00010928      @B1174_2
 0003:00000000      @B135_2
 0003:00010930      @B1435_2
 0003:00010934      @B1441_1
 0003:00010938      @B1459_2
 0003:00000004      @B147_2
 0003:0000000C      @B149_2
 0003:00000054      @B155_2
 0003:0000006C      @B157_2
 0003:00000270      @B163_2
 0003:000003FC      @B165_2
 0003:00000DD4      @B183_2
 0003:00010948      @B2061_2
 0003:00000ED4      @B217_2
 0003:00010A50      @B2197_2
 0003:00010B50      @B2213_2
 0003:00010B6C      @B2225_2
 0003:00010B70      @B2229_1
 0003:00000FD4      @B223_2
 0003:00010B78      @B2306_2
 0003:00010B84      @B2308_2
 0003:00010B88      @B2310_2
 0003:00010B8C      @B2381_2
 0003:00010B9C      @B2403_1
 0003:00010BDC      @B2428_1
 0003:00010C00      @B2442_2
 0003:00010C08      @B2498_2
 0003:00000FEC      @B253_2
 0003:000011F4      @B271_2
 0003:00001228      @B311_2
 0003:0000123C      @B317_2
 0003:0000133C      @B391_2
 0003:000018A8      @B401_1
 0003:000018AC      @B465_2
 0003:000018B0      @B505_2
 0003:000018B4      @B619_2
 0003:00001A30      @B623_2
 0003:00001BAC      @B625_2
 0003:00001D28      @B651_2
 0003:00001D68      @B659_2
 0003:0000E444      @B785_2
 0003:0000E5C0      @B793_1
 0003:0000FBA0      @B795_2
 0003:0000FD1C      @B803_2
 0003:000104F4      @B851_2
 0001:00083430      @C1032_0
 0001:00083450      @C1036_0
 0001:00083474      @C1040_0
 0001:000834C0      @C1042_0
 0001:0008354C      @C1044_0
 0001:00083564      @C1058_0
 0001:000835A0      @C1060_0
 0001:000835F4      @C1066_0
 0001:00083650      @C1068_0
 0001:000836C0      @C1070_0
 0001:000836E8      @C1084_0
 0001:00083754      @C1090_0
 0001:00083788      @C1096_0
 0001:000837D8      @C1102_0
 0001:00083804      @C1104_0
 0001:00083830      @C1112_0
 0001:00083884      @C1114_0
 0001:000838EC      @C1116_0
 0001:00083924      @C1118_0
 0001:0008393C      @C1120_0
 0001:0008397C      @C1160_0
 0001:000839EC      @C1164_0
 0001:00083B43      @C1164_3
 0001:000841E0      @C1168_0
 0001:000841E0      @C1168_4
 0001:0008432C      @C1170_0
 0001:00084338      @C1174_0
 0001:00084474      @C1174_3
 0001:0008448C      @C1174_4
 0001:000844B4      @C1178_0
 0001:000844FC      @C1180_0
 0001:00084520      @C1184_0
 0001:0008455C      @C1186_0
 0001:000845BC      @C1188_0
 0001:000845D0      @C1190_0
 0001:000846C0      @C1192_0
 0001:00084748      @C1196_0
 0001:00084790      @C1198_0
 0001:00084808      @C1200_0
 0001:00084A04      @C1202_0
 0001:00084BA0      @C1208_0
 0001:00084CBC      @C1210_0
 0001:00084CD0      @C1228_0
 0001:00084D08      @C1252_0
 0001:000001B0      @C125_0
 0001:00001764      @C127_0
 0001:00084D6C      @C1284_0
 0001:00084DD0      @C1286_0
 0001:00084DD8      @C1288_0
 0001:00084E58      @C1294_0
 0001:00004C54      @C129_0
 0001:00084EF4      @C1302_0
 0001:000051F4      @C131_0
 0001:00084EFC      @C1335_0
 0001:00084F04      @C1339_0
 0001:0000520C      @C133_0
 0001:00084F0C      @C1341_0
 0001:00084F9C      @C1349_0
 0001:0000AA88      @C135_0
 0001:0000AFD8      @C135_3
 0001:0008501C      @C1369_0
 0001:00085078      @C1373_0
 0001:0008509C      @C1378_0
 0001:0000AFF0      @C137_0
 0001:0008527C      @C1380_0
 0001:000852A0      @C1386_0
 0001:0008537C      @C1404_0
 0001:000854BC      @C1435_0
 0001:00085534      @C1439_0
 0001:0008553C      @C1441_0
 0001:000856DC      @C1449_0
 0001:000857EC      @C1459_0
 0001:0000B314      @C145_0
 0001:00085880      @C1469_0
 0001:0000BA24      @C147_0
 0001:0000D0DC      @C149_0
 0001:000858A4      @C1511_0
 0001:00085910      @C1513_0
 0001:00085960      @C1515_0
 0001:0000D924      @C151_0
 0001:00085A60      @C1522_0
 0001:00085AD8      @C1534_0
 0001:00085B94      @C1534_1
 0001:00085BF0      @C1550_0
 0001:00085C0C      @C1554_0
 0001:0000E4F8      @C155_0
 0001:00085C30      @C1562_0
 0001:00010068      @C157_0
 0001:00010B78      @C159_0
 0001:00011250      @C161_0
 0001:0008661C      @C1638_0
 0001:00013CAC      @C163_0
 0001:0008664C      @C1640_0
 0001:00086674      @C1654_0
 0001:00014C78      @C165_0
 0001:000866C8      @C1661_0
 0001:000867CC      @C1663_0
 0001:000868D0      @C1665_0
 0001:00086914      @C1667_0
 0001:00022E74      @C169_0
 0001:0008696C      @C1705_0
 0001:000869C0      @C1707_0
 0001:00086A14      @C1709_0
 0001:00086A68      @C1711_0
 0001:00086ABC      @C1713_0
 0001:00022E7C      @C171_0
 0001:00022E94      @C173_0
 0001:000245C8      @C175_0
 0001:00086F8C      @C1763_0
 0001:0008718C      @C1777_0
 0001:00024EC8      @C177_0
 0001:000871AC      @C1787_0
 0001:000871F4      @C1797_0
 0001:000872A4      @C1803_0
 0001:0008742C      @C1826_0
 0001:000874A4      @C1834_0
 0001:000874C0      @C1838_0
 0001:000268D4      @C183_0
 0001:000874D4      @C1852_0
 0001:00087504      @C1854_0
 0001:0008751C      @C1858_0
 0001:000269F4      @C185_0
 0001:00087534      @C1860_0
 0001:0008754C      @C1868_0
 0001:000875B8      @C1876_0
 0001:00087688      @C1878_0
 0001:000876D0      @C1896_0
 0001:000287E8      @C189_0
 0001:00087720      @C1900_0
 0001:00087738      @C1906_0
 0001:00087760      @C1908_0
 0001:00087790      @C1910_0
 0001:000877B4      @C1912_0
 0001:00028824      @C191_0
 0001:000877C8      @C1928_0
 0001:0008787C      @C1938_0
 0001:00087994      @C1940_0
 0001:00087A04      @C1948_0
 0001:00087A94      @C1956_0
 0001:00087B0C      @C1962_0
 0001:00087B3C      @C1964_0
 0001:00087B54      @C1970_0
 0001:00087B84      @C1978_0
 0001:00087D60      @C1986_0
 0001:00087D88      @C1988_0
 0001:00087DB8      @C1990_0
 0001:00087DD4      @C1990_2
 0001:00087E48      @C1992_0
 0001:00088144      @C1994_0
 0001:00088478      @C1999_0
 0001:00028D7C      @C199_0
 0001:00028D7C      @C199_2
 0001:00000000      @C1_0
 0001:000884A4      @C2001_0
 0001:00088988      @C2003_0
 0001:00088E68      @C2013_0
 0001:00028E54      @C201_0
 0001:00088EA4      @C2047_0
 0001:00089178      @C2049_0
 0001:0008946C      @C2061_0
 0001:00089598      @C2061_3
 0001:000895A8      @C2063_0
 0001:000895E8      @C2065_0
 0001:00028FF8      @C207_0
 0001:00089604      @C2083_0
 0001:000292C8      @C209_0
 0001:00089620      @C2121_0
 0001:00089674      @C2123_0
 0001:00089734      @C2145_0
 0001:0002985C      @C215_0
 0001:000299DC      @C217_0
 0001:0002A748      @C217_3
 0001:0008978C      @C2197_0
 0001:0002A754      @C219_0
 0001:00089834      @C2213_0
 0001:000898EC      @C2217_0
 0001:0002A804      @C221_0
 0001:00089A88      @C2225_0
 0001:00089A88      @C2225_3
 0001:00089B14      @C2229_0
 0001:0002A8D4      @C223_0
 0001:00089D4C      @C2244_0
 0001:0002B2DC      @C227_0
 0001:00089D70      @C2282_0
 0001:00089E18      @C2284_0
 0001:00089E70      @C2290_0
 0001:00089E8C      @C2292_0
 0001:00089EA0      @C2294_0
 0001:0002B438      @C229_0
 0001:00089EB4      @C2300_0
 0001:00089EDC      @C2306_0
 0001:00089EDC      @C2306_3
 0001:00089F64      @C2306_4
 0001:0008A048      @C2308_0
 0001:0008A230      @C2310_0
 0001:0002BC24      @C231_0
 0001:0008A458      @C2367_0
 0001:0008A458      @C2367_2
 0001:0008A490      @C2367_3
 0001:0008A4A0      @C2381_0
 0001:0008A620      @C2381_3
 0001:0008A4A0      @C2381_4
 0001:0008A640      @C2385_0
 0001:0008A938      @C2404_0
 0001:0008AA90      @C2406_0
 0001:0008AC34      @C2420_0
 0001:0008AC84      @C2428_0
 0001:0008AE30      @C2438_0
 0001:0008B0D4      @C2440_0
 0001:0008B0D4      @C2440_2
 0001:0008B0DC      @C2442_0
 0001:0008B2A4      @C2444_0
 0001:0008B2AC      @C2448_0
 0001:0008B2B8      @C2448_2
 0001:0008B2C4      @C2454_0
 0001:0002C2CC      @C245_0
 0001:0008B364      @C2470_0
 0001:0002C4E4      @C247_0
 0001:0008B3B4      @C2498_0
 0001:0008B3B4      @C2498_3
 0001:0002C61C      @C249_0
 0001:0002C6B8      @C253_0
 0001:0002D9F0      @C255_0
 0001:0002DAA8      @C259_0
 0001:0002DBEC      @C261_0
 0001:0002E5B4      @C265_0
 0001:0002E6E8      @C269_0
 0001:0002E730      @C271_0
 0001:00032618      @C281_0
 0001:00032AC8      @C291_0
 0001:000332F8      @C293_0
 0001:00033700      @C299_0
 0001:00000150      @C2_0
 0001:00000150      @C2_2
 0001:000339C0      @C301_0
 0001:000341E0      @C309_0
 0001:00034654      @C311_0
 0001:00035024      @C313_0
 0001:00035460      @C317_0
 0001:000356E8      @C319_0
 0001:000357A8      @C321_0
 0001:0003582C      @C325_0
 0001:0003620C      @C327_0
 0001:000362FC      @C331_0
 0001:00036894      @C339_0
 0001:00036C8C      @C345_0
 0001:00036E18      @C357_0
 0001:00036F50      @C359_0
 0001:00037054      @C361_0
 0001:00037154      @C363_0
 0001:00037D50      @C373_0
 0001:0003DBA0      @C375_0
 0001:0003DCE0      @C379_0
 0001:0003DE14      @C385_0
 0001:0003DFC8      @C387_0
 0001:0003E0CC      @C389_0
 0001:0003E1F8      @C391_0
 0001:00040D6C      @C397_0
 0001:00040E7C      @C399_0
 0001:00040EE0      @C401_0
 0001:000414E8      @C403_0
 0001:00041574      @C405_0
 0001:000415A0      @C411_0
 0001:00041628      @C413_0
 0001:0004184C      @C415_0
 0001:00041A9C      @C419_0
 0001:00041D44      @C421_0
 0001:00041E84      @C423_0
 0001:00041F34      @C429_0
 0001:00042230      @C433_0
 0001:0004238C      @C435_0
 0001:000001A0      @C43_0
 0001:000001A4      @C43_2
 0001:000424F0      @C441_0
 0001:00042E38      @C443_0
 0001:00042F78      @C445_0
 0001:0004450C      @C447_0
 0001:000447F0      @C451_0
 0001:00044860      @C453_0
 0001:000448FC      @C457_0
 0001:00044CA0      @C459_0
 0001:00045028      @C459_2
 0001:00045040      @C461_0
 0001:0004508C      @C463_0
 0001:0004510C      @C465_0
 0001:000451EC      @C471_0
 0001:000451EC      @C471_2
 0001:0004527C      @C483_0
 0001:0004527C      @C483_2
 0001:000453E4      @C485_0
 0001:000453E4      @C485_2
 0001:0004545C      @C505_0
 0001:0004545C      @C505_3
 0001:00045658      @C509_0
 0001:00045658      @C509_2
 0001:000456D0      @C511_0
 0001:000456D0      @C511_2
 0001:00045910      @C527_0
 0001:00045910      @C527_2
 0001:00045940      @C531_0
 0001:00045940      @C531_2
 0001:00045A48      @C533_0
 0001:00045A48      @C533_2
 0001:00045C58      @C565_0
 0001:00045C58      @C565_2
 0001:00045FE8      @C569_0
 0001:00045FE8      @C569_2
 0001:00046030      @C573_0
 0001:00046030      @C573_2
 0001:0004643C      @C575_0
 0001:0004643C      @C575_2
 0001:0004649C      @C577_0
 0001:0004649C      @C577_2
 0001:00046740      @C583_0
 0001:00046740      @C583_2
 0001:00046818      @C587_0
 0001:00046818      @C587_2
 0001:00046860      @C615_0
 0001:0004D1D8      @C617_0
 0001:0004E39C      @C619_0
 0001:0004E39C      @C619_3
 0001:00052B74      @C623_0
 0001:00052B74      @C623_3
 0001:00052BFC      @C625_0
 0001:00052BFC      @C625_3
 0001:00052C84      @C627_0
 0001:00052C84      @C627_2
 0001:00052CCC      @C637_0
 0001:00053340      @C643_0
 0001:00053340      @C643_2
 0001:00053388      @C647_0
 0001:00053388      @C647_2
 0001:000533D0      @C649_0
 0001:000533D0      @C649_2
 0001:00053418      @C651_0
 0001:000572FC      @C653_0
 0001:0005760C      @C655_0
 0001:0005CD8C      @C657_0
 0001:0005D4C8      @C659_0
 0001:0005F0EC      @C673_0
 0001:0005F42C      @C675_0
 0001:0005F460      @C679_0
 0001:0005FFBC      @C681_0
 0001:000601E4      @C683_0
 0001:00061088      @C685_0
 0001:000618E0      @C687_0
 0001:00062B7C      @C689_0
 0001:00062BDC      @C785_0
 0001:00062BDC      @C785_3
 0001:0006974C      @C787_0
 0001:0006974C      @C787_2
 0001:00069794      @C791_0
 0001:00069A70      @C795_0
 0001:00069AEC      @C795_3
 0001:0006A5B4      @C797_0
 0001:0006A5B4      @C797_2
 0001:0006A5FC      @C803_0
 0001:000824D4      @C819_0
 0001:00082500      @C821_0
 0001:00082510      @C823_0
 0001:00082520      @C849_0
 0001:00082634      @C851_0
 0001:000826D4      @C857_0
 0001:000826F4      @C859_0
 0001:0008270C      @C861_0
 0001:000827A8      @C861_2
 0001:000827C4      @C863_0
 0001:000827C8      @C867_0
 0001:00083194      @C887_0
 0001:00083428      @C889_0
 0001:0008342C      @C893_0
 0002:00024F2C      @D1162_0
 0002:00024F30      @D1164_1
 0002:00025250      @D1166_1
 0002:0002528C      @D1168_1
 0002:00025370      @D1174_1
 0002:00025384      @D1190_1
 0002:00025390      @D1210_1
 0002:00025394      @D1264_1
 0002:00001540      @D127_1
 0002:00025398      @D1290_0
 0002:00001770      @D133_1
 0002:00001A74      @D135_1
 0002:0002539C      @D1371_0
 0002:000253A0      @D1373_1
 0002:000253A4      @D1435_1
 0002:000254D0      @D1459_1
 0002:00001B4C      @D145_1
 0002:000254DC      @D1467_1
 0002:00001B5C      @D147_1
 0002:00001D38      @D149_1
 0002:00001E78      @D151_1
 0002:00001E94      @D155_1
 0002:00025958      @D1562_1
 0002:00001E98      @D157_1
 0002:000021C8      @D159_1
 0002:000021E0      @D161_1
 0002:0000240C      @D163_1
 0002:000259D0      @D1642_0
 0002:00025BD4      @D1648_0
 0002:00025CD4      @D1652_0
 0002:000024A4      @D165_1
 0002:00025DD4      @D1671_0
 0002:00003314      @D171_1
 0002:0000387C      @D173_1
 0002:000038A0      @D175_1
 0002:00003948      @D177_1
 0002:00026034      @D1797_1
 0002:00026044      @D1803_1
 0002:0000396C      @D183_1
 0002:00026104      @D1858_1
 0002:00003970      @D185_1
 0002:0002616C      @D1860_1
 0002:000261D4      @D1862_0
 0002:000261D8      @D1868_1
 0002:000261E4      @D1876_1
 0002:000261F8      @D1878_1
 0002:00026210      @D1916_0
 0002:00003A3C      @D191_1
 0002:0002628C      @D1926_0
 0002:00026294      @D1940_1
 0002:000262A0      @D1964_1
 0002:000262A8      @D1968_0
 0002:000262EC      @D1978_1
 0002:00026308      @D1990_1
 0002:00026310      @D1992_1
 0002:00026324      @D1994_1
 0002:00003B04      @D199_1
 0002:00000164      @D1_1
 0002:0002634C      @D2001_1
 0002:00026374      @D2003_1
 0002:0002639C      @D2013_1
 0002:00003F4C      @D201_1
 0002:000263AC      @D2061_1
 0002:00003F50      @D207_1
 0002:00003F5C      @D209_1
 0002:00003F6C      @D215_1
 0002:00003F78      @D217_1
 0002:000263F4      @D2197_1
 0002:000041DC      @D219_1
 0002:00026418      @D2213_1
 0002:0002643C      @D2215_1
 0002:00026440      @D2217_1
 0002:000041E4      @D221_1
 0002:00026450      @D2225_1
 0002:000041E8      @D223_1
 0002:00026478      @D2244_1
 0002:00026498      @D2246_0
 0002:0000420C      @D227_1
 0002:0002649C      @D2282_1
 0002:0000421C      @D229_1
 0002:000264A8      @D2302_0
 0002:000264B0      @D2304_0
 0002:000264B8      @D2306_1
 0002:0002650C      @D2308_1
 0002:00026534      @D2310_1
 0002:0000425C      @D231_1
 0002:00026558      @D2363_0
 0002:0002655C      @D2365_0
 0002:00026560      @D2367_1
 0002:00026580      @D2381_1
 0002:000265D4      @D2385_1
 0002:00026634      @D2403_0
 0002:00026638      @D2404_1
 0002:0002663C      @D2434_0
 0002:00026800      @D2440_1
 0002:00026808      @D2442_1
 0002:00026818      @D2448_1
 0002:0002681C      @D2498_1
 0002:0000429C      @D253_1
 0002:000042B4      @D255_1
 0002:000042B8      @D261_1
 0002:0000434C      @D265_1
 0002:00004350      @D271_1
 0002:000044D4      @D281_1
 0002:00004534      @D291_1
 0002:00004554      @D293_1
 0002:00004584      @D299_1
 0002:00000208      @D2_1
 0002:00004588      @D301_1
 0002:000048E8      @D309_1
 0002:00004900      @D311_1
 0002:00004940      @D317_1
 0002:000049A0      @D319_1
 0002:000049A8      @D321_1
 0002:000049AC      @D325_1
 0002:00004B00      @D331_1
 0002:00004B08      @D339_1
 0002:00004B18      @D345_1
 0002:00004B50      @D357_1
 0002:00004B54      @D359_1
 0002:00004B58      @D361_1
 0002:00004B5C      @D363_1
 0002:00004C3C      @D373_1
 0002:000059D0      @D375_1
 0002:000059DC      @D379_1
 0002:000059E8      @D391_1
 0002:00005A94      @D411_1
 0002:00005A9C      @D413_1
 0002:00005AA0      @D415_1
 0002:00005AA4      @D419_1
 0002:00005AB0      @D421_1
 0002:00005AB4      @D429_1
 0002:00005AC0      @D433_1
 0002:00005AC4      @D435_1
 0002:00000BC8      @D43_1
 0002:00005ACC      @D441_1
 0002:00005B48      @D443_1
 0002:00005B74      @D445_1
 0002:00005C00      @D447_1
 0002:00005C10      @D451_1
 0002:00005C18      @D453_1
 0002:00005C1C      @D457_1
 0002:00005C28      @D459_1
 0002:00005C80      @D461_1
 0002:00005C88      @D463_1
 0002:00005C90      @D465_1
 0002:00005C94      @D471_1
 0002:00006E70      @D483_1
 0002:000076A4      @D485_1
 0002:00008518      @D505_1
 0002:0000A1AC      @D509_1
 0002:0000A2C4      @D511_1
 0002:0000B210      @D527_1
 0002:0000B2E8      @D531_1
 0002:0000BDE4      @D533_1
 0002:0000CF70      @D565_1
 0002:0000F0D0      @D569_1
 0002:0000F5D8      @D573_1
 0002:0001468C      @D575_1
 0002:00014A38      @D577_1
 0002:00018710      @D583_1
 0002:00018E84      @D587_1
 0002:00019294      @D615_1
 0002:00019910      @D617_1
 0002:00019964      @D619_1
 0002:00019B5C      @D623_1
 0002:00019D28      @D625_1
 0002:00019EF0      @D627_1
 0002:00019F6C      @D643_1
 0002:00019FF4      @D647_1
 0002:0001A094      @D649_1
 0002:0001A114      @D651_1
 0002:0001C9B4      @D653_1
 0002:0001C9F4      @D655_1
 0002:0001CB4C      @D659_1
 0002:0001D7C0      @D673_1
 0002:0001D7C8      @D679_1
 0002:0001D850      @D681_1
 0002:0001D910      @D683_1
 0002:0001E8C0      @D685_1
 0002:0001EA38      @D689_1
 0002:0001EC8C      @D785_1
 0002:0001F0D0      @D787_1
 0002:0001F160      @D789_0
 0002:00023300      @D793_0
 0002:00023DF4      @D795_1
 0002:00023FD4      @D797_1
 0002:00024064      @D803_1
 0002:00024E30      @D849_1
 0002:00024E34      @D851_1
 0002:00024ECC      @D861_1
 0002:00024EEC      @D867_1
 0001:00000140      @Sysinit@@GetTls$qqrv
 0004:00000000      @T1168_3
 0002:0002533C      @_$CHNC$@__call_terminate$qv
 0002:00025258      @_$CHNC$@std@terminate$qv
 0002:0002535C      @_$ECTOC$@__call_terminate$qv
 0002:00025278      @_$ECTOC$@std@terminate$qv
 0001:0008BBE0      @_CatchCleanup$qv
 0001:00084140      @_InitTermAndUnexPtrs$qv
 0001:0008BA39      @_ReThrowException$quipuc
 0001:0008BA04      @_ThrowExceptionLDTC$qpvt1t1t1uiuiuipuct1
 0001:000839B5      @__ExitExceptBlock
 0001:0008397C      @__InitExceptBlockLDTC
 0001:000840C4      @__adjustClassAdr$qpvp4tpidt2
 0001:00083FB4      @__isCompatTypeID$qp4tpidt1ipp4tpid
 0001:00083ED8      @__isSameTypeID$qp4tpidt1
 0001:00083EA0      @__typeIDname$qp4tpid
 0001:00087738      @_ftol$qv
 0001:0008258C      @_virt_alloc
 0001:000825B4      @_virt_commit
 0001:00082600      @_virt_decommit
 0001:00082618      @_virt_release
 0001:00082520      @_virt_reserve
 0001:00084517      @invokeHnd$qv
 0001:000844FC      @jump$qv
 0001:00084168      @std@terminate$qv
 0001:000841B8      @std@unexpected$qv
 0001:0004551C      PRGUnhandledExceptionFilter
 0001:000268D4      WinMain
 0001:00002AAC      _ArrayToStructure
 0002:00025EE4      _CLOCALE
 0002:00025DD4      _CMonetary
 0002:00025E08      _CNumeric
 0002:00025E20      _CTimeDate
 0001:0002C6B8      _DostoWinHandle
 0001:00032AC8      _GetOldesFile
 0001:0000188C      _HB_FUN_AADD
 0001:00028E54      _HB_FUN_ABS
 0001:000458E0      _HB_FUN_ACCELERATOR
 0001:00002360      _HB_FUN_ACLONE
 0001:00002240      _HB_FUN_ACOPY
 0001:00001CC8      _HB_FUN_ADEL
 0001:000020E4      _HB_FUN_AEVAL
 0001:0004773C      _HB_FUN_AFIELDS
 0001:00001DA8      _HB_FUN_AFILL
 0001:00001BC4      _HB_FUN_AINS
 0001:00045204      _HB_FUN_ALERT
 0001:0004795C      _HB_FUN_ALIAS
 0001:00044744      _HB_FUN_ALLTRIM
 0001:000453CC      _HB_FUN_APPLYDEFAU
 0001:000017E0      _HB_FUN_ARRAY
 0001:0002A7AC      _HB_FUN_ASC
 0001:00002024      _HB_FUN_ASCAN
 0001:00001A68      _HB_FUN_ASIZE
 0001:0000515C      _HB_FUN_ASORT
 0001:00028FF8      _HB_FUN_AT
 0001:00001BA0      _HB_FUN_ATAIL
 0001:00029240      _HB_FUN_ATSKIPSTRINGS
 0001:00047C60      _HB_FUN_BOF
 0001:000051F4      _HB_FUN_BREAK
 0001:0004539C      _HB_FUN_BUTTNDEFCO
 0001:0002B39C      _HB_FUN_CDOW
 0001:00045384      _HB_FUN_CHECKDEFCO
 0001:0002A754      _HB_FUN_CHR
 0001:00028DC4      _HB_FUN_CLIPINIT
 0001:00028D94      _HB_FUN_CLIPPER520
 0001:00028DAC      _HB_FUN_CLIPPER530
 0001:0002B32C      _HB_FUN_CMONTH
 0001:0004154C      _HB_FUN_COL
 0001:00040DCC      _HB_FUN_COLORSELECT
 0001:0004536C      _HB_FUN_COMBODEFCO
 0001:00000184      _HB_FUN_CONFIGCORES
 0001:000453FC      _HB_FUN_CSTR
 0001:00045414      _HB_FUN_CSTRTOVAL
 0001:0002BC24      _HB_FUN_CTOD
 0001:00037630      _HB_FUN_CURDIR
 0001:0003773C      _HB_FUN_CURDIRX
 0001:0002C1FC      _HB_FUN_DATE
 0001:0002C0C0      _HB_FUN_DAY
 0001:00047C9C      _HB_FUN_DBAPPEND
 0001:00047D08      _HB_FUN_DBCLEARFILTER
 0001:0004B184      _HB_FUN_DBCLEARRELATION
 0001:00047D34      _HB_FUN_DBCLOSEALL
 0001:00047D3C      _HB_FUN_DBCLOSEAREA
 0001:00047D4C      _HB_FUN_DBCOMMIT
 0001:00047D74      _HB_FUN_DBCOMMITALL
 0001:00047DC0      _HB_FUN_DBCREATE
 0001:00048358      _HB_FUN_DBDELETE
 0001:0004BCE0      _HB_FUN_DBDROP
 0001:000479D4      _HB_FUN_DBEVAL
 0001:0004BD70      _HB_FUN_DBEXISTS
 0001:00047C1C      _HB_FUN_DBF
 0001:0004CEA8      _HB_FUN_DBF2TEXT
 0001:0006A5E4      _HB_FUN_DBFDBT
 0001:0006A5CC      _HB_FUN_DBFDBTINIT
 0001:00069A74      _HB_FUN_DBFDBT_GETFUNCTABLE
 0001:0004B954      _HB_FUN_DBFIELDINFO
 0001:0004BAEC      _HB_FUN_DBFILEGET
 0001:0004BBF4      _HB_FUN_DBFILEPUT
 0001:00048380      _HB_FUN_DBFILTER
 0001:0006977C      _HB_FUN_DBFNTX
 0001:00069764      _HB_FUN_DBFNTXINIT
 0001:00068448      _HB_FUN_DBFNTX_GETFUNCTABLE
 0001:00052AA4      _HB_FUN_DBF_GETFUNCTABLE
 0001:000483D4      _HB_FUN_DBGOBOTTOM
 0001:000483FC      _HB_FUN_DBGOTO
 0001:00048464      _HB_FUN_DBGOTOP
 0001:0004B798      _HB_FUN_DBINFO
 0001:0004B844      _HB_FUN_DBORDERINFO
 0001:000487BC      _HB_FUN_DBRECALL
 0001:0004BA30      _HB_FUN_DBRECORDINFO
 0001:0004B100      _HB_FUN_DBRELATION
 0001:000487E4      _HB_FUN_DBRLOCK
 0001:00048890      _HB_FUN_DBRLOCKLIST
 0001:0004B144      _HB_FUN_DBRSELECT
 0001:000488EC      _HB_FUN_DBRUNLOCK
 0001:00048928      _HB_FUN_DBSEEK
 0001:00048A48      _HB_FUN_DBSELECTAREA
 0001:00052B10      _HB_FUN_DBSETDBFVERSION
 0001:0004AEC8      _HB_FUN_DBSETDRIVER
 0001:00048AC4      _HB_FUN_DBSETFILTER
 0001:0004B198      _HB_FUN_DBSETRELATION
 0001:00048B64      _HB_FUN_DBSKIP
 0001:0004CB94      _HB_FUN_DBSKIPPER
 0001:00048CCC      _HB_FUN_DBSTRUCT
 0001:00048CF0      _HB_FUN_DBTABLEEXT
 0001:00048D94      _HB_FUN_DBUNLOCK
 0001:00048DC4      _HB_FUN_DBUNLOCKALL
 0001:00048E18      _HB_FUN_DBUSEAREA
 0001:0004C8A0      _HB_FUN_DBUSEAREAD
 0001:00049120      _HB_FUN_DELETED
 0001:00052B90      _HB_FUN_DELIM_GETFUNCTABLE
 0001:0002B00C      _HB_FUN_DEVOUT
 0001:0002AF90      _HB_FUN_DEVPOS
 0001:00037D00      _HB_FUN_DISABLEWAITLOCKS
 0001:0002E6E8      _HB_FUN_DISPBEGIN
 0001:0002985C      _HB_FUN_DISPBOX
 0001:0002E6F8      _HB_FUN_DISPCOUNT
 0001:0002E6F0      _HB_FUN_DISPEND
 0001:0002B0D0      _HB_FUN_DISPOUT
 0001:0002B1C0      _HB_FUN_DISPOUTAT
 0001:0000BACC      _HB_FUN_DOSERROR
 0001:0002C238      _HB_FUN_DOW
 0001:0002BEF4      _HB_FUN_DTOC
 0001:0002BF60      _HB_FUN_DTOS
 0001:0002C2CC      _HB_FUN_EMPTY
 0001:00049158      _HB_FUN_EOF
 0001:0000BA40      _HB_FUN_ERRORBLOCK
 0001:00022424      _HB_FUN_ERRORLEVEL
 0001:00046000      _HB_FUN_ERRORNEW
 0001:00045474      _HB_FUN_ERRORSYS
[...]
 0001:00087994      _log
 0001:00087994      ___org_log
 0001:00087994      @C1940_0
 0001:00087A04      @C1948_0
 0001:00087A04      ___longtoa
 0001:00087A78      ___utoa
 0001:00087A94      _itoa
 0001:00087A94      ___org_itoa
 0001:00087A94      @C1956_0
 0001:00087AC4      _ultoa
 0001:00087AC4      ___org_ultoa
 0001:00087AE4      __ltoa
 0001:00087B0C      @C1962_0
 0001:00087B0C      ___org__matherrl
 0001:00087B0C      __matherrl
 0001:00087B3C      @C1964_0
 0001:00087B3C      __initmatherr
 0001:00087B54      @C1970_0
 0001:00087B54      _modf
 0001:00087B54      ___org_modf
 0001:00087B84      @C1978_0
 0001:00087B84      ___org_pow
 0001:00087B84      _pow
 0001:00087D60      __qdiv10
 0001:00087D60      @C1986_0
 0001:00087D88      @C1988_0
 0001:00087D88      __qmul10
 0001:00087DB8      _srand
 0001:00087DB8      @C1990_0
 0001:00087DD4      @C1990_2
 0001:00087DE0      _rand
 0001:00087DFC      __lrand
 0001:00087E48      @C1992_0
 0001:0008812C      __cvt_init
 0001:00088144      @C1994_0
 0001:00088460      __cvt_initw
 0001:00088478      @C1999_0
 0001:00088478      __round
 0001:000884A4      @C2001_0
 0001:00088970      __scan_init
 0001:00088988      @C2003_0
 0001:00088E50      __scan_initw
 0001:00088E68      @C2013_0
 0001:00088E68      ___org_sqrt
 0001:00088E68      _sqrt
 0001:00088EA4      ___xcvt
 0001:00088EA4      @C2047_0
 0001:00089178      @C2049_0
 0001:00089178      ___xcvtw
 0001:0008946C      __setmbcp
 0001:0008946C      @C2061_0
 0001:00089590      __getmbcp
 0001:00089598      __initMBCSTable
 0001:00089598      @C2061_3
 0001:000895A8      __ismbcalpha
 0001:000895A8      @C2063_0
 0001:000895E8      @C2065_0
 0001:000895E8      __ismbcdigit
 0001:00089604      __ismbcspace
 0001:00089604      @C2083_0
 0001:00089620      @C2121_0
 0001:00089620      __mbsnbcpy
 0001:00089674      __mbsnbicmp
 0001:00089674      @C2123_0
 0001:00089734      __mbsrchr
 0001:00089734      @C2145_0
 0001:0008978C      @C2197_0
 0001:000897D4      __assert
 0001:00089834      @C2213_0
 0001:00089884      __ErrorMessageHelper
 0001:000898EC      @C2217_0
 0001:00089944      __ErrorMessage
 0001:00089A60      ___ErrorMessage
 0001:00089A70      __ErrorExit
 0001:00089A88      @C2225_3
 0001:00089A88      @C2225_0
 0001:00089B14      @C2229_0
 0001:00089D20      _qsort
 0001:00089D20      ___org_qsort
 0001:00089D4C      @C2244_0
 0001:00089D4C      __abort
 0001:00089D60      _abort
 0001:00089D70      @C2282_0
 0001:00089DC8      _exit
 0001:00089DE0      __exit
 0001:00089DF8      __cexit
 0001:00089E08      __c_exit
 0001:00089E18      ___org_getenv
 0001:00089E18      @C2284_0
 0001:00089E18      _getenv
 0001:00089E70      @C2290_0
 0001:00089E70      __init_wild_handlers
 0001:00089E8C      @C2292_0
 0001:00089E8C      __argv_default_expand
 0001:00089EA0      @C2294_0
 0001:00089EA0      __wargv_default_expand
 0001:00089EB4      __init_setargv_handlers
 0001:00089EB4      @C2300_0
 0001:00089EDC      __setargv
 0001:00089EDC      @C2306_3
 0001:00089EDC      @C2306_0
 0001:00089F64      __exitargv
 0001:00089F64      @C2306_4
 0001:0008A048      __handle_setargv
 0001:0008A048      @C2308_0
 0001:0008A1A0      __handle_exitargv
 0001:0008A230      __handle_wsetargv
 0001:0008A230      @C2310_0
 0001:0008A3C4      __handle_wexitargv
 0001:0008A458      @C2367_2
 0001:0008A458      @C2367_0
 0001:0008A490      @C2367_3
 0001:0008A4A0      @C2381_4
 0001:0008A4A0      @C2381_0
 0001:0008A4D4      __expandblock
 0001:0008A620      @C2381_3
 0001:0008A640      @C2385_0
 0001:0008A868      _signal
 0001:0008A8C8      _raise
 0001:0008A8C8      ___org_raise
 0001:0008A938      __terminate
 0001:0008A938      @C2404_0
 0001:0008A948      __create_shmem
 0001:0008A950      __init_exit_proc
 0001:0008AA24      __cleanup
 0001:0008AA90      __startup
 0001:0008AA90      @C2406_0
 0001:0008AC34      @C2420_0
 0001:0008AC34      ___CRTL_TLS_Alloc
 0001:0008AC3C      ___CRTL_TLS_Free
 0001:0008AC4C      ___CRTL_TLS_GetValue
 0001:0008AC5C      ___CRTL_TLS_SetValue
 0001:0008AC70      ___CRTL_TLS_InitThread
 0001:0008AC78      ___CRTL_TLS_ExitThread
 0001:0008AC80      ___CRTL_TLS_GetInfo
 0001:0008AC84      @C2428_0
 0001:0008ADF0      ___org_gmtime
 0001:0008ADF0      _gmtime
 0001:0008AE08      ___org_localtime
 0001:0008AE08      _localtime
 0001:0008AE30      @C2438_0
 0001:0008AE30      __isDST
 0001:0008AF44      __totalsec
 0001:0008B0D4      @C2440_2
 0001:0008B0D4      @C2440_0
 0001:0008B0DC      @C2442_0
 0001:0008B0DC      __tzset
 0001:0008B2A4      _tzset
 0001:0008B2A4      @C2444_0
 0001:0008B2AC      @C2448_0
 0001:0008B2AC      _clock
 0001:0008B2B8      @C2448_2
 0001:0008B2C4      ___org_ftime
 0001:0008B2C4      _ftime
 0001:0008B2C4      @C2454_0
 0001:0008B364      _time
 0001:0008B364      @C2470_0
 0001:0008B364      ___org_time
 0001:0008B3B4      @C2498_0
 0001:0008B3B4      @C2498_3
 0001:0008B3DF      ___JumpToCatch__
 0001:0008B649      ___raiseDebuggerException
 0001:0008BA04      @_ThrowExceptionLDTC$qpvt1t1t1uiuiuipuct1
 0001:0008BA39      @_ReThrowException$quipuc
 0001:0008BAA4      __Global_unwind
 0001:0008BBE0      @_CatchCleanup$qv
 0001:0008C110      __Local_unwind
 0001:0008C123      __Return_unwind
 0001:0008C184      ____ExceptionHandler
 0001:0008CF02      __CurrExcContext
 0002:00000164      @D1_1
 0002:000001A8      ___isGUI
 0002:000001E0      ___isVCLPackage
 0002:000001E1      ___isDLL
 0002:000001EE      ___useDynamicTLS
 0002:000001EF      __TLS_index
 0002:000001F3      __TLS_index4
 0002:000001F7      __hInstance
 0002:000001FC      ___CPPdebugHook
 0002:000001FC      ___CPPdebugHook_segment
 0002:00000200      __PackageInfoTable
 0002:00000208      @D2_1
 0002:00000BC8      @D43_1
 0002:00001540      @D127_1
 0002:00001770      @D133_1
 0002:00001798      _hb_cls_uiArrayClass
 0002:0000179A      _hb_cls_uiBlockClass
 0002:0000179C      _hb_cls_uiCharacterClass
 0002:0000179E      _hb_cls_uiDateClass
 0002:000017A0      _hb_cls_uiLogicalClass
 0002:000017A2      _hb_cls_uiNilClass
 0002:000017A4      _hb_cls_uiNumericClass
 0002:000017A6      _hb_cls_uiPointerClass
 0002:000017A8      _hb_symDestructor
 0002:00001A74      @D135_1
 0002:00001A7C      _b_MouseEnable
 0002:00001A80      _hb_hInstance
 0002:00001A84      _hb_hPrevInstance
 0002:00001B4C      @D145_1
 0002:00001B5C      @D147_1
 0002:00001D38      @D149_1
 0002:00001D38      _hb_stack_ptr
 0002:00001E78      @D151_1
 0002:00001E94      @D155_1
 0002:00001E98      @D157_1
 0002:000021C8      @D159_1
 0002:000021D4      _hb_gc_bReleaseAll
 0002:000021E0      @D161_1
 0002:0000240C      @D163_1
 0002:000024A4      @D165_1
 0002:000024A4      _hb_vm_iExtraParamsIndex
 0002:000024A8      _hb_vm_iExtraElementsIndex
 0002:000024AC      _hb_vm_iExtraElements
 0002:000024B0      _hb_bProfiler
 0002:000024B4      _hb_bTracePrgCalls
 0002:000024B8      _hb_symEval
 0002:000024D8      _hb_vm_sNull
 0002:000024DC      _hb_vm_acAscii
 0002:000028DC      _hb_vm_bWithObject
 0002:000028E0      _hb_vm_wEnumCollectionCounter
 0002:000028E4      _hb_vm_iTry
 0002:000028E8      _hb_vm_BreakBlock
 0002:00003314      @D171_1
 0002:0000387C      @D173_1
 0002:000038A0      @D175_1
 0002:00003948      _hb_comp_bShortCuts
 0002:00003948      @D177_1
 0002:0000396C      _argc
 0002:0000396C      @D183_1
 0002:00003970      @D185_1
 0002:00003A3C      @D191_1
 0002:00003B04      @D199_1
 0002:00003F4C      @D201_1
 0002:00003F50      @D207_1
 0002:00003F5C      @D209_1
 0002:00003F6C      @D215_1
 0002:00003F78      @D217_1
 0002:00004178      _hb_uniTbl_437
 0002:000041CC      _hb_cdp_page
 0002:000041DC      @D219_1
 0002:000041E4      @D221_1
 0002:000041E8      @D223_1
 0002:0000420C      @D227_1
 0002:0000421C      @D229_1
 0002:0000425C      @D231_1
 0002:0000429C      @D253_1
 0002:000042B4      @D255_1
 0002:000042B8      @D261_1
 0002:0000434C      @D265_1
 0002:00004350      @D271_1
 0002:00004368      _hb_gt_gcoldefs
 0002:000044D4      @D281_1
 0002:00004534      @D291_1
 0002:00004554      @D293_1
 0002:00004584      @D299_1
 0002:00004588      @D301_1
 0002:000048E8      @D309_1
 0002:000048FC      _hb_vm_bCollectGarbage
 0002:00004900      @D311_1
 0002:00004940      @D317_1
 0002:000049A0      @D319_1
 0002:000049A8      @D321_1
 0002:000049AC      @D325_1
 0002:00004B00      @D331_1
 0002:00004B08      @D339_1
 0002:00004B18      @D345_1
 0002:00004B50      @D357_1
 0002:00004B54      @D359_1
 0002:00004B58      @D361_1
 0002:00004B5C      @D363_1
 0002:00004C3C      @D373_1
 0002:00004DA4      _pcre_malloc
 0002:00004DA8      _pcre_free
 0002:000059D0      @D375_1
 0002:000059DC      @D379_1
 0002:000059E8      @D391_1
 0002:000059E8      _hb_set_ptr
 0002:00005A94      @D411_1
 0002:00005A9C      @D413_1
 0002:00005AA0      @D415_1
 0002:00005AA4      @D419_1
 0002:00005AB0      @D421_1
 0002:00005AB4      @D429_1
 0002:00005AC0      @D433_1
 0002:00005AC4      @D435_1
 0002:00005ACC      @D441_1
 0002:00005B48      @D443_1
 0002:00005B74      @D445_1
 0002:00005C00      @D447_1
 0002:00005C10      @D451_1
 0002:00005C18      @D453_1
 0002:00005C1C      @D457_1
 0002:00005C28      @D459_1
 0002:00005C80      @D461_1
 0002:00005C88      @D463_1
 0002:00005C90      @D465_1
 0002:00005C94      @D471_1
 0002:00006E70      @D483_1
 0002:000076A4      @D485_1
 0002:00008518      @D505_1
 0002:0000A1AC      @D509_1
 0002:0000A2C4      @D511_1
 0002:0000B210      @D527_1
 0002:0000B2E8      @D531_1
 0002:0000BDE4      @D533_1
 0002:0000CF70      @D565_1
 0002:0000F0D0      @D569_1
 0002:0000F5D8      @D573_1
 0002:0001468C      @D575_1
 0002:00014A38      @D577_1
 0002:00018710      @D583_1
 0002:00018E84      @D587_1
 0002:00019294      @D615_1
 0002:00019910      @D617_1
 0002:00019964      @D619_1
 0002:00019B5C      @D623_1
 0002:00019D28      @D625_1
 0002:00019EF0      @D627_1
 0002:00019F6C      @D643_1
 0002:00019FF4      @D647_1
 0002:0001A094      @D649_1
 0002:0001A114      @D651_1
 0002:0001C9B4      @D653_1
 0002:0001C9F4      @D655_1
 0002:0001C9F4      _hb_comp_ExprTable
 0002:0001CB4C      @D659_1
 0002:0001CB78      _yytext
 0002:0001CC38      _aPairs
 0002:0001D7C0      @D673_1
 0002:0001D7C8      @D679_1
 0002:0001D850      _hb_tr_file_
 0002:0001D850      @D681_1
 0002:0001D854      _hb_tr_line_
 0002:0001D858      _hb_tr_level_
 0002:0001D910      @D683_1
 0002:0001E8C0      @D685_1
 0002:0001EA38      @D689_1
 0002:0001EC8C      @D785_1
 0002:0001F0D0      @D787_1
 0002:0001F160      __streams
 0002:0001F160      @D789_0
 0002:00023300      __nfile
 0002:00023300      @D793_0
 0002:00023304      __openfd
 0002:00023DF4      @D795_1
 0002:00023FD4      @D797_1
 0002:00024064      @D803_1
 0002:00024E30      @D849_1
 0002:00024E34      @D851_1
 0002:00024ECC      @D861_1
 0002:00024ED0      __heap_redirector
 0002:00024EEC      __virt_heap_size
 0002:00024EEC      @D867_1
 0002:00024EF0      __virt_chunk_size
 0002:00024EF4      __virt_chunk_size2
 0002:00024EF8      __nv_heap_size
 0002:00024EFC      __smalloc_threshold
 0002:00024F00      __virt_chunk_free
 0002:00024F04      __virt_chunk_free2
 0002:00024F08      __firstHeap
 0002:00024F0C      __lastHeap
 0002:00024F10      __linktable
 0002:00024F14      __freeStart
 0002:00024F20      __rover
 0002:00024F28      ___allocated
 0002:00024F2C      ___xxPersonality
 0002:00024F2C      @D1162_0
 0002:00024F30      @D1164_1
 0002:00025250      @D1166_1
 0002:00025250      ___terminatePTR
 0002:00025254      ___unexpectdPTR
 0002:00025258      @_$CHNC$@std@terminate$qv
 0002:00025278      @_$ECTOC$@std@terminate$qv
 0002:0002528C      ___CPPexceptionList
 0002:0002528C      @D1168_1
 0002:00025290      ___exceptFlags
 0002:00025294      ___throwFileName
 0002:00025298      ___throwLineNumber
 0002:0002529C      ___throwExceptionName
 0002:000252A0      ___exceptStaticBuffP
 0002:000252A4      ___exceptMemAllocVars
 0002:000252A8      ___ExceptStaticXbuff
 0002:00025328      __ExceptVarsSize
 0002:0002533C      @_$CHNC$@__call_terminate$qv
 0002:0002535C      @_$ECTOC$@__call_terminate$qv
 0002:00025370      __stkchk
 0002:00025370      @D1174_1
 0002:00025384      @D1190_1
 0002:00025390      @D1210_1
 0002:00025390      __cfinfo_get
 0002:00025394      __notUmask
 0002:00025394      @D1264_1
 0002:00025398      @D1290_0
 0002:00025398      __fileinfo
 0002:0002539C      @D1371_0
 0002:0002539C      __fmode
 0002:000253A0      __fmodeptr
 0002:000253A0      @D1373_1
 0002:000253A4      __dosErrorToSV
 0002:000253A4      @D1435_1
 0002:000254D0      @D1459_1
 0002:000254DC      __sys_errlist
 0002:000254DC      @D1467_1
 0002:000255A0      __sys_nerr
 0002:00025958      @D1562_1
 0002:000259D0      @D1642_0
 0002:000259D0      __chartype
 0002:00025BD4      __lower
 0002:00025BD4      @D1648_0
 0002:00025CD4      __upper
 0002:00025CD4      @D1652_0
 0002:00025DD4      @D1671_0
 0002:00025DD4      _CMonetary
 0002:00025E08      _CNumeric
 0002:00025E20      _CTimeDate
 0002:00025EE4      _CLOCALE
 0002:00025F10      ___locale
 0002:00026034      @D1797_1
 0002:00026044      @D1803_1
 0002:00026104      @D1858_1
 0002:00026104      __realcvtptr
 0002:00026108      __nextrealptr
 0002:0002610C      __scantodptr
 0002:00026110      __scanrsltptr
 0002:0002616C      __realcvtwptr
 0002:0002616C      @D1860_1
 0002:00026170      __nextrealwptr
 0002:00026174      __scanwtodptr
 0002:00026178      __scanwrsltptr
 0002:000261D4      @D1862_0
 0002:000261D4      __default87
 0002:000261D8      @D1868_1
 0002:000261E4      @D1876_1
 0002:000261F8      @D1878_1
 0002:00026210      __huge_flt
 0002:00026210      @D1916_0
 0002:00026214      __huge_dble
 0002:0002621C      __huge_ldble
 0002:00026226      __max_flt
 0002:0002622A      __max_dble
 0002:00026232      __max_ldble
 0002:0002623C      __indefinite
 0002:00026240      __tiny_ldble
 0002:0002624C      ___ieee_64_p_inf
 0002:00026254      ___ieee_64_n_inf
 0002:0002625C      ___ieee_64_p_nanq
 0002:00026264      ___ieee_64_n_nanq
 0002:0002626C      ___ieee_64_p_nans
 0002:00026274      ___ieee_64_n_nans
 0002:0002627C      ___ieee_64_p_zero
 0002:00026284      ___ieee_64_n_zero
 0002:0002628C      @D1926_0
 0002:0002628C      __turboFloat
 0002:00026290      __floatconvert
 0002:00026294      @D1940_1
 0002:000262A0      @D1964_1
 0002:000262A0      __pmatherr
 0002:000262A4      __pmatherrl
 0002:000262A8      __mathwhy
 0002:000262A8      @D1968_0
 0002:000262EC      @D1978_1
 0002:00026308      @D1990_1
 0002:00026310      @D1992_1
 0002:00026324      @D1994_1
 0002:0002634C      @D2001_1
 0002:00026374      @D2003_1
 0002:0002639C      @D2013_1
 0002:000263AC      @D2061_1
 0002:000263AC      __kalpha
 0002:000263AE      __kpunct
 0002:000263F4      @D2197_1
 0002:00026418      @D2213_1
 0002:0002643C      _errno
 0002:0002643C      @D2215_1
 0002:00026440      __messagefunc
 0002:00026440      @D2217_1
 0002:00026444      __messagefile
 0002:00026450      @D2225_1
 0002:00026478      @D2244_1
 0002:00026498      @D2246_0
 0002:00026498      ___pCallAtExitProcs
 0002:0002649C      @D2282_1
 0002:0002649C      __exitbuf
 0002:000264A0      __exitfopen
 0002:000264A4      __exitopen
 0002:000264A8      @D2302_0
 0002:000264A8      __setargv_ptr
 0002:000264AC      __exitargv_ptr
 0002:000264B0      __wsetargv_ptr
 0002:000264B0      @D2304_0
 0002:000264B4      __wexitargv_ptr
 0002:000264B8      __setargv__
 0002:000264B8      @D2306_1
 0002:0002650C      __cmdline_escapes
 0002:0002650C      @D2308_1
 0002:00026534      @D2310_1
 0002:00026558      __argv_expand_ptr
 0002:00026558      @D2363_0
 0002:0002655C      @D2365_0
 0002:0002655C      __wargv_expand_ptr
 0002:00026560      __argv0
 0002:00026560      @D2367_1
 0002:00026580      @D2381_1
 0002:00026580      __setenvp__
 0002:000265D4      @D2385_1
 0002:00026634      @D2403_0
 0002:00026634      __isWindows
 0002:00026638      @D2404_1
 0002:0002663C      @D2434_0
 0002:0002663C      __SWeekday
 0002:00026658      __LWeekday
 0002:00026674      __SMonth
 0002:000266A4      __LMonth
 0002:000266D4      __AmPm
 0002:000266DC      __Days
 0002:000266E8      __YDays
 0002:00026800      __timezone
 0002:00026800      @D2440_1
 0002:00026804      __daylight
 0002:00026808      __tzname
 0002:00026808      @D2442_1
 0002:00026818      @D2448_1
 0002:0002681C      ___debuggerDisableTerminateCallback
 0002:0002681C      @D2498_1
 0002:000270A8      _IID_IPicture
 0003:00000000      @B135_2
 0003:00000000      _hb_iCmdShow
 0003:00000004      @B147_2
 0003:0000000C      @B149_2
 0003:0000000C      _hb_stack
 0003:00000054      @B155_2
 0003:0000006C      @B157_2
 0003:00000270      @B163_2
 0003:000003FC      _hb_vm_aiExtraParams
 0003:000003FC      @B165_2
 0003:0000043C      _hb_vm_apExtraParamsSymbol
 0003:0000047C      _hb_vm_aiExtraElements
 0003:000004BC      _hb_vm_iExtraIndex
 0003:000004C0      _hb_ulOpcodesCalls
 0003:0000075C      _hb_ulOpcodesTime
 0003:00000A28      _hb_vm_aWithObject
 0003:00000BA8      _hb_vm_wWithObjectCounter
 0003:00000BAC      _hb_vm_aEnumCollection
 0003:00000D2C      _hb_vm_apEnumVar
 0003:00000D6C      _hb_vm_awEnumIndex
 0003:00000DAC      _hb_vm_pSequence
 0003:00000DB0      _hb_vm_pFinally
 0003:00000DD4      @B183_2
 0003:00000DD4      _argv
 0003:00000ED4      @B217_2
 0003:00000FD4      @B223_2
 0003:00000FEC      @B253_2
 0003:000011F4      @B271_2
 0003:000011F4      _hb_gt_gobjects
 0003:000011F8      _hb_gt_gobjects_end
 0003:00001218      _hb_gtGForeground
 0003:00001220      _hb_gtGBackground
 0003:00001228      @B311_2
 0003:0000123C      @B317_2
 0003:0000133C      _hb_set
 0003:0000133C      @B391_2
 0003:000016A4      _s_PrintFileName
 0003:000017A4      _s_PrinterName
 0003:000018A4      _s_isDefaultPrinterDevice
 0003:000018A8      @B401_1
 0003:000018AC      @B465_2
 0003:000018B0      @B505_2
 0003:000018B4      @B619_2
 0003:00001A30      @B623_2
 0003:00001BAC      @B625_2
 0003:00001D28      @B651_2
 0003:00001D68      @B659_2
 0003:00009E2C      _yyleng
 0003:00009E38      _yyin
 0003:0000E444      @B785_2
 0003:0000E5C0      @B793_1
 0003:0000E5C0      __pidtab
 0003:0000F0B0      __handles
 0003:0000FBA0      @B795_2
 0003:0000FD1C      @B803_2
 0003:000104F0      _last_gobject
 0003:000104F4      @B851_2
 0003:000104F4      __bormm_pfn_FreeMem
 0003:000104F8      __bormm_pfn_GetMem
 0003:000104FC      __bormm_pfn_ReallocMem
 0003:00010500      __bormm_pfn_HeapAddRef
 0003:00010504      __bormm_pfn_HeapRelease
 0003:0001050C      @B1114_1
 0003:00010510      @B1164_2
 0003:00010920      @B1168_2
 0003:00010920      __DestructorCountPtr
 0003:00010928      __HandlerPtr
 0003:00010928      @B1174_2
 0003:0001092C      __UserHandlerPtr
 0003:00010930      __doserrno
 0003:00010930      @B1435_2
 0003:00010934      @B1441_1
 0003:00010938      __tmpnum
 0003:00010938      @B1459_2
 0003:00010948      __mbctype
 0003:00010948      @B2061_2
 0003:00010A4C      __mbcsCodePage
 0003:00010A50      @B2197_2
 0003:00010B50      @B2213_2
 0003:00010B6C      @B2225_2
 0003:00010B6C      __ostype
 0003:00010B70      @B2229_1
 0003:00010B78      @B2306_2
 0003:00010B78      __argv
 0003:00010B84      @B2308_2
 0003:00010B88      @B2310_2
 0003:00010B8C      __environ
 0003:00010B8C      @B2381_2
 0003:00010B94      __envsize
 0003:00010B98      __env_lock
 0003:00010B9C      __C0argc
 0003:00010B9C      @B2403_1
 0003:00010BA0      __C0argv
 0003:00010BA4      __C0environ
 0003:00010BA8      __oscmd
 0003:00010BAC      __osenv
 0003:00010BB0      __argc
 0003:00010BB4      __dll_table
 0003:00010BBC      __ExcRegPtr
 0003:00010BC0      __wosenv
 0003:00010BC4      __woscmd
 0003:00010BC8      __wC0argv
 0003:00010BCC      __wC0environ
 0003:00010BD0      __exe_table
 0003:00010BD8      __stkbase
 0003:00010BDC      @B2428_1
 0003:00010C00      @B2442_2
 0003:00010C08      @B2498_2
 0003:00010C0C      ___pCPPdebugHook
 0004:00000000      @T1168_3
 0004:00000000      ___xxInfo
