
 Start         Length     Name                   Class
 0001:00401000 0000EB5ACH _TEXT                  CODE
 0002:004ED000 0005B8314H _DATA                  DATA
 0003:00AA5314 00000C51CH _BSS                   BSS
 0004:00000000 00000009CH _TLS                   TLS


Detailed map of segments
 0001:00000000 0000014F C=CODE    S=_TEXT    G=(none)   M=C:\BORLAND\BCC55\LIB\C0W32.OBJ ACBP=A9
 0001:00000150 00000102 C=CODE    S=_TEXT    G=(none)   M=C:\HTI\SISCOM\SISCOM.OBJ ACBP=A9
 0001:00000254 0000003A C=CODE    S=_TEXT    G=(none)   M=C:\HTI\SISCOM\CON21.OBJ ACBP=A9
 0001:00000290 0000003A C=CODE    S=_TEXT    G=(none)   M=C:\HTI\SISCOM\CON22.OBJ ACBP=A9
 0001:000002CC 0000003A C=CODE    S=_TEXT    G=(none)   M=C:\HTI\SISCOM\CON24.OBJ ACBP=A9
 0001:00000308 0000003A C=CODE    S=_TEXT    G=(none)   M=C:\HTI\SISCOM\CON25.OBJ ACBP=A9
 0001:00000344 0000003A C=CODE    S=_TEXT    G=(none)   M=C:\HTI\SISCOM\CON41.OBJ ACBP=A9
 0001:00000380 00000054 C=CODE    S=_TEXT    G=(none)   M=C:\HTI\SISCOM\CON42.OBJ ACBP=A9
 0001:000003D4 0000003A C=CODE    S=_TEXT    G=(none)   M=C:\HTI\SISCOM\CON212.OBJ ACBP=A9
 0001:00000410 0000003A C=CODE    S=_TEXT    G=(none)   M=C:\HTI\SISCOM\CON214.OBJ ACBP=A9
 0001:0000044C 0000003A C=CODE    S=_TEXT    G=(none)   M=C:\HTI\SISCOM\CON221.OBJ ACBP=A9
 0001:00000488 0000003D C=CODE    S=_TEXT    G=(none)   M=C:\HTI\SISCOM\CON241.OBJ ACBP=A9
 0001:000004C8 0000003A C=CODE    S=_TEXT    G=(none)   M=C:\HTI\SISCOM\CON241V.OBJ ACBP=A9
 0001:00000504 0000003A C=CODE    S=_TEXT    G=(none)   M=C:\HTI\SISCOM\CON243.OBJ ACBP=A9
 0001:00000540 0000003D C=CODE    S=_TEXT    G=(none)   M=C:\HTI\SISCOM\CON251.OBJ ACBP=A9
 0001:00000580 0000003D C=CODE    S=_TEXT    G=(none)   M=C:\HTI\SISCOM\CON253.OBJ ACBP=A9
 0001:000005C0 0000003A C=CODE    S=_TEXT    G=(none)   M=C:\HTI\SISCOM\CON411.OBJ ACBP=A9
 0001:000005FC 0000003A C=CODE    S=_TEXT    G=(none)   M=C:\HTI\SISCOM\CON413.OBJ ACBP=A9
 0001:00000638 0000003A C=CODE    S=_TEXT    G=(none)   M=C:\HTI\SISCOM\CON414.OBJ ACBP=A9
 0001:00000674 0000003A C=CODE    S=_TEXT    G=(none)   M=C:\HTI\SISCOM\CON415.OBJ ACBP=A9
 0001:000006B0 0000003A C=CODE    S=_TEXT    G=(none)   M=C:\HTI\SISCOM\CON418.OBJ ACBP=A9
 0001:000006EC 0000003A C=CODE    S=_TEXT    G=(none)   M=C:\HTI\SISCOM\CON419.OBJ ACBP=A9
 0001:00000728 0000003A C=CODE    S=_TEXT    G=(none)   M=C:\HTI\SISCOM\CON420.OBJ ACBP=A9
 0001:00000764 0000003A C=CODE    S=_TEXT    G=(none)   M=C:\HTI\SISCOM\CON421.OBJ ACBP=A9
 0001:000007A0 0000003A C=CODE    S=_TEXT    G=(none)   M=C:\HTI\SISCOM\CON422.OBJ ACBP=A9
 0001:000007DC 0000003A C=CODE    S=_TEXT    G=(none)   M=C:\HTI\SISCOM\CON423.OBJ ACBP=A9
 0001:00000818 0000003A C=CODE    S=_TEXT    G=(none)   M=C:\HTI\SISCOM\CON424.OBJ ACBP=A9
 0001:00000854 0000003A C=CODE    S=_TEXT    G=(none)   M=C:\HTI\SISCOM\CON425.OBJ ACBP=A9
 0001:00000890 0000003A C=CODE    S=_TEXT    G=(none)   M=C:\HTI\SISCOM\CON426.OBJ ACBP=A9
 0001:000008CC 0000003A C=CODE    S=_TEXT    G=(none)   M=C:\HTI\SISCOM\CON427.OBJ ACBP=A9
 0001:00000908 0000003A C=CODE    S=_TEXT    G=(none)   M=C:\HTI\SISCOM\CON429.OBJ ACBP=A9
 0001:00000944 0000003A C=CODE    S=_TEXT    G=(none)   M=C:\HTI\SISCOM\CON2111.OBJ ACBP=A9
 0001:00000980 0000003A C=CODE    S=_TEXT    G=(none)   M=C:\HTI\SISCOM\CON2411.OBJ ACBP=A9
 0001:000009BC 0000003A C=CODE    S=_TEXT    G=(none)   M=C:\HTI\SISCOM\CON2511.OBJ ACBP=A9
 0001:000009F8 0000003A C=CODE    S=_TEXT    G=(none)   M=C:\HTI\SISCOM\CON4201.OBJ ACBP=A9
 0001:00000A34 0000003A C=CODE    S=_TEXT    G=(none)   M=C:\HTI\SISCOM\CON4202.OBJ ACBP=A9
 0001:00000A70 0000003A C=CODE    S=_TEXT    G=(none)   M=C:\HTI\SISCOM\CON4203.OBJ ACBP=A9
 0001:00000AAC 0000003A C=CODE    S=_TEXT    G=(none)   M=C:\HTI\SISCOM\CON4204.OBJ ACBP=A9
 0001:00000AE8 0000003A C=CODE    S=_TEXT    G=(none)   M=C:\HTI\SISCOM\CON4231.OBJ ACBP=A9
 0001:00000B24 0000003A C=CODE    S=_TEXT    G=(none)   M=C:\HTI\SISCOM\SAC1.OBJ ACBP=A9
 0001:00000B60 0000003A C=CODE    S=_TEXT    G=(none)   M=C:\HTI\SISCOM\SAC1BAN.OBJ ACBP=A9
 0001:00000B9C 0000003A C=CODE    S=_TEXT    G=(none)   M=C:\HTI\SISCOM\SAC1FIN.OBJ ACBP=A9
 0001:00000BD8 0000003A C=CODE    S=_TEXT    G=(none)   M=C:\HTI\SISCOM\SAC2CC11.OBJ ACBP=A9
 0001:00000C14 0000003A C=CODE    S=_TEXT    G=(none)   M=C:\HTI\SISCOM\SAC2CC12.OBJ ACBP=A9
 0001:00000C50 0000003A C=CODE    S=_TEXT    G=(none)   M=C:\HTI\SISCOM\SAC2FIN.OBJ ACBP=A9
 0001:00000C8C 0000003A C=CODE    S=_TEXT    G=(none)   M=C:\HTI\SISCOM\SAC3.OBJ ACBP=A9
 0001:00000CC8 0000003A C=CODE    S=_TEXT    G=(none)   M=C:\HTI\SISCOM\SAC4CAL.OBJ ACBP=A9
 0001:00000D04 0000003A C=CODE    S=_TEXT    G=(none)   M=C:\HTI\SISCOM\SAC4CC.OBJ ACBP=A9
 0001:00000D40 00000057 C=CODE    S=_TEXT    G=(none)   M=C:\HTI\SISCOM\SAC4FLU.OBJ ACBP=A9
 0001:00000D98 0000003A C=CODE    S=_TEXT    G=(none)   M=C:\HTI\SISCOM\SAC4SER.OBJ ACBP=A9
 0001:00000DD4 0000003A C=CODE    S=_TEXT    G=(none)   M=C:\HTI\SISCOM\SAC5CAD.OBJ ACBP=A9
 0001:00000E10 0000006E C=CODE    S=_TEXT    G=(none)   M=C:\HTI\SISCOM\SAC5CAD2.OBJ ACBP=A9
 0001:00000E80 00000088 C=CODE    S=_TEXT    G=(none)   M=C:\HTI\SISCOM\SAC5CLI.OBJ ACBP=A9
 0001:00000F08 000000D9 C=CODE    S=_TEXT    G=(none)   M=C:\HTI\SISCOM\SAC5COM1.OBJ ACBP=A9
 0001:00000FE4 0000003A C=CODE    S=_TEXT    G=(none)   M=C:\HTI\SISCOM\SAC5COM2.OBJ ACBP=A9
 0001:00001020 00000057 C=CODE    S=_TEXT    G=(none)   M=C:\HTI\SISCOM\SAC5COM3.OBJ ACBP=A9
 0001:00001078 0000003A C=CODE    S=_TEXT    G=(none)   M=C:\HTI\SISCOM\SAC5COM4.OBJ ACBP=A9
 0001:000010B4 0000003A C=CODE    S=_TEXT    G=(none)   M=C:\HTI\SISCOM\SAC5COM6.OBJ ACBP=A9
 0001:000010F0 000000F0 C=CODE    S=_TEXT    G=(none)   M=C:\HTI\SISCOM\SAC5DES.OBJ ACBP=A9
 0001:000011E0 0000003A C=CODE    S=_TEXT    G=(none)   M=C:\HTI\SISCOM\SAC5COM7.OBJ ACBP=A9
 0001:0000121C 0000003A C=CODE    S=_TEXT    G=(none)   M=C:\HTI\SISCOM\SAC5COM8.OBJ ACBP=A9
 0001:00001258 0000003A C=CODE    S=_TEXT    G=(none)   M=C:\HTI\SISCOM\SAC5ENV1.OBJ ACBP=A9
 0001:00001294 0000003A C=CODE    S=_TEXT    G=(none)   M=C:\HTI\SISCOM\SAC5ET11.OBJ ACBP=A9
 0001:000012D0 0000003A C=CODE    S=_TEXT    G=(none)   M=C:\HTI\SISCOM\SAC5ET12.OBJ ACBP=A9
 0001:0000130C 0000003A C=CODE    S=_TEXT    G=(none)   M=C:\HTI\SISCOM\SAC5ET13.OBJ ACBP=A9
 0001:00001348 0000003A C=CODE    S=_TEXT    G=(none)   M=C:\HTI\SISCOM\SAC5ET14.OBJ ACBP=A9
 0001:00001384 0000003A C=CODE    S=_TEXT    G=(none)   M=C:\HTI\SISCOM\SAC5ET16.OBJ ACBP=A9
 0001:000013C0 0000003A C=CODE    S=_TEXT    G=(none)   M=C:\HTI\SISCOM\SAC5ET17.OBJ ACBP=A9
 0001:000013FC 0000003A C=CODE    S=_TEXT    G=(none)   M=C:\HTI\SISCOM\SAC5ET19.OBJ ACBP=A9
 0001:00001438 0000003A C=CODE    S=_TEXT    G=(none)   M=C:\HTI\SISCOM\SAC5ET20.OBJ ACBP=A9
 0001:00001474 00000054 C=CODE    S=_TEXT    G=(none)   M=C:\HTI\SISCOM\SAC5ET21.OBJ ACBP=A9
 0001:000014C8 0000003A C=CODE    S=_TEXT    G=(none)   M=C:\HTI\SISCOM\SAC5ET41.OBJ ACBP=A9
 0001:00001504 0000003A C=CODE    S=_TEXT    G=(none)   M=C:\HTI\SISCOM\SAC5ET42.OBJ ACBP=A9
 0001:00001540 0000003A C=CODE    S=_TEXT    G=(none)   M=C:\HTI\SISCOM\SAC5ETQ.OBJ ACBP=A9
 0001:0000157C 0000003A C=CODE    S=_TEXT    G=(none)   M=C:\HTI\SISCOM\SAC5ETQ1.OBJ ACBP=A9
 0001:000015B8 0000003A C=CODE    S=_TEXT    G=(none)   M=C:\HTI\SISCOM\SAC5ETQ3.OBJ ACBP=A9
 0001:000015F4 0000003A C=CODE    S=_TEXT    G=(none)   M=C:\HTI\SISCOM\SAC5ETQ4.OBJ ACBP=A9
 0001:00001630 0000003A C=CODE    S=_TEXT    G=(none)   M=C:\HTI\SISCOM\SAC5ETQ5.OBJ ACBP=A9
 0001:0000166C 0000003A C=CODE    S=_TEXT    G=(none)   M=C:\HTI\SISCOM\SAC5MIN.OBJ ACBP=A9
 0001:000016A8 0000003A C=CODE    S=_TEXT    G=(none)   M=C:\HTI\SISCOM\SAC5NOT2.OBJ ACBP=A9
 0001:000016E4 0000003A C=CODE    S=_TEXT    G=(none)   M=C:\HTI\SISCOM\SAC5NOT3.OBJ ACBP=A9
 0001:00001720 0000003A C=CODE    S=_TEXT    G=(none)   M=C:\HTI\SISCOM\SAC5NOT6.OBJ ACBP=A9
 0001:0000175C 0000003A C=CODE    S=_TEXT    G=(none)   M=C:\HTI\SISCOM\SAC5NOT7.OBJ ACBP=A9
 0001:00001798 0000003A C=CODE    S=_TEXT    G=(none)   M=C:\HTI\SISCOM\SAC5NOT8.OBJ ACBP=A9
 0001:000017D4 0000003A C=CODE    S=_TEXT    G=(none)   M=C:\HTI\SISCOM\SAC5ORC2.OBJ ACBP=A9
 0001:00001810 0000003A C=CODE    S=_TEXT    G=(none)   M=C:\HTI\SISCOM\SAC5P10.OBJ ACBP=A9
 0001:0000184C 0000003A C=CODE    S=_TEXT    G=(none)   M=C:\HTI\SISCOM\SAC5P11.OBJ ACBP=A9
 0001:00001888 0000003A C=CODE    S=_TEXT    G=(none)   M=C:\HTI\SISCOM\SAC5PE10.OBJ ACBP=A9
 0001:000018C4 0000003A C=CODE    S=_TEXT    G=(none)   M=C:\HTI\SISCOM\SAC5PE11.OBJ ACBP=A9
 0001:00001900 0000003A C=CODE    S=_TEXT    G=(none)   M=C:\HTI\SISCOM\SAC5PE12.OBJ ACBP=A9
 0001:0000193C 0000003A C=CODE    S=_TEXT    G=(none)   M=C:\HTI\SISCOM\SAC5PE14.OBJ ACBP=A9
 0001:00001978 0000003A C=CODE    S=_TEXT    G=(none)   M=C:\HTI\SISCOM\SAC5PE21.OBJ ACBP=A9
 0001:000019B4 0000003A C=CODE    S=_TEXT    G=(none)   M=C:\HTI\SISCOM\SAC5PED.OBJ ACBP=A9
 0001:000019F0 0000003A C=CODE    S=_TEXT    G=(none)   M=C:\HTI\SISCOM\SAC5PED2.OBJ ACBP=A9
 0001:00001A2C 00000054 C=CODE    S=_TEXT    G=(none)   M=C:\HTI\SISCOM\SAC5PED4.OBJ ACBP=A9
 0001:00001A80 0000003A C=CODE    S=_TEXT    G=(none)   M=C:\HTI\SISCOM\SAC5PED6.OBJ ACBP=A9
 0001:00001ABC 0000003A C=CODE    S=_TEXT    G=(none)   M=C:\HTI\SISCOM\SAC5PED7.OBJ ACBP=A9
 0001:00001AF8 0000003A C=CODE    S=_TEXT    G=(none)   M=C:\HTI\SISCOM\SAC5PED8.OBJ ACBP=A9
 0001:00001B34 0000003A C=CODE    S=_TEXT    G=(none)   M=C:\HTI\SISCOM\SAC5PED9.OBJ ACBP=A9
 0001:00001B70 00000057 C=CODE    S=_TEXT    G=(none)   M=C:\HTI\SISCOM\SAC5PER1.OBJ ACBP=A9
 0001:00001BC8 0000003A C=CODE    S=_TEXT    G=(none)   M=C:\HTI\SISCOM\SAC5PER2.OBJ ACBP=A9
 0001:00001C04 0000003A C=CODE    S=_TEXT    G=(none)   M=C:\HTI\SISCOM\SAC5PER3.OBJ ACBP=A9
 0001:00001C40 0000003A C=CODE    S=_TEXT    G=(none)   M=C:\HTI\SISCOM\SAC5PERF.OBJ ACBP=A9
 0001:00001C7C 0000003A C=CODE    S=_TEXT    G=(none)   M=C:\HTI\SISCOM\SAC5PLA1.OBJ ACBP=A9
 0001:00001CB8 0000003A C=CODE    S=_TEXT    G=(none)   M=C:\HTI\SISCOM\SAC5ROM1.OBJ ACBP=A9
 0001:00001CF4 0000003A C=CODE    S=_TEXT    G=(none)   M=C:\HTI\SISCOM\SAC5ROM2.OBJ ACBP=A9
 0001:00001D30 0000003A C=CODE    S=_TEXT    G=(none)   M=C:\HTI\SISCOM\SAC5ROM3.OBJ ACBP=A9
 0001:00001D6C 0000003A C=CODE    S=_TEXT    G=(none)   M=C:\HTI\SISCOM\SAC5ROM4.OBJ ACBP=A9
 0001:00001DA8 0000003A C=CODE    S=_TEXT    G=(none)   M=C:\HTI\SISCOM\SAC5ROM5.OBJ ACBP=A9
 0001:00001DE4 0000003A C=CODE    S=_TEXT    G=(none)   M=C:\HTI\SISCOM\SAC12.OBJ ACBP=A9
 0001:00001E20 0000003A C=CODE    S=_TEXT    G=(none)   M=C:\HTI\SISCOM\SAC17.OBJ ACBP=A9
 0001:00001E5C 0000003A C=CODE    S=_TEXT    G=(none)   M=C:\HTI\SISCOM\SAC18.OBJ ACBP=A9
 0001:00001E98 00000127 C=CODE    S=_TEXT    G=(none)   M=C:\HTI\SISCOM\SAC22.OBJ ACBP=A9
 0001:00001FC0 0000003A C=CODE    S=_TEXT    G=(none)   M=C:\HTI\SISCOM\SAC23.OBJ ACBP=A9
 0001:00001FFC 0000003A C=CODE    S=_TEXT    G=(none)   M=C:\HTI\SISCOM\SAC23EXP.OBJ ACBP=A9
 0001:00002038 0000003A C=CODE    S=_TEXT    G=(none)   M=C:\HTI\SISCOM\SAC25.OBJ ACBP=A9
 0001:00002074 0000003A C=CODE    S=_TEXT    G=(none)   M=C:\HTI\SISCOM\SAC26.OBJ ACBP=A9
 0001:000020B0 0000015B C=CODE    S=_TEXT    G=(none)   M=C:\HTI\SISCOM\SAC27.OBJ ACBP=A9
 0001:0000220C 0000003A C=CODE    S=_TEXT    G=(none)   M=C:\HTI\SISCOM\SAC29.OBJ ACBP=A9
 0001:00002248 0000008B C=CODE    S=_TEXT    G=(none)   M=C:\HTI\SISCOM\SAC30.OBJ ACBP=A9
 0001:000022D4 00000054 C=CODE    S=_TEXT    G=(none)   M=C:\HTI\SISCOM\SAC31.OBJ ACBP=A9
 0001:00002328 0000003A C=CODE    S=_TEXT    G=(none)   M=C:\HTI\SISCOM\SAC31_0.OBJ ACBP=A9
 0001:00002364 00000054 C=CODE    S=_TEXT    G=(none)   M=C:\HTI\SISCOM\SAC31_1.OBJ ACBP=A9
 0001:000023B8 0000003A C=CODE    S=_TEXT    G=(none)   M=C:\HTI\SISCOM\SAC33.OBJ ACBP=A9
 0001:000023F4 000000A2 C=CODE    S=_TEXT    G=(none)   M=C:\HTI\SISCOM\SAC34.OBJ ACBP=A9
 0001:00002498 0000003A C=CODE    S=_TEXT    G=(none)   M=C:\HTI\SISCOM\SAC36.OBJ ACBP=A9
 0001:000024D4 0000003A C=CODE    S=_TEXT    G=(none)   M=C:\HTI\SISCOM\SAC37.OBJ ACBP=A9
 0001:00002510 0000003A C=CODE    S=_TEXT    G=(none)   M=C:\HTI\SISCOM\SAC38.OBJ ACBP=A9
 0001:0000254C 0000003A C=CODE    S=_TEXT    G=(none)   M=C:\HTI\SISCOM\SAC39.OBJ ACBP=A9
 0001:00002588 000000F3 C=CODE    S=_TEXT    G=(none)   M=C:\HTI\SISCOM\SAC43.OBJ ACBP=A9
 0001:0000267C 00000054 C=CODE    S=_TEXT    G=(none)   M=C:\HTI\SISCOM\SAC45.OBJ ACBP=A9
 0001:000026D0 0000003A C=CODE    S=_TEXT    G=(none)   M=C:\HTI\SISCOM\SAC46.OBJ ACBP=A9
 0001:0000270C 00000071 C=CODE    S=_TEXT    G=(none)   M=C:\HTI\SISCOM\SAC51.OBJ ACBP=A9
 0001:00002780 0000003A C=CODE    S=_TEXT    G=(none)   M=C:\HTI\SISCOM\SAC54.OBJ ACBP=A9
 0001:000027BC 0000003A C=CODE    S=_TEXT    G=(none)   M=C:\HTI\SISCOM\SAC57.OBJ ACBP=A9
 0001:000027F8 0000003A C=CODE    S=_TEXT    G=(none)   M=C:\HTI\SISCOM\SAC58.OBJ ACBP=A9
 0001:00002834 0000003A C=CODE    S=_TEXT    G=(none)   M=C:\HTI\SISCOM\SAC59.OBJ ACBP=A9
 0001:00002870 00000054 C=CODE    S=_TEXT    G=(none)   M=C:\HTI\SISCOM\SAC63.OBJ ACBP=A9
 0001:000028C4 0000003A C=CODE    S=_TEXT    G=(none)   M=C:\HTI\SISCOM\SAC120.OBJ ACBP=A9
 0001:00002900 0000003A C=CODE    S=_TEXT    G=(none)   M=C:\HTI\SISCOM\SAC121.OBJ ACBP=A9
 0001:0000293C 0000003A C=CODE    S=_TEXT    G=(none)   M=C:\HTI\SISCOM\SAC122.OBJ ACBP=A9
 0001:00002978 0000003A C=CODE    S=_TEXT    G=(none)   M=C:\HTI\SISCOM\SAC210.OBJ ACBP=A9
 0001:000029B4 00000057 C=CODE    S=_TEXT    G=(none)   M=C:\HTI\SISCOM\SAC231.OBJ ACBP=A9
 0001:00002A0C 0000003A C=CODE    S=_TEXT    G=(none)   M=C:\HTI\SISCOM\SAC233.OBJ ACBP=A9
 0001:00002A48 0000003A C=CODE    S=_TEXT    G=(none)   M=C:\HTI\SISCOM\SAC234.OBJ ACBP=A9
 0001:00002A84 0000003A C=CODE    S=_TEXT    G=(none)   M=C:\HTI\SISCOM\SAC301.OBJ ACBP=A9
 0001:00002AC0 00000088 C=CODE    S=_TEXT    G=(none)   M=C:\HTI\SISCOM\SAC511.OBJ ACBP=A9
 0001:00002B48 0000003A C=CODE    S=_TEXT    G=(none)   M=C:\HTI\SISCOM\SAC521.OBJ ACBP=A9
 0001:00002B84 0000003A C=CODE    S=_TEXT    G=(none)   M=C:\HTI\SISCOM\SAC522.OBJ ACBP=A9
 0001:00002BC0 0000003A C=CODE    S=_TEXT    G=(none)   M=C:\HTI\SISCOM\SAC523.OBJ ACBP=A9
 0001:00002BFC 0000003A C=CODE    S=_TEXT    G=(none)   M=C:\HTI\SISCOM\SAC524.OBJ ACBP=A9
 0001:00002C38 0000003A C=CODE    S=_TEXT    G=(none)   M=C:\HTI\SISCOM\SAC527.OBJ ACBP=A9
 0001:00002C74 0000003A C=CODE    S=_TEXT    G=(none)   M=C:\HTI\SISCOM\SAC528.OBJ ACBP=A9
 0001:00002CB0 0000003A C=CODE    S=_TEXT    G=(none)   M=C:\HTI\SISCOM\SAC529.OBJ ACBP=A9
 0001:00002CEC 0000003A C=CODE    S=_TEXT    G=(none)   M=C:\HTI\SISCOM\SAC530.OBJ ACBP=A9
 0001:00002D28 0000003A C=CODE    S=_TEXT    G=(none)   M=C:\HTI\SISCOM\SAC534.OBJ ACBP=A9
 0001:00002D64 0000003A C=CODE    S=_TEXT    G=(none)   M=C:\HTI\SISCOM\SAC541.OBJ ACBP=A9
 0001:00002DA0 0000003A C=CODE    S=_TEXT    G=(none)   M=C:\HTI\SISCOM\SAC542.OBJ ACBP=A9
 0001:00002DDC 0000003A C=CODE    S=_TEXT    G=(none)   M=C:\HTI\SISCOM\SAC543.OBJ ACBP=A9
 0001:00002E18 0000003A C=CODE    S=_TEXT    G=(none)   M=C:\HTI\SISCOM\SAC561.OBJ ACBP=A9
 0001:00002E54 0000010D C=CODE    S=_TEXT    G=(none)   M=C:\HTI\SISCOM\SAC571.OBJ ACBP=A9
 0001:00002F64 0000003A C=CODE    S=_TEXT    G=(none)   M=C:\HTI\SISCOM\SAC580.OBJ ACBP=A9
 0001:00002FA0 0000003A C=CODE    S=_TEXT    G=(none)   M=C:\HTI\SISCOM\SAC610.OBJ ACBP=A9
 0001:00002FDC 0000003A C=CODE    S=_TEXT    G=(none)   M=C:\HTI\SISCOM\SACALTCO.OBJ ACBP=A9
 0001:00003018 0000003A C=CODE    S=_TEXT    G=(none)   M=C:\HTI\SISCOM\SACATUAL.OBJ ACBP=A9
 0001:00003054 0000003A C=CODE    S=_TEXT    G=(none)   M=C:\HTI\SISCOM\SACCAIXA.OBJ ACBP=A9
 0001:00003090 0000003A C=CODE    S=_TEXT    G=(none)   M=C:\HTI\SISCOM\SACCEP.OBJ ACBP=A9
 0001:000030CC 0000003A C=CODE    S=_TEXT    G=(none)   M=C:\HTI\SISCOM\SACCHEQ.OBJ ACBP=A9
 0001:00003108 0000003A C=CODE    S=_TEXT    G=(none)   M=C:\HTI\SISCOM\SACCLF.OBJ ACBP=A9
 0001:00003144 0000003A C=CODE    S=_TEXT    G=(none)   M=C:\HTI\SISCOM\SACCOTA1.OBJ ACBP=A9
 0001:00003180 0000003A C=CODE    S=_TEXT    G=(none)   M=C:\HTI\SISCOM\SACCOTA2.OBJ ACBP=A9
 0001:000031BC 0000003A C=CODE    S=_TEXT    G=(none)   M=C:\HTI\SISCOM\SACCOTA3.OBJ ACBP=A9
 0001:000031F8 0000003A C=CODE    S=_TEXT    G=(none)   M=C:\HTI\SISCOM\SACCOTAC.OBJ ACBP=A9
 0001:00003234 00000054 C=CODE    S=_TEXT    G=(none)   M=C:\HTI\SISCOM\SACENTRE.OBJ ACBP=A9
 0001:00003288 0000003A C=CODE    S=_TEXT    G=(none)   M=C:\HTI\SISCOM\SACESPE.OBJ ACBP=A9
 0001:000032C4 0000003A C=CODE    S=_TEXT    G=(none)   M=C:\HTI\SISCOM\SACETQ_C.OBJ ACBP=A9
 0001:00003300 00000054 C=CODE    S=_TEXT    G=(none)   M=C:\HTI\SISCOM\SACEXP.OBJ ACBP=A9
 0001:00003354 0000003A C=CODE    S=_TEXT    G=(none)   M=C:\HTI\SISCOM\SACEXP1.OBJ ACBP=A9
 0001:00003390 0000003A C=CODE    S=_TEXT    G=(none)   M=C:\HTI\SISCOM\SACEXP2.OBJ ACBP=A9
 0001:000033CC 0000003A C=CODE    S=_TEXT    G=(none)   M=C:\HTI\SISCOM\SACEXP3.OBJ ACBP=A9
 0001:00003408 0000003A C=CODE    S=_TEXT    G=(none)   M=C:\HTI\SISCOM\SACEXPOR.OBJ ACBP=A9
 0001:00003444 00000088 C=CODE    S=_TEXT    G=(none)   M=C:\HTI\SISCOM\SACFRETE.OBJ ACBP=A9
 0001:000034CC 0000003A C=CODE    S=_TEXT    G=(none)   M=C:\HTI\SISCOM\SACIMPOR.OBJ ACBP=A9
 0001:00003508 0000003A C=CODE    S=_TEXT    G=(none)   M=C:\HTI\SISCOM\SACINVE.OBJ ACBP=A9
 0001:00003544 00000054 C=CODE    S=_TEXT    G=(none)   M=C:\HTI\SISCOM\SACLOG1.OBJ ACBP=A9
 0001:00003598 0000003A C=CODE    S=_TEXT    G=(none)   M=C:\HTI\SISCOM\SACLOG2.OBJ ACBP=A9
 0001:000035D4 00000158 C=CODE    S=_TEXT    G=(none)   M=C:\HTI\SISCOM\SACMAQ.OBJ ACBP=A9
 0001:0000372C 0000003A C=CODE    S=_TEXT    G=(none)   M=C:\HTI\SISCOM\SACOS1.OBJ ACBP=A9
 0001:00003768 0000003A C=CODE    S=_TEXT    G=(none)   M=C:\HTI\SISCOM\SACOS5.OBJ ACBP=A9
 0001:000037A4 0000003A C=CODE    S=_TEXT    G=(none)   M=C:\HTI\SISCOM\SACOS11.OBJ ACBP=A9
 0001:000037E0 00000057 C=CODE    S=_TEXT    G=(none)   M=C:\HTI\SISCOM\SACOS15.OBJ ACBP=A9
 0001:00003838 0000003A C=CODE    S=_TEXT    G=(none)   M=C:\HTI\SISCOM\SACOS51.OBJ ACBP=A9
 0001:00003874 0000003A C=CODE    S=_TEXT    G=(none)   M=C:\HTI\SISCOM\SACOS52.OBJ ACBP=A9
 0001:000038B0 0000003A C=CODE    S=_TEXT    G=(none)   M=C:\HTI\SISCOM\SACOS53.OBJ ACBP=A9
 0001:000038EC 0000003A C=CODE    S=_TEXT    G=(none)   M=C:\HTI\SISCOM\SACOS54.OBJ ACBP=A9
 0001:00003928 0000003A C=CODE    S=_TEXT    G=(none)   M=C:\HTI\SISCOM\SACOS531.OBJ ACBP=A9
 0001:00003964 0000003A C=CODE    S=_TEXT    G=(none)   M=C:\HTI\SISCOM\SACOSIMP.OBJ ACBP=A9
 0001:000039A0 0000003A C=CODE    S=_TEXT    G=(none)   M=C:\HTI\SISCOM\SACPCHEQ.OBJ ACBP=A9
 0001:000039DC 0000003A C=CODE    S=_TEXT    G=(none)   M=C:\HTI\SISCOM\SACPDFLT.OBJ ACBP=A9
 0001:00003A18 0000003A C=CODE    S=_TEXT    G=(none)   M=C:\HTI\SISCOM\SACPROT1.OBJ ACBP=A9
 0001:00003A54 0000003A C=CODE    S=_TEXT    G=(none)   M=C:\HTI\SISCOM\SACPROT2.OBJ ACBP=A9
 0001:00003A90 0000003A C=CODE    S=_TEXT    G=(none)   M=C:\HTI\SISCOM\SACPROT3.OBJ ACBP=A9
 0001:00003ACC 0000003A C=CODE    S=_TEXT    G=(none)   M=C:\HTI\SISCOM\SACPROTO.OBJ ACBP=A9
 0001:00003B08 0000003A C=CODE    S=_TEXT    G=(none)   M=C:\HTI\SISCOM\SACRCCOM.OBJ ACBP=A9
 0001:00003B44 000000BC C=CODE    S=_TEXT    G=(none)   M=C:\HTI\SISCOM\SACREC.OBJ ACBP=A9
 0001:00003C00 0000003A C=CODE    S=_TEXT    G=(none)   M=C:\HTI\SISCOM\SACREG.OBJ ACBP=A9
 0001:00003C3C 0000003A C=CODE    S=_TEXT    G=(none)   M=C:\HTI\SISCOM\SACREORC.OBJ ACBP=A9
 0001:00003C78 00000054 C=CODE    S=_TEXT    G=(none)   M=C:\HTI\SISCOM\SACTIPDC.OBJ ACBP=A9
 0001:00003CCC 0000008B C=CODE    S=_TEXT    G=(none)   M=C:\HTI\SISCOM\SACTROCA.OBJ ACBP=A9
 0001:00003D58 0000003A C=CODE    S=_TEXT    G=(none)   M=C:\HTI\SISCOM\SACVEN1.OBJ ACBP=A9
 0001:00003D94 00000057 C=CODE    S=_TEXT    G=(none)   M=C:\HTI\SISCOM\VENDA.OBJ ACBP=A9
 0001:00003DEC 0000003A C=CODE    S=_TEXT    G=(none)   M=C:\HTI\SISCOM\SACETQCP.OBJ ACBP=A9
 0001:00003E28 0000003A C=CODE    S=_TEXT    G=(none)   M=C:\HTI\SISCOM\CON254.OBJ ACBP=A9
 0001:00003E64 0000003A C=CODE    S=_TEXT    G=(none)   M=C:\HTI\SISCOM\SACTRAN1.OBJ ACBP=A9
 0001:00003EA0 000000F3 C=CODE    S=_TEXT    G=(none)   M=C:\HTI\SISCOM\SACSEF1.OBJ ACBP=A9
 0001:00003F94 0000003A C=CODE    S=_TEXT    G=(none)   M=C:\HTI\SISCOM\SACPRES.OBJ ACBP=A9
 0001:00003FD0 0000003A C=CODE    S=_TEXT    G=(none)   M=C:\HTI\SISCOM\SACCLIATU.OBJ ACBP=A9
 0001:0000400C 0000003A C=CODE    S=_TEXT    G=(none)   M=C:\HTI\SISCOM\SACPROATU.OBJ ACBP=A9
 0001:00004048 0000003A C=CODE    S=_TEXT    G=(none)   M=C:\HTI\SISCOM\SACSEF2.OBJ ACBP=A9
 0001:00004084 0000003A C=CODE    S=_TEXT    G=(none)   M=C:\HTI\SISCOM\SACMOVNT.OBJ ACBP=A9
 0001:000040C0 00000071 C=CODE    S=_TEXT    G=(none)   M=C:\HTI\SISCOM\SAC23ORC.OBJ ACBP=A9
 0001:00004134 0000003D C=CODE    S=_TEXT    G=(none)   M=C:\HTI\SISCOM\SAC23O2.OBJ ACBP=A9
 0001:00004174 0000003A C=CODE    S=_TEXT    G=(none)   M=C:\HTI\SISCOM\SACENTPR.OBJ ACBP=A9
 0001:000041B0 00000071 C=CODE    S=_TEXT    G=(none)   M=C:\HTI\SISCOM\SAC23PD1.OBJ ACBP=A9
 0001:00004224 0000003A C=CODE    S=_TEXT    G=(none)   M=C:\HTI\SISCOM\SAC5291.OBJ ACBP=A9
 0001:00004260 0000003A C=CODE    S=_TEXT    G=(none)   M=C:\HTI\SISCOM\SAC5COM5.OBJ ACBP=A9
 0001:0000429C 0000003A C=CODE    S=_TEXT    G=(none)   M=C:\HTI\SISCOM\SAC5PE15.OBJ ACBP=A9
 0001:000042D8 0000003A C=CODE    S=_TEXT    G=(none)   M=C:\HTI\SISCOM\SACSERI1.OBJ ACBP=A9
 0001:00004314 0000003A C=CODE    S=_TEXT    G=(none)   M=C:\HTI\SISCOM\SACSERI2.OBJ ACBP=A9
 0001:00004350 0000003A C=CODE    S=_TEXT    G=(none)   M=C:\HTI\SISCOM\SACSERI3.OBJ ACBP=A9
 0001:0000438C 0000003A C=CODE    S=_TEXT    G=(none)   M=C:\HTI\SISCOM\SACSERI4.OBJ ACBP=A9
 0001:000043C8 0000003A C=CODE    S=_TEXT    G=(none)   M=C:\HTI\SISCOM\SACSERI5.OBJ ACBP=A9
 0001:00004404 0000003A C=CODE    S=_TEXT    G=(none)   M=C:\HTI\SISCOM\SACBANCO.OBJ ACBP=A9
 0001:00004440 0000003A C=CODE    S=_TEXT    G=(none)   M=C:\HTI\SISCOM\CON2512.OBJ ACBP=A9
 0001:0000447C 00000054 C=CODE    S=_TEXT    G=(none)   M=C:\HTI\SISCOM\SAC2513.OBJ ACBP=A9
 0001:000044D0 0000003A C=CODE    S=_TEXT    G=(none)   M=C:\HTI\SISCOM\SAC5COM9.OBJ ACBP=A9
 0001:0000450C 0000003A C=CODE    S=_TEXT    G=(none)   M=C:\HTI\SISCOM\CON4205.OBJ ACBP=A9
 0001:00004548 0000003A C=CODE    S=_TEXT    G=(none)   M=C:\HTI\SISCOM\SACFORMULA.OBJ ACBP=A9
 0001:00004584 0000003D C=CODE    S=_TEXT    G=(none)   M=C:\HTI\SISCOM\SAC572.OBJ ACBP=A9
 0001:000045C4 0000003A C=CODE    S=_TEXT    G=(none)   M=C:\HTI\SISCOM\SAC5PED10.OBJ ACBP=A9
 0001:00004600 0000003A C=CODE    S=_TEXT    G=(none)   M=C:\HTI\SISCOM\CON2521.OBJ ACBP=A9
 0001:0000463C 0000003A C=CODE    S=_TEXT    G=(none)   M=C:\HTI\SISCOM\SAC5COM10.OBJ ACBP=A9
 0001:00004678 0000003A C=CODE    S=_TEXT    G=(none)   M=C:\HTI\SISCOM\SAC5231.OBJ ACBP=A9
 0001:000046B4 0000003A C=CODE    S=_TEXT    G=(none)   M=C:\HTI\SISCOM\SACEXP11.OBJ ACBP=A9
 0001:000046F0 0000003A C=CODE    S=_TEXT    G=(none)   M=C:\HTI\SISCOM\SAC5COM11.OBJ ACBP=A9
 0001:0000472C 0000003A C=CODE    S=_TEXT    G=(none)   M=C:\HTI\SISCOM\SACSEF3.OBJ ACBP=A9
 0001:00004768 0000003A C=CODE    S=_TEXT    G=(none)   M=C:\HTI\SISCOM\SAC5ET201.OBJ ACBP=A9
 0001:000047A4 0000003A C=CODE    S=_TEXT    G=(none)   M=C:\HTI\SISCOM\SAC513.OBJ ACBP=A9
 0001:000047E0 0000003A C=CODE    S=_TEXT    G=(none)   M=C:\HTI\SISCOM\SAC2531.OBJ ACBP=A9
 0001:0000481C 0000003A C=CODE    S=_TEXT    G=(none)   M=C:\HTI\SISCOM\SAC5DEVOL.OBJ ACBP=A9
 0001:00004858 0000003A C=CODE    S=_TEXT    G=(none)   M=C:\HTI\SISCOM\SAC3411.OBJ ACBP=A9
 0001:00004894 00000071 C=CODE    S=_TEXT    G=(none)   M=C:\HTI\SISCOM\SAC22_1.OBJ ACBP=A9
 0001:00004908 00000088 C=CODE    S=_TEXT    G=(none)   M=C:\HTI\SISCOM\SAC_EMAIL.OBJ ACBP=A9
 0001:00004990 0000003A C=CODE    S=_TEXT    G=(none)   M=C:\HTI\SISCOM\SACMENS.OBJ ACBP=A9
 0001:000049CC 0000003A C=CODE    S=_TEXT    G=(none)   M=C:\HTI\SISCOM\SACOS55.OBJ ACBP=A9
 0001:00004A08 00000054 C=CODE    S=_TEXT    G=(none)   M=C:\HTI\SISCOM\SENDEMAIL.OBJ ACBP=A9
 0001:00004A5C 0000003A C=CODE    S=_TEXT    G=(none)   M=C:\HTI\SISCOM\CON4191.OBJ ACBP=A9
 0001:00004A98 000000D9 C=CODE    S=_TEXT    G=(none)   M=C:\HTI\SISCOM\SACROT1.OBJ ACBP=A9
 0001:00004B74 0000003A C=CODE    S=_TEXT    G=(none)   M=C:\HTI\SISCOM\SACCALC.OBJ ACBP=A9
 0001:00004BB0 00000054 C=CODE    S=_TEXT    G=(none)   M=C:\HTI\SISCOM\SACFTP1.OBJ ACBP=A9
 0001:00004C04 0000003A C=CODE    S=_TEXT    G=(none)   M=C:\HTI\SISCOM\SACFTP3.OBJ ACBP=A9
 0001:00004C40 0000003A C=CODE    S=_TEXT    G=(none)   M=C:\HTI\SISCOM\SAC611.OBJ ACBP=A9
 0001:00004C7C 000000F0 C=CODE    S=_TEXT    G=(none)   M=C:\HTI\SISCOM\IMPACBR.OBJ ACBP=A9
 0001:00004D6C 00000088 C=CODE    S=_TEXT    G=(none)   M=C:\HTI\SISCOM\ERRORSYS.OBJ ACBP=A9
 0001:00004DF4 0000003A C=CODE    S=_TEXT    G=(none)   M=C:\HTI\SISCOM\SAC35.OBJ ACBP=A9
 0001:00004E30 0000003A C=CODE    S=_TEXT    G=(none)   M=C:\HTI\SISCOM\HTI_IMPBOL.OBJ ACBP=A9
 0001:00004E6C 0000003D C=CODE    S=_TEXT    G=(none)   M=C:\HTI\SISCOM\SAC42ANT.OBJ ACBP=A9
 0001:00004EAC 0000003A C=CODE    S=_TEXT    G=(none)   M=C:\HTI\SISCOM\SAC5NOT4.OBJ ACBP=A9
 0001:00004EE8 0000003A C=CODE    S=_TEXT    G=(none)   M=C:\HTI\SISCOM\SACCNNT.OBJ ACBP=A9
 0001:00004F24 0000003A C=CODE    S=_TEXT    G=(none)   M=C:\HTI\SISCOM\CON215.OBJ ACBP=A9
 0001:00004F60 0000003A C=CODE    S=_TEXT    G=(none)   M=C:\HTI\SISCOM\SAC_LIMCLI.OBJ ACBP=A9
 0001:00004F9C 0000003A C=CODE    S=_TEXT    G=(none)   M=C:\HTI\SISCOM\SAC5PED11.OBJ ACBP=A9
 0001:00004FD8 0000008B C=CODE    S=_TEXT    G=(none)   M=C:\HTI\SISCOM\SACCTE.OBJ ACBP=A9
 0001:00005064 0000003A C=CODE    S=_TEXT    G=(none)   M=C:\HTI\SISCOM\SACCARNE.OBJ ACBP=A9
 0001:000050A0 0000006E C=CODE    S=_TEXT    G=(none)   M=C:\HTI\SISCOM\SAC216.OBJ ACBP=A9
 0001:00005110 00000057 C=CODE    S=_TEXT    G=(none)   M=C:\HTI\SISCOM\SACENTXML.OBJ ACBP=A9
 0001:00005168 000002C4 C=CODE    S=_TEXT    G=(none)   M=C:\HTI\SISCOM\SACTEF.OBJ ACBP=A9
 0001:0000542C 0000008B C=CODE    S=_TEXT    G=(none)   M=C:\HTI\SISCOM\SAC23CAIXA.OBJ ACBP=A9
 0001:000054B8 0000003A C=CODE    S=_TEXT    G=(none)   M=C:\HTI\SISCOM\BOLETO_PDV.OBJ ACBP=A9
 0001:000054F4 0000003A C=CODE    S=_TEXT    G=(none)   M=C:\HTI\SISCOM\CON211.OBJ ACBP=A9
 0001:00005530 0000003A C=CODE    S=_TEXT    G=(none)   M=C:\HTI\SISCOM\SAC345.OBJ ACBP=A9
 0001:0000556C 00000141 C=CODE    S=_TEXT    G=(none)   M=C:\HTI\SISCOM\SACNF_E.OBJ ACBP=A9
 0001:000056B0 0000003A C=CODE    S=_TEXT    G=(none)   M=C:\HTI\SISCOM\SACSQL.OBJ ACBP=A9
 0001:000056EC 00000057 C=CODE    S=_TEXT    G=(none)   M=C:\HTI\SISCOM\SAC_DBF.OBJ ACBP=A9
 0001:00005744 0000003A C=CODE    S=_TEXT    G=(none)   M=C:\HTI\SISCOM\SACBAL_PIN.OBJ ACBP=A9
 0001:00005780 00000054 C=CODE    S=_TEXT    G=(none)   M=C:\HTI\SISCOM\SAC213.OBJ ACBP=A9
 0001:000057D4 0000003A C=CODE    S=_TEXT    G=(none)   M=C:\HTI\SISCOM\SAC217.OBJ ACBP=A9
 0001:00005810 00000054 C=CODE    S=_TEXT    G=(none)   M=C:\HTI\SISCOM\SACMDFE.OBJ ACBP=A9
 0001:00005864 00000E21 C=CODE    S=_TEXT    G=(none)   M=C:\HTI\SISCOM\HRBFUN.OBJ ACBP=A9
 0001:00006688 00000A17 C=CODE    S=_TEXT    G=(none)   M=C:\HTI\SISCOM\SACROT.OBJ ACBP=A9
 0001:000070A0 00000057 C=CODE    S=_TEXT    G=(none)   M=C:\HTI\SISCOM\SAC130.OBJ ACBP=A9
 0001:000070F8 0000003A C=CODE    S=_TEXT    G=(none)   M=C:\HTI\SISCOM\SAC140.OBJ ACBP=A9
 0001:00007134 0000003A C=CODE    S=_TEXT    G=(none)   M=C:\HTI\SISCOM\SAC141.OBJ ACBP=A9
 0001:00007170 0000003A C=CODE    S=_TEXT    G=(none)   M=C:\HTI\SISCOM\SAC142.OBJ ACBP=A9
 0001:000071AC 0000003A C=CODE    S=_TEXT    G=(none)   M=C:\HTI\SISCOM\SACPROFI.OBJ ACBP=A9
 0001:000071E8 0000003A C=CODE    S=_TEXT    G=(none)   M=C:\HTI\SISCOM\SAC10.OBJ ACBP=A9
 0001:00007224 00000054 C=CODE    S=_TEXT    G=(none)   M=C:\HTI\SISCOM\SACOS41.OBJ ACBP=A9
 0001:00007278 0000003A C=CODE    S=_TEXT    G=(none)   M=C:\HTI\SISCOM\SAC1OP.OBJ ACBP=A9
 0001:000072B4 0000003A C=CODE    S=_TEXT    G=(none)   M=C:\HTI\SISCOM\SACEMP.OBJ ACBP=A9
 0001:000072F0 0000003A C=CODE    S=_TEXT    G=(none)   M=C:\HTI\SISCOM\SAC20.OBJ ACBP=A9
 0001:0000732C 0000003A C=CODE    S=_TEXT    G=(none)   M=C:\HTI\SISCOM\SACOBS.OBJ ACBP=A9
 0001:00007368 0000008B C=CODE    S=_TEXT    G=(none)   M=C:\HTI\SISCOM\SAC40.OBJ ACBP=A9
 0001:000073F4 00000054 C=CODE    S=_TEXT    G=(none)   M=C:\HTI\SISCOM\SACCFG.OBJ ACBP=A9
 0001:00007448 0000003A C=CODE    S=_TEXT    G=(none)   M=C:\HTI\SISCOM\SACDBF.OBJ ACBP=A9
 0001:00007484 0000003D C=CODE    S=_TEXT    G=(none)   M=C:\HTI\SISCOM\SACCDX.OBJ ACBP=A9
 0001:000074C4 000000D6 C=CODE    S=_TEXT    G=(none)   M=C:\HTI\SISCOM\SAUTORIZA.OBJ ACBP=A9
 0001:0000759C 0000003A C=CODE    S=_TEXT    G=(none)   M=C:\HTI\SISCOM\CON252.OBJ ACBP=A9
 0001:000075D8 0000003A C=CODE    S=_TEXT    G=(none)   M=C:\HTI\SISCOM\SACPROMI.OBJ ACBP=A9
 0001:00007614 0000003A C=CODE    S=_TEXT    G=(none)   M=C:\HTI\SISCOM\SACVAQUE.OBJ ACBP=A9
 0001:00007650 000000A2 C=CODE    S=_TEXT    G=(none)   M=C:\HTI\SISCOM\SACBOLE2.OBJ ACBP=A9
 0001:000076F4 0000003D C=CODE    S=_TEXT    G=(none)   M=C:\HTI\SISCOM\SAC211.OBJ ACBP=A9
 0001:00007734 0000003D C=CODE    S=_TEXT    G=(none)   M=C:\HTI\SISCOM\SAC5PED1.OBJ ACBP=A9
 0001:00007774 00000057 C=CODE    S=_TEXT    G=(none)   M=C:\HTI\SISCOM\SAC350.OBJ ACBP=A9
 0001:000077CC 00000071 C=CODE    S=_TEXT    G=(none)   M=C:\HTI\SISCOM\SAC42.OBJ ACBP=A9
 0001:00007840 00000054 C=CODE    S=_TEXT    G=(none)   M=C:\HTI\SISCOM\SAC2PED.OBJ ACBP=A9
 0001:00007894 00000057 C=CODE    S=_TEXT    G=(none)   M=C:\HTI\SISCOM\SAC212.OBJ ACBP=A9
 0001:000078EC 0000003A C=CODE    S=_TEXT    G=(none)   M=C:\HTI\SISCOM\SAC214.OBJ ACBP=A9
 0001:00007928 00000054 C=CODE    S=_TEXT    G=(none)   M=C:\HTI\SISCOM\SAC215.OBJ ACBP=A9
 0001:0000797C 0000003A C=CODE    S=_TEXT    G=(none)   M=C:\HTI\SISCOM\SAC5PED3.OBJ ACBP=A9
 0001:000079B8 0000003A C=CODE    S=_TEXT    G=(none)   M=C:\HTI\SISCOM\SAC5PED5.OBJ ACBP=A9
 0001:000079F4 00000054 C=CODE    S=_TEXT    G=(none)   M=C:\HTI\SISCOM\CON428.OBJ ACBP=A9
 0001:00007A48 00000057 C=CODE    S=_TEXT    G=(none)   M=C:\HTI\SISCOM\CON244.OBJ ACBP=A9
 0001:00007AA0 0000003A C=CODE    S=_TEXT    G=(none)   M=C:\HTI\SISCOM\SACCST.OBJ ACBP=A9
 0001:00007ADC 0000003A C=CODE    S=_TEXT    G=(none)   M=C:\HTI\SISCOM\SACCID.OBJ ACBP=A9
 0001:00007B18 0000006E C=CODE    S=_TEXT    G=(none)   M=C:\HTI\SISCOM\SAC_NCM.OBJ ACBP=A9
 0001:00007B88 0000003A C=CODE    S=_TEXT    G=(none)   M=C:\HTI\SISCOM\SACBAL1.OBJ ACBP=A9
 0001:00007BC4 0000003A C=CODE    S=_TEXT    G=(none)   M=C:\HTI\SISCOM\SACDETA.OBJ ACBP=A9
 0001:00007C00 0000003A C=CODE    S=_TEXT    G=(none)   M=C:\HTI\SISCOM\SACBOLE1.OBJ ACBP=A9
 0001:00007C3C 00000057 C=CODE    S=_TEXT    G=(none)   M=C:\HTI\SISCOM\SAC526.OBJ ACBP=A9
 0001:00007C94 0000003A C=CODE    S=_TEXT    G=(none)   M=C:\HTI\SISCOM\SAC211B.OBJ ACBP=A9
 0001:00007CD0 0000003A C=CODE    S=_TEXT    G=(none)   M=C:\HTI\SISCOM\SAC5NOT1.OBJ ACBP=A9
 0001:00007D0C 0000006E C=CODE    S=_TEXT    G=(none)   M=C:\HTI\SISCOM\SACDEPE.OBJ ACBP=A9
 0001:00007D7C 0000003A C=CODE    S=_TEXT    G=(none)   M=C:\HTI\SISCOM\SAC5CAD1.OBJ ACBP=A9
 0001:00007DB8 0000003A C=CODE    S=_TEXT    G=(none)   M=C:\HTI\SISCOM\SAC341.OBJ ACBP=A9
 0001:00007DF4 00000054 C=CODE    S=_TEXT    G=(none)   M=C:\HTI\SISCOM\SAC19.OBJ ACBP=A9
 0001:00007E48 0000003A C=CODE    S=_TEXT    G=(none)   M=C:\HTI\SISCOM\SAC520.OBJ ACBP=A9
 0001:00007E84 0000003A C=CODE    S=_TEXT    G=(none)   M=C:\HTI\SISCOM\SACBAL3.OBJ ACBP=A9
 0001:00007EC0 0000003A C=CODE    S=_TEXT    G=(none)   M=C:\HTI\SISCOM\SACBAL4.OBJ ACBP=A9
 0001:00007EFC 0000003A C=CODE    S=_TEXT    G=(none)   M=C:\HTI\SISCOM\FORMULA.OBJ ACBP=A9
 0001:00007F38 0000003A C=CODE    S=_TEXT    G=(none)   M=C:\HTI\SISCOM\BOLETO2.OBJ ACBP=A9
 0001:00007F74 0000003A C=CODE    S=_TEXT    G=(none)   M=C:\HTI\SISCOM\SAC525.OBJ ACBP=A9
 0001:00007FB0 0000003A C=CODE    S=_TEXT    G=(none)   M=C:\HTI\SISCOM\SACSINT.OBJ ACBP=A9
 0001:00007FEC 00000054 C=CODE    S=_TEXT    G=(none)   M=C:\HTI\SISCOM\SACEMAIL.OBJ ACBP=A9
 0001:00008040 00000054 C=CODE    S=_TEXT    G=(none)   M=C:\HTI\SISCOM\SAC131.OBJ ACBP=A9
 0001:00008094 0000003A C=CODE    S=_TEXT    G=(none)   M=C:\HTI\SISCOM\SAC132.OBJ ACBP=A9
 0001:000080D0 0000003A C=CODE    S=_TEXT    G=(none)   M=C:\HTI\SISCOM\SAC112.OBJ ACBP=A9
 0001:0000810C 0000003D C=CODE    S=_TEXT    G=(none)   M=C:\HTI\SISCOM\SACNOTA.OBJ ACBP=A9
 0001:0000814C 0000003A C=CODE    S=_TEXT    G=(none)   M=C:\HTI\SISCOM\CONS_PROD.OBJ ACBP=A9
 0001:00008188 00000175 C=CODE    S=_TEXT    G=(none)   M=C:\HTI\SISCOM\XLS.OBJ ACBP=A9
 0001:00008300 0000003D C=CODE    S=_TEXT    G=(none)   M=C:\HTI\SISCOM\SACTP.OBJ ACBP=A9
 0001:00008340 000000A5 C=CODE    S=_TEXT    G=(none)   M=C:\HTI\SISCOM\SACTPS.OBJ ACBP=A9
 0001:000083E8 0000003A C=CODE    S=_TEXT    G=(none)   M=C:\HTI\SISCOM\SPED.OBJ ACBP=A9
 0001:00008424 0000003A C=CODE    S=_TEXT    G=(none)   M=C:\HTI\SISCOM\SACAUTO1.OBJ ACBP=A9
 0001:00008460 000000D9 C=CODE    S=_TEXT    G=(none)   M=C:\HTI\SISCOM\SAC110NOVO.OBJ ACBP=A9
 0001:0000853C 0000003A C=CODE    S=_TEXT    G=(none)   M=C:\HTI\SISCOM\SACAPPHTI.OBJ ACBP=A9
 0001:00008578 0000003A C=CODE    S=_TEXT    G=(none)   M=C:\HTI\SISCOM\BOLETO.OBJ ACBP=A9
 0001:000085B4 00000071 C=CODE    S=_TEXT    G=(none)   M=C:\HTI\SISCOM\SAC00.OBJ ACBP=A9
 0001:00008628 00000088 C=CODE    S=_TEXT    G=(none)   M=C:\HTI\SISCOM\SAC111NOVO.OBJ ACBP=A9
 0001:000086B0 0000003A C=CODE    S=_TEXT    G=(none)   M=C:\HTI\SISCOM\CON251PRO.OBJ ACBP=A9
 0001:000086EC 0000003D C=CODE    S=_TEXT    G=(none)   M=C:\HTI\SISCOM\SAC23PD1NOVO.OBJ ACBP=A9
 0001:0000872C 0000003A C=CODE    S=_TEXT    G=(none)   M=C:\HTI\SISCOM\CON412.OBJ ACBP=A9
 0001:00008768 000000D9 C=CODE    S=_TEXT    G=(none)   M=C:\HTI\SISCOM\SACNFCE.OBJ ACBP=A9
 0001:00008844 00000054 C=CODE    S=_TEXT    G=(none)   M=C:\HTI\SISCOM\SISPINPAD.OBJ ACBP=A9
 0001:00008898 000000A2 C=CODE    S=_TEXT    G=(none)   M=C:\HTI\SISCOM\SAC22PED.OBJ ACBP=A9
 0001:0000893C 0000003A C=CODE    S=_TEXT    G=(none)   M=C:\HTI\SISCOM\FORMULA_APP.OBJ ACBP=A9
 0001:00008978 00000054 C=CODE    S=_TEXT    G=(none)   M=C:\HTI\SISCOM\PINPAD.OBJ ACBP=A9
 0001:000089CC 0000003A C=CODE    S=_TEXT    G=(none)   M=C:\HTI\SISCOM\SAC5EST1.OBJ ACBP=A9
 0001:00008A08 00000500 C=CODE    S=_TEXT    G=(none)   M=C:\HTI\SISCOM\ACBRLIB.OBJ ACBP=A9
 0001:00008F08 00000054 C=CODE    S=_TEXT    G=(none)   M=C:\HTI\SISCOM\SAC4FMES.OBJ ACBP=A9
 0001:00008F5C 0000006E C=CODE    S=_TEXT    G=(none)   M=C:\HTI\SISCOM\SAC232.OBJ ACBP=A9
 0001:00008FCC 0000003A C=CODE    S=_TEXT    G=(none)   M=C:\HTI\SISCOM\SAC5ROM6.OBJ ACBP=A9
 0001:00009008 0000003A C=CODE    S=_TEXT    G=(none)   M=C:\HTI\SISCOM\SACDASH.OBJ ACBP=A9
 0001:00009044 0000003A C=CODE    S=_TEXT    G=(none)   M=C:\HTI\SISCOM\SACCRIPT.OBJ ACBP=A9
 0001:00009080 0000003A C=CODE    S=_TEXT    G=(none)   M=C:\HTI\SISCOM\SACAPPREL.OBJ ACBP=A9
 0001:000090BC 0000003A C=CODE    S=_TEXT    G=(none)   M=C:\HTI\SISCOM\SMEDALBUM.OBJ ACBP=A9
 0001:000090F8 0000003A C=CODE    S=_TEXT    G=(none)   M=C:\HTI\SISCOM\CON416.OBJ ACBP=A9
 0001:00009134 0000003A C=CODE    S=_TEXT    G=(none)   M=C:\HTI\SISCOM\CON42_0.OBJ ACBP=A9
 0001:00009170 0000003A C=CODE    S=_TEXT    G=(none)   M=C:\HTI\SISCOM\SACINVENTA.OBJ ACBP=A9
 0001:000091AC 0000003A C=CODE    S=_TEXT    G=(none)   M=C:\HTI\SISCOM\SACCHK_NF.OBJ ACBP=A9
 0001:000091E8 0000003A C=CODE    S=_TEXT    G=(none)   M=C:\HTI\SISCOM\SAC331.OBJ ACBP=A9
 0001:00009224 0000003A C=CODE    S=_TEXT    G=(none)   M=C:\HTI\SISCOM\SAC5NCM.OBJ ACBP=A9
 0001:00009260 00000010 C=CODE    S=_TEXT    G=(none)   M=C:\XHARBOUR997\LIB\LANG.LIB|msgen ACBP=A9
 0001:00009270 00000010 C=CODE    S=_TEXT    G=(none)   M=C:\XHARBOUR997\LIB\LANG.LIB|msges ACBP=A9
 0001:00009280 00001613 C=CODE    S=_TEXT    G=(none)   M=C:\XHARBOUR997\LIB\VM.LIB|arrays ACBP=A9
 0001:0000A894 0000352B C=CODE    S=_TEXT    G=(none)   M=C:\XHARBOUR997\LIB\VM.LIB|arrayshb ACBP=A9
 0001:0000DDC0 00000469 C=CODE    S=_TEXT    G=(none)   M=C:\XHARBOUR997\LIB\VM.LIB|asort ACBP=A9
 0001:0000E22C 00000014 C=CODE    S=_TEXT    G=(none)   M=C:\XHARBOUR997\LIB\VM.LIB|break ACBP=A9
 0001:0000E240 00005508 C=CODE    S=_TEXT    G=(none)   M=C:\XHARBOUR997\LIB\VM.LIB|classes ACBP=A9
 0001:00013748 000005B0 C=CODE    S=_TEXT    G=(none)   M=C:\XHARBOUR997\LIB\VM.LIB|cmdarg ACBP=A9
 0001:00013CF8 0000032D C=CODE    S=_TEXT    G=(none)   M=C:\XHARBOUR997\LIB\VM.LIB|codebloc ACBP=A9
 0001:00014028 0000024A C=CODE    S=_TEXT    G=(none)   M=C:\XHARBOUR997\LIB\VM.LIB|do ACBP=A9
 0001:00014274 000006D3 C=CODE    S=_TEXT    G=(none)   M=C:\XHARBOUR997\LIB\VM.LIB|dynsym ACBP=A9
 0001:00014948 000016A7 C=CODE    S=_TEXT    G=(none)   M=C:\XHARBOUR997\LIB\VM.LIB|errorapi ACBP=A9
 0001:00015FF0 00000850 C=CODE    S=_TEXT    G=(none)   M=C:\XHARBOUR997\LIB\VM.LIB|estack ACBP=A9
 0001:00016840 00000B03 C=CODE    S=_TEXT    G=(none)   M=C:\XHARBOUR997\LIB\VM.LIB|eval ACBP=A9
 0001:00017344 000000D2 C=CODE    S=_TEXT    G=(none)   M=C:\XHARBOUR997\LIB\VM.LIB|evalhb ACBP=A9
 0001:00017418 00001BC0 C=CODE    S=_TEXT    G=(none)   M=C:\XHARBOUR997\LIB\VM.LIB|extend ACBP=A9
 0001:00018FD8 000003B5 C=CODE    S=_TEXT    G=(none)   M=C:\XHARBOUR997\LIB\VM.LIB|fm ACBP=A9
 0001:00019390 00000707 C=CODE    S=_TEXT    G=(none)   M=C:\XHARBOUR997\LIB\VM.LIB|garbage ACBP=A9
 0001:00019A98 0000341B C=CODE    S=_TEXT    G=(none)   M=C:\XHARBOUR997\LIB\VM.LIB|hash ACBP=A9
 0001:0001CEB4 000011DA C=CODE    S=_TEXT    G=(none)   M=C:\XHARBOUR997\LIB\VM.LIB|hbi18n ACBP=A9
 0001:0001E090 000123B6 C=CODE    S=_TEXT    G=(none)   M=C:\XHARBOUR997\LIB\VM.LIB|hvm ACBP=A9
 0001:00030448 000026F7 C=CODE    S=_TEXT    G=(none)   M=C:\XHARBOUR997\LIB\VM.LIB|inet ACBP=A9
 0001:00032B40 00000006 C=CODE    S=_TEXT    G=(none)   M=C:\XHARBOUR997\LIB\VM.LIB|initexit ACBP=A9
 0001:00032B48 00000017 C=CODE    S=_TEXT    G=(none)   M=C:\XHARBOUR997\LIB\VM.LIB|initsymb ACBP=A9
 0001:00032B60 00001A70 C=CODE    S=_TEXT    G=(none)   M=C:\XHARBOUR997\LIB\VM.LIB|itemapi ACBP=A9
 0001:000345D0 00000B3F C=CODE    S=_TEXT    G=(none)   M=C:\XHARBOUR997\LIB\VM.LIB|fastitem ACBP=A9
 0001:00035110 00001C7F C=CODE    S=_TEXT    G=(none)   M=C:\XHARBOUR997\LIB\VM.LIB|macro ACBP=A9
 0001:00036D90 0000011D C=CODE    S=_TEXT    G=(none)   M=C:\XHARBOUR997\LIB\VM.LIB|mainwin ACBP=A9
 0001:00036EB0 00001DE8 C=CODE    S=_TEXT    G=(none)   M=C:\XHARBOUR997\LIB\VM.LIB|memvars ACBP=A9
 0001:00038C98 00000039 C=CODE    S=_TEXT    G=(none)   M=C:\XHARBOUR997\LIB\VM.LIB|pcount ACBP=A9
 0001:00038CD4 00000541 C=CODE    S=_TEXT    G=(none)   M=C:\XHARBOUR997\LIB\VM.LIB|proc ACBP=A9
 0001:00039218 000000E4 C=CODE    S=_TEXT    G=(none)   M=C:\XHARBOUR997\LIB\VM.LIB|thread ACBP=A9
 0001:000392FC 00000072 C=CODE    S=_TEXT    G=(none)   M=C:\XHARBOUR997\LIB\VM.LIB|throw ACBP=A9
 0001:00039370 000000DA C=CODE    S=_TEXT    G=(none)   M=C:\XHARBOUR997\LIB\VM.LIB|harbinit ACBP=A9
 0001:0003944C 00000178 C=CODE    S=_TEXT    G=(none)   M=C:\XHARBOUR997\LIB\RTL.LIB|abs ACBP=A9
 0001:000395C4 000002AF C=CODE    S=_TEXT    G=(none)   M=C:\XHARBOUR997\LIB\RTL.LIB|at ACBP=A9
 0001:00039874 00000558 C=CODE    S=_TEXT    G=(none)   M=C:\XHARBOUR997\LIB\RTL.LIB|bkgtsks ACBP=A9
 0001:00039DCC 00000130 C=CODE    S=_TEXT    G=(none)   M=C:\XHARBOUR997\LIB\RTL.LIB|binnumx ACBP=A9
 0001:00039EFC 0000017D C=CODE    S=_TEXT    G=(none)   M=C:\XHARBOUR997\LIB\RTL.LIB|box ACBP=A9
 0001:0003A07C 00000F20 C=CODE    S=_TEXT    G=(none)   M=C:\XHARBOUR997\LIB\RTL.LIB|cdpapi ACBP=A9
 0001:0003AF9C 000000A2 C=CODE    S=_TEXT    G=(none)   M=C:\XHARBOUR997\LIB\RTL.LIB|chrasc ACBP=A9
 0001:0003B040 000000B6 C=CODE    S=_TEXT    G=(none)   M=C:\XHARBOUR997\LIB\RTL.LIB|colorind ACBP=A9
 0001:0003B0F8 00000975 C=CODE    S=_TEXT    G=(none)   M=C:\XHARBOUR997\LIB\RTL.LIB|console ACBP=A9
 0001:0003BA70 000001B0 C=CODE    S=_TEXT    G=(none)   M=C:\XHARBOUR997\LIB\RTL.LIB|copyfile ACBP=A9
 0001:0003BC20 00000143 C=CODE    S=_TEXT    G=(none)   M=C:\XHARBOUR997\LIB\RTL.LIB|datec ACBP=A9
 0001:0003BD64 000007F7 C=CODE    S=_TEXT    G=(none)   M=C:\XHARBOUR997\LIB\RTL.LIB|dates ACBP=A9
 0001:0003C55C 000005DD C=CODE    S=_TEXT    G=(none)   M=C:\XHARBOUR997\LIB\RTL.LIB|dateshb ACBP=A9
 0001:0003CB3C 000001F0 C=CODE    S=_TEXT    G=(none)   M=C:\XHARBOUR997\LIB\RTL.LIB|dirdrive ACBP=A9
 0001:0003CD2C 000007D8 C=CODE    S=_TEXT    G=(none)   M=C:\XHARBOUR997\LIB\RTL.LIB|direct ACBP=A9
 0001:0003D504 000001C8 C=CODE    S=_TEXT    G=(none)   M=C:\XHARBOUR997\LIB\RTL.LIB|diskspac ACBP=A9
 0001:0003D6CC 00000C67 C=CODE    S=_TEXT    G=(none)   M=C:\XHARBOUR997\LIB\RTL.LIB|dllcall ACBP=A9
 0001:0003E334 00000188 C=CODE    S=_TEXT    G=(none)   M=C:\XHARBOUR997\LIB\RTL.LIB|empty ACBP=A9
 0001:0003E4BC 00000138 C=CODE    S=_TEXT    G=(none)   M=C:\XHARBOUR997\LIB\RTL.LIB|file ACBP=A9
 0001:0003E5F4 00000072 C=CODE    S=_TEXT    G=(none)   M=C:\XHARBOUR997\LIB\RTL.LIB|filehb ACBP=A9
 0001:0003E668 0000151F C=CODE    S=_TEXT    G=(none)   M=C:\XHARBOUR997\LIB\RTL.LIB|filesys ACBP=A9
 0001:0003FB88 000000B8 C=CODE    S=_TEXT    G=(none)   M=C:\XHARBOUR997\LIB\RTL.LIB|fserror ACBP=A9
 0001:0003FC40 000000D9 C=CODE    S=_TEXT    G=(none)   M=C:\XHARBOUR997\LIB\RTL.LIB|fnsplit ACBP=A9
 0001:0003FD1C 00000912 C=CODE    S=_TEXT    G=(none)   M=C:\XHARBOUR997\LIB\RTL.LIB|fparse ACBP=A9
 0001:00040630 000000AF C=CODE    S=_TEXT    G=(none)   M=C:\XHARBOUR997\LIB\RTL.LIB|fssize ACBP=A9
 0001:000406E0 0000012B C=CODE    S=_TEXT    G=(none)   M=C:\XHARBOUR997\LIB\RTL.LIB|fstemp ACBP=A9
 0001:0004080C 000000A2 C=CODE    S=_TEXT    G=(none)   M=C:\XHARBOUR997\LIB\RTL.LIB|gete ACBP=A9
 0001:000408B0 00000037 C=CODE    S=_TEXT    G=(none)   M=C:\XHARBOUR997\LIB\RTL.LIB|gt ACBP=A9
 0001:000408E8 00003F63 C=CODE    S=_TEXT    G=(none)   M=C:\XHARBOUR997\LIB\RTL.LIB|gtapi ACBP=A9
 0001:0004484C 00000526 C=CODE    S=_TEXT    G=(none)   M=C:\XHARBOUR997\LIB\RTL.LIB|gx ACBP=A9
 0001:00044D74 000003E8 C=CODE    S=_TEXT    G=(none)   M=C:\XHARBOUR997\LIB\RTL.LIB|hbbitf ACBP=A9
 0001:0004515C 00000835 C=CODE    S=_TEXT    G=(none)   M=C:\XHARBOUR997\LIB\RTL.LIB|hbffind ACBP=A9
 0001:00045994 0000044B C=CODE    S=_TEXT    G=(none)   M=C:\XHARBOUR997\LIB\RTL.LIB|hbhex2n ACBP=A9
 0001:00045DE0 000002A8 C=CODE    S=_TEXT    G=(none)   M=C:\XHARBOUR997\LIB\RTL.LIB|hbrandom ACBP=A9
 0001:00046088 000006DE C=CODE    S=_TEXT    G=(none)   M=C:\XHARBOUR997\LIB\RTL.LIB|hbsrlraw ACBP=A9
 0001:00046768 000003F7 C=CODE    S=_TEXT    G=(none)   M=C:\XHARBOUR997\LIB\RTL.LIB|idle ACBP=A9
 0001:00046B60 000007E5 C=CODE    S=_TEXT    G=(none)   M=C:\XHARBOUR997\LIB\RTL.LIB|inkey ACBP=A9
 0001:00047348 0000030F C=CODE    S=_TEXT    G=(none)   M=C:\XHARBOUR997\LIB\RTL.LIB|is ACBP=A9
 0001:00047658 00000273 C=CODE    S=_TEXT    G=(none)   M=C:\XHARBOUR997\LIB\RTL.LIB|langapi ACBP=A9
 0001:000478CC 000000B3 C=CODE    S=_TEXT    G=(none)   M=C:\XHARBOUR997\LIB\RTL.LIB|left ACBP=A9
 0001:00047980 0000006A C=CODE    S=_TEXT    G=(none)   M=C:\XHARBOUR997\LIB\RTL.LIB|len ACBP=A9
 0001:000479EC 00000951 C=CODE    S=_TEXT    G=(none)   M=C:\XHARBOUR997\LIB\RTL.LIB|math ACBP=A9
 0001:00048340 000000C5 C=CODE    S=_TEXT    G=(none)   M=C:\XHARBOUR997\LIB\RTL.LIB|maxrow ACBP=A9
 0001:00048408 00000157 C=CODE    S=_TEXT    G=(none)   M=C:\XHARBOUR997\LIB\RTL.LIB|memofile ACBP=A9
 0001:00048560 000004D7 C=CODE    S=_TEXT    G=(none)   M=C:\XHARBOUR997\LIB\RTL.LIB|minmax ACBP=A9
 0001:00048A38 00000170 C=CODE    S=_TEXT    G=(none)   M=C:\XHARBOUR997\LIB\RTL.LIB|mod ACBP=A9
 0001:00048BA8 000003C5 C=CODE    S=_TEXT    G=(none)   M=C:\XHARBOUR997\LIB\RTL.LIB|mouseapi ACBP=A9
 0001:00048F70 0000012C C=CODE    S=_TEXT    G=(none)   M=C:\XHARBOUR997\LIB\RTL.LIB|natmsg ACBP=A9
 0001:0004909C 00000049 C=CODE    S=_TEXT    G=(none)   M=C:\XHARBOUR997\LIB\RTL.LIB|net ACBP=A9
 0001:000490E8 000000AE C=CODE    S=_TEXT    G=(none)   M=C:\XHARBOUR997\LIB\RTL.LIB|oemansi ACBP=A9
 0001:00049198 00000122 C=CODE    S=_TEXT    G=(none)   M=C:\XHARBOUR997\LIB\RTL.LIB|padc ACBP=A9
 0001:000492BC 000000F0 C=CODE    S=_TEXT    G=(none)   M=C:\XHARBOUR997\LIB\RTL.LIB|padl ACBP=A9
 0001:000493AC 000000EB C=CODE    S=_TEXT    G=(none)   M=C:\XHARBOUR997\LIB\RTL.LIB|padr ACBP=A9
 0001:00049498 00000A48 C=CODE    S=_TEXT    G=(none)   M=C:\XHARBOUR997\LIB\RTL.LIB|philes ACBP=A9
 0001:00049EE0 0000009F C=CODE    S=_TEXT    G=(none)   M=C:\XHARBOUR997\LIB\RTL.LIB|philesx ACBP=A9
 0001:00049F80 00000098 C=CODE    S=_TEXT    G=(none)   M=C:\XHARBOUR997\LIB\RTL.LIB|rat ACBP=A9
 0001:0004A018 00001188 C=CODE    S=_TEXT    G=(none)   M=C:\XHARBOUR997\LIB\RTL.LIB|regex ACBP=A9
 0001:0004B1A0 00000134 C=CODE    S=_TEXT    G=(none)   M=C:\XHARBOUR997\LIB\RTL.LIB|replic ACBP=A9
 0001:0004B2D4 0000005D C=CODE    S=_TEXT    G=(none)   M=C:\XHARBOUR997\LIB\RTL.LIB|right ACBP=A9
 0001:0004B334 00000125 C=CODE    S=_TEXT    G=(none)   M=C:\XHARBOUR997\LIB\RTL.LIB|round ACBP=A9
 0001:0004B45C 00000051 C=CODE    S=_TEXT    G=(none)   M=C:\XHARBOUR997\LIB\RTL.LIB|run ACBP=A9
 0001:0004B4B0 000001F0 C=CODE    S=_TEXT    G=(none)   M=C:\XHARBOUR997\LIB\RTL.LIB|samples ACBP=A9
 0001:0004B6A0 000001B0 C=CODE    S=_TEXT    G=(none)   M=C:\XHARBOUR997\LIB\RTL.LIB|saverest ACBP=A9
 0001:0004B850 00000103 C=CODE    S=_TEXT    G=(none)   M=C:\XHARBOUR997\LIB\RTL.LIB|scroll ACBP=A9
 0001:0004B954 000001DC C=CODE    S=_TEXT    G=(none)   M=C:\XHARBOUR997\LIB\RTL.LIB|seconds ACBP=A9
 0001:0004BB30 00002716 C=CODE    S=_TEXT    G=(none)   M=C:\XHARBOUR997\LIB\RTL.LIB|set ACBP=A9
 0001:0004E248 0000002D C=CODE    S=_TEXT    G=(none)   M=C:\XHARBOUR997\LIB\RTL.LIB|readins ACBP=A9
 0001:0004E278 000000E6 C=CODE    S=_TEXT    G=(none)   M=C:\XHARBOUR997\LIB\RTL.LIB|setcolor ACBP=A9
 0001:0004E360 0000005C C=CODE    S=_TEXT    G=(none)   M=C:\XHARBOUR997\LIB\RTL.LIB|setcurs ACBP=A9
 0001:0004E3BC 00000579 C=CODE    S=_TEXT    G=(none)   M=C:\XHARBOUR997\LIB\RTL.LIB|setkey ACBP=A9
 0001:0004E938 0000007D C=CODE    S=_TEXT    G=(none)   M=C:\XHARBOUR997\LIB\RTL.LIB|setpos ACBP=A9
 0001:0004E9B8 0000002C C=CODE    S=_TEXT    G=(none)   M=C:\XHARBOUR997\LIB\RTL.LIB|setposbs ACBP=A9
 0001:0004E9E4 00000079 C=CODE    S=_TEXT    G=(none)   M=C:\XHARBOUR997\LIB\RTL.LIB|space ACBP=A9
 0001:0004EA60 00000224 C=CODE    S=_TEXT    G=(none)   M=C:\XHARBOUR997\LIB\RTL.LIB|spfiles ACBP=A9
 0001:0004EC84 00000191 C=CODE    S=_TEXT    G=(none)   M=C:\XHARBOUR997\LIB\RTL.LIB|str ACBP=A9
 0001:0004EE18 0000029E C=CODE    S=_TEXT    G=(none)   M=C:\XHARBOUR997\LIB\RTL.LIB|strcase ACBP=A9
 0001:0004F0B8 0000012B C=CODE    S=_TEXT    G=(none)   M=C:\XHARBOUR997\LIB\RTL.LIB|strdel ACBP=A9
 0001:0004F1E4 00000035 C=CODE    S=_TEXT    G=(none)   M=C:\XHARBOUR997\LIB\RTL.LIB|strings ACBP=A9
 0001:0004F21C 00000424 C=CODE    S=_TEXT    G=(none)   M=C:\XHARBOUR997\LIB\RTL.LIB|strmatch ACBP=A9
 0001:0004F640 000002DB C=CODE    S=_TEXT    G=(none)   M=C:\XHARBOUR997\LIB\RTL.LIB|strtran ACBP=A9
 0001:0004F91C 00000124 C=CODE    S=_TEXT    G=(none)   M=C:\XHARBOUR997\LIB\RTL.LIB|strzero ACBP=A9
 0001:0004FA40 00000168 C=CODE    S=_TEXT    G=(none)   M=C:\XHARBOUR997\LIB\RTL.LIB|stuff ACBP=A9
 0001:0004FBA8 00000124 C=CODE    S=_TEXT    G=(none)   M=C:\XHARBOUR997\LIB\RTL.LIB|substr ACBP=A9
 0001:0004FCCC 00000218 C=CODE    S=_TEXT    G=(none)   M=C:\XHARBOUR997\LIB\RTL.LIB|teditorl ACBP=A9
 0001:0004FEE4 00000058 C=CODE    S=_TEXT    G=(none)   M=C:\XHARBOUR997\LIB\RTL.LIB|tone ACBP=A9
 0001:0004FF3C 00000B6D C=CODE    S=_TEXT    G=(none)   M=C:\XHARBOUR997\LIB\RTL.LIB|tprinter ACBP=A9
 0001:00050AAC 00000130 C=CODE    S=_TEXT    G=(none)   M=C:\XHARBOUR997\LIB\RTL.LIB|trace ACBP=A9
 0001:00050BDC 000018E4 C=CODE    S=_TEXT    G=(none)   M=C:\XHARBOUR997\LIB\RTL.LIB|transfrm ACBP=A9
 0001:000524C0 0000021C C=CODE    S=_TEXT    G=(none)   M=C:\XHARBOUR997\LIB\RTL.LIB|trim ACBP=A9
 0001:000526DC 00000F92 C=CODE    S=_TEXT    G=(none)   M=C:\XHARBOUR997\LIB\RTL.LIB|txtline ACBP=A9
 0001:00053670 00000066 C=CODE    S=_TEXT    G=(none)   M=C:\XHARBOUR997\LIB\RTL.LIB|type ACBP=A9
 0001:000536D8 00000091 C=CODE    S=_TEXT    G=(none)   M=C:\XHARBOUR997\LIB\RTL.LIB|val ACBP=A9
 0001:0005376C 00000049 C=CODE    S=_TEXT    G=(none)   M=C:\XHARBOUR997\LIB\RTL.LIB|valtostr ACBP=A9
 0001:000537B8 00000270 C=CODE    S=_TEXT    G=(none)   M=C:\XHARBOUR997\LIB\RTL.LIB|valtype ACBP=A9
 0001:00053A28 0000035C C=CODE    S=_TEXT    G=(none)   M=C:\XHARBOUR997\LIB\RTL.LIB|version ACBP=A9
 0001:00053D84 00000042 C=CODE    S=_TEXT    G=(none)   M=C:\XHARBOUR997\LIB\RTL.LIB|word ACBP=A9
 0001:00053DC8 00000057 C=CODE    S=_TEXT    G=(none)   M=C:\XHARBOUR997\LIB\RTL.LIB|xhelp ACBP=A9
 0001:00053E20 000000DE C=CODE    S=_TEXT    G=(none)   M=C:\XHARBOUR997\LIB\RTL.LIB|xsavescr ACBP=A9
 0001:00053F00 00000234 C=CODE    S=_TEXT    G=(none)   M=C:\XHARBOUR997\LIB\RTL.LIB|achoice ACBP=A9
 0001:00054134 0000007A C=CODE    S=_TEXT    G=(none)   M=C:\XHARBOUR997\LIB\RTL.LIB|alert ACBP=A9
 0001:000541B0 00000032 C=CODE    S=_TEXT    G=(none)   M=C:\XHARBOUR997\LIB\RTL.LIB|browdb ACBP=A9
 0001:000541E4 0000016A C=CODE    S=_TEXT    G=(none)   M=C:\XHARBOUR997\LIB\RTL.LIB|color53 ACBP=A9
 0001:00054350 000000AA C=CODE    S=_TEXT    G=(none)   M=C:\XHARBOUR997\LIB\RTL.LIB|cstr ACBP=A9
 0001:000543FC 00000032 C=CODE    S=_TEXT    G=(none)   M=C:\XHARBOUR997\LIB\RTL.LIB|devoutp ACBP=A9
 0001:00054430 0000004A C=CODE    S=_TEXT    G=(none)   M=C:\XHARBOUR997\LIB\RTL.LIB|fieldbl ACBP=A9
 0001:0005447C 0000007A C=CODE    S=_TEXT    G=(none)   M=C:\XHARBOUR997\LIB\RTL.LIB|getlist ACBP=A9
 0001:000544F8 00000242 C=CODE    S=_TEXT    G=(none)   M=C:\XHARBOUR997\LIB\RTL.LIB|getsys ACBP=A9
 0001:0005473C 00000062 C=CODE    S=_TEXT    G=(none)   M=C:\XHARBOUR997\LIB\RTL.LIB|hbserial ACBP=A9
 0001:000547A0 00000396 C=CODE    S=_TEXT    G=(none)   M=C:\XHARBOUR997\LIB\RTL.LIB|listbox ACBP=A9
 0001:00054B38 000000DA C=CODE    S=_TEXT    G=(none)   M=C:\XHARBOUR997\LIB\RTL.LIB|memoedit ACBP=A9
 0001:00054C14 00000032 C=CODE    S=_TEXT    G=(none)   M=C:\XHARBOUR997\LIB\RTL.LIB|memvarbl ACBP=A9
 0001:00054C48 0000007A C=CODE    S=_TEXT    G=(none)   M=C:\XHARBOUR997\LIB\RTL.LIB|menuto ACBP=A9
 0001:00054CC4 0000010A C=CODE    S=_TEXT    G=(none)   M=C:\XHARBOUR997\LIB\RTL.LIB|mssgline ACBP=A9
 0001:00054DD0 00000212 C=CODE    S=_TEXT    G=(none)   M=C:\XHARBOUR997\LIB\RTL.LIB|objfunc ACBP=A9
 0001:00054FE4 0000004A C=CODE    S=_TEXT    G=(none)   M=C:\XHARBOUR997\LIB\RTL.LIB|readvar ACBP=A9
 0001:00055030 00000182 C=CODE    S=_TEXT    G=(none)   M=C:\XHARBOUR997\LIB\RTL.LIB|scrollbr ACBP=A9
 0001:000551B4 000000C2 C=CODE    S=_TEXT    G=(none)   M=C:\XHARBOUR997\LIB\RTL.LIB|tbcolumn ACBP=A9
 0001:00055278 00000756 C=CODE    S=_TEXT    G=(none)   M=C:\XHARBOUR997\LIB\RTL.LIB|tbrowse ACBP=A9
 0001:000559D0 0000040E C=CODE    S=_TEXT    G=(none)   M=C:\XHARBOUR997\LIB\RTL.LIB|tclass ACBP=A9
 0001:00055DE0 0000064E C=CODE    S=_TEXT    G=(none)   M=C:\XHARBOUR997\LIB\RTL.LIB|teditor ACBP=A9
 0001:00056430 0000004A C=CODE    S=_TEXT    G=(none)   M=C:\XHARBOUR997\LIB\RTL.LIB|terror ACBP=A9
 0001:0005647C 0000043E C=CODE    S=_TEXT    G=(none)   M=C:\XHARBOUR997\LIB\RTL.LIB|tget ACBP=A9
 0001:000568BC 00000062 C=CODE    S=_TEXT    G=(none)   M=C:\XHARBOUR997\LIB\RTL.LIB|tgetint ACBP=A9
 0001:00056920 000002A6 C=CODE    S=_TEXT    G=(none)   M=C:\XHARBOUR997\LIB\RTL.LIB|tgetlist ACBP=A9
 0001:00056BC8 000000DA C=CODE    S=_TEXT    G=(none)   M=C:\XHARBOUR997\LIB\RTL.LIB|tobject ACBP=A9
 0001:00056CA4 0000004A C=CODE    S=_TEXT    G=(none)   M=C:\XHARBOUR997\LIB\RTL.LIB|traceprg ACBP=A9
 0001:00056CF0 00000062 C=CODE    S=_TEXT    G=(none)   M=C:\XHARBOUR997\LIB\RTL.LIB|ttextlin ACBP=A9
 0001:00056D54 00002591 C=CODE    S=_TEXT    G=(none)   M=C:\XHARBOUR997\LIB\RTL.LIB|win32ole ACBP=A9
 0001:000592E8 000003D3 C=CODE    S=_TEXT    G=(none)   M=C:\XHARBOUR997\LIB\RTL.LIB|winos ACBP=A9
 0001:000596BC 0000032E C=CODE    S=_TEXT    G=(none)   M=C:\XHARBOUR997\LIB\RTL.LIB|winreg ACBP=A9
 0001:000599EC 00006006 C=CODE    S=_TEXT    G=(none)   M=C:\XHARBOUR997\LIB\RDD.LIB|dbcmd ACBP=A9
 0001:0005F9F4 00001A7B C=CODE    S=_TEXT    G=(none)   M=C:\XHARBOUR997\LIB\RDD.LIB|workarea ACBP=A9
 0001:00061470 00005FD8 C=CODE    S=_TEXT    G=(none)   M=C:\XHARBOUR997\LIB\RDD.LIB|dbf1 ACBP=A9
 0001:00067448 000018B8 C=CODE    S=_TEXT    G=(none)   M=C:\XHARBOUR997\LIB\RDD.LIB|sdf1 ACBP=A9
 0001:00068D00 00000032 C=CODE    S=_TEXT    G=(none)   M=C:\XHARBOUR997\LIB\RDD.LIB|dbsdf ACBP=A9
 0001:00068D34 00000695 C=CODE    S=_TEXT    G=(none)   M=C:\XHARBOUR997\LIB\RDD.LIB|hbdbsort ACBP=A9
 0001:000693CC 000000DA C=CODE    S=_TEXT    G=(none)   M=C:\XHARBOUR997\LIB\RDD.LIB|rddord ACBP=A9
 0001:000694A8 00000032 C=CODE    S=_TEXT    G=(none)   M=C:\XHARBOUR997\LIB\RDD.LIB|rddsys ACBP=A9
 0001:000694DC 000041D9 C=CODE    S=_TEXT    G=(none)   M=C:\XHARBOUR997\LIB\MACRO.LIB|macroy ACBP=A9
 0001:0006D6B8 00000319 C=CODE    S=_TEXT    G=(none)   M=C:\XHARBOUR997\LIB\MACRO.LIB|macroa ACBP=A9
 0001:0006D9D4 000058A1 C=CODE    S=_TEXT    G=(none)   M=C:\XHARBOUR997\LIB\MACRO.LIB|macrob ACBP=A9
 0001:00073278 000007E8 C=CODE    S=_TEXT    G=(none)   M=C:\XHARBOUR997\LIB\MACRO.LIB|macroc ACBP=A9
 0001:00073A60 00001CCE C=CODE    S=_TEXT    G=(none)   M=C:\XHARBOUR997\LIB\MACRO.LIB|macroslx ACBP=A9
 0001:00075730 0000A74C C=CODE    S=_TEXT    G=(none)   M=C:\XHARBOUR997\LIB\DBFNTX.LIB|dbfntx1 ACBP=A9
 0001:0007FE7C 00006620 C=CODE    S=_TEXT    G=(none)   M=C:\XHARBOUR997\LIB\DBFFPT.LIB|dbffpt1 ACBP=A9
 0001:0008649C 0000018C C=CODE    S=_TEXT    G=(none)   M=C:\XHARBOUR997\LIB\WVWTOOLS.LIB|gchckbox ACBP=A9
 0001:00086628 000003CB C=CODE    S=_TEXT    G=(none)   M=C:\XHARBOUR997\LIB\WVWTOOLS.LIB|getsys ACBP=A9
 0001:000869F4 00000481 C=CODE    S=_TEXT    G=(none)   M=C:\XHARBOUR997\LIB\WVWTOOLS.LIB|glistbox ACBP=A9
 0001:00086E78 000001A6 C=CODE    S=_TEXT    G=(none)   M=C:\XHARBOUR997\LIB\WVWTOOLS.LIB|gpushbtn ACBP=A9
 0001:00087020 00000228 C=CODE    S=_TEXT    G=(none)   M=C:\XHARBOUR997\LIB\WVWTOOLS.LIB|gradigrp ACBP=A9
 0001:00087248 00019F0E C=CODE    S=_TEXT    G=(none)   M=C:\XHARBOUR997\LIB\WVWTOOLS.LIB|gtwvw ACBP=A9
 0001:000A1158 00000088 C=CODE    S=_TEXT    G=(none)   M=C:\XHARBOUR997\LIB\WVWTOOLS.LIB|middlwvw ACBP=A9
 0001:000A11E0 00000172 C=CODE    S=_TEXT    G=(none)   M=C:\XHARBOUR997\LIB\WVWTOOLS.LIB|tappl ACBP=A9
 0001:000A1354 00000315 C=CODE    S=_TEXT    G=(none)   M=C:\XHARBOUR997\LIB\WVWTOOLS.LIB|tgetlist ACBP=A9
 0001:000A166C 00000481 C=CODE    S=_TEXT    G=(none)   M=C:\XHARBOUR997\LIB\WVWTOOLS.LIB|ttabpage ACBP=A9
 0001:000A1AF0 00000794 C=CODE    S=_TEXT    G=(none)   M=C:\XHARBOUR997\LIB\WVWTOOLS.LIB|twindows ACBP=A9
 0001:000A2284 000003AB C=CODE    S=_TEXT    G=(none)   M=C:\XHARBOUR997\LIB\WVWTOOLS.LIB|winapi ACBP=A9
 0001:000A2630 000003A3 C=CODE    S=_TEXT    G=(none)   M=C:\XHARBOUR997\LIB\WVWTOOLS.LIB|wvwmisc ACBP=A9
 0001:000A29D4 0000CC94 C=CODE    S=_TEXT    G=(none)   M=C:\XHARBOUR997\LIB\DBFCDX.LIB|dbfcdx1 ACBP=A9
 0001:000AF668 0000195A C=CODE    S=_TEXT    G=(none)   M=C:\SQLRDD997\LIB\BC5\SQL.LIB|sqly ACBP=A9
 0001:000B0FC4 000002FB C=CODE    S=_TEXT    G=(none)   M=C:\SQLRDD997\LIB\BC5\SQL.LIB|sqlconnection ACBP=A9
 0001:000B12C0 00000922 C=CODE    S=_TEXT    G=(none)   M=C:\SQLRDD997\LIB\BC5\SQL.LIB|sqlrdd0 ACBP=A9
 0001:000B1BE4 00000AE7 C=CODE    S=_TEXT    G=(none)   M=C:\SQLRDD997\LIB\BC5\SQL.LIB|sqlrdd2 ACBP=A9
 0001:000B26CC 00000748 C=CODE    S=_TEXT    G=(none)   M=C:\SQLRDD997\LIB\BC5\SQL.LIB|utils ACBP=A9
 0001:000B2E14 000002CF C=CODE    S=_TEXT    G=(none)   M=C:\SQLRDD997\LIB\BC5\SQL.LIB|sqlgen1 ACBP=A9
 0001:000B30E4 0000013A C=CODE    S=_TEXT    G=(none)   M=C:\SQLRDD997\LIB\BC5\SQL.LIB|utilslang ACBP=A9
 0001:000B3220 00000172 C=CODE    S=_TEXT    G=(none)   M=C:\SQLRDD997\LIB\BC5\SQL.LIB|sqlfirebird ACBP=A9
 0001:000B3394 00001088 C=CODE    S=_TEXT    G=(none)   M=C:\SQLRDD997\LIB\BC5\SQL.LIB|sqlact ACBP=A9
 0001:000B441C 000021CD C=CODE    S=_TEXT    G=(none)   M=C:\SQLRDD997\LIB\BC5\SQL.LIB|firebird ACBP=A9
 0001:000B65EC 00001646 C=CODE    S=_TEXT    G=(none)   M=C:\SQLRDD997\LIB\BC5\SQL.LIB|sqllex ACBP=A9
 0001:000B7C34 000050D5 C=CODE    S=_TEXT    G=(none)   M=C:\SQLRDD997\LIB\BC5\SQL.LIB|sqlrdd1 ACBP=A9
 0001:000BCD0C 0000EBA9 C=CODE    S=_TEXT    G=(none)   M=C:\SQLRDD997\LIB\BC5\SQL.LIB|sqlora ACBP=A9
 0001:000CB8B8 000001BE C=CODE    S=_TEXT    G=(none)   M=C:\XHARBOUR997\LIB\TIP.LIB|base64x ACBP=A9
 0001:000CBA78 00000742 C=CODE    S=_TEXT    G=(none)   M=C:\XHARBOUR997\LIB\TIP.LIB|utils ACBP=A9
 0001:000CC1BC 000001FA C=CODE    S=_TEXT    G=(none)   M=C:\XHARBOUR997\LIB\TIP.LIB|client ACBP=A9
 0001:000CC3B8 0000004A C=CODE    S=_TEXT    G=(none)   M=C:\XHARBOUR997\LIB\TIP.LIB|credent ACBP=A9
 0001:000CC404 000003E3 C=CODE    S=_TEXT    G=(none)   M=C:\XHARBOUR997\LIB\TIP.LIB|encb64 ACBP=A9
 0001:000CC7E8 00000092 C=CODE    S=_TEXT    G=(none)   M=C:\XHARBOUR997\LIB\TIP.LIB|encoder ACBP=A9
 0001:000CC87C 0000032B C=CODE    S=_TEXT    G=(none)   M=C:\XHARBOUR997\LIB\TIP.LIB|encqp ACBP=A9
 0001:000CCBA8 000002BB C=CODE    S=_TEXT    G=(none)   M=C:\XHARBOUR997\LIB\TIP.LIB|encurl ACBP=A9
 0001:000CCE64 000002A2 C=CODE    S=_TEXT    G=(none)   M=C:\XHARBOUR997\LIB\TIP.LIB|ftpcln ACBP=A9
 0001:000CD108 00000182 C=CODE    S=_TEXT    G=(none)   M=C:\XHARBOUR997\LIB\TIP.LIB|httpcln ACBP=A9
 0001:000CD28C 0000019A C=CODE    S=_TEXT    G=(none)   M=C:\XHARBOUR997\LIB\TIP.LIB|mail ACBP=A9
 0001:000CD428 00000182 C=CODE    S=_TEXT    G=(none)   M=C:\XHARBOUR997\LIB\TIP.LIB|popcln ACBP=A9
 0001:000CD5AC 0000019A C=CODE    S=_TEXT    G=(none)   M=C:\XHARBOUR997\LIB\TIP.LIB|smtpcln ACBP=A9
 0001:000CD748 000000C2 C=CODE    S=_TEXT    G=(none)   M=C:\XHARBOUR997\LIB\TIP.LIB|url ACBP=A9
 0001:000CD80C 000002B7 C=CODE    S=_TEXT    G=(none)   M=C:\XHARBOUR997\LIB\COMMON.LIB|hbfsapi ACBP=A9
 0001:000CDAC4 00000033 C=CODE    S=_TEXT    G=(none)   M=C:\XHARBOUR997\LIB\COMMON.LIB|hbgete ACBP=A9
 0001:000CDAF8 00000CFB C=CODE    S=_TEXT    G=(none)   M=C:\XHARBOUR997\LIB\COMMON.LIB|hbstr ACBP=A9
 0001:000CE7F4 00000225 C=CODE    S=_TEXT    G=(none)   M=C:\XHARBOUR997\LIB\COMMON.LIB|hbtrace ACBP=A9
 0001:000CEA1C 00000EF6 C=CODE    S=_TEXT    G=(none)   M=C:\XHARBOUR997\LIB\COMMON.LIB|hbver ACBP=A9
 0001:000CF914 00000862 C=CODE    S=_TEXT    G=(none)   M=C:\XHARBOUR997\LIB\COMMON.LIB|expropt1 ACBP=A9
 0001:000D0178 000011E4 C=CODE    S=_TEXT    G=(none)   M=C:\XHARBOUR997\LIB\COMMON.LIB|expropt2 ACBP=A9
 0001:000D135C 00000060 C=CODE    S=_TEXT    G=(none)   M=C:\XHARBOUR997\LIB\COMMON.LIB|reserved ACBP=A9
 0001:000D13BC 00000010 C=CODE    S=_TEXT    G=(none)   M=C:\XHARBOUR997\LIB\CODEPAGE.LIB|cpesdos ACBP=A9
 0001:000D13CC 00000010 C=CODE    S=_TEXT    G=(none)   M=C:\XHARBOUR997\LIB\CODEPAGE.LIB|cpesmwin ACBP=A9
 0001:000D13DC 00000010 C=CODE    S=_TEXT    G=(none)   M=C:\XHARBOUR997\LIB\CODEPAGE.LIB|cpeswin ACBP=A9
 0001:000D13EC 00000010 C=CODE    S=_TEXT    G=(none)   M=C:\XHARBOUR997\LIB\CODEPAGE.LIB|cppt850 ACBP=A9
 0001:000D13FC 00000010 C=CODE    S=_TEXT    G=(none)   M=C:\XHARBOUR997\LIB\CODEPAGE.LIB|cpptiso ACBP=A9
 0001:000D140C 0000033A C=CODE    S=_TEXT    G=(none)   M=C:\XHARBOUR997\LIB\PCREPOS.LIB|pcreposix ACBP=A9
 0001:000D1748 00004761 C=CODE    S=_TEXT    G=(none)   M=C:\XHARBOUR997\LIB\PCREPOS.LIB|pcre_compile ACBP=A9
 0001:000D5EAC 00005B5B C=CODE    S=_TEXT    G=(none)   M=C:\XHARBOUR997\LIB\PCREPOS.LIB|pcre_exec ACBP=A9
 0001:000DBA08 0000007B C=CODE    S=_TEXT    G=(none)   M=C:\XHARBOUR997\LIB\PCREPOS.LIB|pcre_info ACBP=A9
 0001:000DBA84 0000004D C=CODE    S=_TEXT    G=(none)   M=C:\XHARBOUR997\LIB\PCREPOS.LIB|pcre_ord2utf8 ACBP=A9
 0001:000DBAD4 0000017B C=CODE    S=_TEXT    G=(none)   M=C:\XHARBOUR997\LIB\PCREPOS.LIB|pcre_try_flipped ACBP=A9
 0001:000DBC50 00000137 C=CODE    S=_TEXT    G=(none)   M=C:\XHARBOUR997\LIB\PCREPOS.LIB|pcre_ucp_findchar ACBP=A9
 0001:000DBD88 0000013B C=CODE    S=_TEXT    G=(none)   M=C:\XHARBOUR997\LIB\PCREPOS.LIB|pcre_valid_utf8 ACBP=A9
 0001:000DBEC4 00000219 C=CODE    S=_TEXT    G=(none)   M=C:\XHARBOUR997\LIB\PCREPOS.LIB|pcre_xclass ACBP=A9
 0001:000DC0E0 000003B5 C=CODE    S=_TEXT    G=(none)   M=C:\XHARBOUR997\LIB\HBSIX.LIB|sxcrypt ACBP=A9
 0001:000DC498 000000E8 C=CODE    S=_TEXT    G=(none)   M=C:\XHARBOUR997\LIB\HBSIX.LIB|sxdate ACBP=A9
 0001:000DC580 0000002B C=CODE    S=_TEXT    G=(none)   M=C:\BORLAND\BCC55\LIB\CW32.LIB|calloc ACBP=A9
 0001:000DC5AC 0000000F C=CODE    S=_TEXT    G=(none)   M=C:\BORLAND\BCC55\LIB\CW32.LIB|del ACBP=A9
 0001:000DC5BC 0000000F C=CODE    S=_TEXT    G=(none)   M=C:\BORLAND\BCC55\LIB\CW32.LIB|delarray ACBP=A9
 0001:000DC5CC 00000111 C=CODE    S=_TEXT    G=(none)   M=C:\BORLAND\BCC55\LIB\CW32.LIB|virtmem ACBP=A9
 0001:000DC6E0 0000009F C=CODE    S=_TEXT    G=(none)   M=C:\BORLAND\BCC55\LIB\CW32.LIB|hrdir_b ACBP=A9
 0001:000DC780 00000020 C=CODE    S=_TEXT    G=(none)   M=C:\BORLAND\BCC55\LIB\CW32.LIB|hrdir_mf ACBP=A9
 0001:000DC7A0 00000016 C=CODE    S=_TEXT    G=(none)   M=C:\BORLAND\BCC55\LIB\CW32.LIB|hrdir_r ACBP=A9
 0001:000DC7B8 000000B8 C=CODE    S=_TEXT    G=(none)   M=C:\BORLAND\BCC55\LIB\CW32.LIB|hrdir_s ACBP=A9
 0001:000DC870 00000001 C=CODE    S=_TEXT    G=(none)   M=C:\BORLAND\BCC55\LIB\CW32.LIB|hrdir_us ACBP=A9
 0001:000DC874 000009CC C=CODE    S=_TEXT    G=(none)   M=C:\BORLAND\BCC55\LIB\CW32.LIB|heap ACBP=A9
 0001:000DD240 00000292 C=CODE    S=_TEXT    G=(none)   M=C:\BORLAND\BCC55\LIB\CW32.LIB|realloc ACBP=A9
 0001:000DD4D4 00000001 C=CODE    S=_TEXT    G=(none)   M=C:\BORLAND\BCC55\LIB\CW32.LIB|crtlst_i ACBP=A9
 0001:000DD4D8 00000001 C=CODE    S=_TEXT    G=(none)   M=C:\BORLAND\BCC55\LIB\CW32.LIB|crtlst_l ACBP=A9
 0001:000DD4DC 0000001E C=CODE    S=_TEXT    G=(none)   M=C:\BORLAND\BCC55\LIB\CW32.LIB|memchr ACBP=A9
 0001:000DD4FC 00000024 C=CODE    S=_TEXT    G=(none)   M=C:\BORLAND\BCC55\LIB\CW32.LIB|memcpy ACBP=A9
 0001:000DD520 0000004A C=CODE    S=_TEXT    G=(none)   M=C:\BORLAND\BCC55\LIB\CW32.LIB|memmove ACBP=A9
 0001:000DD56C 0000008A C=CODE    S=_TEXT    G=(none)   M=C:\BORLAND\BCC55\LIB\CW32.LIB|memset ACBP=A9
 0001:000DD5F8 00000018 C=CODE    S=_TEXT    G=(none)   M=C:\BORLAND\BCC55\LIB\CW32.LIB|wmemset ACBP=A9
 0001:000DD610 0000003C C=CODE    S=_TEXT    G=(none)   M=C:\BORLAND\BCC55\LIB\CW32.LIB|strcat ACBP=A9
 0001:000DD64C 00000053 C=CODE    S=_TEXT    G=(none)   M=C:\BORLAND\BCC55\LIB\CW32.LIB|strchr ACBP=A9
 0001:000DD6A0 0000004B C=CODE    S=_TEXT    G=(none)   M=C:\BORLAND\BCC55\LIB\CW32.LIB|strcmp ACBP=A9
 0001:000DD6EC 0000002F C=CODE    S=_TEXT    G=(none)   M=C:\BORLAND\BCC55\LIB\CW32.LIB|strcpy ACBP=A9
 0001:000DD71C 0000005A C=CODE    S=_TEXT    G=(none)   M=C:\BORLAND\BCC55\LIB\CW32.LIB|strlen ACBP=A9
 0001:000DD778 0000006E C=CODE    S=_TEXT    G=(none)   M=C:\BORLAND\BCC55\LIB\CW32.LIB|strncat ACBP=A9
 0001:000DD7E8 00000027 C=CODE    S=_TEXT    G=(none)   M=C:\BORLAND\BCC55\LIB\CW32.LIB|strncmp ACBP=A9
 0001:000DD810 0000006C C=CODE    S=_TEXT    G=(none)   M=C:\BORLAND\BCC55\LIB\CW32.LIB|memcmp ACBP=A9
 0001:000DD87C 000000B7 C=CODE    S=_TEXT    G=(none)   M=C:\BORLAND\BCC55\LIB\CW32.LIB|strerror ACBP=A9
 0001:000DD934 0000004F C=CODE    S=_TEXT    G=(none)   M=C:\BORLAND\BCC55\LIB\CW32.LIB|strncpy ACBP=A9
 0001:000DD984 0000002B C=CODE    S=_TEXT    G=(none)   M=C:\BORLAND\BCC55\LIB\CW32.LIB|strpbrk ACBP=A9
 0001:000DD9B0 00000029 C=CODE    S=_TEXT    G=(none)   M=C:\BORLAND\BCC55\LIB\CW32.LIB|strrchr ACBP=A9
 0001:000DD9DC 00000054 C=CODE    S=_TEXT    G=(none)   M=C:\BORLAND\BCC55\LIB\CW32.LIB|strstr ACBP=A9
 0001:000DDA30 00000067 C=CODE    S=_TEXT    G=(none)   M=C:\BORLAND\BCC55\LIB\CW32.LIB|strtok ACBP=A9
 0001:000DDA98 00000037 C=CODE    S=_TEXT    G=(none)   M=C:\BORLAND\BCC55\LIB\CW32.LIB|_stpcpy ACBP=A9
 0001:000DDAD0 00000018 C=CODE    S=_TEXT    G=(none)   M=C:\BORLAND\BCC55\LIB\CW32.LIB|wcslen ACBP=A9
 0001:000DDAE8 0000003F C=CODE    S=_TEXT    G=(none)   M=C:\BORLAND\BCC55\LIB\CW32.LIB|wcscpy ACBP=A9
 0001:000DDB28 00000070 C=CODE    S=_TEXT    G=(none)   M=C:\BORLAND\BCC55\LIB\CW32.LIB|xxa ACBP=A9
 0001:000DDB98 00000778 C=CODE    S=_TEXT    G=(none)   M=C:\BORLAND\BCC55\LIB\CW32.LIB|xxtype ACBP=A9
 0001:000DE2EA 000000B6 C=CODE    S=_TEXT    G=(none)   M=C:\BORLAND\BCC55\LIB\CW32.LIB|xxut ACBP=A9
 0001:000DE38C 0000014B C=CODE    S=_TEXT    G=(none)   M=C:\BORLAND\BCC55\LIB\CW32.LIB|xxv ACBP=A9
 0001:000DE4D8 0000000A C=CODE    S=_TEXT    G=(none)   M=C:\BORLAND\BCC55\LIB\CW32.LIB|defhandl ACBP=A9
 0001:000DE4E4 00000179 C=CODE    S=_TEXT    G=(none)   M=C:\BORLAND\BCC55\LIB\CW32.LIB|except ACBP=A9
 0001:000DE660 00000046 C=CODE    S=_TEXT    G=(none)   M=C:\BORLAND\BCC55\LIB\CW32.LIB|setexc ACBP=A9
 0001:000DE6A8 00000022 C=CODE    S=_TEXT    G=(none)   M=C:\BORLAND\BCC55\LIB\CW32.LIB|ta ACBP=A9
 0001:000DE6CC 0000003C C=CODE    S=_TEXT    G=(none)   M=C:\BORLAND\BCC55\LIB\CW32.LIB|__access ACBP=A9
 0001:000DE708 00000060 C=CODE    S=_TEXT    G=(none)   M=C:\BORLAND\BCC55\LIB\CW32.LIB|__close ACBP=A9
 0001:000DE768 00000013 C=CODE    S=_TEXT    G=(none)   M=C:\BORLAND\BCC55\LIB\CW32.LIB|__dup ACBP=A9
 0001:000DE77C 000000EF C=CODE    S=_TEXT    G=(none)   M=C:\BORLAND\BCC55\LIB\CW32.LIB|__dup2 ACBP=A9
 0001:000DE86C 00000086 C=CODE    S=_TEXT    G=(none)   M=C:\BORLAND\BCC55\LIB\CW32.LIB|__eof ACBP=A9
 0001:000DE8F4 00000047 C=CODE    S=_TEXT    G=(none)   M=C:\BORLAND\BCC55\LIB\CW32.LIB|__isatty ACBP=A9
 0001:000DE93C 00000076 C=CODE    S=_TEXT    G=(none)   M=C:\BORLAND\BCC55\LIB\CW32.LIB|__lseek ACBP=A9
 0001:000DE9B4 000001FA C=CODE    S=_TEXT    G=(none)   M=C:\BORLAND\BCC55\LIB\CW32.LIB|__open ACBP=A9
 0001:000DEBB0 0000019A C=CODE    S=_TEXT    G=(none)   M=C:\BORLAND\BCC55\LIB\CW32.LIB|__read ACBP=A9
 0001:000DED4C 0000011C C=CODE    S=_TEXT    G=(none)   M=C:\BORLAND\BCC55\LIB\CW32.LIB|__write ACBP=A9
 0001:000DEE68 00000011 C=CODE    S=_TEXT    G=(none)   M=C:\BORLAND\BCC55\LIB\CW32.LIB|_cfinfo ACBP=A9
 0001:000DEE7C 00000038 C=CODE    S=_TEXT    G=(none)   M=C:\BORLAND\BCC55\LIB\CW32.LIB|_flshall ACBP=A9
 0001:000DEEB4 00000061 C=CODE    S=_TEXT    G=(none)   M=C:\BORLAND\BCC55\LIB\CW32.LIB|_read ACBP=A9
 0001:000DEF18 00000008 C=CODE    S=_TEXT    G=(none)   M=C:\BORLAND\BCC55\LIB\CW32.LIB|_stat ACBP=A9
 0001:000DEF20 00000017 C=CODE    S=_TEXT    G=(none)   M=C:\BORLAND\BCC55\LIB\CW32.LIB|_umask ACBP=A9
 0001:000DEF20 00000061 C=CODE    S=_TEXT    G=(none)   M=C:\BORLAND\BCC55\LIB\CW32.LIB|_write ACBP=A9
 0001:000DEF84 00000008 C=CODE    S=_TEXT    G=(none)   M=C:\BORLAND\BCC55\LIB\CW32.LIB|access ACBP=A9
 0001:000DEF8C 0000007D C=CODE    S=_TEXT    G=(none)   M=C:\BORLAND\BCC55\LIB\CW32.LIB|allocbuf ACBP=A9
 0001:000DF00C 0000009B C=CODE    S=_TEXT    G=(none)   M=C:\BORLAND\BCC55\LIB\CW32.LIB|chdrive ACBP=A9
 0001:000DF0A8 00000008 C=CODE    S=_TEXT    G=(none)   M=C:\BORLAND\BCC55\LIB\CW32.LIB|close ACBP=A9
 0001:000DF0B0 00000008 C=CODE    S=_TEXT    G=(none)   M=C:\BORLAND\BCC55\LIB\CW32.LIB|dup ACBP=A9
 0001:000DF0B8 00000008 C=CODE    S=_TEXT    G=(none)   M=C:\BORLAND\BCC55\LIB\CW32.LIB|eof ACBP=A9
 0001:000DF0C0 0000008E C=CODE    S=_TEXT    G=(none)   M=C:\BORLAND\BCC55\LIB\CW32.LIB|fclose ACBP=A9
 0001:000DF150 0000007F C=CODE    S=_TEXT    G=(none)   M=C:\BORLAND\BCC55\LIB\CW32.LIB|fflush ACBP=A9
 0001:000DF1D0 0000005A C=CODE    S=_TEXT    G=(none)   M=C:\BORLAND\BCC55\LIB\CW32.LIB|flushout ACBP=A9
 0001:000DF22C 00000023 C=CODE    S=_TEXT    G=(none)   M=C:\BORLAND\BCC55\LIB\CW32.LIB|fmodeptr ACBP=A9
 0001:000DF250 000001DD C=CODE    S=_TEXT    G=(none)   M=C:\BORLAND\BCC55\LIB\CW32.LIB|fopen ACBP=A9
 0001:000DF430 00000022 C=CODE    S=_TEXT    G=(none)   M=C:\BORLAND\BCC55\LIB\CW32.LIB|fprintf ACBP=A9
 0001:000DF454 000000D9 C=CODE    S=_TEXT    G=(none)   M=C:\BORLAND\BCC55\LIB\CW32.LIB|fputn ACBP=A9
 0001:000DF530 00000056 C=CODE    S=_TEXT    G=(none)   M=C:\BORLAND\BCC55\LIB\CW32.LIB|fputs ACBP=A9
 0001:000DF588 00000163 C=CODE    S=_TEXT    G=(none)   M=C:\BORLAND\BCC55\LIB\CW32.LIB|fread ACBP=A9
 0001:000DF6EC 0000013E C=CODE    S=_TEXT    G=(none)   M=C:\BORLAND\BCC55\LIB\CW32.LIB|fseek ACBP=A9
 0001:000DF82C 000000D4 C=CODE    S=_TEXT    G=(none)   M=C:\BORLAND\BCC55\LIB\CW32.LIB|fullpath ACBP=A9
 0001:000DF900 00000031 C=CODE    S=_TEXT    G=(none)   M=C:\BORLAND\BCC55\LIB\CW32.LIB|fwrite ACBP=A9
 0001:000DF934 00000140 C=CODE    S=_TEXT    G=(none)   M=C:\BORLAND\BCC55\LIB\CW32.LIB|getdcwd ACBP=A9
 0001:000DFA74 000002B9 C=CODE    S=_TEXT    G=(none)   M=C:\BORLAND\BCC55\LIB\CW32.LIB|handles ACBP=A9
 0001:000DFD30 00000076 C=CODE    S=_TEXT    G=(none)   M=C:\BORLAND\BCC55\LIB\CW32.LIB|ioerror ACBP=A9
 0001:000DFDA8 00000008 C=CODE    S=_TEXT    G=(none)   M=C:\BORLAND\BCC55\LIB\CW32.LIB|isatty ACBP=A9
 0001:000DFDB0 0000019E C=CODE    S=_TEXT    G=(none)   M=C:\BORLAND\BCC55\LIB\CW32.LIB|lgetc ACBP=A9
 0001:000DFF50 00000110 C=CODE    S=_TEXT    G=(none)   M=C:\BORLAND\BCC55\LIB\CW32.LIB|lputc ACBP=A9
 0001:000E0060 00000091 C=CODE    S=_TEXT    G=(none)   M=C:\BORLAND\BCC55\LIB\CW32.LIB|mkname ACBP=A9
 0001:000E00F1 00000079 C=CODE    S=_TEXT    G=(none)   M=C:\BORLAND\BCC55\LIB\CW32.LIB|perror ACBP=A9
 0001:000E00F4 00000023 C=CODE    S=_TEXT    G=(none)   M=C:\BORLAND\BCC55\LIB\CW32.LIB|printf ACBP=A9
 0001:000E0118 00000838 C=CODE    S=_TEXT    G=(none)   M=C:\BORLAND\BCC55\LIB\CW32.LIB|scanner ACBP=A9
 0001:000E0950 0000022B C=CODE    S=_TEXT    G=(none)   M=C:\BORLAND\BCC55\LIB\CW32.LIB|scn2i64 ACBP=A9
 0001:000E0B7C 0000006B C=CODE    S=_TEXT    G=(none)   M=C:\BORLAND\BCC55\LIB\CW32.LIB|setmode ACBP=A9
 0001:000E0BE8 0000004D C=CODE    S=_TEXT    G=(none)   M=C:\BORLAND\BCC55\LIB\CW32.LIB|setvbuf ACBP=A9
 0001:000E0C38 00000100 C=CODE    S=_TEXT    G=(none)   M=C:\BORLAND\BCC55\LIB\CW32.LIB|snprntf ACBP=A9
 0001:000E0D38 00000078 C=CODE    S=_TEXT    G=(none)   M=C:\BORLAND\BCC55\LIB\CW32.LIB|sprintf ACBP=A9
 0001:000E0DB0 00000073 C=CODE    S=_TEXT    G=(none)   M=C:\BORLAND\BCC55\LIB\CW32.LIB|sscanf ACBP=A9
 0001:000E0E24 00000205 C=CODE    S=_TEXT    G=(none)   M=C:\BORLAND\BCC55\LIB\CW32.LIB|stat ACBP=A9
 0001:000E102C 00000115 C=CODE    S=_TEXT    G=(none)   M=C:\BORLAND\BCC55\LIB\CW32.LIB|streams ACBP=A9
 0001:000E1144 0000001A C=CODE    S=_TEXT    G=(none)   M=C:\BORLAND\BCC55\LIB\CW32.LIB|unlink ACBP=A9
 0001:000E1160 00000022 C=CODE    S=_TEXT    G=(none)   M=C:\BORLAND\BCC55\LIB\CW32.LIB|vfprintf ACBP=A9
 0001:000E1184 000009EC C=CODE    S=_TEXT    G=(none)   M=C:\BORLAND\BCC55\LIB\CW32.LIB|vprinter ACBP=A9
 0001:000E1B70 0000002E C=CODE    S=_TEXT    G=(none)   M=C:\BORLAND\BCC55\LIB\CW32.LIB|xfclose ACBP=A9
 0001:000E1BA0 00000027 C=CODE    S=_TEXT    G=(none)   M=C:\BORLAND\BCC55\LIB\CW32.LIB|xfflush ACBP=A9
 0001:000E1BC7 00000006 C=CODE    S=_TEXT    G=(none)   M=C:\BORLAND\BCC55\LIB\CW32.LIB|cconv ACBP=A9
 0001:000E1BC8 000002C3 C=CODE    S=_TEXT    G=(none)   M=C:\BORLAND\BCC55\LIB\CW32.LIB|convt ACBP=A9
 0001:000E1E8C 00000051 C=CODE    S=_TEXT    G=(none)   M=C:\BORLAND\BCC55\LIB\CW32.LIB|getinfo ACBP=A9
 0001:000E1EE0 00000102 C=CODE    S=_TEXT    G=(none)   M=C:\BORLAND\BCC55\LIB\CW32.LIB|is ACBP=A9
 0001:000E1FE4 00000103 C=CODE    S=_TEXT    G=(none)   M=C:\BORLAND\BCC55\LIB\CW32.LIB|wis ACBP=A9
 0001:000E20E8 00000043 C=CODE    S=_TEXT    G=(none)   M=C:\BORLAND\BCC55\LIB\CW32.LIB|isctype ACBP=A9
 0001:000E212C 00000055 C=CODE    S=_TEXT    G=(none)   M=C:\BORLAND\BCC55\LIB\CW32.LIB|iswctype ACBP=A9
 0001:000E2184 0000117F C=CODE    S=_TEXT    G=(none)   M=C:\BORLAND\BCC55\LIB\CW32.LIB|locale ACBP=A9
 0001:000E3304 0000080E C=CODE    S=_TEXT    G=(none)   M=C:\BORLAND\BCC55\LIB\CW32.LIB|initcat ACBP=A9
 0001:000E3B14 00000097 C=CODE    S=_TEXT    G=(none)   M=C:\BORLAND\BCC55\LIB\CW32.LIB|lconv ACBP=A9
 0001:000E3BAC 00000024 C=CODE    S=_TEXT    G=(none)   M=C:\BORLAND\BCC55\LIB\CW32.LIB|lstrlwr ACBP=A9
 0001:000E3BD0 00000054 C=CODE    S=_TEXT    G=(none)   M=C:\BORLAND\BCC55\LIB\CW32.LIB|ltolower ACBP=A9
 0001:000E3C24 00000054 C=CODE    S=_TEXT    G=(none)   M=C:\BORLAND\BCC55\LIB\CW32.LIB|ltoupper ACBP=A9
 0001:000E3C78 000004D0 C=CODE    S=_TEXT    G=(none)   M=C:\BORLAND\BCC55\LIB\CW32.LIB|mbyte1 ACBP=A9
 0001:000E4148 00000200 C=CODE    S=_TEXT    G=(none)   M=C:\BORLAND\BCC55\LIB\CW32.LIB|_ll ACBP=A9
 0001:000E4348 0000001D C=CODE    S=_TEXT    G=(none)   M=C:\BORLAND\BCC55\LIB\CW32.LIB|_finite ACBP=A9
 0001:000E4368 00000045 C=CODE    S=_TEXT    G=(none)   M=C:\BORLAND\BCC55\LIB\CW32.LIB|_isnan ACBP=A9
 0001:000E43B0 00000008 C=CODE    S=_TEXT    G=(none)   M=C:\BORLAND\BCC55\LIB\CW32.LIB|_ltoa1 ACBP=A9
 0001:000E43B8 000000B0 C=CODE    S=_TEXT    G=(none)   M=C:\BORLAND\BCC55\LIB\CW32.LIB|_matherr ACBP=A9
 0001:000E4468 00000188 C=CODE    S=_TEXT    G=(none)   M=C:\BORLAND\BCC55\LIB\CW32.LIB|_pow10 ACBP=A9
 0001:000E45F0 00000077 C=CODE    S=_TEXT    G=(none)   M=C:\BORLAND\BCC55\LIB\CW32.LIB|atol ACBP=A9
 0001:000E4668 0000001C C=CODE    S=_TEXT    G=(none)   M=C:\BORLAND\BCC55\LIB\CW32.LIB|ceil ACBP=A9
 0001:000E4684 00000013 C=CODE    S=_TEXT    G=(none)   M=C:\BORLAND\BCC55\LIB\CW32.LIB|clear87 ACBP=A9
 0001:000E4698 0000002F C=CODE    S=_TEXT    G=(none)   M=C:\BORLAND\BCC55\LIB\CW32.LIB|ctrl87 ACBP=A9
 0001:000E46C8 00000018 C=CODE    S=_TEXT    G=(none)   M=C:\BORLAND\BCC55\LIB\CW32.LIB|cvtentry ACBP=A9
 0001:000E46E0 00000018 C=CODE    S=_TEXT    G=(none)   M=C:\BORLAND\BCC55\LIB\CW32.LIB|cvtfak ACBP=A9
 0001:000E46F8 00000018 C=CODE    S=_TEXT    G=(none)   M=C:\BORLAND\BCC55\LIB\CW32.LIB|cvtfakw ACBP=A9
 0001:000E4710 0000006C C=CODE    S=_TEXT    G=(none)   M=C:\BORLAND\BCC55\LIB\CW32.LIB|exp ACBP=A9
 0001:000E477C 000000CD C=CODE    S=_TEXT    G=(none)   M=C:\BORLAND\BCC55\LIB\CW32.LIB|f87exp ACBP=A9
 0001:000E484C 00000048 C=CODE    S=_TEXT    G=(none)   M=C:\BORLAND\BCC55\LIB\CW32.LIB|f87log ACBP=A9
 0001:000E4894 0000004D C=CODE    S=_TEXT    G=(none)   M=C:\BORLAND\BCC55\LIB\CW32.LIB|fmod ACBP=A9
 0001:000E48E4 00000016 C=CODE    S=_TEXT    G=(none)   M=C:\BORLAND\BCC55\LIB\CW32.LIB|fpreset ACBP=A9
 0001:000E48FC 00000028 C=CODE    S=_TEXT    G=(none)   M=C:\BORLAND\BCC55\LIB\CW32.LIB|ftol ACBP=A9
 0001:000E4924 0000002D C=CODE    S=_TEXT    G=(none)   M=C:\BORLAND\BCC55\LIB\CW32.LIB|fuildq ACBP=A9
 0001:000E4954 00000021 C=CODE    S=_TEXT    G=(none)   M=C:\BORLAND\BCC55\LIB\CW32.LIB|fuistq ACBP=A9
 0001:000E4978 00000011 C=CODE    S=_TEXT    G=(none)   M=C:\BORLAND\BCC55\LIB\CW32.LIB|fxam ACBP=A9
 0001:000E498C 000000B1 C=CODE    S=_TEXT    G=(none)   M=C:\BORLAND\BCC55\LIB\CW32.LIB|int64toa ACBP=A9
 0001:000E4A40 00000117 C=CODE    S=_TEXT    G=(none)   M=C:\BORLAND\BCC55\LIB\CW32.LIB|ldtrunc ACBP=A9
 0001:000E4B58 0000006D C=CODE    S=_TEXT    G=(none)   M=C:\BORLAND\BCC55\LIB\CW32.LIB|log ACBP=A9
 0001:000E4BC8 0000008F C=CODE    S=_TEXT    G=(none)   M=C:\BORLAND\BCC55\LIB\CW32.LIB|longtoa ACBP=A9
 0001:000E4C58 00000075 C=CODE    S=_TEXT    G=(none)   M=C:\BORLAND\BCC55\LIB\CW32.LIB|ltoa1 ACBP=A9
 0001:000E4CD0 0000002E C=CODE    S=_TEXT    G=(none)   M=C:\BORLAND\BCC55\LIB\CW32.LIB|matherrl ACBP=A9
 0001:000E4D00 00000016 C=CODE    S=_TEXT    G=(none)   M=C:\BORLAND\BCC55\LIB\CW32.LIB|mathptr ACBP=A9
 0001:000E4D18 00000030 C=CODE    S=_TEXT    G=(none)   M=C:\BORLAND\BCC55\LIB\CW32.LIB|modf ACBP=A9
 0001:000E4D48 000001DC C=CODE    S=_TEXT    G=(none)   M=C:\BORLAND\BCC55\LIB\CW32.LIB|pow ACBP=A9
 0001:000E4F24 00000025 C=CODE    S=_TEXT    G=(none)   M=C:\BORLAND\BCC55\LIB\CW32.LIB|qdiv10 ACBP=A9
 0001:000E4F4C 0000002E C=CODE    S=_TEXT    G=(none)   M=C:\BORLAND\BCC55\LIB\CW32.LIB|qmul10 ACBP=A9
 0001:000E4F7C 0000008E C=CODE    S=_TEXT    G=(none)   M=C:\BORLAND\BCC55\LIB\CW32.LIB|rand ACBP=A9
 0001:000E500C 000002F9 C=CODE    S=_TEXT    G=(none)   M=C:\BORLAND\BCC55\LIB\CW32.LIB|realcvt ACBP=A9
 0001:000E5308 00000331 C=CODE    S=_TEXT    G=(none)   M=C:\BORLAND\BCC55\LIB\CW32.LIB|realcvtw ACBP=A9
 0001:000E563C 0000002C C=CODE    S=_TEXT    G=(none)   M=C:\BORLAND\BCC55\LIB\CW32.LIB|round ACBP=A9
 0001:000E5668 000004E1 C=CODE    S=_TEXT    G=(none)   M=C:\BORLAND\BCC55\LIB\CW32.LIB|scantod ACBP=A9
 0001:000E5B4C 000004DD C=CODE    S=_TEXT    G=(none)   M=C:\BORLAND\BCC55\LIB\CW32.LIB|scanwtod ACBP=A9
 0001:000E602C 0000003A C=CODE    S=_TEXT    G=(none)   M=C:\BORLAND\BCC55\LIB\CW32.LIB|sqrt ACBP=A9
 0001:000E6068 000002D2 C=CODE    S=_TEXT    G=(none)   M=C:\BORLAND\BCC55\LIB\CW32.LIB|xcvt ACBP=A9
 0001:000E633C 000002F1 C=CODE    S=_TEXT    G=(none)   M=C:\BORLAND\BCC55\LIB\CW32.LIB|xcvtw ACBP=A9
 0001:000E6630 00000139 C=CODE    S=_TEXT    G=(none)   M=C:\BORLAND\BCC55\LIB\CW32.LIB|mbctype ACBP=A9
 0001:000E676C 0000003D C=CODE    S=_TEXT    G=(none)   M=C:\BORLAND\BCC55\LIB\CW32.LIB|mbisalp ACBP=A9
 0001:000E67AC 0000001A C=CODE    S=_TEXT    G=(none)   M=C:\BORLAND\BCC55\LIB\CW32.LIB|mbisdgt ACBP=A9
 0001:000E67C8 0000001A C=CODE    S=_TEXT    G=(none)   M=C:\BORLAND\BCC55\LIB\CW32.LIB|mbisspc ACBP=A9
 0001:000E67E4 00000050 C=CODE    S=_TEXT    G=(none)   M=C:\BORLAND\BCC55\LIB\CW32.LIB|mbschr ACBP=A9
 0001:000E6834 00000055 C=CODE    S=_TEXT    G=(none)   M=C:\BORLAND\BCC55\LIB\CW32.LIB|mbsdec ACBP=A9
 0001:000E688C 0000009B C=CODE    S=_TEXT    G=(none)   M=C:\BORLAND\BCC55\LIB\CW32.LIB|mbsicmp ACBP=A9
 0001:000E6928 00000054 C=CODE    S=_TEXT    G=(none)   M=C:\BORLAND\BCC55\LIB\CW32.LIB|mbsnbcpy ACBP=A9
 0001:000E697C 000000BF C=CODE    S=_TEXT    G=(none)   M=C:\BORLAND\BCC55\LIB\CW32.LIB|mbsnbicm ACBP=A9
 0001:000E6A3C 0000006C C=CODE    S=_TEXT    G=(none)   M=C:\BORLAND\BCC55\LIB\CW32.LIB|mbspbrk ACBP=A9
 0001:000E6AA8 00000056 C=CODE    S=_TEXT    G=(none)   M=C:\BORLAND\BCC55\LIB\CW32.LIB|mbsrchr ACBP=A9
 0001:000E6B00 0000001D C=CODE    S=_TEXT    G=(none)   M=C:\BORLAND\BCC55\LIB\CW32.LIB|mbtoupr ACBP=A9
 0001:000E6B20 000000A6 C=CODE    S=_TEXT    G=(none)   M=C:\BORLAND\BCC55\LIB\CW32.LIB|assert ACBP=A9
 0001:000E6BC8 000000B8 C=CODE    S=_TEXT    G=(none)   M=C:\BORLAND\BCC55\LIB\CW32.LIB|ermsghlp ACBP=A9
 0001:000E6C80 00000006 C=CODE    S=_TEXT    G=(none)   M=C:\BORLAND\BCC55\LIB\CW32.LIB|errno ACBP=A9
 0001:000E6C80 0000019B C=CODE    S=_TEXT    G=(none)   M=C:\BORLAND\BCC55\LIB\CW32.LIB|errormsg ACBP=A9
 0001:000E6E1C 00000089 C=CODE    S=_TEXT    G=(none)   M=C:\BORLAND\BCC55\LIB\CW32.LIB|platform ACBP=A9
 0001:000E6EA8 00000236 C=CODE    S=_TEXT    G=(none)   M=C:\BORLAND\BCC55\LIB\CW32.LIB|qsort ACBP=A9
 0001:000E70E0 00000022 C=CODE    S=_TEXT    G=(none)   M=C:\BORLAND\BCC55\LIB\CW32.LIB|abort ACBP=A9
 0001:000E7104 000000A7 C=CODE    S=_TEXT    G=(none)   M=C:\BORLAND\BCC55\LIB\CW32.LIB|exit ACBP=A9
 0001:000E71AC 00000057 C=CODE    S=_TEXT    G=(none)   M=C:\BORLAND\BCC55\LIB\CW32.LIB|getenv ACBP=A9
 0001:000E7204 0000001A C=CODE    S=_TEXT    G=(none)   M=C:\BORLAND\BCC55\LIB\CW32.LIB|initwild ACBP=A9
 0001:000E7220 00000011 C=CODE    S=_TEXT    G=(none)   M=C:\BORLAND\BCC55\LIB\CW32.LIB|exparg ACBP=A9
 0001:000E7234 00000011 C=CODE    S=_TEXT    G=(none)   M=C:\BORLAND\BCC55\LIB\CW32.LIB|wexparg ACBP=A9
 0001:000E7248 00000027 C=CODE    S=_TEXT    G=(none)   M=C:\BORLAND\BCC55\LIB\CW32.LIB|initargv ACBP=A9
 0001:000E7270 0000016C C=CODE    S=_TEXT    G=(none)   M=C:\BORLAND\BCC55\LIB\CW32.LIB|setargv ACBP=A9
 0001:000E73DC 000001E5 C=CODE    S=_TEXT    G=(none)   M=C:\BORLAND\BCC55\LIB\CW32.LIB|hsargv ACBP=A9
 0001:000E75C4 00000227 C=CODE    S=_TEXT    G=(none)   M=C:\BORLAND\BCC55\LIB\CW32.LIB|whsargv ACBP=A9
 0001:000E77EC 0000002D C=CODE    S=_TEXT    G=(none)   M=C:\BORLAND\BCC55\LIB\CW32.LIB|srchenv ACBP=A9
 0001:000E781C 000000F5 C=CODE    S=_TEXT    G=(none)   M=C:\BORLAND\BCC55\LIB\CW32.LIB|srchstr ACBP=A9
 0001:000E7914 00000045 C=CODE    S=_TEXT    G=(none)   M=C:\BORLAND\BCC55\LIB\CW32.LIB|setargv0 ACBP=A9
 0001:000E795C 0000063B C=CODE    S=_TEXT    G=(none)   M=C:\BORLAND\BCC55\LIB\CW32.LIB|loadprog ACBP=A9
 0001:000E7F98 000001A0 C=CODE    S=_TEXT    G=(none)   M=C:\BORLAND\BCC55\LIB\CW32.LIB|setenvp ACBP=A9
 0001:000E8138 000002F8 C=CODE    S=_TEXT    G=(none)   M=C:\BORLAND\BCC55\LIB\CW32.LIB|signal ACBP=A9
 0001:000E8430 000000E5 C=CODE    S=_TEXT    G=(none)   M=C:\BORLAND\BCC55\LIB\CW32.LIB|system ACBP=A9
 0001:000E8518 00000157 C=CODE    S=_TEXT    G=(none)   M=C:\BORLAND\BCC55\LIB\CW32.LIB|initexit ACBP=A9
 0001:000E8670 000001A4 C=CODE    S=_TEXT    G=(none)   M=C:\BORLAND\BCC55\LIB\CW32.LIB|startup ACBP=A9
[...]
 0002:00461158      @D346_1
 0002:00461F30      @D347_1
 0002:00462D80      @D348_1
 0002:0046515C      @D349_1
 0002:00465A14      @D350_1
 0002:004684DC      @D351_1
 0002:00470AFC      @D352_1
 0002:0047951C      @D353_1
 0002:0047EF98      @D354_1
 0002:00480068      @D355_1
 0002:00486DE4      @D356_1
 0002:00488778      @D357_1
 0002:0048FAE8      @D358_1
 0002:004A134C      @D359_1
 0002:004A6C30      @D360_1
 0002:004AB04C      @D361_1
 0002:004BE84C      @D362_1
 0002:004BFBA4      @D363_1
 0002:004D1C60      @D364_1
 0002:004D2ED8      @D365_1
 0002:004D7C7C      @D366_1
 0002:004DABC4      @D367_1
 0002:004DB9B0      @D368_1
 0002:004DD500      @D369_1
 0002:004DF4D8      @D370_1
 0002:004E11F8      @D371_1
 0002:004E42E4      @D372_1
 0002:004E5118      @D373_1
 0002:004E6508      @D374_1
 0002:004E681C      @D375_1
 0002:004E7ADC      @D376_1
 0002:004E8818      @D377_1
 0002:004EA058      @D378_1
 0002:004EA2F8      @D379_1
 0002:004EB904      @D380_1
 0002:004EC504      @D381_1
 0002:004F2FDC      @D382_1
 0002:004F3A7C      @D437_1
 0002:004F4404      @D441_1
 0002:004F4EEC      @D525_1
 0002:004F508C      @D531_1
 0002:004F50B4      _hb_cls_uiArrayClass
 0002:004F50B6      _hb_cls_uiBlockClass
 0002:004F50B8      _hb_cls_uiCharacterClass
 0002:004F50BA      _hb_cls_uiDateClass
 0002:004F50BC      _hb_cls_uiLogicalClass
 0002:004F50BE      _hb_cls_uiNilClass
 0002:004F50C0      _hb_cls_uiNumericClass
 0002:004F50C2      _hb_cls_uiPointerClass
 0002:004F50C4      _hb_cls_uiHashClass
 0002:004F50C8      _hb_symDestructor
 0002:004F55F8      @D533_1
 0002:004F5600      _b_MouseEnable
 0002:004F5604      _hb_hInstance
 0002:004F5608      _hb_hPrevInstance
 0002:004F560C      _hb_iCmdShow
 0002:004F5610      _s_WinMainParam
 0002:004F56DC      @D535_1
 0002:004F5710      @D541_1
 0002:004F5714      @D545_1
 0002:004F5728      @D547_1
 0002:004F58FC      @D549_1
 0002:004F58FC      _hb_stack_ptr
 0002:004F5900      _hb_stack_ready
 0002:004F5A40      @D551_1
 0002:004F5A5C      @D553_1
 0002:004F5A64      @D555_1
 0002:004F5A68      @D559_1
 0002:004F5A74      _hb_gc_bReleaseAll
 0002:004F5AAC      @D561_1
 0002:004F5DD4      @D563_1
 0002:004F5EB4      @D565_1
 0002:004F5EB4      _hb_vm_iExtraParamsIndex
 0002:004F5EB8      _hb_vm_iExtraElementsIndex
 0002:004F5EBC      _hb_vm_iExtraElements
 0002:004F5EC4      _pHVMFuncService
 0002:004F5EC8      _hb_bProfiler
 0002:004F5ECC      _hb_bTracePrgCalls
 0002:004F5ED0      _hb_symEval
 0002:004F5EF8      _hb_vm_pFunDbgEntry
 0002:004F5F00      _hb_vm_sNull
 0002:004F5F04      _hb_vm_acAscii
 0002:004F6304      _hb_vm_bWithObject
 0002:004F6308      _hb_vm_wEnumCollectionCounter
 0002:004F630C      _hb_vm_iTry
 0002:004F6310      _hb_vm_BreakBlock
 0002:004F6C7C      @D567_1
 0002:004F6F00      @D571_1
 0002:004F7468      @D573_1
 0002:004F749C      @D575_1
 0002:004F7544      @D577_1
 0002:004F7544      _hb_comp_bShortCuts
 0002:004F7568      @D583_1
 0002:004F756C      @D585_1
 0002:004F7690      @D591_1
 0002:004F7758      @D597_1
 0002:004F7774      @D599_1
 0002:004F777C      @D601_1
 0002:004F7BC0      @D603_1
 0002:004F7BC4      @D609_1
 0002:004F7BD0      @D611_1
 0002:004F7BE0      @D617_1
 0002:004F7BEC      @D619_1
 0002:004F7DEC      _hb_uniTbl_437
 0002:004F7E40      _hb_cdp_page
 0002:004F7E50      @D621_1
 0002:004F7E58      @D623_1
 0002:004F7E5C      @D625_1
 0002:004F7E88      @D627_1
 0002:004F7E94      @D629_1
 0002:004F7EA4      @D631_1
 0002:004F7EE4      @D633_1
 0002:004F7F18      @D643_1
 0002:004F7F30      @D645_1
 0002:004F7F54      @D649_1
 0002:004F7FE0      @D659_1
 0002:004F7FF8      @D661_1
 0002:004F7FFC      @D667_1
 0002:004F8090      @D671_1
 0002:004F8094      @D673_1
 0002:004F8098      @D677_1
 0002:004F80B0      _hb_gt_gcoldefs
 0002:004F821C      @D683_1
 0002:004F8284      @D687_1
 0002:004F82E4      @D697_1
 0002:004F8304      @D699_1
 0002:004F8328      @D705_1
 0002:004F832C      @D715_1
 0002:004F8340      _hb_vm_bCollectGarbage
 0002:004F8344      @D717_1
 0002:004F8370      @D723_1
 0002:004F83D0      @D725_1
 0002:004F83D8      @D727_1
 0002:004F83DC      @D731_1
 0002:004F8530      @D735_1
 0002:004F8534      @D737_1
 0002:004F853C      @D743_1
 0002:004F8540      @D745_1
 0002:004F8550      @D751_1
 0002:004F8588      @D755_1
 0002:004F858C      @D763_1
 0002:004F8590      @D765_1
 0002:004F8594      @D767_1
 0002:004F8598      @D769_1
 0002:004F8678      @D773_1
 0002:004F8698      @D779_1
 0002:004F8724      @D781_1
 0002:004F8730      @D783_1
 0002:004F8734      @D785_1
 0002:004F8740      @D795_1
 0002:004F8748      _hb_set_ptr
 0002:004F8748      @D797_1
 0002:004F87F4      @D817_1
 0002:004F87FC      @D819_1
 0002:004F8800      @D821_1
 0002:004F8804      @D825_1
 0002:004F8810      @D827_1
 0002:004F8814      @D835_1
 0002:004F8820      @D837_1
 0002:004F882C      @D839_1
 0002:004F8830      @D841_1
 0002:004F8838      @D843_1
 0002:004F883C      @D847_1
 0002:004F88CC      @D849_1
 0002:004F88F8      @D851_1
 0002:004F8A64      @D853_1
 0002:004F8A74      @D855_1
 0002:004F8A80      @D857_1
 0002:004F8A88      @D859_1
 0002:004F8A8C      @D863_1
 0002:004F8A98      @D865_1
 0002:004F8AF4      @D867_1
 0002:004F8AFC      @D869_1
 0002:004F8B04      @D871_1
 0002:004F8B08      @D873_1
 0002:004FA698      @D877_1
 0002:004FB6A8      @D881_1
 0002:004FB800      @D889_1
 0002:004FC000      @D891_1
 0002:004FCFD8      @D899_1
 0002:004FD0F0      @D911_1
 0002:004FD25C      @D913_1
 0002:004FD378      @D915_1
 0002:004FE37C      @D923_1
 0002:004FEF98      @D927_1
 0002:00502C2C      @D929_1
 0002:00504324      @D931_1
 0002:00504400      @D933_1
 0002:00504D54      @D935_1
 0002:00505940      @D937_1
 0002:00506A68      @D953_1
 0002:00506B50      @D957_1
 0002:00508390      @D967_1
 0002:00509568      @D969_1
 0002:005129B8      @D971_1
 0002:005153EC      @D973_1
 0002:0051C954      @D975_1
 0002:0051CEFC      @D979_1
 0002:00522830      @D981_1
 0002:00522BE0      @D983_1
 0002:005268A8      @D989_1
 0002:00527044      @D993_1
 0002:00527450      @D1003_1
 0002:00527778      @D1013_1
 0002:0052995C      @D1017_1
 0002:00529E74      @D1019_1
 0002:0052A234      @D1021_1
 0002:0052A700      @D1023_1
 0002:0052A728      @D1025_1
 0002:0052A934      @D1031_1
 0002:0052AB48      @D1039_1
 0002:0052ABF0      @D1053_1
 0002:0052AEF4      @D1055_1
 0002:0052AF60      @D1057_1
 0002:0052DCA8      @D1059_1
 0002:0052DCE8      _hb_comp_ExprTable
 0002:0052DCE8      @D1061_1
 0002:0052DE40      @D1065_1
 0002:0052DE74      _yytext
 0002:0052DF34      _aPairs
 0002:0052EA84      @D1077_1
 0002:0052EFD0      @D1079_1
 0002:0052F250      @D1081_1
 0002:005309AC      @D1083_1
 0002:005337A8      @D1085_1
 0002:0053785C      @D1087_1
 0002:00538D94      @D1091_1
 0002:0053A9F0      @D1093_1
 0002:0053C0D4      @D1095_1
 0002:0053D900      @D1097_1
 0002:0053F224      @D1099_1
 0002:005438C8      @D1105_1
 0002:0054609C      @D1111_1
 0002:00547450      _SAWINDOWS
 0002:00547468      _OWINACTIVE
 0002:0054B698      @D1115_1
 0002:0054CD38      @D1117_1
 0002:0054DC70      @D1119_1
 0002:0054ED74      @D1123_1
 0002:00553534      @D1125_1
 0002:00553FB8      _LHIDERECNO
 0002:00553FD0      _LHIDEHISTORIC
 0002:00553FE8      _LMULTILANG
 0002:00554000      _LGOTOPONSCOPE
 0002:00554018      _LSERIALIZEDASSTRING
 0002:0055A5E0      @D1127_1
 0002:0057DC10      @D1129_1
 0002:00582AD4      @D1131_1
 0002:00582F48      _BTABLEINFO
 0002:00582F60      _BINDEXINFO
 0002:005884F8      @D1133_1
 0002:0058859C      _NBASELANG
 0002:005885B4      _NSECONDLANG
 0002:005885CC      _NROOTLANG
 0002:0058A808      @D1139_1
 0002:0058BD1C      @D1143_1
 0002:0058BDB8      @D1145_1
 0002:0058BDC4      _divider
 0002:0058C210      @D1147_1
 0002:0058C220      @D1155_1
 0002:0058C904      @D1157_1
 0002:0058C904      __sqlo_sqloraID
 0002:0058C908      _sqlo_major_version
 0002:0058C90C      _sqlo_minor_version
 0002:0058C910      _sqlo_micro_version
 0002:0058C914      _sqlo_interface_age
 0002:0058C918      _sqlo_binary_age
 0002:0058C91C      _sqlora8_major_version
 0002:0058C920      _sqlora8_minor_version
 0002:0058C924      _sqlora8_micro_version
 0002:0058C928      _sqlora8_interface_age
 0002:0058C92C      _sqlora8_binary_age
 0002:0058FEA0      @D1172_1
 0002:0058FEE4      @D1173_1
 0002:00590BEC      @D1175_1
 0002:00592608      @D1177_1
 0002:0059289C      @D1179_1
 0002:00592C5C      @D1181_1
 0002:00593114      @D1183_1
 0002:00593474      @D1185_1
 0002:005937F4      @D1187_1
 0002:00595498      @D1189_1
 0002:00597994      @D1191_1
 0002:00599678      @D1193_1
 0002:0059A7CC      @D1195_1
 0002:0059B858      @D1197_1
 0002:0059C65C      @D1203_1
 0002:0059C664      @D1209_1
 0002:0059C6EC      _hb_tr_file_
 0002:0059C6EC      @D1211_1
 0002:0059C6F0      _hb_tr_line_
 0002:0059C6F4      _hb_tr_level_
 0002:0059C7AC      @D1213_1
 0002:0059D778      @D1215_1
 0002:0059D924      @D1219_1
 0002:0059DB80      @D1233_1
 0002:0059DC14      @D1235_1
 0002:0059DCC4      @D1237_1
 0002:0059DD5C      @D1271_1
 0002:0059DE14      @D1273_1
 0002:0059DED0      @D1311_0
 0002:0059E0D0      _hb_uniTbl_850
 0002:0059E0E8      @D1317_0
 0002:0059E2E8      _hb_uniTbl_8859_1
 0002:0059E304      __pcre_default_tables
 0002:0059E304      @D1519_0
 0002:0059E744      @D1521_1
 0002:0059E9A0      @D1523_1
 0002:0059F354      @D1529_1
 0002:0059F360      @D1535_0
 0002:0059F360      _pcre_malloc
 0002:0059F364      _pcre_free
 0002:0059F368      _pcre_stack_malloc
 0002:0059F36C      _pcre_stack_free
 0002:0059F370      _pcre_callout
 0002:0059F374      __pcre_utf8_table1
 0002:0059F374      @D1549_0
 0002:0059F38C      __pcre_utf8_table1_size
 0002:0059F390      __pcre_utf8_table2
 0002:0059F3A8      __pcre_utf8_table3
 0002:0059F3C0      __pcre_utt
 0002:0059F4E8      __pcre_utt_size
 0002:0059F4EC      __pcre_OP_lengths
 0002:0059F53D      __pcre_utf8_table4
 0002:0059F5E8      @D1553_1
 0002:005B57D0      @D1607_1
 0002:005B57D4      @D1609_1
 0002:005B586C      @D1619_1
 0002:005B5870      __heap_redirector
 0002:005B588C      @D1625_1
 0002:005B588C      __virt_heap_size
 0002:005B5890      __virt_chunk_size
 0002:005B5894      __virt_chunk_size2
 0002:005B5898      __nv_heap_size
 0002:005B589C      __smalloc_threshold
 0002:005B58A0      __virt_chunk_free
 0002:005B58A4      __virt_chunk_free2
 0002:005B58A8      __firstHeap
 0002:005B58AC      __lastHeap
 0002:005B58B0      __linktable
 0002:005B58B4      __freeStart
 0002:005B58C0      __rover
 0002:005B58C8      ___allocated
 0002:005B58CC      @D1849_1
 0002:005B58E0      ___xxPersonality
 0002:005B58E0      @D1919_0
 0002:005B58E4      @D1921_1
 0002:005B5C04      ___terminatePTR
 0002:005B5C04      @D1923_1
 0002:005B5C08      ___unexpectdPTR
 0002:005B5C0C      @_$CHNC$@std@terminate$qv
 0002:005B5C2C      @_$ECTOC$@std@terminate$qv
 0002:005B5C40      ___CPPexceptionList
 0002:005B5C40      @D1925_1
 0002:005B5C44      ___exceptFlags
 0002:005B5C48      ___throwFileName
 0002:005B5C4C      ___throwLineNumber
 0002:005B5C50      ___throwExceptionName
 0002:005B5C54      ___exceptStaticBuffP
 0002:005B5C58      ___exceptMemAllocVars
 0002:005B5C5C      ___ExceptStaticXbuff
 0002:005B5CDC      __ExceptVarsSize
 0002:005B5CF0      @_$CHNC$@__call_terminate$qv
 0002:005B5D10      @_$ECTOC$@__call_terminate$qv
 0002:005B5D24      __stkchk
 0002:005B5D24      @D1931_1
 0002:005B5D38      @D1947_1
 0002:005B5D44      @D1967_1
 0002:005B5D44      __cfinfo_get
 0002:005B5D48      @D2021_1
 0002:005B5D48      __notUmask
 0002:005B5D4C      @D2047_0
 0002:005B5D4C      __fileinfo
 0002:005B5D50      @D2117_0
 0002:005B5D50      __streams
 0002:005B6200      __nfile
 0002:005B6200      @D2119_0
 0002:005B6204      __openfd
 0002:005B62CC      __fmode
 0002:005B62CC      @D2129_0
 0002:005B62D0      __fmodeptr
 0002:005B62D0      @D2131_1
 0002:005B62D4      @D2194_1
 0002:005B62D4      __dosErrorToSV
 0002:005B6400      @D2218_1
 0002:005B640C      __sys_errlist
 0002:005B640C      @D2226_1
 0002:005B64D0      __sys_nerr
 0002:005B6888      @D2253_1
 0002:005B690C      @D2288_1
 0002:005B6924      @D2320_1
 0002:005B699C      @D2400_0
 0002:005B699C      __chartype
 0002:005B6BA0      @D2402_1
 0002:005B6BA0      __localeconvention
 0002:005B6BDC      @D2404_1
 0002:005B6C2C      __lower
 0002:005B6C2C      @D2406_0
 0002:005B6D2C      @D2410_0
 0002:005B6D2C      __upper
 0002:005B6E2C      @D2426_1
 0002:005B6E2C      ___mb_cur_max
 0002:005B6E30      ___localeLock
 0002:005B6F44      _CMonetary
 0002:005B6F44      @D2428_0
 0002:005B6F78      _CNumeric
 0002:005B6F90      _CTimeDate
 0002:005B7054      _CLOCALE
 0002:005B7080      ___locale
 0002:005B71A4      @D2430_1
 0002:005B720C      @D2554_1
 0002:005B721C      @D2560_1
 0002:005B72DC      @D2615_1
 0002:005B72DC      __realcvtptr
 0002:005B72E0      __nextrealptr
 0002:005B72E4      __scantodptr
 0002:005B72E8      __scanrsltptr
 0002:005B7344      __realcvtwptr
 0002:005B7344      @D2617_1
 0002:005B7348      __nextrealwptr
 0002:005B734C      __scanwtodptr
 0002:005B7350      __scanwrsltptr
 0002:005B73AC      __default87
 0002:005B73AC      @D2619_0
 0002:005B73B0      @D2625_1
 0002:005B73BC      @D2633_1
 0002:005B73D0      @D2635_1
 0002:005B73E8      @D2673_0
 0002:005B73E8      __huge_flt
 0002:005B73EC      __huge_dble
 0002:005B73F4      __huge_ldble
 0002:005B73FE      __max_flt
 0002:005B7402      __max_dble
 0002:005B740A      __max_ldble
 0002:005B7414      __indefinite
 0002:005B7418      __tiny_ldble
 0002:005B7424      ___ieee_64_p_inf
 0002:005B742C      ___ieee_64_n_inf
 0002:005B7434      ___ieee_64_p_nanq
 0002:005B743C      ___ieee_64_n_nanq
 0002:005B7444      ___ieee_64_p_nans
 0002:005B744C      ___ieee_64_n_nans
 0002:005B7454      ___ieee_64_p_zero
 0002:005B745C      ___ieee_64_n_zero
 0002:005B7464      @D2683_0
 0002:005B7464      __turboFloat
 0002:005B7468      __floatconvert
 0002:005B746C      @D2697_1
 0002:005B7478      __pmatherr
 0002:005B7478      @D2721_1
 0002:005B747C      __pmatherrl
 0002:005B7480      @D2725_0
 0002:005B7480      __mathwhy
 0002:005B74C4      @D2735_1
 0002:005B74E0      @D2747_1
 0002:005B74E8      @D2749_1
 0002:005B74FC      @D2751_1
 0002:005B7524      @D2758_1
 0002:005B754C      @D2760_1
 0002:005B7574      @D2770_1
 0002:005B7584      @D2818_1
 0002:005B7584      __kalpha
 0002:005B7586      __kpunct
 0002:005B75CC      @D2954_1
 0002:005B75F0      @D2970_1
 0002:005B7614      @D2972_1
 0002:005B7614      _errno
 0002:005B7618      __messagefunc
 0002:005B7618      @D2974_1
 0002:005B761C      __messagefile
 0002:005B7628      @D2982_1
 0002:005B7650      @D3001_1
 0002:005B7670      @D3003_0
 0002:005B7670      ___pCallAtExitProcs
 0002:005B7674      @D3039_1
 0002:005B7674      __exitbuf
 0002:005B7678      __exitfopen
 0002:005B767C      __exitopen
 0002:005B7680      __setargv_ptr
 0002:005B7680      @D3059_0
 0002:005B7684      __exitargv_ptr
 0002:005B7688      __wsetargv_ptr
 0002:005B7688      @D3061_0
 0002:005B768C      __wexitargv_ptr
 0002:005B7690      @D3063_1
 0002:005B7690      __setargv__
 0002:005B76E4      __cmdline_escapes
 0002:005B76E4      @D3065_1
 0002:005B770C      @D3067_1
 0002:005B7730      @D3103_1
 0002:005B7734      @D3111_1
 0002:005B7738      @D3120_0
 0002:005B7738      __argv_expand_ptr
 0002:005B773C      __wargv_expand_ptr
 0002:005B773C      @D3122_0
 0002:005B7740      __argv0
 0002:005B7740      @D3124_1
 0002:005B7760      @D3130_1
 0002:005B7760      __add_pid_ptr
 0002:005B7790      @D3138_1
 0002:005B7790      __setenvp__
 0002:005B77E4      @D3142_1
 0002:005B7844      @D3146_1
 0002:005B7860      @D3160_0
 0002:005B7860      __isWindows
 0002:005B7864      @D3161_1
 0002:005B7868      __SWeekday
 0002:005B7868      @D3191_0
 0002:005B7884      __LWeekday
 0002:005B78A0      __SMonth
 0002:005B78D0      __LMonth
 0002:005B7900      __AmPm
 0002:005B7908      __Days
 0002:005B7914      __YDays
 0002:005B7A2C      @D3197_1
 0002:005B7A2C      __timezone
 0002:005B7A30      __daylight
 0002:005B7A34      @D3199_1
 0002:005B7A34      __tzname
 0002:005B7A44      @D3205_1
 0002:005B7A48      @D3254_1
 0002:005B7A48      ___debuggerDisableTerminateCallback
 0002:005B82D4      _GUID_NULL
 0002:005B82D4      @D3403_0
 0002:005B82E4      _IID_IEnumVARIANT
 0002:005B82F4      _IID_IDispatch
 0002:005B8304      _IID_IPicture
 0003:00000000      @B547_2
 0003:00000008      _hb_stackST
 0003:00000008      @B549_2
 0003:00000050      @B555_2
 0003:00000068      @B557_1
 0003:0000026C      @B563_2
 0003:000003F4      @B565_2
 0003:000003F4      _hb_vm_aiExtraParams
 0003:00000434      _hb_vm_apExtraParamsSymbol
 0003:00000474      _hb_vm_aiExtraElements
 0003:000004B4      _hb_vm_iExtraIndex
 0003:000004B8      _hb_ulOpcodesCalls
 0003:00000760      _hb_ulOpcodesTime
 0003:00000A38      _hb_vm_aWithObject
 0003:00000BB8      _hb_vm_wWithObjectCounter
 0003:00000BBC      _hb_vm_aEnumCollection
 0003:00000D3C      _hb_vm_apEnumVar
 0003:00000D7C      _hb_vm_awEnumIndex
 0003:00000DBC      _hb_vm_pSequence
 0003:00000DE0      @B583_2
 0003:000010E0      @B619_2
 0003:000011E0      @B625_2
 0003:000011F4      @B643_2
 0003:0000120C      @B649_2
 0003:0000121C      @B659_2
 0003:00001424      @B677_2
 0003:00001424      _hb_gt_gobjects
 0003:00001428      _hb_gt_gobjects_end
 0003:00001448      _hb_gtGForeground
 0003:00001450      _hb_gtGBackground
 0003:00001458      @B717_2
 0003:00001524      @B723_2
 0003:00001624      @B797_2
 0003:00001624      _hb_set
 0003:0000198C      _s_PrintFileName
 0003:00001A8C      _s_PrinterName
 0003:00001B8C      _s_isDefaultPrinterDevice
 0003:00001B90      @B807_1
 0003:00001B94      @B871_2
 0003:00001B98      @B1013_2
 0003:00001C0C      @B1025_2
 0003:00001D98      @B1031_2
 0003:00001F24      @B1057_2
 0003:00001F68      @B1065_2
 0003:0000602C      _yyleng
 0003:00006038      _yyin
 0003:0000A644      @B1077_2
 0003:0000A7D4      @B1079_2
 0003:0000A960      @B1093_2
 0003:0000ADA8      _last_gobject
 0003:0000ADAC      @B1117_2
 0003:0000AF38      @B1155_2
 0003:0000AFC0      @B1157_2
 0003:0000BBC4      __bormm_pfn_FreeMem
 0003:0000BBC4      @B1609_2
 0003:0000BBC8      __bormm_pfn_GetMem
 0003:0000BBCC      __bormm_pfn_ReallocMem
 0003:0000BBD0      __bormm_pfn_HeapAddRef
 0003:0000BBD4      __bormm_pfn_HeapRelease
 0003:0000BBDC      @B1849_2
 0003:0000BC80      @B1871_1
 0003:0000BC84      @B1921_2
 0003:0000C094      @B1925_2
 0003:0000C094      __DestructorCountPtr
 0003:0000C09C      @B1931_2
 0003:0000C09C      __HandlerPtr
 0003:0000C0A0      __UserHandlerPtr
 0003:0000C0A4      @B2119_1
 0003:0000C0A4      __pidtab
 0003:0000C16C      __handles
 0003:0000C234      __doserrno
 0003:0000C234      @B2194_2
 0003:0000C238      @B2200_1
 0003:0000C23C      @B2218_2
 0003:0000C23C      __tmpnum
 0003:0000C24C      __mbctype
 0003:0000C24C      @B2818_2
 0003:0000C350      __mbcsCodePage
 0003:0000C354      @B2954_2
 0003:0000C454      @B2970_2
 0003:0000C470      __ostype
 0003:0000C470      @B2982_2
 0003:0000C474      @B2986_1
 0003:0000C47C      __argv
 0003:0000C47C      @B3063_2
 0003:0000C488      @B3065_2
 0003:0000C48C      @B3067_2
 0003:0000C490      @B3138_2
 0003:0000C490      __environ
 0003:0000C498      __envsize
 0003:0000C49C      __env_lock
 0003:0000C4A0      @B3160_1
 0003:0000C4A0      __C0argc
 0003:0000C4A4      __C0argv
 0003:0000C4A8      __C0environ
 0003:0000C4AC      __oscmd
 0003:0000C4B0      __osenv
 0003:0000C4B4      __argc
 0003:0000C4B8      __dll_table
 0003:0000C4C0      __ExcRegPtr
 0003:0000C4C4      __wosenv
 0003:0000C4C8      __woscmd
 0003:0000C4CC      __wC0argv
 0003:0000C4D0      __wC0environ
 0003:0000C4D4      __exe_table
 0003:0000C4DC      __stkbase
 0003:0000C4E0      @B3185_1
 0003:0000C504      @B3199_2
 0003:0000C50C      @B3254_2
 0003:0000C510      ___pCPPdebugHook
 0004:00000000      @T1925_3
 0004:00000000      ___xxInfo
