
 Start         Length     Name                   Class
 0001:00401000 0000EF8A0H _TEXT                  CODE
 0002:004F1000 0005B9568H _DATA                  DATA
 0003:00AAA568 00000C51CH _BSS                   BSS
 0004:00000000 00000009CH _TLS                   TLS


Detailed map of segments
 0001:00000000 0000014F C=CODE    S=_TEXT    G=(none)   M=C:\BORLAND\BCC55\LIB\C0W32.OBJ ACBP=A9
 0001:00000150 000000E5 C=CODE    S=_TEXT    G=(none)   M=C:\HELIO\SIACHB\SISCOM.OBJ ACBP=A9
 0001:00000238 0000003A C=CODE    S=_TEXT    G=(none)   M=C:\HELIO\SIACHB\CON21.OBJ ACBP=A9
 0001:00000274 0000003A C=CODE    S=_TEXT    G=(none)   M=C:\HELIO\SIACHB\CON22.OBJ ACBP=A9
 0001:000002B0 0000003A C=CODE    S=_TEXT    G=(none)   M=C:\HELIO\SIACHB\CON24.OBJ ACBP=A9
 0001:000002EC 0000003A C=CODE    S=_TEXT    G=(none)   M=C:\HELIO\SIACHB\CON25.OBJ ACBP=A9
 0001:00000328 0000003A C=CODE    S=_TEXT    G=(none)   M=C:\HELIO\SIACHB\CON41.OBJ ACBP=A9
 0001:00000364 00000054 C=CODE    S=_TEXT    G=(none)   M=C:\HELIO\SIACHB\CON42.OBJ ACBP=A9
 0001:000003B8 0000003D C=CODE    S=_TEXT    G=(none)   M=C:\HELIO\SIACHB\CON212.OBJ ACBP=A9
 0001:000003F8 0000003A C=CODE    S=_TEXT    G=(none)   M=C:\HELIO\SIACHB\CON214.OBJ ACBP=A9
 0001:00000434 0000003A C=CODE    S=_TEXT    G=(none)   M=C:\HELIO\SIACHB\CON221.OBJ ACBP=A9
 0001:00000470 0000003D C=CODE    S=_TEXT    G=(none)   M=C:\HELIO\SIACHB\CON241.OBJ ACBP=A9
 0001:000004B0 0000003A C=CODE    S=_TEXT    G=(none)   M=C:\HELIO\SIACHB\CON241V.OBJ ACBP=A9
 0001:000004EC 0000003A C=CODE    S=_TEXT    G=(none)   M=C:\HELIO\SIACHB\CON243.OBJ ACBP=A9
 0001:00000528 0000003D C=CODE    S=_TEXT    G=(none)   M=C:\HELIO\SIACHB\CON251.OBJ ACBP=A9
 0001:00000568 0000003D C=CODE    S=_TEXT    G=(none)   M=C:\HELIO\SIACHB\CON253.OBJ ACBP=A9
 0001:000005A8 0000003A C=CODE    S=_TEXT    G=(none)   M=C:\HELIO\SIACHB\CON411.OBJ ACBP=A9
 0001:000005E4 0000003A C=CODE    S=_TEXT    G=(none)   M=C:\HELIO\SIACHB\CON413.OBJ ACBP=A9
 0001:00000620 0000003A C=CODE    S=_TEXT    G=(none)   M=C:\HELIO\SIACHB\CON414.OBJ ACBP=A9
 0001:0000065C 0000003A C=CODE    S=_TEXT    G=(none)   M=C:\HELIO\SIACHB\CON415.OBJ ACBP=A9
 0001:00000698 0000003A C=CODE    S=_TEXT    G=(none)   M=C:\HELIO\SIACHB\CON418.OBJ ACBP=A9
 0001:000006D4 0000003A C=CODE    S=_TEXT    G=(none)   M=C:\HELIO\SIACHB\CON419.OBJ ACBP=A9
 0001:00000710 0000003A C=CODE    S=_TEXT    G=(none)   M=C:\HELIO\SIACHB\CON420.OBJ ACBP=A9
 0001:0000074C 0000003A C=CODE    S=_TEXT    G=(none)   M=C:\HELIO\SIACHB\CON421.OBJ ACBP=A9
 0001:00000788 0000003A C=CODE    S=_TEXT    G=(none)   M=C:\HELIO\SIACHB\CON422.OBJ ACBP=A9
 0001:000007C4 0000003A C=CODE    S=_TEXT    G=(none)   M=C:\HELIO\SIACHB\CON423.OBJ ACBP=A9
 0001:00000800 0000003A C=CODE    S=_TEXT    G=(none)   M=C:\HELIO\SIACHB\CON424.OBJ ACBP=A9
 0001:0000083C 0000003A C=CODE    S=_TEXT    G=(none)   M=C:\HELIO\SIACHB\CON425.OBJ ACBP=A9
 0001:00000878 0000003A C=CODE    S=_TEXT    G=(none)   M=C:\HELIO\SIACHB\CON426.OBJ ACBP=A9
 0001:000008B4 0000003A C=CODE    S=_TEXT    G=(none)   M=C:\HELIO\SIACHB\CON427.OBJ ACBP=A9
 0001:000008F0 0000003A C=CODE    S=_TEXT    G=(none)   M=C:\HELIO\SIACHB\CON429.OBJ ACBP=A9
 0001:0000092C 0000003A C=CODE    S=_TEXT    G=(none)   M=C:\HELIO\SIACHB\CON2111.OBJ ACBP=A9
 0001:00000968 0000003A C=CODE    S=_TEXT    G=(none)   M=C:\HELIO\SIACHB\CON2411.OBJ ACBP=A9
 0001:000009A4 0000003A C=CODE    S=_TEXT    G=(none)   M=C:\HELIO\SIACHB\CON2511.OBJ ACBP=A9
 0001:000009E0 0000003A C=CODE    S=_TEXT    G=(none)   M=C:\HELIO\SIACHB\CON4201.OBJ ACBP=A9
 0001:00000A1C 0000003A C=CODE    S=_TEXT    G=(none)   M=C:\HELIO\SIACHB\CON4202.OBJ ACBP=A9
 0001:00000A58 0000003A C=CODE    S=_TEXT    G=(none)   M=C:\HELIO\SIACHB\CON4203.OBJ ACBP=A9
 0001:00000A94 0000003A C=CODE    S=_TEXT    G=(none)   M=C:\HELIO\SIACHB\CON4204.OBJ ACBP=A9
 0001:00000AD0 0000003A C=CODE    S=_TEXT    G=(none)   M=C:\HELIO\SIACHB\CON4231.OBJ ACBP=A9
 0001:00000B0C 0000003A C=CODE    S=_TEXT    G=(none)   M=C:\HELIO\SIACHB\SAC1.OBJ ACBP=A9
 0001:00000B48 0000003A C=CODE    S=_TEXT    G=(none)   M=C:\HELIO\SIACHB\SAC1BAN.OBJ ACBP=A9
 0001:00000B84 0000003A C=CODE    S=_TEXT    G=(none)   M=C:\HELIO\SIACHB\SAC1FIN.OBJ ACBP=A9
 0001:00000BC0 00000054 C=CODE    S=_TEXT    G=(none)   M=C:\HELIO\SIACHB\SAC2AV1.OBJ ACBP=A9
 0001:00000C14 0000003A C=CODE    S=_TEXT    G=(none)   M=C:\HELIO\SIACHB\SAC2AV2.OBJ ACBP=A9
 0001:00000C50 0000003A C=CODE    S=_TEXT    G=(none)   M=C:\HELIO\SIACHB\SAC2AV3.OBJ ACBP=A9
 0001:00000C8C 00000054 C=CODE    S=_TEXT    G=(none)   M=C:\HELIO\SIACHB\SAC2AV4.OBJ ACBP=A9
 0001:00000CE0 0000003A C=CODE    S=_TEXT    G=(none)   M=C:\HELIO\SIACHB\SAC2CC11.OBJ ACBP=A9
 0001:00000D1C 0000003A C=CODE    S=_TEXT    G=(none)   M=C:\HELIO\SIACHB\SAC2CC12.OBJ ACBP=A9
 0001:00000D58 0000003A C=CODE    S=_TEXT    G=(none)   M=C:\HELIO\SIACHB\SAC2FIN.OBJ ACBP=A9
 0001:00000D94 0000003A C=CODE    S=_TEXT    G=(none)   M=C:\HELIO\SIACHB\SAC3.OBJ ACBP=A9
 0001:00000DD0 0000003A C=CODE    S=_TEXT    G=(none)   M=C:\HELIO\SIACHB\SAC4CAL.OBJ ACBP=A9
 0001:00000E0C 0000003A C=CODE    S=_TEXT    G=(none)   M=C:\HELIO\SIACHB\SAC4CC.OBJ ACBP=A9
 0001:00000E48 00000057 C=CODE    S=_TEXT    G=(none)   M=C:\HELIO\SIACHB\SAC4FLU.OBJ ACBP=A9
 0001:00000EA0 0000003A C=CODE    S=_TEXT    G=(none)   M=C:\HELIO\SIACHB\SAC4SER.OBJ ACBP=A9
 0001:00000EDC 0000003A C=CODE    S=_TEXT    G=(none)   M=C:\HELIO\SIACHB\SAC5CAD.OBJ ACBP=A9
 0001:00000F18 0000006E C=CODE    S=_TEXT    G=(none)   M=C:\HELIO\SIACHB\SAC5CAD2.OBJ ACBP=A9
 0001:00000F88 00000088 C=CODE    S=_TEXT    G=(none)   M=C:\HELIO\SIACHB\SAC5CLI.OBJ ACBP=A9
 0001:00001010 000000BF C=CODE    S=_TEXT    G=(none)   M=C:\HELIO\SIACHB\SAC5COM1.OBJ ACBP=A9
 0001:000010D0 0000003A C=CODE    S=_TEXT    G=(none)   M=C:\HELIO\SIACHB\SAC5COM2.OBJ ACBP=A9
 0001:0000110C 00000057 C=CODE    S=_TEXT    G=(none)   M=C:\HELIO\SIACHB\SAC5COM3.OBJ ACBP=A9
 0001:00001164 0000003A C=CODE    S=_TEXT    G=(none)   M=C:\HELIO\SIACHB\SAC5COM4.OBJ ACBP=A9
 0001:000011A0 0000003A C=CODE    S=_TEXT    G=(none)   M=C:\HELIO\SIACHB\SAC5COM6.OBJ ACBP=A9
 0001:000011DC 0000003A C=CODE    S=_TEXT    G=(none)   M=C:\HELIO\SIACHB\SAC5COM7.OBJ ACBP=A9
 0001:00001218 0000003A C=CODE    S=_TEXT    G=(none)   M=C:\HELIO\SIACHB\SAC5COM8.OBJ ACBP=A9
 0001:00001254 000000F0 C=CODE    S=_TEXT    G=(none)   M=C:\HELIO\SIACHB\SAC5DES.OBJ ACBP=A9
 0001:00001344 0000003A C=CODE    S=_TEXT    G=(none)   M=C:\HELIO\SIACHB\SAC5ENV1.OBJ ACBP=A9
 0001:00001380 0000003A C=CODE    S=_TEXT    G=(none)   M=C:\HELIO\SIACHB\SAC5ET11.OBJ ACBP=A9
 0001:000013BC 0000003A C=CODE    S=_TEXT    G=(none)   M=C:\HELIO\SIACHB\SAC5ET12.OBJ ACBP=A9
 0001:000013F8 0000003A C=CODE    S=_TEXT    G=(none)   M=C:\HELIO\SIACHB\SAC5ET13.OBJ ACBP=A9
 0001:00001434 0000003A C=CODE    S=_TEXT    G=(none)   M=C:\HELIO\SIACHB\SAC5ET14.OBJ ACBP=A9
 0001:00001470 0000003A C=CODE    S=_TEXT    G=(none)   M=C:\HELIO\SIACHB\SAC5ET16.OBJ ACBP=A9
 0001:000014AC 0000003A C=CODE    S=_TEXT    G=(none)   M=C:\HELIO\SIACHB\SAC5ET17.OBJ ACBP=A9
 0001:000014E8 0000003A C=CODE    S=_TEXT    G=(none)   M=C:\HELIO\SIACHB\SAC5ET19.OBJ ACBP=A9
 0001:00001524 0000003A C=CODE    S=_TEXT    G=(none)   M=C:\HELIO\SIACHB\SAC5ET20.OBJ ACBP=A9
 0001:00001560 00000054 C=CODE    S=_TEXT    G=(none)   M=C:\HELIO\SIACHB\SAC5ET21.OBJ ACBP=A9
 0001:000015B4 0000003A C=CODE    S=_TEXT    G=(none)   M=C:\HELIO\SIACHB\SAC5ET41.OBJ ACBP=A9
 0001:000015F0 0000003A C=CODE    S=_TEXT    G=(none)   M=C:\HELIO\SIACHB\SAC5ET42.OBJ ACBP=A9
 0001:0000162C 0000003A C=CODE    S=_TEXT    G=(none)   M=C:\HELIO\SIACHB\SAC5ETQ.OBJ ACBP=A9
 0001:00001668 0000003A C=CODE    S=_TEXT    G=(none)   M=C:\HELIO\SIACHB\SAC5ETQ1.OBJ ACBP=A9
 0001:000016A4 0000003A C=CODE    S=_TEXT    G=(none)   M=C:\HELIO\SIACHB\SAC5ETQ3.OBJ ACBP=A9
 0001:000016E0 0000003A C=CODE    S=_TEXT    G=(none)   M=C:\HELIO\SIACHB\SAC5ETQ4.OBJ ACBP=A9
 0001:0000171C 0000003A C=CODE    S=_TEXT    G=(none)   M=C:\HELIO\SIACHB\SAC5ETQ5.OBJ ACBP=A9
 0001:00001758 0000003A C=CODE    S=_TEXT    G=(none)   M=C:\HELIO\SIACHB\SAC5MIN.OBJ ACBP=A9
 0001:00001794 0000003A C=CODE    S=_TEXT    G=(none)   M=C:\HELIO\SIACHB\SAC5NOT2.OBJ ACBP=A9
 0001:000017D0 0000003A C=CODE    S=_TEXT    G=(none)   M=C:\HELIO\SIACHB\SAC5NOT3.OBJ ACBP=A9
 0001:0000180C 0000003A C=CODE    S=_TEXT    G=(none)   M=C:\HELIO\SIACHB\SAC5NOT6.OBJ ACBP=A9
 0001:00001848 0000003A C=CODE    S=_TEXT    G=(none)   M=C:\HELIO\SIACHB\SAC5NOT7.OBJ ACBP=A9
 0001:00001884 0000003A C=CODE    S=_TEXT    G=(none)   M=C:\HELIO\SIACHB\SAC5NOT8.OBJ ACBP=A9
 0001:000018C0 0000003A C=CODE    S=_TEXT    G=(none)   M=C:\HELIO\SIACHB\SAC5ORC2.OBJ ACBP=A9
 0001:000018FC 0000003A C=CODE    S=_TEXT    G=(none)   M=C:\HELIO\SIACHB\SAC5P10.OBJ ACBP=A9
 0001:00001938 0000003A C=CODE    S=_TEXT    G=(none)   M=C:\HELIO\SIACHB\SAC5P11.OBJ ACBP=A9
 0001:00001974 0000003A C=CODE    S=_TEXT    G=(none)   M=C:\HELIO\SIACHB\SAC5PE10.OBJ ACBP=A9
 0001:000019B0 0000003A C=CODE    S=_TEXT    G=(none)   M=C:\HELIO\SIACHB\SAC5PE11.OBJ ACBP=A9
 0001:000019EC 0000003A C=CODE    S=_TEXT    G=(none)   M=C:\HELIO\SIACHB\SAC5PE12.OBJ ACBP=A9
 0001:00001A28 0000003A C=CODE    S=_TEXT    G=(none)   M=C:\HELIO\SIACHB\SAC5PE14.OBJ ACBP=A9
 0001:00001A64 0000003A C=CODE    S=_TEXT    G=(none)   M=C:\HELIO\SIACHB\SAC5PE21.OBJ ACBP=A9
 0001:00001AA0 0000003A C=CODE    S=_TEXT    G=(none)   M=C:\HELIO\SIACHB\SAC5PED.OBJ ACBP=A9
 0001:00001ADC 0000003A C=CODE    S=_TEXT    G=(none)   M=C:\HELIO\SIACHB\SAC5PED2.OBJ ACBP=A9
 0001:00001B18 00000054 C=CODE    S=_TEXT    G=(none)   M=C:\HELIO\SIACHB\SAC5PED4.OBJ ACBP=A9
 0001:00001B6C 0000003A C=CODE    S=_TEXT    G=(none)   M=C:\HELIO\SIACHB\SAC5PED6.OBJ ACBP=A9
 0001:00001BA8 0000003A C=CODE    S=_TEXT    G=(none)   M=C:\HELIO\SIACHB\SAC5PED7.OBJ ACBP=A9
 0001:00001BE4 0000003A C=CODE    S=_TEXT    G=(none)   M=C:\HELIO\SIACHB\SAC5PED8.OBJ ACBP=A9
 0001:00001C20 0000003A C=CODE    S=_TEXT    G=(none)   M=C:\HELIO\SIACHB\SAC5PED9.OBJ ACBP=A9
 0001:00001C5C 00000057 C=CODE    S=_TEXT    G=(none)   M=C:\HELIO\SIACHB\SAC5PER1.OBJ ACBP=A9
 0001:00001CB4 0000003A C=CODE    S=_TEXT    G=(none)   M=C:\HELIO\SIACHB\SAC5PER2.OBJ ACBP=A9
 0001:00001CF0 0000003A C=CODE    S=_TEXT    G=(none)   M=C:\HELIO\SIACHB\SAC5PER3.OBJ ACBP=A9
 0001:00001D2C 0000003A C=CODE    S=_TEXT    G=(none)   M=C:\HELIO\SIACHB\SAC5PERF.OBJ ACBP=A9
 0001:00001D68 0000003A C=CODE    S=_TEXT    G=(none)   M=C:\HELIO\SIACHB\SAC5PLA1.OBJ ACBP=A9
 0001:00001DA4 0000003A C=CODE    S=_TEXT    G=(none)   M=C:\HELIO\SIACHB\SAC5ROM.OBJ ACBP=A9
 0001:00001DE0 0000003A C=CODE    S=_TEXT    G=(none)   M=C:\HELIO\SIACHB\SAC5ROM1.OBJ ACBP=A9
 0001:00001E1C 0000003A C=CODE    S=_TEXT    G=(none)   M=C:\HELIO\SIACHB\SAC5ROM2.OBJ ACBP=A9
 0001:00001E58 0000003A C=CODE    S=_TEXT    G=(none)   M=C:\HELIO\SIACHB\SAC5ROM3.OBJ ACBP=A9
 0001:00001E94 0000003A C=CODE    S=_TEXT    G=(none)   M=C:\HELIO\SIACHB\SAC5ROM4.OBJ ACBP=A9
 0001:00001ED0 0000003A C=CODE    S=_TEXT    G=(none)   M=C:\HELIO\SIACHB\SAC5ROM5.OBJ ACBP=A9
 0001:00001F0C 0000003A C=CODE    S=_TEXT    G=(none)   M=C:\HELIO\SIACHB\SAC12.OBJ ACBP=A9
 0001:00001F48 0000003A C=CODE    S=_TEXT    G=(none)   M=C:\HELIO\SIACHB\SAC17.OBJ ACBP=A9
 0001:00001F84 0000003A C=CODE    S=_TEXT    G=(none)   M=C:\HELIO\SIACHB\SAC18.OBJ ACBP=A9
 0001:00001FC0 00000127 C=CODE    S=_TEXT    G=(none)   M=C:\HELIO\SIACHB\SAC22.OBJ ACBP=A9
 0001:000020E8 0000003A C=CODE    S=_TEXT    G=(none)   M=C:\HELIO\SIACHB\SAC23.OBJ ACBP=A9
 0001:00002124 0000003A C=CODE    S=_TEXT    G=(none)   M=C:\HELIO\SIACHB\SAC23EXP.OBJ ACBP=A9
 0001:00002160 0000003A C=CODE    S=_TEXT    G=(none)   M=C:\HELIO\SIACHB\SAC25.OBJ ACBP=A9
 0001:0000219C 0000003A C=CODE    S=_TEXT    G=(none)   M=C:\HELIO\SIACHB\SAC26.OBJ ACBP=A9
 0001:000021D8 0000015B C=CODE    S=_TEXT    G=(none)   M=C:\HELIO\SIACHB\SAC27.OBJ ACBP=A9
 0001:00002334 0000003A C=CODE    S=_TEXT    G=(none)   M=C:\HELIO\SIACHB\SAC29.OBJ ACBP=A9
 0001:00002370 0000008B C=CODE    S=_TEXT    G=(none)   M=C:\HELIO\SIACHB\SAC30.OBJ ACBP=A9
 0001:000023FC 00000054 C=CODE    S=_TEXT    G=(none)   M=C:\HELIO\SIACHB\SAC31.OBJ ACBP=A9
 0001:00002450 0000003A C=CODE    S=_TEXT    G=(none)   M=C:\HELIO\SIACHB\SAC31_0.OBJ ACBP=A9
 0001:0000248C 00000054 C=CODE    S=_TEXT    G=(none)   M=C:\HELIO\SIACHB\SAC31_1.OBJ ACBP=A9
 0001:000024E0 00000054 C=CODE    S=_TEXT    G=(none)   M=C:\HELIO\SIACHB\SAC33.OBJ ACBP=A9
 0001:00002534 000000A2 C=CODE    S=_TEXT    G=(none)   M=C:\HELIO\SIACHB\SAC34.OBJ ACBP=A9
 0001:000025D8 0000003A C=CODE    S=_TEXT    G=(none)   M=C:\HELIO\SIACHB\SAC36.OBJ ACBP=A9
 0001:00002614 0000003A C=CODE    S=_TEXT    G=(none)   M=C:\HELIO\SIACHB\SAC37.OBJ ACBP=A9
 0001:00002650 0000003D C=CODE    S=_TEXT    G=(none)   M=C:\HELIO\SIACHB\SAC38.OBJ ACBP=A9
 0001:00002690 0000003A C=CODE    S=_TEXT    G=(none)   M=C:\HELIO\SIACHB\SAC39.OBJ ACBP=A9
 0001:000026CC 000000F3 C=CODE    S=_TEXT    G=(none)   M=C:\HELIO\SIACHB\SAC43.OBJ ACBP=A9
 0001:000027C0 00000054 C=CODE    S=_TEXT    G=(none)   M=C:\HELIO\SIACHB\SAC45.OBJ ACBP=A9
 0001:00002814 0000003A C=CODE    S=_TEXT    G=(none)   M=C:\HELIO\SIACHB\SAC46.OBJ ACBP=A9
 0001:00002850 0000003A C=CODE    S=_TEXT    G=(none)   M=C:\HELIO\SIACHB\SAC48.OBJ ACBP=A9
 0001:0000288C 00000071 C=CODE    S=_TEXT    G=(none)   M=C:\HELIO\SIACHB\SAC51.OBJ ACBP=A9
 0001:00002900 0000003A C=CODE    S=_TEXT    G=(none)   M=C:\HELIO\SIACHB\SAC53.OBJ ACBP=A9
 0001:0000293C 0000003A C=CODE    S=_TEXT    G=(none)   M=C:\HELIO\SIACHB\SAC54.OBJ ACBP=A9
 0001:00002978 0000003A C=CODE    S=_TEXT    G=(none)   M=C:\HELIO\SIACHB\SAC57.OBJ ACBP=A9
 0001:000029B4 0000003A C=CODE    S=_TEXT    G=(none)   M=C:\HELIO\SIACHB\SAC58.OBJ ACBP=A9
 0001:000029F0 0000003A C=CODE    S=_TEXT    G=(none)   M=C:\HELIO\SIACHB\SAC59.OBJ ACBP=A9
 0001:00002A2C 0000003A C=CODE    S=_TEXT    G=(none)   M=C:\HELIO\SIACHB\SAC62.OBJ ACBP=A9
 0001:00002A68 00000054 C=CODE    S=_TEXT    G=(none)   M=C:\HELIO\SIACHB\SAC63.OBJ ACBP=A9
 0001:00002ABC 0000003A C=CODE    S=_TEXT    G=(none)   M=C:\HELIO\SIACHB\SAC64.OBJ ACBP=A9
 0001:00002AF8 0000003A C=CODE    S=_TEXT    G=(none)   M=C:\HELIO\SIACHB\SAC120.OBJ ACBP=A9
 0001:00002B34 0000003A C=CODE    S=_TEXT    G=(none)   M=C:\HELIO\SIACHB\SAC121.OBJ ACBP=A9
 0001:00002B70 0000003A C=CODE    S=_TEXT    G=(none)   M=C:\HELIO\SIACHB\SAC122.OBJ ACBP=A9
 0001:00002BAC 0000003A C=CODE    S=_TEXT    G=(none)   M=C:\HELIO\SIACHB\SAC210.OBJ ACBP=A9
 0001:00002BE8 00000057 C=CODE    S=_TEXT    G=(none)   M=C:\HELIO\SIACHB\SAC231.OBJ ACBP=A9
 0001:00002C40 00000057 C=CODE    S=_TEXT    G=(none)   M=C:\HELIO\SIACHB\SAC232.OBJ ACBP=A9
 0001:00002C98 0000003A C=CODE    S=_TEXT    G=(none)   M=C:\HELIO\SIACHB\SAC233.OBJ ACBP=A9
 0001:00002CD4 0000003A C=CODE    S=_TEXT    G=(none)   M=C:\HELIO\SIACHB\SAC234.OBJ ACBP=A9
 0001:00002D10 0000003A C=CODE    S=_TEXT    G=(none)   M=C:\HELIO\SIACHB\SAC301.OBJ ACBP=A9
 0001:00002D4C 0000003A C=CODE    S=_TEXT    G=(none)   M=C:\HELIO\SIACHB\SAC510.OBJ ACBP=A9
 0001:00002D88 00000088 C=CODE    S=_TEXT    G=(none)   M=C:\HELIO\SIACHB\SAC511.OBJ ACBP=A9
 0001:00002E10 00000054 C=CODE    S=_TEXT    G=(none)   M=C:\HELIO\SIACHB\SAC512.OBJ ACBP=A9
 0001:00002E64 0000003A C=CODE    S=_TEXT    G=(none)   M=C:\HELIO\SIACHB\SAC521.OBJ ACBP=A9
 0001:00002EA0 0000003A C=CODE    S=_TEXT    G=(none)   M=C:\HELIO\SIACHB\SAC522.OBJ ACBP=A9
 0001:00002EDC 0000003A C=CODE    S=_TEXT    G=(none)   M=C:\HELIO\SIACHB\SAC523.OBJ ACBP=A9
 0001:00002F18 0000003A C=CODE    S=_TEXT    G=(none)   M=C:\HELIO\SIACHB\SAC524.OBJ ACBP=A9
 0001:00002F54 0000003A C=CODE    S=_TEXT    G=(none)   M=C:\HELIO\SIACHB\SAC527.OBJ ACBP=A9
 0001:00002F90 00000057 C=CODE    S=_TEXT    G=(none)   M=C:\HELIO\SIACHB\SAC528.OBJ ACBP=A9
 0001:00002FE8 0000003A C=CODE    S=_TEXT    G=(none)   M=C:\HELIO\SIACHB\SAC529.OBJ ACBP=A9
 0001:00003024 0000003A C=CODE    S=_TEXT    G=(none)   M=C:\HELIO\SIACHB\SAC530.OBJ ACBP=A9
 0001:00003060 00000054 C=CODE    S=_TEXT    G=(none)   M=C:\HELIO\SIACHB\SAC531.OBJ ACBP=A9
 0001:000030B4 0000003A C=CODE    S=_TEXT    G=(none)   M=C:\HELIO\SIACHB\SAC533.OBJ ACBP=A9
 0001:000030F0 0000003A C=CODE    S=_TEXT    G=(none)   M=C:\HELIO\SIACHB\SAC534.OBJ ACBP=A9
 0001:0000312C 0000003A C=CODE    S=_TEXT    G=(none)   M=C:\HELIO\SIACHB\SAC541.OBJ ACBP=A9
 0001:00003168 0000003A C=CODE    S=_TEXT    G=(none)   M=C:\HELIO\SIACHB\SAC542.OBJ ACBP=A9
 0001:000031A4 0000003A C=CODE    S=_TEXT    G=(none)   M=C:\HELIO\SIACHB\SAC543.OBJ ACBP=A9
 0001:000031E0 0000003A C=CODE    S=_TEXT    G=(none)   M=C:\HELIO\SIACHB\SAC561.OBJ ACBP=A9
 0001:0000321C 0000010D C=CODE    S=_TEXT    G=(none)   M=C:\HELIO\SIACHB\SAC571.OBJ ACBP=A9
 0001:0000332C 0000003A C=CODE    S=_TEXT    G=(none)   M=C:\HELIO\SIACHB\SAC580.OBJ ACBP=A9
 0001:00003368 0000003A C=CODE    S=_TEXT    G=(none)   M=C:\HELIO\SIACHB\SAC610.OBJ ACBP=A9
 0001:000033A4 00000054 C=CODE    S=_TEXT    G=(none)   M=C:\HELIO\SIACHB\SAC621.OBJ ACBP=A9
 0001:000033F8 0000003A C=CODE    S=_TEXT    G=(none)   M=C:\HELIO\SIACHB\SAC6211.OBJ ACBP=A9
 0001:00003434 00000054 C=CODE    S=_TEXT    G=(none)   M=C:\HELIO\SIACHB\SAC6212.OBJ ACBP=A9
 0001:00003488 0000003A C=CODE    S=_TEXT    G=(none)   M=C:\HELIO\SIACHB\SACALTCO.OBJ ACBP=A9
 0001:000034C4 00000054 C=CODE    S=_TEXT    G=(none)   M=C:\HELIO\SIACHB\SACASS1.OBJ ACBP=A9
 0001:00003518 0000003A C=CODE    S=_TEXT    G=(none)   M=C:\HELIO\SIACHB\SACASS2.OBJ ACBP=A9
 0001:00003554 0000003A C=CODE    S=_TEXT    G=(none)   M=C:\HELIO\SIACHB\SACASS10.OBJ ACBP=A9
 0001:00003590 0000003A C=CODE    S=_TEXT    G=(none)   M=C:\HELIO\SIACHB\SACASS11.OBJ ACBP=A9
 0001:000035CC 0000003A C=CODE    S=_TEXT    G=(none)   M=C:\HELIO\SIACHB\SACASS12.OBJ ACBP=A9
 0001:00003608 0000003A C=CODE    S=_TEXT    G=(none)   M=C:\HELIO\SIACHB\SACASS20.OBJ ACBP=A9
 0001:00003644 0000003A C=CODE    S=_TEXT    G=(none)   M=C:\HELIO\SIACHB\SACASS21.OBJ ACBP=A9
 0001:00003680 0000003A C=CODE    S=_TEXT    G=(none)   M=C:\HELIO\SIACHB\SACATUAL.OBJ ACBP=A9
 0001:000036BC 0000003A C=CODE    S=_TEXT    G=(none)   M=C:\HELIO\SIACHB\SACCAIXA.OBJ ACBP=A9
 0001:000036F8 0000003A C=CODE    S=_TEXT    G=(none)   M=C:\HELIO\SIACHB\SACCEP.OBJ ACBP=A9
 0001:00003734 0000003A C=CODE    S=_TEXT    G=(none)   M=C:\HELIO\SIACHB\SACCHEQ.OBJ ACBP=A9
 0001:00003770 0000003A C=CODE    S=_TEXT    G=(none)   M=C:\HELIO\SIACHB\SACCLF.OBJ ACBP=A9
 0001:000037AC 0000003A C=CODE    S=_TEXT    G=(none)   M=C:\HELIO\SIACHB\SACCONT.OBJ ACBP=A9
 0001:000037E8 0000003A C=CODE    S=_TEXT    G=(none)   M=C:\HELIO\SIACHB\SACCOTA1.OBJ ACBP=A9
 0001:00003824 0000003A C=CODE    S=_TEXT    G=(none)   M=C:\HELIO\SIACHB\SACCOTA2.OBJ ACBP=A9
 0001:00003860 0000003A C=CODE    S=_TEXT    G=(none)   M=C:\HELIO\SIACHB\SACCOTA3.OBJ ACBP=A9
 0001:0000389C 0000003A C=CODE    S=_TEXT    G=(none)   M=C:\HELIO\SIACHB\SACCOTAC.OBJ ACBP=A9
 0001:000038D8 0000003A C=CODE    S=_TEXT    G=(none)   M=C:\HELIO\SIACHB\SACDOLAR.OBJ ACBP=A9
 0001:00003914 00000054 C=CODE    S=_TEXT    G=(none)   M=C:\HELIO\SIACHB\SACENTRE.OBJ ACBP=A9
 0001:00003968 0000003A C=CODE    S=_TEXT    G=(none)   M=C:\HELIO\SIACHB\SACEQUI.OBJ ACBP=A9
 0001:000039A4 0000003A C=CODE    S=_TEXT    G=(none)   M=C:\HELIO\SIACHB\SACESPE.OBJ ACBP=A9
 0001:000039E0 0000003A C=CODE    S=_TEXT    G=(none)   M=C:\HELIO\SIACHB\SACETQ_C.OBJ ACBP=A9
 0001:00003A1C 00000054 C=CODE    S=_TEXT    G=(none)   M=C:\HELIO\SIACHB\SACEXP.OBJ ACBP=A9
 0001:00003A70 0000003A C=CODE    S=_TEXT    G=(none)   M=C:\HELIO\SIACHB\SACEXP1.OBJ ACBP=A9
 0001:00003AAC 0000003A C=CODE    S=_TEXT    G=(none)   M=C:\HELIO\SIACHB\SACEXP2.OBJ ACBP=A9
 0001:00003AE8 0000003A C=CODE    S=_TEXT    G=(none)   M=C:\HELIO\SIACHB\SACEXP3.OBJ ACBP=A9
 0001:00003B24 0000003A C=CODE    S=_TEXT    G=(none)   M=C:\HELIO\SIACHB\SACEXPOR.OBJ ACBP=A9
 0001:00003B60 00000088 C=CODE    S=_TEXT    G=(none)   M=C:\HELIO\SIACHB\SACFRETE.OBJ ACBP=A9
 0001:00003BE8 0000003A C=CODE    S=_TEXT    G=(none)   M=C:\HELIO\SIACHB\SACIMPOR.OBJ ACBP=A9
 0001:00003C24 0000003A C=CODE    S=_TEXT    G=(none)   M=C:\HELIO\SIACHB\SACINVE.OBJ ACBP=A9
 0001:00003C60 00000054 C=CODE    S=_TEXT    G=(none)   M=C:\HELIO\SIACHB\SACLOG1.OBJ ACBP=A9
 0001:00003CB4 0000003A C=CODE    S=_TEXT    G=(none)   M=C:\HELIO\SIACHB\SACLOG2.OBJ ACBP=A9
 0001:00003CF0 00000158 C=CODE    S=_TEXT    G=(none)   M=C:\HELIO\SIACHB\SACMAQ.OBJ ACBP=A9
 0001:00003E48 0000003D C=CODE    S=_TEXT    G=(none)   M=C:\HELIO\SIACHB\SACNFB.OBJ ACBP=A9
 0001:00003E88 0000003D C=CODE    S=_TEXT    G=(none)   M=C:\HELIO\SIACHB\SACNOTAB.OBJ ACBP=A9
 0001:00003EC8 0000003A C=CODE    S=_TEXT    G=(none)   M=C:\HELIO\SIACHB\SACOS1.OBJ ACBP=A9
 0001:00003F04 0000003A C=CODE    S=_TEXT    G=(none)   M=C:\HELIO\SIACHB\SACOS5.OBJ ACBP=A9
 0001:00003F40 0000003A C=CODE    S=_TEXT    G=(none)   M=C:\HELIO\SIACHB\SACOS11.OBJ ACBP=A9
 0001:00003F7C 00000057 C=CODE    S=_TEXT    G=(none)   M=C:\HELIO\SIACHB\SACOS15.OBJ ACBP=A9
 0001:00003FD4 0000003A C=CODE    S=_TEXT    G=(none)   M=C:\HELIO\SIACHB\SACOS51.OBJ ACBP=A9
 0001:00004010 0000003A C=CODE    S=_TEXT    G=(none)   M=C:\HELIO\SIACHB\SACOS52.OBJ ACBP=A9
 0001:0000404C 0000003A C=CODE    S=_TEXT    G=(none)   M=C:\HELIO\SIACHB\SACOS53.OBJ ACBP=A9
 0001:00004088 0000003A C=CODE    S=_TEXT    G=(none)   M=C:\HELIO\SIACHB\SACOS54.OBJ ACBP=A9
 0001:000040C4 0000003A C=CODE    S=_TEXT    G=(none)   M=C:\HELIO\SIACHB\SACOS531.OBJ ACBP=A9
 0001:00004100 0000003A C=CODE    S=_TEXT    G=(none)   M=C:\HELIO\SIACHB\SACOSIMP.OBJ ACBP=A9
 0001:0000413C 0000003A C=CODE    S=_TEXT    G=(none)   M=C:\HELIO\SIACHB\SACPCHEQ.OBJ ACBP=A9
 0001:00004178 0000003A C=CODE    S=_TEXT    G=(none)   M=C:\HELIO\SIACHB\SACPDFLT.OBJ ACBP=A9
 0001:000041B4 0000003A C=CODE    S=_TEXT    G=(none)   M=C:\HELIO\SIACHB\SACPERF.OBJ ACBP=A9
 0001:000041F0 0000003A C=CODE    S=_TEXT    G=(none)   M=C:\HELIO\SIACHB\SACPROT1.OBJ ACBP=A9
 0001:0000422C 0000003A C=CODE    S=_TEXT    G=(none)   M=C:\HELIO\SIACHB\SACPROT2.OBJ ACBP=A9
 0001:00004268 0000003A C=CODE    S=_TEXT    G=(none)   M=C:\HELIO\SIACHB\SACPROT3.OBJ ACBP=A9
 0001:000042A4 0000003A C=CODE    S=_TEXT    G=(none)   M=C:\HELIO\SIACHB\SACPROTO.OBJ ACBP=A9
 0001:000042E0 0000003A C=CODE    S=_TEXT    G=(none)   M=C:\HELIO\SIACHB\SACRCCOM.OBJ ACBP=A9
 0001:0000431C 000000BC C=CODE    S=_TEXT    G=(none)   M=C:\HELIO\SIACHB\SACREC.OBJ ACBP=A9
 0001:000043D8 0000003A C=CODE    S=_TEXT    G=(none)   M=C:\HELIO\SIACHB\SACREG.OBJ ACBP=A9
 0001:00004414 0000003A C=CODE    S=_TEXT    G=(none)   M=C:\HELIO\SIACHB\SACREORC.OBJ ACBP=A9
 0001:00004450 0000003A C=CODE    S=_TEXT    G=(none)   M=C:\HELIO\SIACHB\SACREP41.OBJ ACBP=A9
 0001:0000448C 0000003A C=CODE    S=_TEXT    G=(none)   M=C:\HELIO\SIACHB\SACREP42.OBJ ACBP=A9
 0001:000044C8 0000003A C=CODE    S=_TEXT    G=(none)   M=C:\HELIO\SIACHB\SACREPR1.OBJ ACBP=A9
 0001:00004504 0000003A C=CODE    S=_TEXT    G=(none)   M=C:\HELIO\SIACHB\SACREPR2.OBJ ACBP=A9
 0001:00004540 0000003A C=CODE    S=_TEXT    G=(none)   M=C:\HELIO\SIACHB\SACREPR3.OBJ ACBP=A9
 0001:0000457C 0000003A C=CODE    S=_TEXT    G=(none)   M=C:\HELIO\SIACHB\SACREPR4.OBJ ACBP=A9
 0001:000045B8 0000003A C=CODE    S=_TEXT    G=(none)   M=C:\HELIO\SIACHB\SACREPRO.OBJ ACBP=A9
 0001:000045F4 0000003A C=CODE    S=_TEXT    G=(none)   M=C:\HELIO\SIACHB\SACRL.OBJ ACBP=A9
 0001:00004630 0000003A C=CODE    S=_TEXT    G=(none)   M=C:\HELIO\SIACHB\SACRL0.OBJ ACBP=A9
 0001:0000466C 0000003A C=CODE    S=_TEXT    G=(none)   M=C:\HELIO\SIACHB\SACRL1.OBJ ACBP=A9
 0001:000046A8 0000003A C=CODE    S=_TEXT    G=(none)   M=C:\HELIO\SIACHB\SACSCI.OBJ ACBP=A9
 0001:000046E4 0000003A C=CODE    S=_TEXT    G=(none)   M=C:\HELIO\SIACHB\SACSERA.OBJ ACBP=A9
 0001:00004720 0000003A C=CODE    S=_TEXT    G=(none)   M=C:\HELIO\SIACHB\SACTIPDC.OBJ ACBP=A9
 0001:0000475C 0000008B C=CODE    S=_TEXT    G=(none)   M=C:\HELIO\SIACHB\SACTROCA.OBJ ACBP=A9
 0001:000047E8 0000003A C=CODE    S=_TEXT    G=(none)   M=C:\HELIO\SIACHB\SACVEN1.OBJ ACBP=A9
 0001:00004824 00000057 C=CODE    S=_TEXT    G=(none)   M=C:\HELIO\SIACHB\VENDA.OBJ ACBP=A9
 0001:0000487C 00000071 C=CODE    S=_TEXT    G=(none)   M=C:\HELIO\SIACHB\SAC00.OBJ ACBP=A9
 0001:000048F0 0000003A C=CODE    S=_TEXT    G=(none)   M=C:\HELIO\SIACHB\SACCRIPT.OBJ ACBP=A9
 0001:0000492C 0000003A C=CODE    S=_TEXT    G=(none)   M=C:\HELIO\SIACHB\SACETQCP.OBJ ACBP=A9
 0001:00004968 0000003A C=CODE    S=_TEXT    G=(none)   M=C:\HELIO\SIACHB\CON254.OBJ ACBP=A9
 0001:000049A4 0000003A C=CODE    S=_TEXT    G=(none)   M=C:\HELIO\SIACHB\SACTRAN1.OBJ ACBP=A9
 0001:000049E0 000000F3 C=CODE    S=_TEXT    G=(none)   M=C:\HELIO\SIACHB\SACSEF1.OBJ ACBP=A9
 0001:00004AD4 0000003A C=CODE    S=_TEXT    G=(none)   M=C:\HELIO\SIACHB\SACPRES.OBJ ACBP=A9
 0001:00004B10 0000003A C=CODE    S=_TEXT    G=(none)   M=C:\HELIO\SIACHB\SACCLIATU.OBJ ACBP=A9
 0001:00004B4C 0000003A C=CODE    S=_TEXT    G=(none)   M=C:\HELIO\SIACHB\SACPROATU.OBJ ACBP=A9
 0001:00004B88 0000003A C=CODE    S=_TEXT    G=(none)   M=C:\HELIO\SIACHB\SACSEF2.OBJ ACBP=A9
 0001:00004BC4 0000003A C=CODE    S=_TEXT    G=(none)   M=C:\HELIO\SIACHB\SACMOVNT.OBJ ACBP=A9
 0001:00004C00 00000071 C=CODE    S=_TEXT    G=(none)   M=C:\HELIO\SIACHB\SAC23ORC.OBJ ACBP=A9
 0001:00004C74 0000003D C=CODE    S=_TEXT    G=(none)   M=C:\HELIO\SIACHB\SAC23O2.OBJ ACBP=A9
 0001:00004CB4 0000003A C=CODE    S=_TEXT    G=(none)   M=C:\HELIO\SIACHB\SACENTPR.OBJ ACBP=A9
 0001:00004CF0 0000003A C=CODE    S=_TEXT    G=(none)   M=C:\HELIO\SIACHB\SAC55.OBJ ACBP=A9
 0001:00004D2C 0000003A C=CODE    S=_TEXT    G=(none)   M=C:\HELIO\SIACHB\SACLISTPRE.OBJ ACBP=A9
 0001:00004D68 00000057 C=CODE    S=_TEXT    G=(none)   M=C:\HELIO\SIACHB\SAC23PD1.OBJ ACBP=A9
 0001:00004DC0 0000003A C=CODE    S=_TEXT    G=(none)   M=C:\HELIO\SIACHB\SAC5291.OBJ ACBP=A9
 0001:00004DFC 0000003A C=CODE    S=_TEXT    G=(none)   M=C:\HELIO\SIACHB\SAC5COM5.OBJ ACBP=A9
 0001:00004E38 0000003A C=CODE    S=_TEXT    G=(none)   M=C:\HELIO\SIACHB\SAC5PE15.OBJ ACBP=A9
 0001:00004E74 0000003A C=CODE    S=_TEXT    G=(none)   M=C:\HELIO\SIACHB\SACSERI1.OBJ ACBP=A9
 0001:00004EB0 0000003A C=CODE    S=_TEXT    G=(none)   M=C:\HELIO\SIACHB\SACSERI2.OBJ ACBP=A9
 0001:00004EEC 0000003A C=CODE    S=_TEXT    G=(none)   M=C:\HELIO\SIACHB\SACSERI3.OBJ ACBP=A9
 0001:00004F28 0000003A C=CODE    S=_TEXT    G=(none)   M=C:\HELIO\SIACHB\SACSERI4.OBJ ACBP=A9
 0001:00004F64 0000003A C=CODE    S=_TEXT    G=(none)   M=C:\HELIO\SIACHB\SACSERI5.OBJ ACBP=A9
 0001:00004FA0 0000003A C=CODE    S=_TEXT    G=(none)   M=C:\HELIO\SIACHB\SACBANCO.OBJ ACBP=A9
 0001:00004FDC 00000175 C=CODE    S=_TEXT    G=(none)   M=C:\HELIO\SIACHB\XLS.OBJ ACBP=A9
 0001:00005154 0000003A C=CODE    S=_TEXT    G=(none)   M=C:\HELIO\SIACHB\CON2512.OBJ ACBP=A9
 0001:00005190 00000054 C=CODE    S=_TEXT    G=(none)   M=C:\HELIO\SIACHB\SAC2513.OBJ ACBP=A9
 0001:000051E4 0000003A C=CODE    S=_TEXT    G=(none)   M=C:\HELIO\SIACHB\SAC5COM9.OBJ ACBP=A9
 0001:00005220 0000003A C=CODE    S=_TEXT    G=(none)   M=C:\HELIO\SIACHB\CON4205.OBJ ACBP=A9
 0001:0000525C 0000003A C=CODE    S=_TEXT    G=(none)   M=C:\HELIO\SIACHB\SACFORMULA.OBJ ACBP=A9
 0001:00005298 0000003D C=CODE    S=_TEXT    G=(none)   M=C:\HELIO\SIACHB\SAC572.OBJ ACBP=A9
 0001:000052D8 0000003A C=CODE    S=_TEXT    G=(none)   M=C:\HELIO\SIACHB\SAC5PED10.OBJ ACBP=A9
 0001:00005314 0000003A C=CODE    S=_TEXT    G=(none)   M=C:\HELIO\SIACHB\CON2521.OBJ ACBP=A9
 0001:00005350 0000003A C=CODE    S=_TEXT    G=(none)   M=C:\HELIO\SIACHB\SAC5COM10.OBJ ACBP=A9
 0001:0000538C 0000003A C=CODE    S=_TEXT    G=(none)   M=C:\HELIO\SIACHB\SAC5231.OBJ ACBP=A9
 0001:000053C8 0000003A C=CODE    S=_TEXT    G=(none)   M=C:\HELIO\SIACHB\SACEXP11.OBJ ACBP=A9
 0001:00005404 0000003A C=CODE    S=_TEXT    G=(none)   M=C:\HELIO\SIACHB\SAC5COM11.OBJ ACBP=A9
 0001:00005440 0000003A C=CODE    S=_TEXT    G=(none)   M=C:\HELIO\SIACHB\SACSEF3.OBJ ACBP=A9
 0001:0000547C 0000003A C=CODE    S=_TEXT    G=(none)   M=C:\HELIO\SIACHB\SAC5ET201.OBJ ACBP=A9
 0001:000054B8 0000003A C=CODE    S=_TEXT    G=(none)   M=C:\HELIO\SIACHB\SAC5LISTPRE.OBJ ACBP=A9
 0001:000054F4 0000003A C=CODE    S=_TEXT    G=(none)   M=C:\HELIO\SIACHB\SAC513.OBJ ACBP=A9
 0001:00005530 0000003A C=CODE    S=_TEXT    G=(none)   M=C:\HELIO\SIACHB\SAC2531.OBJ ACBP=A9
 0001:0000556C 0000003A C=CODE    S=_TEXT    G=(none)   M=C:\HELIO\SIACHB\SAC5DEVOL.OBJ ACBP=A9
 0001:000055A8 0000003A C=CODE    S=_TEXT    G=(none)   M=C:\HELIO\SIACHB\SAC3411.OBJ ACBP=A9
 0001:000055E4 00000071 C=CODE    S=_TEXT    G=(none)   M=C:\HELIO\SIACHB\SAC22_1.OBJ ACBP=A9
 0001:00005658 00000054 C=CODE    S=_TEXT    G=(none)   M=C:\HELIO\SIACHB\GERA_EAD.OBJ ACBP=A9
 0001:000056AC 00000088 C=CODE    S=_TEXT    G=(none)   M=C:\HELIO\SIACHB\SAC_EMAIL.OBJ ACBP=A9
 0001:00005734 0000003A C=CODE    S=_TEXT    G=(none)   M=C:\HELIO\SIACHB\SACMENS.OBJ ACBP=A9
 0001:00005770 0000003A C=CODE    S=_TEXT    G=(none)   M=C:\HELIO\SIACHB\SACOS55.OBJ ACBP=A9
 0001:000057AC 00000054 C=CODE    S=_TEXT    G=(none)   M=C:\HELIO\SIACHB\SENDEMAIL.OBJ ACBP=A9
 0001:00005800 0000003A C=CODE    S=_TEXT    G=(none)   M=C:\HELIO\SIACHB\CON4191.OBJ ACBP=A9
 0001:0000583C 000000D9 C=CODE    S=_TEXT    G=(none)   M=C:\HELIO\SIACHB\SACROT1.OBJ ACBP=A9
 0001:00005918 000000F0 C=CODE    S=_TEXT    G=(none)   M=C:\HELIO\SIACHB\INI_XML.OBJ ACBP=A9
 0001:00005A08 0000003A C=CODE    S=_TEXT    G=(none)   M=C:\HELIO\SIACHB\SAC591.OBJ ACBP=A9
 0001:00005A44 0000003A C=CODE    S=_TEXT    G=(none)   M=C:\HELIO\SIACHB\SACCALC.OBJ ACBP=A9
 0001:00005A80 00000054 C=CODE    S=_TEXT    G=(none)   M=C:\HELIO\SIACHB\SACFTP1.OBJ ACBP=A9
 0001:00005AD4 0000003A C=CODE    S=_TEXT    G=(none)   M=C:\HELIO\SIACHB\SACFTP3.OBJ ACBP=A9
 0001:00005B10 000000BC C=CODE    S=_TEXT    G=(none)   M=C:\HELIO\SIACHB\FTP_CONX.OBJ ACBP=A9
 0001:00005BCC 0000003A C=CODE    S=_TEXT    G=(none)   M=C:\HELIO\SIACHB\SAC611.OBJ ACBP=A9
 0001:00005C08 00000172 C=CODE    S=_TEXT    G=(none)   M=C:\HELIO\SIACHB\IMPACBR.OBJ ACBP=A9
 0001:00005D7C 00000088 C=CODE    S=_TEXT    G=(none)   M=C:\HELIO\SIACHB\ERRORSYS.OBJ ACBP=A9
 0001:00005E04 0000003A C=CODE    S=_TEXT    G=(none)   M=C:\HELIO\SIACHB\SAC35.OBJ ACBP=A9
 0001:00005E40 0000003A C=CODE    S=_TEXT    G=(none)   M=C:\HELIO\SIACHB\HTI_IMPBOL.OBJ ACBP=A9
 0001:00005E7C 0000003D C=CODE    S=_TEXT    G=(none)   M=C:\HELIO\SIACHB\SAC42ANT.OBJ ACBP=A9
 0001:00005EBC 0000003A C=CODE    S=_TEXT    G=(none)   M=C:\HELIO\SIACHB\SACRL2.OBJ ACBP=A9
 0001:00005EF8 0000003A C=CODE    S=_TEXT    G=(none)   M=C:\HELIO\SIACHB\SAC5NOT4.OBJ ACBP=A9
 0001:00005F34 0000003A C=CODE    S=_TEXT    G=(none)   M=C:\HELIO\SIACHB\SACCNNT.OBJ ACBP=A9
 0001:00005F70 0000003A C=CODE    S=_TEXT    G=(none)   M=C:\HELIO\SIACHB\CON215.OBJ ACBP=A9
 0001:00005FAC 0000003A C=CODE    S=_TEXT    G=(none)   M=C:\HELIO\SIACHB\SAC_LIMCLI.OBJ ACBP=A9
 0001:00005FE8 0000003A C=CODE    S=_TEXT    G=(none)   M=C:\HELIO\SIACHB\SAC5PED11.OBJ ACBP=A9
 0001:00006024 0000008B C=CODE    S=_TEXT    G=(none)   M=C:\HELIO\SIACHB\SACCTE.OBJ ACBP=A9
 0001:000060B0 0000003A C=CODE    S=_TEXT    G=(none)   M=C:\HELIO\SIACHB\SACCARNE.OBJ ACBP=A9
 0001:000060EC 0000006E C=CODE    S=_TEXT    G=(none)   M=C:\HELIO\SIACHB\SAC216.OBJ ACBP=A9
 0001:0000615C 000000D9 C=CODE    S=_TEXT    G=(none)   M=C:\HELIO\SIACHB\SACNFCE.OBJ ACBP=A9
 0001:00006238 00000057 C=CODE    S=_TEXT    G=(none)   M=C:\HELIO\SIACHB\SACENTXML.OBJ ACBP=A9
 0001:00006290 000002C7 C=CODE    S=_TEXT    G=(none)   M=C:\HELIO\SIACHB\SACTEF.OBJ ACBP=A9
 0001:00006558 0000008B C=CODE    S=_TEXT    G=(none)   M=C:\HELIO\SIACHB\SAC23CAIXA.OBJ ACBP=A9
 0001:000065E4 0000003A C=CODE    S=_TEXT    G=(none)   M=C:\HELIO\SIACHB\BOLETO_PDV.OBJ ACBP=A9
 0001:00006620 0000003A C=CODE    S=_TEXT    G=(none)   M=C:\HELIO\SIACHB\CON211.OBJ ACBP=A9
 0001:0000665C 0000003A C=CODE    S=_TEXT    G=(none)   M=C:\HELIO\SIACHB\SAC345.OBJ ACBP=A9
 0001:00006698 00000127 C=CODE    S=_TEXT    G=(none)   M=C:\HELIO\SIACHB\SACNF_E.OBJ ACBP=A9
 0001:000067C0 0000003A C=CODE    S=_TEXT    G=(none)   M=C:\HELIO\SIACHB\SACSQL.OBJ ACBP=A9
 0001:000067FC 00000057 C=CODE    S=_TEXT    G=(none)   M=C:\HELIO\SIACHB\SAC_DBF.OBJ ACBP=A9
 0001:00006854 0000003A C=CODE    S=_TEXT    G=(none)   M=C:\HELIO\SIACHB\BOLETO.OBJ ACBP=A9
 0001:00006890 0000003A C=CODE    S=_TEXT    G=(none)   M=C:\HELIO\SIACHB\SACBAL_PIN.OBJ ACBP=A9
 0001:000068CC 00000054 C=CODE    S=_TEXT    G=(none)   M=C:\HELIO\SIACHB\SAC213.OBJ ACBP=A9
 0001:00006920 0000003A C=CODE    S=_TEXT    G=(none)   M=C:\HELIO\SIACHB\SAC217.OBJ ACBP=A9
 0001:0000695C 00000054 C=CODE    S=_TEXT    G=(none)   M=C:\HELIO\SIACHB\SACMDFE.OBJ ACBP=A9
 0001:000069B0 00000E89 C=CODE    S=_TEXT    G=(none)   M=C:\HELIO\SIACHB\HRBFUN.OBJ ACBP=A9
 0001:0000783C 000009E3 C=CODE    S=_TEXT    G=(none)   M=C:\HELIO\SIACHB\SACROT.OBJ ACBP=A9
 0001:00008220 00000057 C=CODE    S=_TEXT    G=(none)   M=C:\HELIO\SIACHB\SAC130.OBJ ACBP=A9
 0001:00008278 0000003A C=CODE    S=_TEXT    G=(none)   M=C:\HELIO\SIACHB\SAC140.OBJ ACBP=A9
 0001:000082B4 0000003A C=CODE    S=_TEXT    G=(none)   M=C:\HELIO\SIACHB\SAC141.OBJ ACBP=A9
 0001:000082F0 0000003A C=CODE    S=_TEXT    G=(none)   M=C:\HELIO\SIACHB\SAC142.OBJ ACBP=A9
 0001:0000832C 0000003A C=CODE    S=_TEXT    G=(none)   M=C:\HELIO\SIACHB\SACPROFI.OBJ ACBP=A9
 0001:00008368 0000003A C=CODE    S=_TEXT    G=(none)   M=C:\HELIO\SIACHB\SAC10.OBJ ACBP=A9
 0001:000083A4 00000054 C=CODE    S=_TEXT    G=(none)   M=C:\HELIO\SIACHB\SACOS41.OBJ ACBP=A9
 0001:000083F8 0000003A C=CODE    S=_TEXT    G=(none)   M=C:\HELIO\SIACHB\SAC1OP.OBJ ACBP=A9
 0001:00008434 0000003A C=CODE    S=_TEXT    G=(none)   M=C:\HELIO\SIACHB\SACEMP.OBJ ACBP=A9
 0001:00008470 0000003A C=CODE    S=_TEXT    G=(none)   M=C:\HELIO\SIACHB\SAC20.OBJ ACBP=A9
 0001:000084AC 0000003A C=CODE    S=_TEXT    G=(none)   M=C:\HELIO\SIACHB\SACOBS.OBJ ACBP=A9
 0001:000084E8 0000006E C=CODE    S=_TEXT    G=(none)   M=C:\HELIO\SIACHB\SAC110.OBJ ACBP=A9
 0001:00008558 0000008B C=CODE    S=_TEXT    G=(none)   M=C:\HELIO\SIACHB\SAC40.OBJ ACBP=A9
 0001:000085E4 00000054 C=CODE    S=_TEXT    G=(none)   M=C:\HELIO\SIACHB\SACCFG.OBJ ACBP=A9
 0001:00008638 0000003A C=CODE    S=_TEXT    G=(none)   M=C:\HELIO\SIACHB\SACDBF.OBJ ACBP=A9
 0001:00008674 0000003D C=CODE    S=_TEXT    G=(none)   M=C:\HELIO\SIACHB\SACCDX.OBJ ACBP=A9
 0001:000086B4 000000D6 C=CODE    S=_TEXT    G=(none)   M=C:\HELIO\SIACHB\SAUTORIZA.OBJ ACBP=A9
 0001:0000878C 0000003A C=CODE    S=_TEXT    G=(none)   M=C:\HELIO\SIACHB\CON252.OBJ ACBP=A9
 0001:000087C8 0000003A C=CODE    S=_TEXT    G=(none)   M=C:\HELIO\SIACHB\SACPROMI.OBJ ACBP=A9
 0001:00008804 0000003A C=CODE    S=_TEXT    G=(none)   M=C:\HELIO\SIACHB\SACVAQUE.OBJ ACBP=A9
 0001:00008840 00000088 C=CODE    S=_TEXT    G=(none)   M=C:\HELIO\SIACHB\SACBOLE2.OBJ ACBP=A9
 0001:000088C8 0000003D C=CODE    S=_TEXT    G=(none)   M=C:\HELIO\SIACHB\SAC211.OBJ ACBP=A9
 0001:00008908 0000003A C=CODE    S=_TEXT    G=(none)   M=C:\HELIO\SIACHB\SAC5PED1.OBJ ACBP=A9
 0001:00008944 00000057 C=CODE    S=_TEXT    G=(none)   M=C:\HELIO\SIACHB\SAC350.OBJ ACBP=A9
 0001:0000899C 00000071 C=CODE    S=_TEXT    G=(none)   M=C:\HELIO\SIACHB\SAC42.OBJ ACBP=A9
 0001:00008A10 00000054 C=CODE    S=_TEXT    G=(none)   M=C:\HELIO\SIACHB\SAC2PED.OBJ ACBP=A9
 0001:00008A64 00000057 C=CODE    S=_TEXT    G=(none)   M=C:\HELIO\SIACHB\SAC212.OBJ ACBP=A9
 0001:00008ABC 0000003A C=CODE    S=_TEXT    G=(none)   M=C:\HELIO\SIACHB\SAC214.OBJ ACBP=A9
 0001:00008AF8 00000054 C=CODE    S=_TEXT    G=(none)   M=C:\HELIO\SIACHB\SAC215.OBJ ACBP=A9
 0001:00008B4C 0000003A C=CODE    S=_TEXT    G=(none)   M=C:\HELIO\SIACHB\SAC5PED3.OBJ ACBP=A9
 0001:00008B88 0000003A C=CODE    S=_TEXT    G=(none)   M=C:\HELIO\SIACHB\SAC5PED5.OBJ ACBP=A9
 0001:00008BC4 00000054 C=CODE    S=_TEXT    G=(none)   M=C:\HELIO\SIACHB\CON428.OBJ ACBP=A9
 0001:00008C18 00000057 C=CODE    S=_TEXT    G=(none)   M=C:\HELIO\SIACHB\CON244.OBJ ACBP=A9
 0001:00008C70 0000003A C=CODE    S=_TEXT    G=(none)   M=C:\HELIO\SIACHB\SACCST.OBJ ACBP=A9
 0001:00008CAC 0000003A C=CODE    S=_TEXT    G=(none)   M=C:\HELIO\SIACHB\SACCID.OBJ ACBP=A9
 0001:00008CE8 0000006E C=CODE    S=_TEXT    G=(none)   M=C:\HELIO\SIACHB\SAC_NCM.OBJ ACBP=A9
 0001:00008D58 0000003A C=CODE    S=_TEXT    G=(none)   M=C:\HELIO\SIACHB\SACBAL1.OBJ ACBP=A9
 0001:00008D94 0000003A C=CODE    S=_TEXT    G=(none)   M=C:\HELIO\SIACHB\SACDETA.OBJ ACBP=A9
 0001:00008DD0 0000003A C=CODE    S=_TEXT    G=(none)   M=C:\HELIO\SIACHB\SACBOLE1.OBJ ACBP=A9
 0001:00008E0C 00000057 C=CODE    S=_TEXT    G=(none)   M=C:\HELIO\SIACHB\SAC526.OBJ ACBP=A9
 0001:00008E64 0000003A C=CODE    S=_TEXT    G=(none)   M=C:\HELIO\SIACHB\SAC211B.OBJ ACBP=A9
 0001:00008EA0 0000003A C=CODE    S=_TEXT    G=(none)   M=C:\HELIO\SIACHB\SAC5NOT1.OBJ ACBP=A9
 0001:00008EDC 0000006E C=CODE    S=_TEXT    G=(none)   M=C:\HELIO\SIACHB\SACDEPE.OBJ ACBP=A9
 0001:00008F4C 0000003D C=CODE    S=_TEXT    G=(none)   M=C:\HELIO\SIACHB\SAC5CAD1.OBJ ACBP=A9
 0001:00008F8C 00000054 C=CODE    S=_TEXT    G=(none)   M=C:\HELIO\SIACHB\SAC341.OBJ ACBP=A9
 0001:00008FE0 00000054 C=CODE    S=_TEXT    G=(none)   M=C:\HELIO\SIACHB\SAC19.OBJ ACBP=A9
 0001:00009034 0000003A C=CODE    S=_TEXT    G=(none)   M=C:\HELIO\SIACHB\SAC520.OBJ ACBP=A9
 0001:00009070 0000003A C=CODE    S=_TEXT    G=(none)   M=C:\HELIO\SIACHB\SACBAL3.OBJ ACBP=A9
 0001:000090AC 0000003A C=CODE    S=_TEXT    G=(none)   M=C:\HELIO\SIACHB\SACBAL4.OBJ ACBP=A9
 0001:000090E8 0000003A C=CODE    S=_TEXT    G=(none)   M=C:\HELIO\SIACHB\FORMULA.OBJ ACBP=A9
 0001:00009124 0000003A C=CODE    S=_TEXT    G=(none)   M=C:\HELIO\SIACHB\BOLETO2.OBJ ACBP=A9
 0001:00009160 0000003A C=CODE    S=_TEXT    G=(none)   M=C:\HELIO\SIACHB\SAC525.OBJ ACBP=A9
 0001:0000919C 0000003A C=CODE    S=_TEXT    G=(none)   M=C:\HELIO\SIACHB\SACSINT.OBJ ACBP=A9
 0001:000091D8 00000054 C=CODE    S=_TEXT    G=(none)   M=C:\HELIO\SIACHB\SACEMAIL.OBJ ACBP=A9
 0001:0000922C 00000054 C=CODE    S=_TEXT    G=(none)   M=C:\HELIO\SIACHB\SAC131.OBJ ACBP=A9
 0001:00009280 0000003A C=CODE    S=_TEXT    G=(none)   M=C:\HELIO\SIACHB\SAC132.OBJ ACBP=A9
 0001:000092BC 00000054 C=CODE    S=_TEXT    G=(none)   M=C:\HELIO\SIACHB\SAC111.OBJ ACBP=A9
 0001:00009310 0000003A C=CODE    S=_TEXT    G=(none)   M=C:\HELIO\SIACHB\SAC112.OBJ ACBP=A9
 0001:0000934C 0000003D C=CODE    S=_TEXT    G=(none)   M=C:\HELIO\SIACHB\SACNOTA.OBJ ACBP=A9
 0001:0000938C 0000003A C=CODE    S=_TEXT    G=(none)   M=C:\HELIO\SIACHB\CONS_PROD.OBJ ACBP=A9
 0001:000093C8 0000003D C=CODE    S=_TEXT    G=(none)   M=C:\HELIO\SIACHB\SACTP.OBJ ACBP=A9
 0001:00009408 000000A5 C=CODE    S=_TEXT    G=(none)   M=C:\HELIO\SIACHB\SACTPS.OBJ ACBP=A9
 0001:000094B0 0000003A C=CODE    S=_TEXT    G=(none)   M=C:\HELIO\SIACHB\SPED.OBJ ACBP=A9
 0001:000094EC 0000003A C=CODE    S=_TEXT    G=(none)   M=C:\HELIO\SIACHB\SACAUTO1.OBJ ACBP=A9
 0001:00009528 00000057 C=CODE    S=_TEXT    G=(none)   M=C:\HELIO\SIACHB\SAC211NF.OBJ ACBP=A9
 0001:00009580 0000003A C=CODE    S=_TEXT    G=(none)   M=C:\HELIO\SIACHB\SACFORCA.OBJ ACBP=A9
 0001:000095BC 0000008B C=CODE    S=_TEXT    G=(none)   M=C:\HELIO\SIACHB\SAC110NOVO.OBJ ACBP=A9
 0001:00009648 00000010 C=CODE    S=_TEXT    G=(none)   M=C:\XHARBOUR997\LIB\LANG.LIB|msgen ACBP=A9
 0001:00009658 00000010 C=CODE    S=_TEXT    G=(none)   M=C:\XHARBOUR997\LIB\LANG.LIB|msges ACBP=A9
 0001:00009668 00001613 C=CODE    S=_TEXT    G=(none)   M=C:\XHARBOUR997\LIB\VM.LIB|arrays ACBP=A9
 0001:0000AC7C 0000352B C=CODE    S=_TEXT    G=(none)   M=C:\XHARBOUR997\LIB\VM.LIB|arrayshb ACBP=A9
 0001:0000E1A8 00000469 C=CODE    S=_TEXT    G=(none)   M=C:\XHARBOUR997\LIB\VM.LIB|asort ACBP=A9
 0001:0000E614 00000014 C=CODE    S=_TEXT    G=(none)   M=C:\XHARBOUR997\LIB\VM.LIB|break ACBP=A9
 0001:0000E628 00005508 C=CODE    S=_TEXT    G=(none)   M=C:\XHARBOUR997\LIB\VM.LIB|classes ACBP=A9
 0001:00013B30 000005B0 C=CODE    S=_TEXT    G=(none)   M=C:\XHARBOUR997\LIB\VM.LIB|cmdarg ACBP=A9
 0001:000140E0 0000032D C=CODE    S=_TEXT    G=(none)   M=C:\XHARBOUR997\LIB\VM.LIB|codebloc ACBP=A9
 0001:00014410 0000024A C=CODE    S=_TEXT    G=(none)   M=C:\XHARBOUR997\LIB\VM.LIB|do ACBP=A9
 0001:0001465C 000006D3 C=CODE    S=_TEXT    G=(none)   M=C:\XHARBOUR997\LIB\VM.LIB|dynsym ACBP=A9
 0001:00014D30 000016A7 C=CODE    S=_TEXT    G=(none)   M=C:\XHARBOUR997\LIB\VM.LIB|errorapi ACBP=A9
 0001:000163D8 00000850 C=CODE    S=_TEXT    G=(none)   M=C:\XHARBOUR997\LIB\VM.LIB|estack ACBP=A9
 0001:00016C28 00000B03 C=CODE    S=_TEXT    G=(none)   M=C:\XHARBOUR997\LIB\VM.LIB|eval ACBP=A9
 0001:0001772C 000000D2 C=CODE    S=_TEXT    G=(none)   M=C:\XHARBOUR997\LIB\VM.LIB|evalhb ACBP=A9
 0001:00017800 00001BC0 C=CODE    S=_TEXT    G=(none)   M=C:\XHARBOUR997\LIB\VM.LIB|extend ACBP=A9
 0001:000193C0 000003B5 C=CODE    S=_TEXT    G=(none)   M=C:\XHARBOUR997\LIB\VM.LIB|fm ACBP=A9
 0001:00019778 00000707 C=CODE    S=_TEXT    G=(none)   M=C:\XHARBOUR997\LIB\VM.LIB|garbage ACBP=A9
 0001:00019E80 0000341B C=CODE    S=_TEXT    G=(none)   M=C:\XHARBOUR997\LIB\VM.LIB|hash ACBP=A9
 0001:0001D29C 000011DA C=CODE    S=_TEXT    G=(none)   M=C:\XHARBOUR997\LIB\VM.LIB|hbi18n ACBP=A9
 0001:0001E478 000123B6 C=CODE    S=_TEXT    G=(none)   M=C:\XHARBOUR997\LIB\VM.LIB|hvm ACBP=A9
 0001:00030830 000026F7 C=CODE    S=_TEXT    G=(none)   M=C:\XHARBOUR997\LIB\VM.LIB|inet ACBP=A9
 0001:00032F28 00000006 C=CODE    S=_TEXT    G=(none)   M=C:\XHARBOUR997\LIB\VM.LIB|initexit ACBP=A9
 0001:00032F30 00000017 C=CODE    S=_TEXT    G=(none)   M=C:\XHARBOUR997\LIB\VM.LIB|initsymb ACBP=A9
 0001:00032F48 00001A70 C=CODE    S=_TEXT    G=(none)   M=C:\XHARBOUR997\LIB\VM.LIB|itemapi ACBP=A9
 0001:000349B8 00000B3F C=CODE    S=_TEXT    G=(none)   M=C:\XHARBOUR997\LIB\VM.LIB|fastitem ACBP=A9
 0001:000354F8 00001C7F C=CODE    S=_TEXT    G=(none)   M=C:\XHARBOUR997\LIB\VM.LIB|macro ACBP=A9
 0001:00037178 0000011D C=CODE    S=_TEXT    G=(none)   M=C:\XHARBOUR997\LIB\VM.LIB|mainwin ACBP=A9
 0001:00037298 00001DE8 C=CODE    S=_TEXT    G=(none)   M=C:\XHARBOUR997\LIB\VM.LIB|memvars ACBP=A9
 0001:00039080 00000039 C=CODE    S=_TEXT    G=(none)   M=C:\XHARBOUR997\LIB\VM.LIB|pcount ACBP=A9
 0001:000390BC 00000541 C=CODE    S=_TEXT    G=(none)   M=C:\XHARBOUR997\LIB\VM.LIB|proc ACBP=A9
 0001:00039600 000000E4 C=CODE    S=_TEXT    G=(none)   M=C:\XHARBOUR997\LIB\VM.LIB|thread ACBP=A9
 0001:000396E4 00000072 C=CODE    S=_TEXT    G=(none)   M=C:\XHARBOUR997\LIB\VM.LIB|throw ACBP=A9
 0001:00039758 000000DA C=CODE    S=_TEXT    G=(none)   M=C:\XHARBOUR997\LIB\VM.LIB|harbinit ACBP=A9
 0001:00039834 00000178 C=CODE    S=_TEXT    G=(none)   M=C:\XHARBOUR997\LIB\RTL.LIB|abs ACBP=A9
 0001:000399AC 000002AF C=CODE    S=_TEXT    G=(none)   M=C:\XHARBOUR997\LIB\RTL.LIB|at ACBP=A9
 0001:00039C5C 00000558 C=CODE    S=_TEXT    G=(none)   M=C:\XHARBOUR997\LIB\RTL.LIB|bkgtsks ACBP=A9
 0001:0003A1B4 00000130 C=CODE    S=_TEXT    G=(none)   M=C:\XHARBOUR997\LIB\RTL.LIB|binnumx ACBP=A9
 0001:0003A2E4 0000017D C=CODE    S=_TEXT    G=(none)   M=C:\XHARBOUR997\LIB\RTL.LIB|box ACBP=A9
 0001:0003A464 00000F20 C=CODE    S=_TEXT    G=(none)   M=C:\XHARBOUR997\LIB\RTL.LIB|cdpapi ACBP=A9
 0001:0003B384 000000A2 C=CODE    S=_TEXT    G=(none)   M=C:\XHARBOUR997\LIB\RTL.LIB|chrasc ACBP=A9
 0001:0003B428 000000B6 C=CODE    S=_TEXT    G=(none)   M=C:\XHARBOUR997\LIB\RTL.LIB|colorind ACBP=A9
 0001:0003B4E0 00000975 C=CODE    S=_TEXT    G=(none)   M=C:\XHARBOUR997\LIB\RTL.LIB|console ACBP=A9
 0001:0003BE58 000001B0 C=CODE    S=_TEXT    G=(none)   M=C:\XHARBOUR997\LIB\RTL.LIB|copyfile ACBP=A9
 0001:0003C008 00000143 C=CODE    S=_TEXT    G=(none)   M=C:\XHARBOUR997\LIB\RTL.LIB|datec ACBP=A9
 0001:0003C14C 000007F7 C=CODE    S=_TEXT    G=(none)   M=C:\XHARBOUR997\LIB\RTL.LIB|dates ACBP=A9
 0001:0003C944 000005DD C=CODE    S=_TEXT    G=(none)   M=C:\XHARBOUR997\LIB\RTL.LIB|dateshb ACBP=A9
 0001:0003CF24 000001F0 C=CODE    S=_TEXT    G=(none)   M=C:\XHARBOUR997\LIB\RTL.LIB|dirdrive ACBP=A9
 0001:0003D114 000007D8 C=CODE    S=_TEXT    G=(none)   M=C:\XHARBOUR997\LIB\RTL.LIB|direct ACBP=A9
 0001:0003D8EC 000001C8 C=CODE    S=_TEXT    G=(none)   M=C:\XHARBOUR997\LIB\RTL.LIB|diskspac ACBP=A9
 0001:0003DAB4 00000C67 C=CODE    S=_TEXT    G=(none)   M=C:\XHARBOUR997\LIB\RTL.LIB|dllcall ACBP=A9
 0001:0003E71C 00000188 C=CODE    S=_TEXT    G=(none)   M=C:\XHARBOUR997\LIB\RTL.LIB|empty ACBP=A9
 0001:0003E8A4 00000138 C=CODE    S=_TEXT    G=(none)   M=C:\XHARBOUR997\LIB\RTL.LIB|file ACBP=A9
 0001:0003E9DC 00000072 C=CODE    S=_TEXT    G=(none)   M=C:\XHARBOUR997\LIB\RTL.LIB|filehb ACBP=A9
 0001:0003EA50 0000151F C=CODE    S=_TEXT    G=(none)   M=C:\XHARBOUR997\LIB\RTL.LIB|filesys ACBP=A9
 0001:0003FF70 000000B8 C=CODE    S=_TEXT    G=(none)   M=C:\XHARBOUR997\LIB\RTL.LIB|fserror ACBP=A9
 0001:00040028 000000D9 C=CODE    S=_TEXT    G=(none)   M=C:\XHARBOUR997\LIB\RTL.LIB|fnsplit ACBP=A9
 0001:00040104 00000912 C=CODE    S=_TEXT    G=(none)   M=C:\XHARBOUR997\LIB\RTL.LIB|fparse ACBP=A9
 0001:00040A18 000000AF C=CODE    S=_TEXT    G=(none)   M=C:\XHARBOUR997\LIB\RTL.LIB|fssize ACBP=A9
 0001:00040AC8 0000012B C=CODE    S=_TEXT    G=(none)   M=C:\XHARBOUR997\LIB\RTL.LIB|fstemp ACBP=A9
 0001:00040BF4 000000A2 C=CODE    S=_TEXT    G=(none)   M=C:\XHARBOUR997\LIB\RTL.LIB|gete ACBP=A9
 0001:00040C98 00000037 C=CODE    S=_TEXT    G=(none)   M=C:\XHARBOUR997\LIB\RTL.LIB|gt ACBP=A9
 0001:00040CD0 00003F63 C=CODE    S=_TEXT    G=(none)   M=C:\XHARBOUR997\LIB\RTL.LIB|gtapi ACBP=A9
 0001:00044C34 00000526 C=CODE    S=_TEXT    G=(none)   M=C:\XHARBOUR997\LIB\RTL.LIB|gx ACBP=A9
 0001:0004515C 000003E8 C=CODE    S=_TEXT    G=(none)   M=C:\XHARBOUR997\LIB\RTL.LIB|hbbitf ACBP=A9
 0001:00045544 00000835 C=CODE    S=_TEXT    G=(none)   M=C:\XHARBOUR997\LIB\RTL.LIB|hbffind ACBP=A9
 0001:00045D7C 0000044B C=CODE    S=_TEXT    G=(none)   M=C:\XHARBOUR997\LIB\RTL.LIB|hbhex2n ACBP=A9
 0001:000461C8 00001020 C=CODE    S=_TEXT    G=(none)   M=C:\XHARBOUR997\LIB\RTL.LIB|hbmd5 ACBP=A9
 0001:000471E8 000002A8 C=CODE    S=_TEXT    G=(none)   M=C:\XHARBOUR997\LIB\RTL.LIB|hbrandom ACBP=A9
 0001:00047490 000006DE C=CODE    S=_TEXT    G=(none)   M=C:\XHARBOUR997\LIB\RTL.LIB|hbsrlraw ACBP=A9
 0001:00047B70 00002C9F C=CODE    S=_TEXT    G=(none)   M=C:\XHARBOUR997\LIB\RTL.LIB|hbxml ACBP=A9
 0001:0004A810 000003F7 C=CODE    S=_TEXT    G=(none)   M=C:\XHARBOUR997\LIB\RTL.LIB|idle ACBP=A9
 0001:0004AC08 000007E5 C=CODE    S=_TEXT    G=(none)   M=C:\XHARBOUR997\LIB\RTL.LIB|inkey ACBP=A9
 0001:0004B3F0 0000030F C=CODE    S=_TEXT    G=(none)   M=C:\XHARBOUR997\LIB\RTL.LIB|is ACBP=A9
 0001:0004B700 00000273 C=CODE    S=_TEXT    G=(none)   M=C:\XHARBOUR997\LIB\RTL.LIB|langapi ACBP=A9
 0001:0004B974 000000B3 C=CODE    S=_TEXT    G=(none)   M=C:\XHARBOUR997\LIB\RTL.LIB|left ACBP=A9
 0001:0004BA28 0000006A C=CODE    S=_TEXT    G=(none)   M=C:\XHARBOUR997\LIB\RTL.LIB|len ACBP=A9
 0001:0004BA94 00000951 C=CODE    S=_TEXT    G=(none)   M=C:\XHARBOUR997\LIB\RTL.LIB|math ACBP=A9
 0001:0004C3E8 000000C5 C=CODE    S=_TEXT    G=(none)   M=C:\XHARBOUR997\LIB\RTL.LIB|maxrow ACBP=A9
 0001:0004C4B0 00000157 C=CODE    S=_TEXT    G=(none)   M=C:\XHARBOUR997\LIB\RTL.LIB|memofile ACBP=A9
 0001:0004C608 000004D7 C=CODE    S=_TEXT    G=(none)   M=C:\XHARBOUR997\LIB\RTL.LIB|minmax ACBP=A9
 0001:0004CAE0 00000170 C=CODE    S=_TEXT    G=(none)   M=C:\XHARBOUR997\LIB\RTL.LIB|mod ACBP=A9
 0001:0004CC50 000003C5 C=CODE    S=_TEXT    G=(none)   M=C:\XHARBOUR997\LIB\RTL.LIB|mouseapi ACBP=A9
 0001:0004D018 0000012C C=CODE    S=_TEXT    G=(none)   M=C:\XHARBOUR997\LIB\RTL.LIB|natmsg ACBP=A9
 0001:0004D144 00000049 C=CODE    S=_TEXT    G=(none)   M=C:\XHARBOUR997\LIB\RTL.LIB|net ACBP=A9
 0001:0004D190 000000AE C=CODE    S=_TEXT    G=(none)   M=C:\XHARBOUR997\LIB\RTL.LIB|oemansi ACBP=A9
 0001:0004D240 00000122 C=CODE    S=_TEXT    G=(none)   M=C:\XHARBOUR997\LIB\RTL.LIB|padc ACBP=A9
 0001:0004D364 000000F0 C=CODE    S=_TEXT    G=(none)   M=C:\XHARBOUR997\LIB\RTL.LIB|padl ACBP=A9
 0001:0004D454 000000EB C=CODE    S=_TEXT    G=(none)   M=C:\XHARBOUR997\LIB\RTL.LIB|padr ACBP=A9
 0001:0004D540 00000A48 C=CODE    S=_TEXT    G=(none)   M=C:\XHARBOUR997\LIB\RTL.LIB|philes ACBP=A9
 0001:0004DF88 0000009F C=CODE    S=_TEXT    G=(none)   M=C:\XHARBOUR997\LIB\RTL.LIB|philesx ACBP=A9
 0001:0004E028 00000098 C=CODE    S=_TEXT    G=(none)   M=C:\XHARBOUR997\LIB\RTL.LIB|rat ACBP=A9
 0001:0004E0C0 00001188 C=CODE    S=_TEXT    G=(none)   M=C:\XHARBOUR997\LIB\RTL.LIB|regex ACBP=A9
 0001:0004F248 00000134 C=CODE    S=_TEXT    G=(none)   M=C:\XHARBOUR997\LIB\RTL.LIB|replic ACBP=A9
 0001:0004F37C 0000005D C=CODE    S=_TEXT    G=(none)   M=C:\XHARBOUR997\LIB\RTL.LIB|right ACBP=A9
 0001:0004F3DC 00000125 C=CODE    S=_TEXT    G=(none)   M=C:\XHARBOUR997\LIB\RTL.LIB|round ACBP=A9
 0001:0004F504 00000051 C=CODE    S=_TEXT    G=(none)   M=C:\XHARBOUR997\LIB\RTL.LIB|run ACBP=A9
 0001:0004F558 000001F0 C=CODE    S=_TEXT    G=(none)   M=C:\XHARBOUR997\LIB\RTL.LIB|samples ACBP=A9
 0001:0004F748 000001B0 C=CODE    S=_TEXT    G=(none)   M=C:\XHARBOUR997\LIB\RTL.LIB|saverest ACBP=A9
 0001:0004F8F8 00000103 C=CODE    S=_TEXT    G=(none)   M=C:\XHARBOUR997\LIB\RTL.LIB|scroll ACBP=A9
 0001:0004F9FC 000001DC C=CODE    S=_TEXT    G=(none)   M=C:\XHARBOUR997\LIB\RTL.LIB|seconds ACBP=A9
 0001:0004FBD8 00002716 C=CODE    S=_TEXT    G=(none)   M=C:\XHARBOUR997\LIB\RTL.LIB|set ACBP=A9
 0001:000522F0 0000002D C=CODE    S=_TEXT    G=(none)   M=C:\XHARBOUR997\LIB\RTL.LIB|readins ACBP=A9
 0001:00052320 000000E6 C=CODE    S=_TEXT    G=(none)   M=C:\XHARBOUR997\LIB\RTL.LIB|setcolor ACBP=A9
 0001:00052408 0000005C C=CODE    S=_TEXT    G=(none)   M=C:\XHARBOUR997\LIB\RTL.LIB|setcurs ACBP=A9
 0001:00052464 00000579 C=CODE    S=_TEXT    G=(none)   M=C:\XHARBOUR997\LIB\RTL.LIB|setkey ACBP=A9
 0001:000529E0 0000007D C=CODE    S=_TEXT    G=(none)   M=C:\XHARBOUR997\LIB\RTL.LIB|setpos ACBP=A9
 0001:00052A60 0000002C C=CODE    S=_TEXT    G=(none)   M=C:\XHARBOUR997\LIB\RTL.LIB|setposbs ACBP=A9
 0001:00052A8C 00000079 C=CODE    S=_TEXT    G=(none)   M=C:\XHARBOUR997\LIB\RTL.LIB|space ACBP=A9
 0001:00052B08 00000224 C=CODE    S=_TEXT    G=(none)   M=C:\XHARBOUR997\LIB\RTL.LIB|spfiles ACBP=A9
 0001:00052D2C 00000191 C=CODE    S=_TEXT    G=(none)   M=C:\XHARBOUR997\LIB\RTL.LIB|str ACBP=A9
 0001:00052EC0 0000029E C=CODE    S=_TEXT    G=(none)   M=C:\XHARBOUR997\LIB\RTL.LIB|strcase ACBP=A9
 0001:00053160 0000012B C=CODE    S=_TEXT    G=(none)   M=C:\XHARBOUR997\LIB\RTL.LIB|strdel ACBP=A9
 0001:0005328C 00000035 C=CODE    S=_TEXT    G=(none)   M=C:\XHARBOUR997\LIB\RTL.LIB|strings ACBP=A9
 0001:000532C4 00000424 C=CODE    S=_TEXT    G=(none)   M=C:\XHARBOUR997\LIB\RTL.LIB|strmatch ACBP=A9
 0001:000536E8 000002DB C=CODE    S=_TEXT    G=(none)   M=C:\XHARBOUR997\LIB\RTL.LIB|strtran ACBP=A9
 0001:000539C4 00000124 C=CODE    S=_TEXT    G=(none)   M=C:\XHARBOUR997\LIB\RTL.LIB|strzero ACBP=A9
 0001:00053AE8 00000168 C=CODE    S=_TEXT    G=(none)   M=C:\XHARBOUR997\LIB\RTL.LIB|stuff ACBP=A9
 0001:00053C50 00000124 C=CODE    S=_TEXT    G=(none)   M=C:\XHARBOUR997\LIB\RTL.LIB|substr ACBP=A9
 0001:00053D74 00000218 C=CODE    S=_TEXT    G=(none)   M=C:\XHARBOUR997\LIB\RTL.LIB|teditorl ACBP=A9
 0001:00053F8C 00000058 C=CODE    S=_TEXT    G=(none)   M=C:\XHARBOUR997\LIB\RTL.LIB|tone ACBP=A9
 0001:00053FE4 00000B6D C=CODE    S=_TEXT    G=(none)   M=C:\XHARBOUR997\LIB\RTL.LIB|tprinter ACBP=A9
 0001:00054B54 00000130 C=CODE    S=_TEXT    G=(none)   M=C:\XHARBOUR997\LIB\RTL.LIB|trace ACBP=A9
 0001:00054C84 000018E4 C=CODE    S=_TEXT    G=(none)   M=C:\XHARBOUR997\LIB\RTL.LIB|transfrm ACBP=A9
 0001:00056568 0000021C C=CODE    S=_TEXT    G=(none)   M=C:\XHARBOUR997\LIB\RTL.LIB|trim ACBP=A9
 0001:00056784 00000F92 C=CODE    S=_TEXT    G=(none)   M=C:\XHARBOUR997\LIB\RTL.LIB|txtline ACBP=A9
 0001:00057718 00000066 C=CODE    S=_TEXT    G=(none)   M=C:\XHARBOUR997\LIB\RTL.LIB|type ACBP=A9
 0001:00057780 00000091 C=CODE    S=_TEXT    G=(none)   M=C:\XHARBOUR997\LIB\RTL.LIB|val ACBP=A9
 0001:00057814 00000049 C=CODE    S=_TEXT    G=(none)   M=C:\XHARBOUR997\LIB\RTL.LIB|valtostr ACBP=A9
 0001:00057860 00000270 C=CODE    S=_TEXT    G=(none)   M=C:\XHARBOUR997\LIB\RTL.LIB|valtype ACBP=A9
 0001:00057AD0 0000035C C=CODE    S=_TEXT    G=(none)   M=C:\XHARBOUR997\LIB\RTL.LIB|version ACBP=A9
 0001:00057E2C 00000042 C=CODE    S=_TEXT    G=(none)   M=C:\XHARBOUR997\LIB\RTL.LIB|word ACBP=A9
 0001:00057E70 00000057 C=CODE    S=_TEXT    G=(none)   M=C:\XHARBOUR997\LIB\RTL.LIB|xhelp ACBP=A9
 0001:00057EC8 000000DE C=CODE    S=_TEXT    G=(none)   M=C:\XHARBOUR997\LIB\RTL.LIB|xsavescr ACBP=A9
 0001:00057FA8 00000234 C=CODE    S=_TEXT    G=(none)   M=C:\XHARBOUR997\LIB\RTL.LIB|achoice ACBP=A9
 0001:000581DC 0000007A C=CODE    S=_TEXT    G=(none)   M=C:\XHARBOUR997\LIB\RTL.LIB|alert ACBP=A9
 0001:00058258 00000032 C=CODE    S=_TEXT    G=(none)   M=C:\XHARBOUR997\LIB\RTL.LIB|browdb ACBP=A9
 0001:0005828C 0000016A C=CODE    S=_TEXT    G=(none)   M=C:\XHARBOUR997\LIB\RTL.LIB|color53 ACBP=A9
 0001:000583F8 000000AA C=CODE    S=_TEXT    G=(none)   M=C:\XHARBOUR997\LIB\RTL.LIB|cstr ACBP=A9
 0001:000584A4 00000032 C=CODE    S=_TEXT    G=(none)   M=C:\XHARBOUR997\LIB\RTL.LIB|devoutp ACBP=A9
 0001:000584D8 0000004A C=CODE    S=_TEXT    G=(none)   M=C:\XHARBOUR997\LIB\RTL.LIB|fieldbl ACBP=A9
 0001:00058524 0000007A C=CODE    S=_TEXT    G=(none)   M=C:\XHARBOUR997\LIB\RTL.LIB|getlist ACBP=A9
 0001:000585A0 00000242 C=CODE    S=_TEXT    G=(none)   M=C:\XHARBOUR997\LIB\RTL.LIB|getsys ACBP=A9
 0001:000587E4 00000062 C=CODE    S=_TEXT    G=(none)   M=C:\XHARBOUR997\LIB\RTL.LIB|hbserial ACBP=A9
 0001:00058848 00000396 C=CODE    S=_TEXT    G=(none)   M=C:\XHARBOUR997\LIB\RTL.LIB|listbox ACBP=A9
 0001:00058BE0 000000DA C=CODE    S=_TEXT    G=(none)   M=C:\XHARBOUR997\LIB\RTL.LIB|memoedit ACBP=A9
 0001:00058CBC 00000032 C=CODE    S=_TEXT    G=(none)   M=C:\XHARBOUR997\LIB\RTL.LIB|memvarbl ACBP=A9
 0001:00058CF0 0000007A C=CODE    S=_TEXT    G=(none)   M=C:\XHARBOUR997\LIB\RTL.LIB|menuto ACBP=A9
 0001:00058D6C 0000010A C=CODE    S=_TEXT    G=(none)   M=C:\XHARBOUR997\LIB\RTL.LIB|mssgline ACBP=A9
 0001:00058E78 00000212 C=CODE    S=_TEXT    G=(none)   M=C:\XHARBOUR997\LIB\RTL.LIB|objfunc ACBP=A9
 0001:0005908C 0000004A C=CODE    S=_TEXT    G=(none)   M=C:\XHARBOUR997\LIB\RTL.LIB|readvar ACBP=A9
 0001:000590D8 00000182 C=CODE    S=_TEXT    G=(none)   M=C:\XHARBOUR997\LIB\RTL.LIB|scrollbr ACBP=A9
 0001:0005925C 000000C2 C=CODE    S=_TEXT    G=(none)   M=C:\XHARBOUR997\LIB\RTL.LIB|tbcolumn ACBP=A9
 0001:00059320 00000756 C=CODE    S=_TEXT    G=(none)   M=C:\XHARBOUR997\LIB\RTL.LIB|tbrowse ACBP=A9
 0001:00059A78 0000040E C=CODE    S=_TEXT    G=(none)   M=C:\XHARBOUR997\LIB\RTL.LIB|tclass ACBP=A9
 0001:00059E88 0000064E C=CODE    S=_TEXT    G=(none)   M=C:\XHARBOUR997\LIB\RTL.LIB|teditor ACBP=A9
 0001:0005A4D8 0000004A C=CODE    S=_TEXT    G=(none)   M=C:\XHARBOUR997\LIB\RTL.LIB|terror ACBP=A9
 0001:0005A524 0000043E C=CODE    S=_TEXT    G=(none)   M=C:\XHARBOUR997\LIB\RTL.LIB|tget ACBP=A9
 0001:0005A964 00000062 C=CODE    S=_TEXT    G=(none)   M=C:\XHARBOUR997\LIB\RTL.LIB|tgetint ACBP=A9
 0001:0005A9C8 000002A6 C=CODE    S=_TEXT    G=(none)   M=C:\XHARBOUR997\LIB\RTL.LIB|tgetlist ACBP=A9
 0001:0005AC70 000000DA C=CODE    S=_TEXT    G=(none)   M=C:\XHARBOUR997\LIB\RTL.LIB|tobject ACBP=A9
 0001:0005AD4C 0000004A C=CODE    S=_TEXT    G=(none)   M=C:\XHARBOUR997\LIB\RTL.LIB|traceprg ACBP=A9
 0001:0005AD98 00000062 C=CODE    S=_TEXT    G=(none)   M=C:\XHARBOUR997\LIB\RTL.LIB|ttextlin ACBP=A9
 0001:0005ADFC 0000025A C=CODE    S=_TEXT    G=(none)   M=C:\XHARBOUR997\LIB\RTL.LIB|txml ACBP=A9
 0001:0005B058 00002591 C=CODE    S=_TEXT    G=(none)   M=C:\XHARBOUR997\LIB\RTL.LIB|win32ole ACBP=A9
 0001:0005D5EC 000003D3 C=CODE    S=_TEXT    G=(none)   M=C:\XHARBOUR997\LIB\RTL.LIB|winos ACBP=A9
 0001:0005D9C0 0000032E C=CODE    S=_TEXT    G=(none)   M=C:\XHARBOUR997\LIB\RTL.LIB|winreg ACBP=A9
 0001:0005DCF0 00006006 C=CODE    S=_TEXT    G=(none)   M=C:\XHARBOUR997\LIB\RDD.LIB|dbcmd ACBP=A9
 0001:00063CF8 00001A7B C=CODE    S=_TEXT    G=(none)   M=C:\XHARBOUR997\LIB\RDD.LIB|workarea ACBP=A9
 0001:00065774 00005FD8 C=CODE    S=_TEXT    G=(none)   M=C:\XHARBOUR997\LIB\RDD.LIB|dbf1 ACBP=A9
 0001:0006B74C 000018B8 C=CODE    S=_TEXT    G=(none)   M=C:\XHARBOUR997\LIB\RDD.LIB|sdf1 ACBP=A9
 0001:0006D004 00000032 C=CODE    S=_TEXT    G=(none)   M=C:\XHARBOUR997\LIB\RDD.LIB|dbsdf ACBP=A9
 0001:0006D038 00000695 C=CODE    S=_TEXT    G=(none)   M=C:\XHARBOUR997\LIB\RDD.LIB|hbdbsort ACBP=A9
 0001:0006D6D0 000000DA C=CODE    S=_TEXT    G=(none)   M=C:\XHARBOUR997\LIB\RDD.LIB|rddord ACBP=A9
 0001:0006D7AC 00000032 C=CODE    S=_TEXT    G=(none)   M=C:\XHARBOUR997\LIB\RDD.LIB|rddsys ACBP=A9
 0001:0006D7E0 000041D9 C=CODE    S=_TEXT    G=(none)   M=C:\XHARBOUR997\LIB\MACRO.LIB|macroy ACBP=A9
 0001:000719BC 00000319 C=CODE    S=_TEXT    G=(none)   M=C:\XHARBOUR997\LIB\MACRO.LIB|macroa ACBP=A9
 0001:00071CD8 000058A1 C=CODE    S=_TEXT    G=(none)   M=C:\XHARBOUR997\LIB\MACRO.LIB|macrob ACBP=A9
 0001:0007757C 000007E8 C=CODE    S=_TEXT    G=(none)   M=C:\XHARBOUR997\LIB\MACRO.LIB|macroc ACBP=A9
 0001:00077D64 00001CCE C=CODE    S=_TEXT    G=(none)   M=C:\XHARBOUR997\LIB\MACRO.LIB|macroslx ACBP=A9
 0001:00079A34 0000A74C C=CODE    S=_TEXT    G=(none)   M=C:\XHARBOUR997\LIB\DBFNTX.LIB|dbfntx1 ACBP=A9
 0001:00084180 00006620 C=CODE    S=_TEXT    G=(none)   M=C:\XHARBOUR997\LIB\DBFFPT.LIB|dbffpt1 ACBP=A9
 0001:0008A7A0 0000018C C=CODE    S=_TEXT    G=(none)   M=C:\XHARBOUR997\LIB\WVWTOOLS.LIB|gchckbox ACBP=A9
 0001:0008A92C 000003CB C=CODE    S=_TEXT    G=(none)   M=C:\XHARBOUR997\LIB\WVWTOOLS.LIB|getsys ACBP=A9
 0001:0008ACF8 00000481 C=CODE    S=_TEXT    G=(none)   M=C:\XHARBOUR997\LIB\WVWTOOLS.LIB|glistbox ACBP=A9
 0001:0008B17C 000001A6 C=CODE    S=_TEXT    G=(none)   M=C:\XHARBOUR997\LIB\WVWTOOLS.LIB|gpushbtn ACBP=A9
 0001:0008B324 00000228 C=CODE    S=_TEXT    G=(none)   M=C:\XHARBOUR997\LIB\WVWTOOLS.LIB|gradigrp ACBP=A9
 0001:0008B54C 00019F0E C=CODE    S=_TEXT    G=(none)   M=C:\XHARBOUR997\LIB\WVWTOOLS.LIB|gtwvw ACBP=A9
 0001:000A545C 00000088 C=CODE    S=_TEXT    G=(none)   M=C:\XHARBOUR997\LIB\WVWTOOLS.LIB|middlwvw ACBP=A9
 0001:000A54E4 00000172 C=CODE    S=_TEXT    G=(none)   M=C:\XHARBOUR997\LIB\WVWTOOLS.LIB|tappl ACBP=A9
 0001:000A5658 00000315 C=CODE    S=_TEXT    G=(none)   M=C:\XHARBOUR997\LIB\WVWTOOLS.LIB|tgetlist ACBP=A9
 0001:000A5970 00000481 C=CODE    S=_TEXT    G=(none)   M=C:\XHARBOUR997\LIB\WVWTOOLS.LIB|ttabpage ACBP=A9
 0001:000A5DF4 00000794 C=CODE    S=_TEXT    G=(none)   M=C:\XHARBOUR997\LIB\WVWTOOLS.LIB|twindows ACBP=A9
 0001:000A6588 000003AB C=CODE    S=_TEXT    G=(none)   M=C:\XHARBOUR997\LIB\WVWTOOLS.LIB|winapi ACBP=A9
 0001:000A6934 000003A3 C=CODE    S=_TEXT    G=(none)   M=C:\XHARBOUR997\LIB\WVWTOOLS.LIB|wvwmisc ACBP=A9
 0001:000A6CD8 0000CC94 C=CODE    S=_TEXT    G=(none)   M=C:\XHARBOUR997\LIB\DBFCDX.LIB|dbfcdx1 ACBP=A9
 0001:000B396C 0000195A C=CODE    S=_TEXT    G=(none)   M=C:\SQLRDD997\LIB\BC5\SQL.LIB|sqly ACBP=A9
 0001:000B52C8 000002FB C=CODE    S=_TEXT    G=(none)   M=C:\SQLRDD997\LIB\BC5\SQL.LIB|sqlconnection ACBP=A9
 0001:000B55C4 00000922 C=CODE    S=_TEXT    G=(none)   M=C:\SQLRDD997\LIB\BC5\SQL.LIB|sqlrdd0 ACBP=A9
 0001:000B5EE8 00000AE7 C=CODE    S=_TEXT    G=(none)   M=C:\SQLRDD997\LIB\BC5\SQL.LIB|sqlrdd2 ACBP=A9
 0001:000B69D0 00000748 C=CODE    S=_TEXT    G=(none)   M=C:\SQLRDD997\LIB\BC5\SQL.LIB|utils ACBP=A9
 0001:000B7118 000002CF C=CODE    S=_TEXT    G=(none)   M=C:\SQLRDD997\LIB\BC5\SQL.LIB|sqlgen1 ACBP=A9
 0001:000B73E8 0000013A C=CODE    S=_TEXT    G=(none)   M=C:\SQLRDD997\LIB\BC5\SQL.LIB|utilslang ACBP=A9
 0001:000B7524 00000172 C=CODE    S=_TEXT    G=(none)   M=C:\SQLRDD997\LIB\BC5\SQL.LIB|sqlfirebird ACBP=A9
 0001:000B7698 00001088 C=CODE    S=_TEXT    G=(none)   M=C:\SQLRDD997\LIB\BC5\SQL.LIB|sqlact ACBP=A9
 0001:000B8720 000021CD C=CODE    S=_TEXT    G=(none)   M=C:\SQLRDD997\LIB\BC5\SQL.LIB|firebird ACBP=A9
 0001:000BA8F0 00001646 C=CODE    S=_TEXT    G=(none)   M=C:\SQLRDD997\LIB\BC5\SQL.LIB|sqllex ACBP=A9
 0001:000BBF38 000050D5 C=CODE    S=_TEXT    G=(none)   M=C:\SQLRDD997\LIB\BC5\SQL.LIB|sqlrdd1 ACBP=A9
 0001:000C1010 0000EBA9 C=CODE    S=_TEXT    G=(none)   M=C:\SQLRDD997\LIB\BC5\SQL.LIB|sqlora ACBP=A9
 0001:000CFBBC 000001BE C=CODE    S=_TEXT    G=(none)   M=C:\XHARBOUR997\LIB\TIP.LIB|base64x ACBP=A9
 0001:000CFD7C 00000742 C=CODE    S=_TEXT    G=(none)   M=C:\XHARBOUR997\LIB\TIP.LIB|utils ACBP=A9
 0001:000D04C0 000001FA C=CODE    S=_TEXT    G=(none)   M=C:\XHARBOUR997\LIB\TIP.LIB|client ACBP=A9
 0001:000D06BC 0000004A C=CODE    S=_TEXT    G=(none)   M=C:\XHARBOUR997\LIB\TIP.LIB|credent ACBP=A9
 0001:000D0708 000003E3 C=CODE    S=_TEXT    G=(none)   M=C:\XHARBOUR997\LIB\TIP.LIB|encb64 ACBP=A9
 0001:000D0AEC 00000092 C=CODE    S=_TEXT    G=(none)   M=C:\XHARBOUR997\LIB\TIP.LIB|encoder ACBP=A9
 0001:000D0B80 0000032B C=CODE    S=_TEXT    G=(none)   M=C:\XHARBOUR997\LIB\TIP.LIB|encqp ACBP=A9
 0001:000D0EAC 000002BB C=CODE    S=_TEXT    G=(none)   M=C:\XHARBOUR997\LIB\TIP.LIB|encurl ACBP=A9
 0001:000D1168 000002A2 C=CODE    S=_TEXT    G=(none)   M=C:\XHARBOUR997\LIB\TIP.LIB|ftpcln ACBP=A9
 0001:000D140C 00000182 C=CODE    S=_TEXT    G=(none)   M=C:\XHARBOUR997\LIB\TIP.LIB|httpcln ACBP=A9
 0001:000D1590 0000019A C=CODE    S=_TEXT    G=(none)   M=C:\XHARBOUR997\LIB\TIP.LIB|mail ACBP=A9
 0001:000D172C 00000182 C=CODE    S=_TEXT    G=(none)   M=C:\XHARBOUR997\LIB\TIP.LIB|popcln ACBP=A9
 0001:000D18B0 0000019A C=CODE    S=_TEXT    G=(none)   M=C:\XHARBOUR997\LIB\TIP.LIB|smtpcln ACBP=A9
 0001:000D1A4C 000000C2 C=CODE    S=_TEXT    G=(none)   M=C:\XHARBOUR997\LIB\TIP.LIB|url ACBP=A9
 0001:000D1B10 000002B7 C=CODE    S=_TEXT    G=(none)   M=C:\XHARBOUR997\LIB\COMMON.LIB|hbfsapi ACBP=A9
 0001:000D1DC8 00000033 C=CODE    S=_TEXT    G=(none)   M=C:\XHARBOUR997\LIB\COMMON.LIB|hbgete ACBP=A9
 0001:000D1DFC 00000CFB C=CODE    S=_TEXT    G=(none)   M=C:\XHARBOUR997\LIB\COMMON.LIB|hbstr ACBP=A9
 0001:000D2AF8 00000225 C=CODE    S=_TEXT    G=(none)   M=C:\XHARBOUR997\LIB\COMMON.LIB|hbtrace ACBP=A9
 0001:000D2D20 00000EF6 C=CODE    S=_TEXT    G=(none)   M=C:\XHARBOUR997\LIB\COMMON.LIB|hbver ACBP=A9
 0001:000D3C18 00000862 C=CODE    S=_TEXT    G=(none)   M=C:\XHARBOUR997\LIB\COMMON.LIB|expropt1 ACBP=A9
 0001:000D447C 000011E4 C=CODE    S=_TEXT    G=(none)   M=C:\XHARBOUR997\LIB\COMMON.LIB|expropt2 ACBP=A9
 0001:000D5660 00000060 C=CODE    S=_TEXT    G=(none)   M=C:\XHARBOUR997\LIB\COMMON.LIB|reserved ACBP=A9
 0001:000D56C0 00000010 C=CODE    S=_TEXT    G=(none)   M=C:\XHARBOUR997\LIB\CODEPAGE.LIB|cpesdos ACBP=A9
 0001:000D56D0 00000010 C=CODE    S=_TEXT    G=(none)   M=C:\XHARBOUR997\LIB\CODEPAGE.LIB|cpesmwin ACBP=A9
 0001:000D56E0 00000010 C=CODE    S=_TEXT    G=(none)   M=C:\XHARBOUR997\LIB\CODEPAGE.LIB|cpeswin ACBP=A9
 0001:000D56F0 00000010 C=CODE    S=_TEXT    G=(none)   M=C:\XHARBOUR997\LIB\CODEPAGE.LIB|cppt850 ACBP=A9
 0001:000D5700 0000033A C=CODE    S=_TEXT    G=(none)   M=C:\XHARBOUR997\LIB\PCREPOS.LIB|pcreposix ACBP=A9
 0001:000D5A3C 00004761 C=CODE    S=_TEXT    G=(none)   M=C:\XHARBOUR997\LIB\PCREPOS.LIB|pcre_compile ACBP=A9
 0001:000DA1A0 00005B5B C=CODE    S=_TEXT    G=(none)   M=C:\XHARBOUR997\LIB\PCREPOS.LIB|pcre_exec ACBP=A9
 0001:000DFCFC 0000007B C=CODE    S=_TEXT    G=(none)   M=C:\XHARBOUR997\LIB\PCREPOS.LIB|pcre_info ACBP=A9
 0001:000DFD78 0000004D C=CODE    S=_TEXT    G=(none)   M=C:\XHARBOUR997\LIB\PCREPOS.LIB|pcre_ord2utf8 ACBP=A9
 0001:000DFDC8 0000017B C=CODE    S=_TEXT    G=(none)   M=C:\XHARBOUR997\LIB\PCREPOS.LIB|pcre_try_flipped ACBP=A9
 0001:000DFF44 00000137 C=CODE    S=_TEXT    G=(none)   M=C:\XHARBOUR997\LIB\PCREPOS.LIB|pcre_ucp_findchar ACBP=A9
 0001:000E007C 0000013B C=CODE    S=_TEXT    G=(none)   M=C:\XHARBOUR997\LIB\PCREPOS.LIB|pcre_valid_utf8 ACBP=A9
 0001:000E01B8 00000219 C=CODE    S=_TEXT    G=(none)   M=C:\XHARBOUR997\LIB\PCREPOS.LIB|pcre_xclass ACBP=A9
 0001:000E03D4 000003B5 C=CODE    S=_TEXT    G=(none)   M=C:\XHARBOUR997\LIB\HBSIX.LIB|sxcrypt ACBP=A9
 0001:000E078C 000000E8 C=CODE    S=_TEXT    G=(none)   M=C:\XHARBOUR997\LIB\HBSIX.LIB|sxdate ACBP=A9
 0001:000E0874 0000002B C=CODE    S=_TEXT    G=(none)   M=C:\BORLAND\BCC55\LIB\CW32.LIB|calloc ACBP=A9
 0001:000E08A0 0000000F C=CODE    S=_TEXT    G=(none)   M=C:\BORLAND\BCC55\LIB\CW32.LIB|del ACBP=A9
 0001:000E08B0 0000000F C=CODE    S=_TEXT    G=(none)   M=C:\BORLAND\BCC55\LIB\CW32.LIB|delarray ACBP=A9
 0001:000E08C0 00000111 C=CODE    S=_TEXT    G=(none)   M=C:\BORLAND\BCC55\LIB\CW32.LIB|virtmem ACBP=A9
 0001:000E09D4 0000009F C=CODE    S=_TEXT    G=(none)   M=C:\BORLAND\BCC55\LIB\CW32.LIB|hrdir_b ACBP=A9
 0001:000E0A74 00000020 C=CODE    S=_TEXT    G=(none)   M=C:\BORLAND\BCC55\LIB\CW32.LIB|hrdir_mf ACBP=A9
 0001:000E0A94 00000016 C=CODE    S=_TEXT    G=(none)   M=C:\BORLAND\BCC55\LIB\CW32.LIB|hrdir_r ACBP=A9
 0001:000E0AAC 000000B8 C=CODE    S=_TEXT    G=(none)   M=C:\BORLAND\BCC55\LIB\CW32.LIB|hrdir_s ACBP=A9
 0001:000E0B64 00000001 C=CODE    S=_TEXT    G=(none)   M=C:\BORLAND\BCC55\LIB\CW32.LIB|hrdir_us ACBP=A9
 0001:000E0B68 000009CC C=CODE    S=_TEXT    G=(none)   M=C:\BORLAND\BCC55\LIB\CW32.LIB|heap ACBP=A9
 0001:000E1534 00000292 C=CODE    S=_TEXT    G=(none)   M=C:\BORLAND\BCC55\LIB\CW32.LIB|realloc ACBP=A9
 0001:000E17C8 00000001 C=CODE    S=_TEXT    G=(none)   M=C:\BORLAND\BCC55\LIB\CW32.LIB|crtlst_i ACBP=A9
 0001:000E17CC 00000001 C=CODE    S=_TEXT    G=(none)   M=C:\BORLAND\BCC55\LIB\CW32.LIB|crtlst_l ACBP=A9
 0001:000E17D0 0000001E C=CODE    S=_TEXT    G=(none)   M=C:\BORLAND\BCC55\LIB\CW32.LIB|memchr ACBP=A9
 0001:000E17F0 00000024 C=CODE    S=_TEXT    G=(none)   M=C:\BORLAND\BCC55\LIB\CW32.LIB|memcpy ACBP=A9
 0001:000E1814 0000004A C=CODE    S=_TEXT    G=(none)   M=C:\BORLAND\BCC55\LIB\CW32.LIB|memmove ACBP=A9
 0001:000E1860 0000008A C=CODE    S=_TEXT    G=(none)   M=C:\BORLAND\BCC55\LIB\CW32.LIB|memset ACBP=A9
 0001:000E18EC 00000018 C=CODE    S=_TEXT    G=(none)   M=C:\BORLAND\BCC55\LIB\CW32.LIB|wmemset ACBP=A9
 0001:000E1904 0000003C C=CODE    S=_TEXT    G=(none)   M=C:\BORLAND\BCC55\LIB\CW32.LIB|strcat ACBP=A9
 0001:000E1940 00000053 C=CODE    S=_TEXT    G=(none)   M=C:\BORLAND\BCC55\LIB\CW32.LIB|strchr ACBP=A9
 0001:000E1994 0000004B C=CODE    S=_TEXT    G=(none)   M=C:\BORLAND\BCC55\LIB\CW32.LIB|strcmp ACBP=A9
 0001:000E19E0 0000002F C=CODE    S=_TEXT    G=(none)   M=C:\BORLAND\BCC55\LIB\CW32.LIB|strcpy ACBP=A9
 0001:000E1A10 0000005A C=CODE    S=_TEXT    G=(none)   M=C:\BORLAND\BCC55\LIB\CW32.LIB|strlen ACBP=A9
 0001:000E1A6C 0000006E C=CODE    S=_TEXT    G=(none)   M=C:\BORLAND\BCC55\LIB\CW32.LIB|strncat ACBP=A9
 0001:000E1ADC 00000027 C=CODE    S=_TEXT    G=(none)   M=C:\BORLAND\BCC55\LIB\CW32.LIB|strncmp ACBP=A9
 0001:000E1B04 0000006C C=CODE    S=_TEXT    G=(none)   M=C:\BORLAND\BCC55\LIB\CW32.LIB|memcmp ACBP=A9
 0001:000E1B70 000000B7 C=CODE    S=_TEXT    G=(none)   M=C:\BORLAND\BCC55\LIB\CW32.LIB|strerror ACBP=A9
 0001:000E1C28 0000004F C=CODE    S=_TEXT    G=(none)   M=C:\BORLAND\BCC55\LIB\CW32.LIB|strncpy ACBP=A9
 0001:000E1C78 0000002B C=CODE    S=_TEXT    G=(none)   M=C:\BORLAND\BCC55\LIB\CW32.LIB|strpbrk ACBP=A9
 0001:000E1CA4 00000029 C=CODE    S=_TEXT    G=(none)   M=C:\BORLAND\BCC55\LIB\CW32.LIB|strrchr ACBP=A9
 0001:000E1CD0 00000054 C=CODE    S=_TEXT    G=(none)   M=C:\BORLAND\BCC55\LIB\CW32.LIB|strstr ACBP=A9
 0001:000E1D24 00000067 C=CODE    S=_TEXT    G=(none)   M=C:\BORLAND\BCC55\LIB\CW32.LIB|strtok ACBP=A9
 0001:000E1D8C 00000037 C=CODE    S=_TEXT    G=(none)   M=C:\BORLAND\BCC55\LIB\CW32.LIB|_stpcpy ACBP=A9
 0001:000E1DC4 00000018 C=CODE    S=_TEXT    G=(none)   M=C:\BORLAND\BCC55\LIB\CW32.LIB|wcslen ACBP=A9
 0001:000E1DDC 0000003F C=CODE    S=_TEXT    G=(none)   M=C:\BORLAND\BCC55\LIB\CW32.LIB|wcscpy ACBP=A9
 0001:000E1E1C 00000070 C=CODE    S=_TEXT    G=(none)   M=C:\BORLAND\BCC55\LIB\CW32.LIB|xxa ACBP=A9
 0001:000E1E8C 00000778 C=CODE    S=_TEXT    G=(none)   M=C:\BORLAND\BCC55\LIB\CW32.LIB|xxtype ACBP=A9
 0001:000E25DE 000000B6 C=CODE    S=_TEXT    G=(none)   M=C:\BORLAND\BCC55\LIB\CW32.LIB|xxut ACBP=A9
 0001:000E2680 0000014B C=CODE    S=_TEXT    G=(none)   M=C:\BORLAND\BCC55\LIB\CW32.LIB|xxv ACBP=A9
 0001:000E27CC 0000000A C=CODE    S=_TEXT    G=(none)   M=C:\BORLAND\BCC55\LIB\CW32.LIB|defhandl ACBP=A9
 0001:000E27D8 00000179 C=CODE    S=_TEXT    G=(none)   M=C:\BORLAND\BCC55\LIB\CW32.LIB|except ACBP=A9
 0001:000E2954 00000046 C=CODE    S=_TEXT    G=(none)   M=C:\BORLAND\BCC55\LIB\CW32.LIB|setexc ACBP=A9
 0001:000E299C 00000022 C=CODE    S=_TEXT    G=(none)   M=C:\BORLAND\BCC55\LIB\CW32.LIB|ta ACBP=A9
 0001:000E29C0 0000003C C=CODE    S=_TEXT    G=(none)   M=C:\BORLAND\BCC55\LIB\CW32.LIB|__access ACBP=A9
 0001:000E29FC 00000060 C=CODE    S=_TEXT    G=(none)   M=C:\BORLAND\BCC55\LIB\CW32.LIB|__close ACBP=A9
 0001:000E2A5C 00000013 C=CODE    S=_TEXT    G=(none)   M=C:\BORLAND\BCC55\LIB\CW32.LIB|__dup ACBP=A9
 0001:000E2A70 000000EF C=CODE    S=_TEXT    G=(none)   M=C:\BORLAND\BCC55\LIB\CW32.LIB|__dup2 ACBP=A9
 0001:000E2B60 00000086 C=CODE    S=_TEXT    G=(none)   M=C:\BORLAND\BCC55\LIB\CW32.LIB|__eof ACBP=A9
 0001:000E2BE8 00000047 C=CODE    S=_TEXT    G=(none)   M=C:\BORLAND\BCC55\LIB\CW32.LIB|__isatty ACBP=A9
 0001:000E2C30 00000076 C=CODE    S=_TEXT    G=(none)   M=C:\BORLAND\BCC55\LIB\CW32.LIB|__lseek ACBP=A9
 0001:000E2CA8 000001FA C=CODE    S=_TEXT    G=(none)   M=C:\BORLAND\BCC55\LIB\CW32.LIB|__open ACBP=A9
 0001:000E2EA4 0000019A C=CODE    S=_TEXT    G=(none)   M=C:\BORLAND\BCC55\LIB\CW32.LIB|__read ACBP=A9
 0001:000E3040 0000011C C=CODE    S=_TEXT    G=(none)   M=C:\BORLAND\BCC55\LIB\CW32.LIB|__write ACBP=A9
 0001:000E315C 00000011 C=CODE    S=_TEXT    G=(none)   M=C:\BORLAND\BCC55\LIB\CW32.LIB|_cfinfo ACBP=A9
 0001:000E3170 00000038 C=CODE    S=_TEXT    G=(none)   M=C:\BORLAND\BCC55\LIB\CW32.LIB|_flshall ACBP=A9
 0001:000E31A8 00000061 C=CODE    S=_TEXT    G=(none)   M=C:\BORLAND\BCC55\LIB\CW32.LIB|_read ACBP=A9
 0001:000E320C 00000008 C=CODE    S=_TEXT    G=(none)   M=C:\BORLAND\BCC55\LIB\CW32.LIB|_stat ACBP=A9
 0001:000E3214 00000017 C=CODE    S=_TEXT    G=(none)   M=C:\BORLAND\BCC55\LIB\CW32.LIB|_umask ACBP=A9
 0001:000E3214 00000061 C=CODE    S=_TEXT    G=(none)   M=C:\BORLAND\BCC55\LIB\CW32.LIB|_write ACBP=A9
 0001:000E3278 00000008 C=CODE    S=_TEXT    G=(none)   M=C:\BORLAND\BCC55\LIB\CW32.LIB|access ACBP=A9
 0001:000E3280 0000007D C=CODE    S=_TEXT    G=(none)   M=C:\BORLAND\BCC55\LIB\CW32.LIB|allocbuf ACBP=A9
 0001:000E3300 0000009B C=CODE    S=_TEXT    G=(none)   M=C:\BORLAND\BCC55\LIB\CW32.LIB|chdrive ACBP=A9
 0001:000E339C 00000008 C=CODE    S=_TEXT    G=(none)   M=C:\BORLAND\BCC55\LIB\CW32.LIB|close ACBP=A9
 0001:000E33A4 00000008 C=CODE    S=_TEXT    G=(none)   M=C:\BORLAND\BCC55\LIB\CW32.LIB|dup ACBP=A9
 0001:000E33AC 00000008 C=CODE    S=_TEXT    G=(none)   M=C:\BORLAND\BCC55\LIB\CW32.LIB|eof ACBP=A9
 0001:000E33B4 0000008E C=CODE    S=_TEXT    G=(none)   M=C:\BORLAND\BCC55\LIB\CW32.LIB|fclose ACBP=A9
 0001:000E3444 0000007F C=CODE    S=_TEXT    G=(none)   M=C:\BORLAND\BCC55\LIB\CW32.LIB|fflush ACBP=A9
 0001:000E34C4 0000005A C=CODE    S=_TEXT    G=(none)   M=C:\BORLAND\BCC55\LIB\CW32.LIB|flushout ACBP=A9
 0001:000E3520 00000023 C=CODE    S=_TEXT    G=(none)   M=C:\BORLAND\BCC55\LIB\CW32.LIB|fmodeptr ACBP=A9
 0001:000E3544 000001DD C=CODE    S=_TEXT    G=(none)   M=C:\BORLAND\BCC55\LIB\CW32.LIB|fopen ACBP=A9
 0001:000E3724 00000022 C=CODE    S=_TEXT    G=(none)   M=C:\BORLAND\BCC55\LIB\CW32.LIB|fprintf ACBP=A9
 0001:000E3748 000000D9 C=CODE    S=_TEXT    G=(none)   M=C:\BORLAND\BCC55\LIB\CW32.LIB|fputn ACBP=A9
 0001:000E3824 00000056 C=CODE    S=_TEXT    G=(none)   M=C:\BORLAND\BCC55\LIB\CW32.LIB|fputs ACBP=A9
 0001:000E387C 00000163 C=CODE    S=_TEXT    G=(none)   M=C:\BORLAND\BCC55\LIB\CW32.LIB|fread ACBP=A9
 0001:000E39E0 0000013E C=CODE    S=_TEXT    G=(none)   M=C:\BORLAND\BCC55\LIB\CW32.LIB|fseek ACBP=A9
 0001:000E3B20 000000D4 C=CODE    S=_TEXT    G=(none)   M=C:\BORLAND\BCC55\LIB\CW32.LIB|fullpath ACBP=A9
 0001:000E3BF4 00000031 C=CODE    S=_TEXT    G=(none)   M=C:\BORLAND\BCC55\LIB\CW32.LIB|fwrite ACBP=A9
 0001:000E3C28 00000140 C=CODE    S=_TEXT    G=(none)   M=C:\BORLAND\BCC55\LIB\CW32.LIB|getdcwd ACBP=A9
 0001:000E3D68 000002B9 C=CODE    S=_TEXT    G=(none)   M=C:\BORLAND\BCC55\LIB\CW32.LIB|handles ACBP=A9
 0001:000E4024 00000076 C=CODE    S=_TEXT    G=(none)   M=C:\BORLAND\BCC55\LIB\CW32.LIB|ioerror ACBP=A9
 0001:000E409C 00000008 C=CODE    S=_TEXT    G=(none)   M=C:\BORLAND\BCC55\LIB\CW32.LIB|isatty ACBP=A9
 0001:000E40A4 0000019E C=CODE    S=_TEXT    G=(none)   M=C:\BORLAND\BCC55\LIB\CW32.LIB|lgetc ACBP=A9
 0001:000E4244 00000110 C=CODE    S=_TEXT    G=(none)   M=C:\BORLAND\BCC55\LIB\CW32.LIB|lputc ACBP=A9
 0001:000E4354 00000091 C=CODE    S=_TEXT    G=(none)   M=C:\BORLAND\BCC55\LIB\CW32.LIB|mkname ACBP=A9
 0001:000E43E5 00000079 C=CODE    S=_TEXT    G=(none)   M=C:\BORLAND\BCC55\LIB\CW32.LIB|perror ACBP=A9
 0001:000E43E8 00000023 C=CODE    S=_TEXT    G=(none)   M=C:\BORLAND\BCC55\LIB\CW32.LIB|printf ACBP=A9
 0001:000E440C 00000838 C=CODE    S=_TEXT    G=(none)   M=C:\BORLAND\BCC55\LIB\CW32.LIB|scanner ACBP=A9
 0001:000E4C44 0000022B C=CODE    S=_TEXT    G=(none)   M=C:\BORLAND\BCC55\LIB\CW32.LIB|scn2i64 ACBP=A9
 0001:000E4E70 0000006B C=CODE    S=_TEXT    G=(none)   M=C:\BORLAND\BCC55\LIB\CW32.LIB|setmode ACBP=A9
 0001:000E4EDC 0000004D C=CODE    S=_TEXT    G=(none)   M=C:\BORLAND\BCC55\LIB\CW32.LIB|setvbuf ACBP=A9
 0001:000E4F2C 00000100 C=CODE    S=_TEXT    G=(none)   M=C:\BORLAND\BCC55\LIB\CW32.LIB|snprntf ACBP=A9
 0001:000E502C 00000078 C=CODE    S=_TEXT    G=(none)   M=C:\BORLAND\BCC55\LIB\CW32.LIB|sprintf ACBP=A9
 0001:000E50A4 00000073 C=CODE    S=_TEXT    G=(none)   M=C:\BORLAND\BCC55\LIB\CW32.LIB|sscanf ACBP=A9
 0001:000E5118 00000205 C=CODE    S=_TEXT    G=(none)   M=C:\BORLAND\BCC55\LIB\CW32.LIB|stat ACBP=A9
 0001:000E5320 00000115 C=CODE    S=_TEXT    G=(none)   M=C:\BORLAND\BCC55\LIB\CW32.LIB|streams ACBP=A9
 0001:000E5438 0000001A C=CODE    S=_TEXT    G=(none)   M=C:\BORLAND\BCC55\LIB\CW32.LIB|unlink ACBP=A9
 0001:000E5454 00000022 C=CODE    S=_TEXT    G=(none)   M=C:\BORLAND\BCC55\LIB\CW32.LIB|vfprintf ACBP=A9
 0001:000E5478 000009EC C=CODE    S=_TEXT    G=(none)   M=C:\BORLAND\BCC55\LIB\CW32.LIB|vprinter ACBP=A9
 0001:000E5E64 0000002E C=CODE    S=_TEXT    G=(none)   M=C:\BORLAND\BCC55\LIB\CW32.LIB|xfclose ACBP=A9
 0001:000E5E94 00000027 C=CODE    S=_TEXT    G=(none)   M=C:\BORLAND\BCC55\LIB\CW32.LIB|xfflush ACBP=A9
 0001:000E5EBB 00000006 C=CODE    S=_TEXT    G=(none)   M=C:\BORLAND\BCC55\LIB\CW32.LIB|cconv ACBP=A9
 0001:000E5EBC 000002C3 C=CODE    S=_TEXT    G=(none)   M=C:\BORLAND\BCC55\LIB\CW32.LIB|convt ACBP=A9
 0001:000E6180 00000051 C=CODE    S=_TEXT    G=(none)   M=C:\BORLAND\BCC55\LIB\CW32.LIB|getinfo ACBP=A9
 0001:000E61D4 00000102 C=CODE    S=_TEXT    G=(none)   M=C:\BORLAND\BCC55\LIB\CW32.LIB|is ACBP=A9
 0001:000E62D8 00000103 C=CODE    S=_TEXT    G=(none)   M=C:\BORLAND\BCC55\LIB\CW32.LIB|wis ACBP=A9
 0001:000E63DC 00000043 C=CODE    S=_TEXT    G=(none)   M=C:\BORLAND\BCC55\LIB\CW32.LIB|isctype ACBP=A9
 0001:000E6420 00000055 C=CODE    S=_TEXT    G=(none)   M=C:\BORLAND\BCC55\LIB\CW32.LIB|iswctype ACBP=A9
 0001:000E6478 0000117F C=CODE    S=_TEXT    G=(none)   M=C:\BORLAND\BCC55\LIB\CW32.LIB|locale ACBP=A9
 0001:000E75F8 0000080E C=CODE    S=_TEXT    G=(none)   M=C:\BORLAND\BCC55\LIB\CW32.LIB|initcat ACBP=A9
 0001:000E7E08 00000097 C=CODE    S=_TEXT    G=(none)   M=C:\BORLAND\BCC55\LIB\CW32.LIB|lconv ACBP=A9
 0001:000E7EA0 00000024 C=CODE    S=_TEXT    G=(none)   M=C:\BORLAND\BCC55\LIB\CW32.LIB|lstrlwr ACBP=A9
 0001:000E7EC4 00000054 C=CODE    S=_TEXT    G=(none)   M=C:\BORLAND\BCC55\LIB\CW32.LIB|ltolower ACBP=A9
 0001:000E7F18 00000054 C=CODE    S=_TEXT    G=(none)   M=C:\BORLAND\BCC55\LIB\CW32.LIB|ltoupper ACBP=A9
 0001:000E7F6C 000004D0 C=CODE    S=_TEXT    G=(none)   M=C:\BORLAND\BCC55\LIB\CW32.LIB|mbyte1 ACBP=A9
 0001:000E843C 00000200 C=CODE    S=_TEXT    G=(none)   M=C:\BORLAND\BCC55\LIB\CW32.LIB|_ll ACBP=A9
 0001:000E863C 0000001D C=CODE    S=_TEXT    G=(none)   M=C:\BORLAND\BCC55\LIB\CW32.LIB|_finite ACBP=A9
 0001:000E865C 00000045 C=CODE    S=_TEXT    G=(none)   M=C:\BORLAND\BCC55\LIB\CW32.LIB|_isnan ACBP=A9
 0001:000E86A4 00000008 C=CODE    S=_TEXT    G=(none)   M=C:\BORLAND\BCC55\LIB\CW32.LIB|_ltoa1 ACBP=A9
 0001:000E86AC 000000B0 C=CODE    S=_TEXT    G=(none)   M=C:\BORLAND\BCC55\LIB\CW32.LIB|_matherr ACBP=A9
 0001:000E875C 00000188 C=CODE    S=_TEXT    G=(none)   M=C:\BORLAND\BCC55\LIB\CW32.LIB|_pow10 ACBP=A9
 0001:000E88E4 00000077 C=CODE    S=_TEXT    G=(none)   M=C:\BORLAND\BCC55\LIB\CW32.LIB|atol ACBP=A9
 0001:000E895C 0000001C C=CODE    S=_TEXT    G=(none)   M=C:\BORLAND\BCC55\LIB\CW32.LIB|ceil ACBP=A9
 0001:000E8978 00000013 C=CODE    S=_TEXT    G=(none)   M=C:\BORLAND\BCC55\LIB\CW32.LIB|clear87 ACBP=A9
 0001:000E898C 0000002F C=CODE    S=_TEXT    G=(none)   M=C:\BORLAND\BCC55\LIB\CW32.LIB|ctrl87 ACBP=A9
 0001:000E89BC 00000018 C=CODE    S=_TEXT    G=(none)   M=C:\BORLAND\BCC55\LIB\CW32.LIB|cvtentry ACBP=A9
 0001:000E89D4 00000018 C=CODE    S=_TEXT    G=(none)   M=C:\BORLAND\BCC55\LIB\CW32.LIB|cvtfak ACBP=A9
 0001:000E89EC 00000018 C=CODE    S=_TEXT    G=(none)   M=C:\BORLAND\BCC55\LIB\CW32.LIB|cvtfakw ACBP=A9
 0001:000E8A04 0000006C C=CODE    S=_TEXT    G=(none)   M=C:\BORLAND\BCC55\LIB\CW32.LIB|exp ACBP=A9
 0001:000E8A70 000000CD C=CODE    S=_TEXT    G=(none)   M=C:\BORLAND\BCC55\LIB\CW32.LIB|f87exp ACBP=A9
 0001:000E8B40 00000048 C=CODE    S=_TEXT    G=(none)   M=C:\BORLAND\BCC55\LIB\CW32.LIB|f87log ACBP=A9
 0001:000E8B88 0000004D C=CODE    S=_TEXT    G=(none)   M=C:\BORLAND\BCC55\LIB\CW32.LIB|fmod ACBP=A9
 0001:000E8BD8 00000016 C=CODE    S=_TEXT    G=(none)   M=C:\BORLAND\BCC55\LIB\CW32.LIB|fpreset ACBP=A9
 0001:000E8BF0 00000028 C=CODE    S=_TEXT    G=(none)   M=C:\BORLAND\BCC55\LIB\CW32.LIB|ftol ACBP=A9
 0001:000E8C18 0000002D C=CODE    S=_TEXT    G=(none)   M=C:\BORLAND\BCC55\LIB\CW32.LIB|fuildq ACBP=A9
 0001:000E8C48 00000021 C=CODE    S=_TEXT    G=(none)   M=C:\BORLAND\BCC55\LIB\CW32.LIB|fuistq ACBP=A9
 0001:000E8C6C 00000011 C=CODE    S=_TEXT    G=(none)   M=C:\BORLAND\BCC55\LIB\CW32.LIB|fxam ACBP=A9
 0001:000E8C80 000000B1 C=CODE    S=_TEXT    G=(none)   M=C:\BORLAND\BCC55\LIB\CW32.LIB|int64toa ACBP=A9
 0001:000E8D34 00000117 C=CODE    S=_TEXT    G=(none)   M=C:\BORLAND\BCC55\LIB\CW32.LIB|ldtrunc ACBP=A9
 0001:000E8E4C 0000006D C=CODE    S=_TEXT    G=(none)   M=C:\BORLAND\BCC55\LIB\CW32.LIB|log ACBP=A9
 0001:000E8EBC 0000008F C=CODE    S=_TEXT    G=(none)   M=C:\BORLAND\BCC55\LIB\CW32.LIB|longtoa ACBP=A9
 0001:000E8F4C 00000075 C=CODE    S=_TEXT    G=(none)   M=C:\BORLAND\BCC55\LIB\CW32.LIB|ltoa1 ACBP=A9
 0001:000E8FC4 0000002E C=CODE    S=_TEXT    G=(none)   M=C:\BORLAND\BCC55\LIB\CW32.LIB|matherrl ACBP=A9
 0001:000E8FF4 00000016 C=CODE    S=_TEXT    G=(none)   M=C:\BORLAND\BCC55\LIB\CW32.LIB|mathptr ACBP=A9
 0001:000E900C 00000030 C=CODE    S=_TEXT    G=(none)   M=C:\BORLAND\BCC55\LIB\CW32.LIB|modf ACBP=A9
 0001:000E903C 000001DC C=CODE    S=_TEXT    G=(none)   M=C:\BORLAND\BCC55\LIB\CW32.LIB|pow ACBP=A9
 0001:000E9218 00000025 C=CODE    S=_TEXT    G=(none)   M=C:\BORLAND\BCC55\LIB\CW32.LIB|qdiv10 ACBP=A9
 0001:000E9240 0000002E C=CODE    S=_TEXT    G=(none)   M=C:\BORLAND\BCC55\LIB\CW32.LIB|qmul10 ACBP=A9
 0001:000E9270 0000008E C=CODE    S=_TEXT    G=(none)   M=C:\BORLAND\BCC55\LIB\CW32.LIB|rand ACBP=A9
 0001:000E9300 000002F9 C=CODE    S=_TEXT    G=(none)   M=C:\BORLAND\BCC55\LIB\CW32.LIB|realcvt ACBP=A9
 0001:000E95FC 00000331 C=CODE    S=_TEXT    G=(none)   M=C:\BORLAND\BCC55\LIB\CW32.LIB|realcvtw ACBP=A9
 0001:000E9930 0000002C C=CODE    S=_TEXT    G=(none)   M=C:\BORLAND\BCC55\LIB\CW32.LIB|round ACBP=A9
 0001:000E995C 000004E1 C=CODE    S=_TEXT    G=(none)   M=C:\BORLAND\BCC55\LIB\CW32.LIB|scantod ACBP=A9
 0001:000E9E40 000004DD C=CODE    S=_TEXT    G=(none)   M=C:\BORLAND\BCC55\LIB\CW32.LIB|scanwtod ACBP=A9
 0001:000EA320 0000003A C=CODE    S=_TEXT    G=(none)   M=C:\BORLAND\BCC55\LIB\CW32.LIB|sqrt ACBP=A9
 0001:000EA35C 000002D2 C=CODE    S=_TEXT    G=(none)   M=C:\BORLAND\BCC55\LIB\CW32.LIB|xcvt ACBP=A9
 0001:000EA630 000002F1 C=CODE    S=_TEXT    G=(none)   M=C:\BORLAND\BCC55\LIB\CW32.LIB|xcvtw ACBP=A9
[...]
 0002:0046AD04      @D379_1
 0002:004765BC      @D380_1
 0002:00477D8C      @D381_1
 0002:0047951C      @D382_1
 0002:0047A4C0      @D383_1
 0002:0047DC58      @D384_1
 0002:0047FAE4      @D385_1
 0002:00481C2C      @D386_1
 0002:0048D608      @D387_1
 0002:0048DAF0      @D388_1
 0002:00490904      @D389_1
 0002:00491AEC      @D390_1
 0002:004951A0      @D391_1
 0002:00496778      @D392_1
 0002:004997E4      @D393_1
 0002:0049C37C      @D394_1
 0002:0049FC38      @D395_1
 0002:004A1C64      @D396_1
 0002:004A7504      @D397_1
 0002:004AEFD8      @D398_1
 0002:004B18DC      @D399_1
 0002:004B6814      @D400_1
 0002:004B8DC8      @D401_1
 0002:004C0F90      @D402_1
 0002:004C1D68      @D403_1
 0002:004C6068      @D404_1
 0002:004C6E88      @D405_1
 0002:004CAD48      @D406_1
 0002:004CB5E8      @D407_1
 0002:004D3B80      @D408_1
 0002:004DC518      @D409_1
 0002:004E1ECC      @D410_1
 0002:004E2F78      @D411_1
 0002:004EC31C      @D412_1
 0002:004EDC34      @D413_1
 0002:004F2D58      @D469_1
 0002:004F36E0      @D473_1
 0002:004F41C8      @D557_1
 0002:004F4368      @D563_1
 0002:004F4390      _hb_cls_uiArrayClass
 0002:004F4392      _hb_cls_uiBlockClass
 0002:004F4394      _hb_cls_uiCharacterClass
 0002:004F4396      _hb_cls_uiDateClass
 0002:004F4398      _hb_cls_uiLogicalClass
 0002:004F439A      _hb_cls_uiNilClass
 0002:004F439C      _hb_cls_uiNumericClass
 0002:004F439E      _hb_cls_uiPointerClass
 0002:004F43A0      _hb_cls_uiHashClass
 0002:004F43A4      _hb_symDestructor
 0002:004F48D4      @D565_1
 0002:004F48DC      _b_MouseEnable
 0002:004F48E0      _hb_hInstance
 0002:004F48E4      _hb_hPrevInstance
 0002:004F48E8      _hb_iCmdShow
 0002:004F48EC      _s_WinMainParam
 0002:004F49B8      @D567_1
 0002:004F49EC      @D573_1
 0002:004F49F0      @D577_1
 0002:004F4A04      @D579_1
 0002:004F4BD8      _hb_stack_ptr
 0002:004F4BD8      @D581_1
 0002:004F4BDC      _hb_stack_ready
 0002:004F4D1C      @D583_1
 0002:004F4D38      @D585_1
 0002:004F4D40      @D587_1
 0002:004F4D44      @D591_1
 0002:004F4D50      _hb_gc_bReleaseAll
 0002:004F4D88      @D593_1
 0002:004F50B0      @D595_1
 0002:004F5190      _hb_vm_iExtraParamsIndex
 0002:004F5190      @D597_1
 0002:004F5194      _hb_vm_iExtraElementsIndex
 0002:004F5198      _hb_vm_iExtraElements
 0002:004F51A0      _pHVMFuncService
 0002:004F51A4      _hb_bProfiler
 0002:004F51A8      _hb_bTracePrgCalls
 0002:004F51AC      _hb_symEval
 0002:004F51D4      _hb_vm_pFunDbgEntry
 0002:004F51DC      _hb_vm_sNull
 0002:004F51E0      _hb_vm_acAscii
 0002:004F55E0      _hb_vm_bWithObject
 0002:004F55E4      _hb_vm_wEnumCollectionCounter
 0002:004F55E8      _hb_vm_iTry
 0002:004F55EC      _hb_vm_BreakBlock
 0002:004F5F58      @D599_1
 0002:004F61DC      @D603_1
 0002:004F6744      @D605_1
 0002:004F6778      @D607_1
 0002:004F6820      @D609_1
 0002:004F6820      _hb_comp_bShortCuts
 0002:004F6844      @D615_1
 0002:004F6848      @D617_1
 0002:004F696C      @D623_1
 0002:004F6A34      @D629_1
 0002:004F6A50      @D631_1
 0002:004F6A58      @D633_1
 0002:004F6E9C      @D635_1
 0002:004F6EA0      @D641_1
 0002:004F6EAC      @D643_1
 0002:004F6EBC      @D649_1
 0002:004F6EC8      @D651_1
 0002:004F70C8      _hb_uniTbl_437
 0002:004F711C      _hb_cdp_page
 0002:004F712C      @D653_1
 0002:004F7134      @D655_1
 0002:004F7138      @D657_1
 0002:004F7164      @D659_1
 0002:004F7170      @D661_1
 0002:004F7180      @D663_1
 0002:004F71C0      @D665_1
 0002:004F71F4      @D675_1
 0002:004F720C      @D677_1
 0002:004F7230      @D681_1
 0002:004F72BC      @D691_1
 0002:004F72D4      @D693_1
 0002:004F72D8      @D699_1
 0002:004F736C      @D703_1
 0002:004F7370      @D705_1
 0002:004F7374      @D709_1
 0002:004F738C      _hb_gt_gcoldefs
 0002:004F74F8      @D715_1
 0002:004F7560      @D719_1
 0002:004F75C0      @D729_1
 0002:004F75E0      @D731_1
 0002:004F7604      @D733_1
 0002:004F774C      @D737_1
 0002:004F7750      @D745_1
 0002:004F7A5C      @D747_1
 0002:004F7A70      _hb_vm_bCollectGarbage
 0002:004F7A74      @D749_1
 0002:004F7AA0      @D755_1
 0002:004F7B00      @D757_1
 0002:004F7B08      @D759_1
 0002:004F7B0C      @D763_1
 0002:004F7C60      @D767_1
 0002:004F7C64      @D769_1
 0002:004F7C6C      @D775_1
 0002:004F7C70      @D777_1
 0002:004F7C80      @D783_1
 0002:004F7CB8      @D787_1
 0002:004F7CBC      @D795_1
 0002:004F7CC0      @D797_1
 0002:004F7CC4      @D799_1
 0002:004F7CC8      @D801_1
 0002:004F7DA8      @D805_1
 0002:004F7DC8      @D811_1
 0002:004F7E54      @D813_1
 0002:004F7E60      @D815_1
 0002:004F7E64      @D817_1
 0002:004F7E70      @D827_1
 0002:004F7E78      _hb_set_ptr
 0002:004F7E78      @D829_1
 0002:004F7F24      @D849_1
 0002:004F7F2C      @D851_1
 0002:004F7F30      @D853_1
 0002:004F7F34      @D857_1
 0002:004F7F40      @D859_1
 0002:004F7F44      @D867_1
 0002:004F7F50      @D869_1
 0002:004F7F5C      @D871_1
 0002:004F7F60      @D873_1
 0002:004F7F68      @D875_1
 0002:004F7F6C      @D879_1
 0002:004F7FFC      @D881_1
 0002:004F8028      @D883_1
 0002:004F8194      @D885_1
 0002:004F81A4      @D887_1
 0002:004F81B0      @D889_1
 0002:004F81B8      @D891_1
 0002:004F81BC      @D895_1
 0002:004F81C8      @D897_1
 0002:004F8224      @D899_1
 0002:004F822C      @D901_1
 0002:004F8234      @D903_1
 0002:004F8238      @D905_1
 0002:004F9DC8      @D909_1
 0002:004FADD8      @D913_1
 0002:004FAF30      @D921_1
 0002:004FB730      @D923_1
 0002:004FC708      @D931_1
 0002:004FC820      @D943_1
 0002:004FC98C      @D945_1
 0002:004FCAA8      @D947_1
 0002:004FDAAC      @D955_1
 0002:004FE6C8      @D959_1
 0002:0050235C      @D961_1
 0002:00503A54      @D963_1
 0002:00503B30      @D965_1
 0002:00504484      @D967_1
 0002:00505070      @D969_1
 0002:00506198      @D985_1
 0002:00506280      @D989_1
 0002:00507AC0      @D999_1
 0002:00508C98      @D1001_1
 0002:005120E8      @D1003_1
 0002:00514B1C      @D1005_1
 0002:0051C084      @D1007_1
 0002:0051C62C      @D1011_1
 0002:00521F60      @D1013_1
 0002:00522310      @D1015_1
 0002:00525FD8      @D1021_1
 0002:00526774      @D1025_1
 0002:00526B80      @D1035_1
 0002:00526EA8      @D1039_1
 0002:00528A88      @D1045_1
 0002:0052AC6C      @D1049_1
 0002:0052B184      @D1051_1
 0002:0052B544      @D1053_1
 0002:0052BA10      @D1055_1
 0002:0052BA38      @D1057_1
 0002:0052BC44      @D1063_1
 0002:0052BE58      @D1071_1
 0002:0052BF00      @D1085_1
 0002:0052C204      @D1087_1
 0002:0052C270      @D1089_1
 0002:0052EFB8      @D1091_1
 0002:0052EFF8      @D1093_1
 0002:0052EFF8      _hb_comp_ExprTable
 0002:0052F150      @D1097_1
 0002:0052F184      _yytext
 0002:0052F244      _aPairs
 0002:0052FD94      @D1109_1
 0002:005302E0      @D1115_1
 0002:00530560      @D1117_1
 0002:00531CBC      @D1119_1
 0002:00534AB8      @D1121_1
 0002:00538B6C      @D1123_1
 0002:0053A0A4      @D1127_1
 0002:0053BD00      @D1129_1
 0002:0053D3E4      @D1131_1
 0002:0053EC10      @D1133_1
 0002:00540534      @D1135_1
 0002:00544BD8      @D1141_1
 0002:005473AC      @D1147_1
 0002:00548760      _SAWINDOWS
 0002:00548778      _OWINACTIVE
 0002:0054C9A8      @D1151_1
 0002:0054E048      @D1153_1
 0002:0054EF80      @D1155_1
 0002:00550084      @D1159_1
 0002:00554844      @D1161_1
 0002:005552C8      _LHIDERECNO
 0002:005552E0      _LHIDEHISTORIC
 0002:005552F8      _LMULTILANG
 0002:00555310      _LGOTOPONSCOPE
 0002:00555328      _LSERIALIZEDASSTRING
 0002:0055B8F0      @D1163_1
 0002:0057EF20      @D1165_1
 0002:00583DE4      @D1167_1
 0002:00584258      _BTABLEINFO
 0002:00584270      _BINDEXINFO
 0002:00589808      @D1169_1
 0002:005898AC      _NBASELANG
 0002:005898C4      _NSECONDLANG
 0002:005898DC      _NROOTLANG
 0002:0058BB18      @D1175_1
 0002:0058D02C      @D1179_1
 0002:0058D0C8      @D1181_1
 0002:0058D0D4      _divider
 0002:0058D520      @D1183_1
 0002:0058D530      @D1191_1
 0002:0058DC14      __sqlo_sqloraID
 0002:0058DC14      @D1193_1
 0002:0058DC18      _sqlo_major_version
 0002:0058DC1C      _sqlo_minor_version
 0002:0058DC20      _sqlo_micro_version
 0002:0058DC24      _sqlo_interface_age
 0002:0058DC28      _sqlo_binary_age
 0002:0058DC2C      _sqlora8_major_version
 0002:0058DC30      _sqlora8_minor_version
 0002:0058DC34      _sqlora8_micro_version
 0002:0058DC38      _sqlora8_interface_age
 0002:0058DC3C      _sqlora8_binary_age
 0002:005911B0      @D1208_1
 0002:005911F4      @D1209_1
 0002:00591EFC      @D1211_1
 0002:00593918      @D1213_1
 0002:00593BAC      @D1215_1
 0002:00593F6C      @D1217_1
 0002:00594424      @D1219_1
 0002:00594784      @D1221_1
 0002:00594B04      @D1223_1
 0002:005967A8      @D1225_1
 0002:00598CA4      @D1227_1
 0002:0059A988      @D1229_1
 0002:0059BADC      @D1231_1
 0002:0059CB68      @D1233_1
 0002:0059D96C      @D1239_1
 0002:0059D974      @D1245_1
 0002:0059D9FC      @D1247_1
 0002:0059D9FC      _hb_tr_file_
 0002:0059DA00      _hb_tr_line_
 0002:0059DA04      _hb_tr_level_
 0002:0059DABC      @D1249_1
 0002:0059EA88      @D1251_1
 0002:0059EC34      @D1255_1
 0002:0059EE90      @D1269_1
 0002:0059EF24      @D1271_1
 0002:0059EFD4      @D1273_1
 0002:0059F06C      @D1307_1
 0002:0059F124      @D1347_0
 0002:0059F324      _hb_uniTbl_850
 0002:0059F33C      @D1353_0
 0002:0059F53C      _hb_uniTbl_8859_1
 0002:0059F558      @D1555_0
 0002:0059F558      __pcre_default_tables
 0002:0059F998      @D1557_1
 0002:0059FBF4      @D1559_1
 0002:005A05A8      @D1565_1
 0002:005A05B4      _pcre_malloc
 0002:005A05B4      @D1571_0
 0002:005A05B8      _pcre_free
 0002:005A05BC      _pcre_stack_malloc
 0002:005A05C0      _pcre_stack_free
 0002:005A05C4      _pcre_callout
 0002:005A05C8      __pcre_utf8_table1
 0002:005A05C8      @D1585_0
 0002:005A05E0      __pcre_utf8_table1_size
 0002:005A05E4      __pcre_utf8_table2
 0002:005A05FC      __pcre_utf8_table3
 0002:005A0614      __pcre_utt
 0002:005A073C      __pcre_utt_size
 0002:005A0740      __pcre_OP_lengths
 0002:005A0791      __pcre_utf8_table4
 0002:005A083C      @D1589_1
 0002:005B6A24      @D1643_1
 0002:005B6A28      @D1645_1
 0002:005B6AC0      @D1655_1
 0002:005B6AC4      __heap_redirector
 0002:005B6AE0      @D1661_1
 0002:005B6AE0      __virt_heap_size
 0002:005B6AE4      __virt_chunk_size
 0002:005B6AE8      __virt_chunk_size2
 0002:005B6AEC      __nv_heap_size
 0002:005B6AF0      __smalloc_threshold
 0002:005B6AF4      __virt_chunk_free
 0002:005B6AF8      __virt_chunk_free2
 0002:005B6AFC      __firstHeap
 0002:005B6B00      __lastHeap
 0002:005B6B04      __linktable
 0002:005B6B08      __freeStart
 0002:005B6B14      __rover
 0002:005B6B1C      ___allocated
 0002:005B6B20      @D1885_1
 0002:005B6B34      @D1955_0
 0002:005B6B34      ___xxPersonality
 0002:005B6B38      @D1957_1
 0002:005B6E58      ___terminatePTR
 0002:005B6E58      @D1959_1
 0002:005B6E5C      ___unexpectdPTR
 0002:005B6E60      @_$CHNC$@std@terminate$qv
 0002:005B6E80      @_$ECTOC$@std@terminate$qv
 0002:005B6E94      @D1961_1
 0002:005B6E94      ___CPPexceptionList
 0002:005B6E98      ___exceptFlags
 0002:005B6E9C      ___throwFileName
 0002:005B6EA0      ___throwLineNumber
 0002:005B6EA4      ___throwExceptionName
 0002:005B6EA8      ___exceptStaticBuffP
 0002:005B6EAC      ___exceptMemAllocVars
 0002:005B6EB0      ___ExceptStaticXbuff
 0002:005B6F30      __ExceptVarsSize
 0002:005B6F44      @_$CHNC$@__call_terminate$qv
 0002:005B6F64      @_$ECTOC$@__call_terminate$qv
 0002:005B6F78      __stkchk
 0002:005B6F78      @D1967_1
 0002:005B6F8C      @D1983_1
 0002:005B6F98      @D2003_1
 0002:005B6F98      __cfinfo_get
 0002:005B6F9C      @D2057_1
 0002:005B6F9C      __notUmask
 0002:005B6FA0      @D2083_0
 0002:005B6FA0      __fileinfo
 0002:005B6FA4      @D2153_0
 0002:005B6FA4      __streams
 0002:005B7454      @D2155_0
 0002:005B7454      __nfile
 0002:005B7458      __openfd
 0002:005B7520      __fmode
 0002:005B7520      @D2165_0
 0002:005B7524      __fmodeptr
 0002:005B7524      @D2167_1
 0002:005B7528      @D2230_1
 0002:005B7528      __dosErrorToSV
 0002:005B7654      @D2254_1
 0002:005B7660      @D2262_1
 0002:005B7660      __sys_errlist
 0002:005B7724      __sys_nerr
 0002:005B7ADC      @D2289_1
 0002:005B7B60      @D2324_1
 0002:005B7B78      @D2356_1
 0002:005B7BF0      @D2436_0
 0002:005B7BF0      __chartype
 0002:005B7DF4      __localeconvention
 0002:005B7DF4      @D2438_1
 0002:005B7E30      @D2440_1
 0002:005B7E80      @D2442_0
 0002:005B7E80      __lower
 0002:005B7F80      @D2446_0
 0002:005B7F80      __upper
 0002:005B8080      @D2462_1
 0002:005B8080      ___mb_cur_max
 0002:005B8084      ___localeLock
 0002:005B8198      _CMonetary
 0002:005B8198      @D2464_0
 0002:005B81CC      _CNumeric
 0002:005B81E4      _CTimeDate
 0002:005B82A8      _CLOCALE
 0002:005B82D4      ___locale
 0002:005B83F8      @D2466_1
 0002:005B8460      @D2590_1
 0002:005B8470      @D2596_1
 0002:005B8530      @D2651_1
 0002:005B8530      __realcvtptr
 0002:005B8534      __nextrealptr
 0002:005B8538      __scantodptr
 0002:005B853C      __scanrsltptr
 0002:005B8598      @D2653_1
 0002:005B8598      __realcvtwptr
 0002:005B859C      __nextrealwptr
 0002:005B85A0      __scanwtodptr
 0002:005B85A4      __scanwrsltptr
 0002:005B8600      __default87
 0002:005B8600      @D2655_0
 0002:005B8604      @D2661_1
 0002:005B8610      @D2669_1
 0002:005B8624      @D2671_1
 0002:005B863C      @D2709_0
 0002:005B863C      __huge_flt
 0002:005B8640      __huge_dble
 0002:005B8648      __huge_ldble
 0002:005B8652      __max_flt
 0002:005B8656      __max_dble
 0002:005B865E      __max_ldble
 0002:005B8668      __indefinite
 0002:005B866C      __tiny_ldble
 0002:005B8678      ___ieee_64_p_inf
 0002:005B8680      ___ieee_64_n_inf
 0002:005B8688      ___ieee_64_p_nanq
 0002:005B8690      ___ieee_64_n_nanq
 0002:005B8698      ___ieee_64_p_nans
 0002:005B86A0      ___ieee_64_n_nans
 0002:005B86A8      ___ieee_64_p_zero
 0002:005B86B0      ___ieee_64_n_zero
 0002:005B86B8      __turboFloat
 0002:005B86B8      @D2719_0
 0002:005B86BC      __floatconvert
 0002:005B86C0      @D2733_1
 0002:005B86CC      @D2757_1
 0002:005B86CC      __pmatherr
 0002:005B86D0      __pmatherrl
 0002:005B86D4      __mathwhy
 0002:005B86D4      @D2761_0
 0002:005B8718      @D2771_1
 0002:005B8734      @D2783_1
 0002:005B873C      @D2785_1
 0002:005B8750      @D2787_1
 0002:005B8778      @D2794_1
 0002:005B87A0      @D2796_1
 0002:005B87C8      @D2806_1
 0002:005B87D8      @D2854_1
 0002:005B87D8      __kalpha
 0002:005B87DA      __kpunct
 0002:005B8820      @D2990_1
 0002:005B8844      @D3006_1
 0002:005B8868      @D3008_1
 0002:005B8868      _errno
 0002:005B886C      @D3010_1
 0002:005B886C      __messagefunc
 0002:005B8870      __messagefile
 0002:005B887C      @D3018_1
 0002:005B88A4      @D3037_1
 0002:005B88C4      @D3039_0
 0002:005B88C4      ___pCallAtExitProcs
 0002:005B88C8      __exitbuf
 0002:005B88C8      @D3075_1
 0002:005B88CC      __exitfopen
 0002:005B88D0      __exitopen
 0002:005B88D4      __setargv_ptr
 0002:005B88D4      @D3095_0
 0002:005B88D8      __exitargv_ptr
 0002:005B88DC      __wsetargv_ptr
 0002:005B88DC      @D3097_0
 0002:005B88E0      __wexitargv_ptr
 0002:005B88E4      __setargv__
 0002:005B88E4      @D3099_1
 0002:005B8938      __cmdline_escapes
 0002:005B8938      @D3101_1
 0002:005B8960      @D3103_1
 0002:005B8984      @D3139_1
 0002:005B8988      @D3147_1
 0002:005B898C      __argv_expand_ptr
 0002:005B898C      @D3156_0
 0002:005B8990      __wargv_expand_ptr
 0002:005B8990      @D3158_0
 0002:005B8994      @D3160_1
 0002:005B8994      __argv0
 0002:005B89B4      __add_pid_ptr
 0002:005B89B4      @D3166_1
 0002:005B89E4      __setenvp__
 0002:005B89E4      @D3174_1
 0002:005B8A38      @D3178_1
 0002:005B8A98      @D3182_1
 0002:005B8AB4      __isWindows
 0002:005B8AB4      @D3196_0
 0002:005B8AB8      @D3197_1
 0002:005B8ABC      @D3227_0
 0002:005B8ABC      __SWeekday
 0002:005B8AD8      __LWeekday
 0002:005B8AF4      __SMonth
 0002:005B8B24      __LMonth
 0002:005B8B54      __AmPm
 0002:005B8B5C      __Days
 0002:005B8B68      __YDays
 0002:005B8C80      __timezone
 0002:005B8C80      @D3233_1
 0002:005B8C84      __daylight
 0002:005B8C88      @D3235_1
 0002:005B8C88      __tzname
 0002:005B8C98      @D3241_1
 0002:005B8C9C      ___debuggerDisableTerminateCallback
 0002:005B8C9C      @D3290_1
 0002:005B9528      _GUID_NULL
 0002:005B9528      @D3439_0
 0002:005B9538      _IID_IEnumVARIANT
 0002:005B9548      _IID_IDispatch
 0002:005B9558      _IID_IPicture
 0003:00000000      @B579_2
 0003:00000008      @B581_2
 0003:00000008      _hb_stackST
 0003:00000050      @B587_2
 0003:00000068      @B589_1
 0003:0000026C      @B595_2
 0003:000003F4      _hb_vm_aiExtraParams
 0003:000003F4      @B597_2
 0003:00000434      _hb_vm_apExtraParamsSymbol
 0003:00000474      _hb_vm_aiExtraElements
 0003:000004B4      _hb_vm_iExtraIndex
 0003:000004B8      _hb_ulOpcodesCalls
 0003:00000760      _hb_ulOpcodesTime
 0003:00000A38      _hb_vm_aWithObject
 0003:00000BB8      _hb_vm_wWithObjectCounter
 0003:00000BBC      _hb_vm_aEnumCollection
 0003:00000D3C      _hb_vm_apEnumVar
 0003:00000D7C      _hb_vm_awEnumIndex
 0003:00000DBC      _hb_vm_pSequence
 0003:00000DE0      @B615_2
 0003:000010E0      @B651_2
 0003:000011E0      @B657_2
 0003:000011F4      @B675_2
 0003:0000120C      @B681_2
 0003:0000121C      @B691_2
 0003:00001424      _hb_gt_gobjects
 0003:00001424      @B709_2
 0003:00001428      _hb_gt_gobjects_end
 0003:00001448      _hb_gtGForeground
 0003:00001450      _hb_gtGBackground
 0003:00001458      @B749_2
 0003:00001524      @B755_2
 0003:00001624      @B829_2
 0003:00001624      _hb_set
 0003:0000198C      _s_PrintFileName
 0003:00001A8C      _s_PrinterName
 0003:00001B8C      _s_isDefaultPrinterDevice
 0003:00001B90      @B839_1
 0003:00001B94      @B903_2
 0003:00001B98      @B1045_2
 0003:00001C0C      @B1057_2
 0003:00001D98      @B1063_2
 0003:00001F24      @B1089_2
 0003:00001F68      @B1097_2
 0003:0000602C      _yyleng
 0003:00006038      _yyin
 0003:0000A644      @B1109_2
 0003:0000A7D4      @B1115_2
 0003:0000A960      @B1129_2
 0003:0000ADA8      _last_gobject
 0003:0000ADAC      @B1153_2
 0003:0000AF38      @B1191_2
 0003:0000AFC0      @B1193_2
 0003:0000BBC4      __bormm_pfn_FreeMem
 0003:0000BBC4      @B1645_2
 0003:0000BBC8      __bormm_pfn_GetMem
 0003:0000BBCC      __bormm_pfn_ReallocMem
 0003:0000BBD0      __bormm_pfn_HeapAddRef
 0003:0000BBD4      __bormm_pfn_HeapRelease
 0003:0000BBDC      @B1885_2
 0003:0000BC80      @B1907_1
 0003:0000BC84      @B1957_2
 0003:0000C094      @B1961_2
 0003:0000C094      __DestructorCountPtr
 0003:0000C09C      __HandlerPtr
 0003:0000C09C      @B1967_2
 0003:0000C0A0      __UserHandlerPtr
 0003:0000C0A4      __pidtab
 0003:0000C0A4      @B2155_1
 0003:0000C16C      __handles
 0003:0000C234      __doserrno
 0003:0000C234      @B2230_2
 0003:0000C238      @B2236_1
 0003:0000C23C      __tmpnum
 0003:0000C23C      @B2254_2
 0003:0000C24C      @B2854_2
 0003:0000C24C      __mbctype
 0003:0000C350      __mbcsCodePage
 0003:0000C354      @B2990_2
 0003:0000C454      @B3006_2
 0003:0000C470      __ostype
 0003:0000C470      @B3018_2
 0003:0000C474      @B3022_1
 0003:0000C47C      @B3099_2
 0003:0000C47C      __argv
 0003:0000C488      @B3101_2
 0003:0000C48C      @B3103_2
 0003:0000C490      __environ
 0003:0000C490      @B3174_2
 0003:0000C498      __envsize
 0003:0000C49C      __env_lock
 0003:0000C4A0      __C0argc
 0003:0000C4A0      @B3196_1
 0003:0000C4A4      __C0argv
 0003:0000C4A8      __C0environ
 0003:0000C4AC      __oscmd
 0003:0000C4B0      __osenv
 0003:0000C4B4      __argc
 0003:0000C4B8      __dll_table
 0003:0000C4C0      __ExcRegPtr
 0003:0000C4C4      __wosenv
 0003:0000C4C8      __woscmd
 0003:0000C4CC      __wC0argv
 0003:0000C4D0      __wC0environ
 0003:0000C4D4      __exe_table
 0003:0000C4DC      __stkbase
 0003:0000C4E0      @B3221_1
 0003:0000C504      @B3235_2
 0003:0000C50C      @B3290_2
 0003:0000C510      ___pCPPdebugHook
 0004:00000000      @T1961_3
 0004:00000000      ___xxInfo
