
 Start         Length     Name                   Class
 0001:00401000 0000B3E1CH _TEXT                  CODE
 0002:004B5000 0000CF1B0H _DATA                  DATA
 0003:005841B0 00000CA8CH _BSS                   BSS
 0004:00000000 00000009CH _TLS                   TLS


Detailed map of segments
 0001:00000000 0000014F C=CODE    S=_TEXT    G=(none)   M=C:\BORLAND\BCC55\LIB\C0W32.OBJ ACBP=A9
 0001:00000150 0000008B C=CODE    S=_TEXT    G=(none)   M=C:\HELIO\SIACHB\SAC.OBJ ACBP=A9
 0001:000001DC 00000773 C=CODE    S=_TEXT    G=(none)   M=C:\HELIO\SIACHB\HRBFUN.OBJ ACBP=A9
 0001:00000950 0000092D C=CODE    S=_TEXT    G=(none)   M=C:\HELIO\SIACHB\SACROT.OBJ ACBP=A9
 0001:00001280 000004B5 C=CODE    S=_TEXT    G=(none)   M=C:\HELIO\SIACHB\SACROT1.OBJ ACBP=A9
 0001:00001738 00000054 C=CODE    S=_TEXT    G=(none)   M=C:\HELIO\SIACHB\SISVENDA.OBJ ACBP=A9
 0001:0000178C 00000057 C=CODE    S=_TEXT    G=(none)   M=C:\HELIO\SIACHB\SACTP.OBJ ACBP=A9
 0001:000017E4 0000015B C=CODE    S=_TEXT    G=(none)   M=C:\HELIO\SIACHB\SACTPS.OBJ ACBP=A9
 0001:00001940 00000010 C=CODE    S=_TEXT    G=(none)   M=C:\XHARBOUR\LIB\LANG.LIB|msgen ACBP=A9
 0001:00001950 00000010 C=CODE    S=_TEXT    G=(none)   M=C:\XHARBOUR\LIB\LANG.LIB|msges ACBP=A9
 0001:00001960 00001613 C=CODE    S=_TEXT    G=(none)   M=C:\XHARBOUR\LIB\VM.LIB|arrays ACBP=A9
 0001:00002F74 0000352B C=CODE    S=_TEXT    G=(none)   M=C:\XHARBOUR\LIB\VM.LIB|arrayshb ACBP=A9
 0001:000064A0 00000469 C=CODE    S=_TEXT    G=(none)   M=C:\XHARBOUR\LIB\VM.LIB|asort ACBP=A9
 0001:0000690C 00000014 C=CODE    S=_TEXT    G=(none)   M=C:\XHARBOUR\LIB\VM.LIB|break ACBP=A9
 0001:00006920 00005508 C=CODE    S=_TEXT    G=(none)   M=C:\XHARBOUR\LIB\VM.LIB|classes ACBP=A9
 0001:0000BE28 000005B0 C=CODE    S=_TEXT    G=(none)   M=C:\XHARBOUR\LIB\VM.LIB|cmdarg ACBP=A9
 0001:0000C3D8 0000032D C=CODE    S=_TEXT    G=(none)   M=C:\XHARBOUR\LIB\VM.LIB|codebloc ACBP=A9
 0001:0000C708 0000024A C=CODE    S=_TEXT    G=(none)   M=C:\XHARBOUR\LIB\VM.LIB|do ACBP=A9
 0001:0000C954 000006D3 C=CODE    S=_TEXT    G=(none)   M=C:\XHARBOUR\LIB\VM.LIB|dynsym ACBP=A9
 0001:0000D028 000016A7 C=CODE    S=_TEXT    G=(none)   M=C:\XHARBOUR\LIB\VM.LIB|errorapi ACBP=A9
 0001:0000E6D0 00000850 C=CODE    S=_TEXT    G=(none)   M=C:\XHARBOUR\LIB\VM.LIB|estack ACBP=A9
 0001:0000EF20 00000B03 C=CODE    S=_TEXT    G=(none)   M=C:\XHARBOUR\LIB\VM.LIB|eval ACBP=A9
 0001:0000FA24 00001BC0 C=CODE    S=_TEXT    G=(none)   M=C:\XHARBOUR\LIB\VM.LIB|extend ACBP=A9
 0001:000115E4 000003B5 C=CODE    S=_TEXT    G=(none)   M=C:\XHARBOUR\LIB\VM.LIB|fm ACBP=A9
 0001:0001199C 00000707 C=CODE    S=_TEXT    G=(none)   M=C:\XHARBOUR\LIB\VM.LIB|garbage ACBP=A9
 0001:000120A4 0000341B C=CODE    S=_TEXT    G=(none)   M=C:\XHARBOUR\LIB\VM.LIB|hash ACBP=A9
 0001:000154C0 000011DA C=CODE    S=_TEXT    G=(none)   M=C:\XHARBOUR\LIB\VM.LIB|hbi18n ACBP=A9
 0001:0001669C 000123B6 C=CODE    S=_TEXT    G=(none)   M=C:\XHARBOUR\LIB\VM.LIB|hvm ACBP=A9
 0001:00028A54 00000006 C=CODE    S=_TEXT    G=(none)   M=C:\XHARBOUR\LIB\VM.LIB|initexit ACBP=A9
 0001:00028A5C 00000017 C=CODE    S=_TEXT    G=(none)   M=C:\XHARBOUR\LIB\VM.LIB|initsymb ACBP=A9
 0001:00028A74 00001A70 C=CODE    S=_TEXT    G=(none)   M=C:\XHARBOUR\LIB\VM.LIB|itemapi ACBP=A9
 0001:0002A4E4 00000B3F C=CODE    S=_TEXT    G=(none)   M=C:\XHARBOUR\LIB\VM.LIB|fastitem ACBP=A9
 0001:0002B024 00001C7F C=CODE    S=_TEXT    G=(none)   M=C:\XHARBOUR\LIB\VM.LIB|macro ACBP=A9
 0001:0002CCA4 0000011D C=CODE    S=_TEXT    G=(none)   M=C:\XHARBOUR\LIB\VM.LIB|mainwin ACBP=A9
 0001:0002CDC4 00001DE8 C=CODE    S=_TEXT    G=(none)   M=C:\XHARBOUR\LIB\VM.LIB|memvars ACBP=A9
 0001:0002EBAC 00000039 C=CODE    S=_TEXT    G=(none)   M=C:\XHARBOUR\LIB\VM.LIB|pcount ACBP=A9
 0001:0002EBE8 00000541 C=CODE    S=_TEXT    G=(none)   M=C:\XHARBOUR\LIB\VM.LIB|proc ACBP=A9
 0001:0002F12C 00000072 C=CODE    S=_TEXT    G=(none)   M=C:\XHARBOUR\LIB\VM.LIB|throw ACBP=A9
 0001:0002F1A0 000000DA C=CODE    S=_TEXT    G=(none)   M=C:\XHARBOUR\LIB\VM.LIB|harbinit ACBP=A9
 0001:0002F27C 00000178 C=CODE    S=_TEXT    G=(none)   M=C:\XHARBOUR\LIB\RTL.LIB|abs ACBP=A9
 0001:0002F3F4 000002AF C=CODE    S=_TEXT    G=(none)   M=C:\XHARBOUR\LIB\RTL.LIB|at ACBP=A9
 0001:0002F6A4 00000558 C=CODE    S=_TEXT    G=(none)   M=C:\XHARBOUR\LIB\RTL.LIB|bkgtsks ACBP=A9
 0001:0002FBFC 00000130 C=CODE    S=_TEXT    G=(none)   M=C:\XHARBOUR\LIB\RTL.LIB|binnumx ACBP=A9
 0001:0002FD2C 0000017D C=CODE    S=_TEXT    G=(none)   M=C:\XHARBOUR\LIB\RTL.LIB|box ACBP=A9
 0001:0002FEAC 00000F20 C=CODE    S=_TEXT    G=(none)   M=C:\XHARBOUR\LIB\RTL.LIB|cdpapi ACBP=A9
 0001:00030DCC 000000A2 C=CODE    S=_TEXT    G=(none)   M=C:\XHARBOUR\LIB\RTL.LIB|chrasc ACBP=A9
 0001:00030E70 000000B6 C=CODE    S=_TEXT    G=(none)   M=C:\XHARBOUR\LIB\RTL.LIB|colorind ACBP=A9
 0001:00030F28 00000975 C=CODE    S=_TEXT    G=(none)   M=C:\XHARBOUR\LIB\RTL.LIB|console ACBP=A9
 0001:000318A0 00000143 C=CODE    S=_TEXT    G=(none)   M=C:\XHARBOUR\LIB\RTL.LIB|datec ACBP=A9
 0001:000319E4 000007F7 C=CODE    S=_TEXT    G=(none)   M=C:\XHARBOUR\LIB\RTL.LIB|dates ACBP=A9
 0001:000321DC 000005DD C=CODE    S=_TEXT    G=(none)   M=C:\XHARBOUR\LIB\RTL.LIB|dateshb ACBP=A9
 0001:000327BC 000001F0 C=CODE    S=_TEXT    G=(none)   M=C:\XHARBOUR\LIB\RTL.LIB|dirdrive ACBP=A9
 0001:000329AC 000007D8 C=CODE    S=_TEXT    G=(none)   M=C:\XHARBOUR\LIB\RTL.LIB|direct ACBP=A9
 0001:00033184 00000188 C=CODE    S=_TEXT    G=(none)   M=C:\XHARBOUR\LIB\RTL.LIB|empty ACBP=A9
 0001:0003330C 00000138 C=CODE    S=_TEXT    G=(none)   M=C:\XHARBOUR\LIB\RTL.LIB|file ACBP=A9
 0001:00033444 00000072 C=CODE    S=_TEXT    G=(none)   M=C:\XHARBOUR\LIB\RTL.LIB|filehb ACBP=A9
 0001:000334B8 0000151F C=CODE    S=_TEXT    G=(none)   M=C:\XHARBOUR\LIB\RTL.LIB|filesys ACBP=A9
 0001:000349D8 000000B8 C=CODE    S=_TEXT    G=(none)   M=C:\XHARBOUR\LIB\RTL.LIB|fserror ACBP=A9
 0001:00034A90 000000D9 C=CODE    S=_TEXT    G=(none)   M=C:\XHARBOUR\LIB\RTL.LIB|fnsplit ACBP=A9
 0001:00034B6C 000000AF C=CODE    S=_TEXT    G=(none)   M=C:\XHARBOUR\LIB\RTL.LIB|fssize ACBP=A9
 0001:00034C1C 0000012B C=CODE    S=_TEXT    G=(none)   M=C:\XHARBOUR\LIB\RTL.LIB|fstemp ACBP=A9
 0001:00034D48 000000A2 C=CODE    S=_TEXT    G=(none)   M=C:\XHARBOUR\LIB\RTL.LIB|gete ACBP=A9
 0001:00034DEC 00000037 C=CODE    S=_TEXT    G=(none)   M=C:\XHARBOUR\LIB\RTL.LIB|gt ACBP=A9
 0001:00034E24 00003F63 C=CODE    S=_TEXT    G=(none)   M=C:\XHARBOUR\LIB\RTL.LIB|gtapi ACBP=A9
 0001:00038D88 00000526 C=CODE    S=_TEXT    G=(none)   M=C:\XHARBOUR\LIB\RTL.LIB|gx ACBP=A9
 0001:000392B0 000003E8 C=CODE    S=_TEXT    G=(none)   M=C:\XHARBOUR\LIB\RTL.LIB|hbbitf ACBP=A9
 0001:00039698 00000835 C=CODE    S=_TEXT    G=(none)   M=C:\XHARBOUR\LIB\RTL.LIB|hbffind ACBP=A9
 0001:00039ED0 0000044B C=CODE    S=_TEXT    G=(none)   M=C:\XHARBOUR\LIB\RTL.LIB|hbhex2n ACBP=A9
 0001:0003A31C 000002A8 C=CODE    S=_TEXT    G=(none)   M=C:\XHARBOUR\LIB\RTL.LIB|hbrandom ACBP=A9
 0001:0003A5C4 000003F7 C=CODE    S=_TEXT    G=(none)   M=C:\XHARBOUR\LIB\RTL.LIB|idle ACBP=A9
 0001:0003A9BC 000007E5 C=CODE    S=_TEXT    G=(none)   M=C:\XHARBOUR\LIB\RTL.LIB|inkey ACBP=A9
 0001:0003B1A4 0000030F C=CODE    S=_TEXT    G=(none)   M=C:\XHARBOUR\LIB\RTL.LIB|is ACBP=A9
 0001:0003B4B4 000002E1 C=CODE    S=_TEXT    G=(none)   M=C:\XHARBOUR\LIB\RTL.LIB|isprint ACBP=A9
 0001:0003B798 00000273 C=CODE    S=_TEXT    G=(none)   M=C:\XHARBOUR\LIB\RTL.LIB|langapi ACBP=A9
 0001:0003BA0C 000000B3 C=CODE    S=_TEXT    G=(none)   M=C:\XHARBOUR\LIB\RTL.LIB|left ACBP=A9
 0001:0003BAC0 0000006A C=CODE    S=_TEXT    G=(none)   M=C:\XHARBOUR\LIB\RTL.LIB|len ACBP=A9
 0001:0003BB2C 00000951 C=CODE    S=_TEXT    G=(none)   M=C:\XHARBOUR\LIB\RTL.LIB|math ACBP=A9
 0001:0003C480 000000C5 C=CODE    S=_TEXT    G=(none)   M=C:\XHARBOUR\LIB\RTL.LIB|maxrow ACBP=A9
 0001:0003C548 00000157 C=CODE    S=_TEXT    G=(none)   M=C:\XHARBOUR\LIB\RTL.LIB|memofile ACBP=A9
 0001:0003C6A0 000004D7 C=CODE    S=_TEXT    G=(none)   M=C:\XHARBOUR\LIB\RTL.LIB|minmax ACBP=A9
 0001:0003CB78 00000170 C=CODE    S=_TEXT    G=(none)   M=C:\XHARBOUR\LIB\RTL.LIB|mod ACBP=A9
 0001:0003CCE8 000003C5 C=CODE    S=_TEXT    G=(none)   M=C:\XHARBOUR\LIB\RTL.LIB|mouseapi ACBP=A9
 0001:0003D0B0 0000012C C=CODE    S=_TEXT    G=(none)   M=C:\XHARBOUR\LIB\RTL.LIB|natmsg ACBP=A9
 0001:0003D1DC 00000049 C=CODE    S=_TEXT    G=(none)   M=C:\XHARBOUR\LIB\RTL.LIB|net ACBP=A9
 0001:0003D228 000000AE C=CODE    S=_TEXT    G=(none)   M=C:\XHARBOUR\LIB\RTL.LIB|oemansi ACBP=A9
 0001:0003D2D8 00000122 C=CODE    S=_TEXT    G=(none)   M=C:\XHARBOUR\LIB\RTL.LIB|padc ACBP=A9
 0001:0003D3FC 000000F0 C=CODE    S=_TEXT    G=(none)   M=C:\XHARBOUR\LIB\RTL.LIB|padl ACBP=A9
 0001:0003D4EC 000000EB C=CODE    S=_TEXT    G=(none)   M=C:\XHARBOUR\LIB\RTL.LIB|padr ACBP=A9
 0001:0003D5D8 00000A48 C=CODE    S=_TEXT    G=(none)   M=C:\XHARBOUR\LIB\RTL.LIB|philes ACBP=A9
 0001:0003E020 0000009F C=CODE    S=_TEXT    G=(none)   M=C:\XHARBOUR\LIB\RTL.LIB|philesx ACBP=A9
 0001:0003E0C0 00000098 C=CODE    S=_TEXT    G=(none)   M=C:\XHARBOUR\LIB\RTL.LIB|rat ACBP=A9
 0001:0003E158 00001188 C=CODE    S=_TEXT    G=(none)   M=C:\XHARBOUR\LIB\RTL.LIB|regex ACBP=A9
 0001:0003F2E0 00000134 C=CODE    S=_TEXT    G=(none)   M=C:\XHARBOUR\LIB\RTL.LIB|replic ACBP=A9
 0001:0003F414 0000005D C=CODE    S=_TEXT    G=(none)   M=C:\XHARBOUR\LIB\RTL.LIB|right ACBP=A9
 0001:0003F474 00000125 C=CODE    S=_TEXT    G=(none)   M=C:\XHARBOUR\LIB\RTL.LIB|round ACBP=A9
 0001:0003F59C 000001B0 C=CODE    S=_TEXT    G=(none)   M=C:\XHARBOUR\LIB\RTL.LIB|saverest ACBP=A9
 0001:0003F74C 00000103 C=CODE    S=_TEXT    G=(none)   M=C:\XHARBOUR\LIB\RTL.LIB|scroll ACBP=A9
 0001:0003F850 000001DC C=CODE    S=_TEXT    G=(none)   M=C:\XHARBOUR\LIB\RTL.LIB|seconds ACBP=A9
 0001:0003FA2C 00002716 C=CODE    S=_TEXT    G=(none)   M=C:\XHARBOUR\LIB\RTL.LIB|set ACBP=A9
 0001:00042144 000000E6 C=CODE    S=_TEXT    G=(none)   M=C:\XHARBOUR\LIB\RTL.LIB|setcolor ACBP=A9
 0001:0004222C 0000005C C=CODE    S=_TEXT    G=(none)   M=C:\XHARBOUR\LIB\RTL.LIB|setcurs ACBP=A9
 0001:00042288 00000579 C=CODE    S=_TEXT    G=(none)   M=C:\XHARBOUR\LIB\RTL.LIB|setkey ACBP=A9
 0001:00042804 0000007D C=CODE    S=_TEXT    G=(none)   M=C:\XHARBOUR\LIB\RTL.LIB|setpos ACBP=A9
 0001:00042884 0000002C C=CODE    S=_TEXT    G=(none)   M=C:\XHARBOUR\LIB\RTL.LIB|setposbs ACBP=A9
 0001:000428B0 00000079 C=CODE    S=_TEXT    G=(none)   M=C:\XHARBOUR\LIB\RTL.LIB|space ACBP=A9
 0001:0004292C 00000224 C=CODE    S=_TEXT    G=(none)   M=C:\XHARBOUR\LIB\RTL.LIB|spfiles ACBP=A9
 0001:00042B50 00000191 C=CODE    S=_TEXT    G=(none)   M=C:\XHARBOUR\LIB\RTL.LIB|str ACBP=A9
 0001:00042CE4 0000029E C=CODE    S=_TEXT    G=(none)   M=C:\XHARBOUR\LIB\RTL.LIB|strcase ACBP=A9
 0001:00042F84 0000012B C=CODE    S=_TEXT    G=(none)   M=C:\XHARBOUR\LIB\RTL.LIB|strdel ACBP=A9
 0001:000430B0 00000035 C=CODE    S=_TEXT    G=(none)   M=C:\XHARBOUR\LIB\RTL.LIB|strings ACBP=A9
 0001:000430E8 00000424 C=CODE    S=_TEXT    G=(none)   M=C:\XHARBOUR\LIB\RTL.LIB|strmatch ACBP=A9
 0001:0004350C 000002DB C=CODE    S=_TEXT    G=(none)   M=C:\XHARBOUR\LIB\RTL.LIB|strtran ACBP=A9
 0001:000437E8 00000124 C=CODE    S=_TEXT    G=(none)   M=C:\XHARBOUR\LIB\RTL.LIB|strzero ACBP=A9
 0001:0004390C 00000168 C=CODE    S=_TEXT    G=(none)   M=C:\XHARBOUR\LIB\RTL.LIB|stuff ACBP=A9
 0001:00043A74 00000124 C=CODE    S=_TEXT    G=(none)   M=C:\XHARBOUR\LIB\RTL.LIB|substr ACBP=A9
 0001:00043B98 00000218 C=CODE    S=_TEXT    G=(none)   M=C:\XHARBOUR\LIB\RTL.LIB|teditorl ACBP=A9
 0001:00043DB0 00000058 C=CODE    S=_TEXT    G=(none)   M=C:\XHARBOUR\LIB\RTL.LIB|tone ACBP=A9
 0001:00043E08 00000B6D C=CODE    S=_TEXT    G=(none)   M=C:\XHARBOUR\LIB\RTL.LIB|tprinter ACBP=A9
 0001:00044978 00000130 C=CODE    S=_TEXT    G=(none)   M=C:\XHARBOUR\LIB\RTL.LIB|trace ACBP=A9
 0001:00044AA8 000018E4 C=CODE    S=_TEXT    G=(none)   M=C:\XHARBOUR\LIB\RTL.LIB|transfrm ACBP=A9
 0001:0004638C 0000021C C=CODE    S=_TEXT    G=(none)   M=C:\XHARBOUR\LIB\RTL.LIB|trim ACBP=A9
 0001:000465A8 00000F92 C=CODE    S=_TEXT    G=(none)   M=C:\XHARBOUR\LIB\RTL.LIB|txtline ACBP=A9
 0001:0004753C 00000066 C=CODE    S=_TEXT    G=(none)   M=C:\XHARBOUR\LIB\RTL.LIB|type ACBP=A9
 0001:000475A4 00000091 C=CODE    S=_TEXT    G=(none)   M=C:\XHARBOUR\LIB\RTL.LIB|val ACBP=A9
 0001:00047638 00000270 C=CODE    S=_TEXT    G=(none)   M=C:\XHARBOUR\LIB\RTL.LIB|valtype ACBP=A9
 0001:000478A8 00000042 C=CODE    S=_TEXT    G=(none)   M=C:\XHARBOUR\LIB\RTL.LIB|word ACBP=A9
 0001:000478EC 00000057 C=CODE    S=_TEXT    G=(none)   M=C:\XHARBOUR\LIB\RTL.LIB|xhelp ACBP=A9
 0001:00047944 000000DE C=CODE    S=_TEXT    G=(none)   M=C:\XHARBOUR\LIB\RTL.LIB|xsavescr ACBP=A9
 0001:00047A24 00000234 C=CODE    S=_TEXT    G=(none)   M=C:\XHARBOUR\LIB\RTL.LIB|achoice ACBP=A9
 0001:00047C58 0000007A C=CODE    S=_TEXT    G=(none)   M=C:\XHARBOUR\LIB\RTL.LIB|alert ACBP=A9
 0001:00047CD4 00000032 C=CODE    S=_TEXT    G=(none)   M=C:\XHARBOUR\LIB\RTL.LIB|browdb ACBP=A9
 0001:00047D08 0000016A C=CODE    S=_TEXT    G=(none)   M=C:\XHARBOUR\LIB\RTL.LIB|color53 ACBP=A9
 0001:00047E74 000000AA C=CODE    S=_TEXT    G=(none)   M=C:\XHARBOUR\LIB\RTL.LIB|cstr ACBP=A9
 0001:00047F20 00000032 C=CODE    S=_TEXT    G=(none)   M=C:\XHARBOUR\LIB\RTL.LIB|devoutp ACBP=A9
 0001:00047F54 0000004A C=CODE    S=_TEXT    G=(none)   M=C:\XHARBOUR\LIB\RTL.LIB|fieldbl ACBP=A9
 0001:00047FA0 0000007A C=CODE    S=_TEXT    G=(none)   M=C:\XHARBOUR\LIB\RTL.LIB|getlist ACBP=A9
 0001:0004801C 00000242 C=CODE    S=_TEXT    G=(none)   M=C:\XHARBOUR\LIB\RTL.LIB|getsys ACBP=A9
 0001:00048260 00000396 C=CODE    S=_TEXT    G=(none)   M=C:\XHARBOUR\LIB\RTL.LIB|listbox ACBP=A9
 0001:000485F8 000000DA C=CODE    S=_TEXT    G=(none)   M=C:\XHARBOUR\LIB\RTL.LIB|memoedit ACBP=A9
 0001:000486D4 00000032 C=CODE    S=_TEXT    G=(none)   M=C:\XHARBOUR\LIB\RTL.LIB|memvarbl ACBP=A9
 0001:00048708 0000007A C=CODE    S=_TEXT    G=(none)   M=C:\XHARBOUR\LIB\RTL.LIB|menuto ACBP=A9
 0001:00048784 0000010A C=CODE    S=_TEXT    G=(none)   M=C:\XHARBOUR\LIB\RTL.LIB|mssgline ACBP=A9
 0001:00048890 00000212 C=CODE    S=_TEXT    G=(none)   M=C:\XHARBOUR\LIB\RTL.LIB|objfunc ACBP=A9
 0001:00048AA4 0000004A C=CODE    S=_TEXT    G=(none)   M=C:\XHARBOUR\LIB\RTL.LIB|readvar ACBP=A9
 0001:00048AF0 00000182 C=CODE    S=_TEXT    G=(none)   M=C:\XHARBOUR\LIB\RTL.LIB|scrollbr ACBP=A9
 0001:00048C74 000000C2 C=CODE    S=_TEXT    G=(none)   M=C:\XHARBOUR\LIB\RTL.LIB|tbcolumn ACBP=A9
 0001:00048D38 00000756 C=CODE    S=_TEXT    G=(none)   M=C:\XHARBOUR\LIB\RTL.LIB|tbrowse ACBP=A9
 0001:00049490 0000040E C=CODE    S=_TEXT    G=(none)   M=C:\XHARBOUR\LIB\RTL.LIB|tclass ACBP=A9
 0001:000498A0 0000064E C=CODE    S=_TEXT    G=(none)   M=C:\XHARBOUR\LIB\RTL.LIB|teditor ACBP=A9
 0001:00049EF0 0000004A C=CODE    S=_TEXT    G=(none)   M=C:\XHARBOUR\LIB\RTL.LIB|terror ACBP=A9
 0001:00049F3C 0000043E C=CODE    S=_TEXT    G=(none)   M=C:\XHARBOUR\LIB\RTL.LIB|tget ACBP=A9
 0001:0004A37C 00000062 C=CODE    S=_TEXT    G=(none)   M=C:\XHARBOUR\LIB\RTL.LIB|tgetint ACBP=A9
 0001:0004A3E0 000002A6 C=CODE    S=_TEXT    G=(none)   M=C:\XHARBOUR\LIB\RTL.LIB|tgetlist ACBP=A9
 0001:0004A688 000000DA C=CODE    S=_TEXT    G=(none)   M=C:\XHARBOUR\LIB\RTL.LIB|tobject ACBP=A9
 0001:0004A764 0000004A C=CODE    S=_TEXT    G=(none)   M=C:\XHARBOUR\LIB\RTL.LIB|traceprg ACBP=A9
 0001:0004A7B0 00000062 C=CODE    S=_TEXT    G=(none)   M=C:\XHARBOUR\LIB\RTL.LIB|ttextlin ACBP=A9
 0001:0004A814 00002591 C=CODE    S=_TEXT    G=(none)   M=C:\XHARBOUR\LIB\RTL.LIB|win32ole ACBP=A9
 0001:0004CDA8 000003D3 C=CODE    S=_TEXT    G=(none)   M=C:\XHARBOUR\LIB\RTL.LIB|winos ACBP=A9
 0001:0004D17C 0000032E C=CODE    S=_TEXT    G=(none)   M=C:\XHARBOUR\LIB\RTL.LIB|winreg ACBP=A9
 0001:0004D4AC 00006006 C=CODE    S=_TEXT    G=(none)   M=C:\XHARBOUR\LIB\RDD.LIB|dbcmd ACBP=A9
 0001:000534B4 00001A7B C=CODE    S=_TEXT    G=(none)   M=C:\XHARBOUR\LIB\RDD.LIB|workarea ACBP=A9
 0001:00054F30 00005FD8 C=CODE    S=_TEXT    G=(none)   M=C:\XHARBOUR\LIB\RDD.LIB|dbf1 ACBP=A9
 0001:0005AF08 00000695 C=CODE    S=_TEXT    G=(none)   M=C:\XHARBOUR\LIB\RDD.LIB|hbdbsort ACBP=A9
 0001:0005B5A0 000000DA C=CODE    S=_TEXT    G=(none)   M=C:\XHARBOUR\LIB\RDD.LIB|rddord ACBP=A9
 0001:0005B67C 00000032 C=CODE    S=_TEXT    G=(none)   M=C:\XHARBOUR\LIB\RDD.LIB|rddsys ACBP=A9
 0001:0005B6B0 000041D9 C=CODE    S=_TEXT    G=(none)   M=C:\XHARBOUR\LIB\MACRO.LIB|macroy ACBP=A9
 0001:0005F88C 00000319 C=CODE    S=_TEXT    G=(none)   M=C:\XHARBOUR\LIB\MACRO.LIB|macroa ACBP=A9
 0001:0005FBA8 000058A1 C=CODE    S=_TEXT    G=(none)   M=C:\XHARBOUR\LIB\MACRO.LIB|macrob ACBP=A9
 0001:0006544C 000007E8 C=CODE    S=_TEXT    G=(none)   M=C:\XHARBOUR\LIB\MACRO.LIB|macroc ACBP=A9
 0001:00065C34 00001CCE C=CODE    S=_TEXT    G=(none)   M=C:\XHARBOUR\LIB\MACRO.LIB|macroslx ACBP=A9
 0001:00067904 000002B7 C=CODE    S=_TEXT    G=(none)   M=C:\XHARBOUR\LIB\COMMON.LIB|hbfsapi ACBP=A9
 0001:00067BBC 00000033 C=CODE    S=_TEXT    G=(none)   M=C:\XHARBOUR\LIB\COMMON.LIB|hbgete ACBP=A9
 0001:00067BF0 00000CFB C=CODE    S=_TEXT    G=(none)   M=C:\XHARBOUR\LIB\COMMON.LIB|hbstr ACBP=A9
 0001:000688EC 00000225 C=CODE    S=_TEXT    G=(none)   M=C:\XHARBOUR\LIB\COMMON.LIB|hbtrace ACBP=A9
 0001:00068B14 00000EF6 C=CODE    S=_TEXT    G=(none)   M=C:\XHARBOUR\LIB\COMMON.LIB|hbver ACBP=A9
 0001:00069A0C 00000862 C=CODE    S=_TEXT    G=(none)   M=C:\XHARBOUR\LIB\COMMON.LIB|expropt1 ACBP=A9
 0001:0006A270 000011E4 C=CODE    S=_TEXT    G=(none)   M=C:\XHARBOUR\LIB\COMMON.LIB|expropt2 ACBP=A9
 0001:0006B454 00000060 C=CODE    S=_TEXT    G=(none)   M=C:\XHARBOUR\LIB\COMMON.LIB|reserved ACBP=A9
 0001:0006B4B4 00000010 C=CODE    S=_TEXT    G=(none)   M=C:\XHARBOUR\LIB\CODEPAGE.LIB|cpesdos ACBP=A9
 0001:0006B4C4 00000010 C=CODE    S=_TEXT    G=(none)   M=C:\XHARBOUR\LIB\CODEPAGE.LIB|cpesmwin ACBP=A9
 0001:0006B4D4 00000010 C=CODE    S=_TEXT    G=(none)   M=C:\XHARBOUR\LIB\CODEPAGE.LIB|cpeswin ACBP=A9
 0001:0006B4E4 0000A74C C=CODE    S=_TEXT    G=(none)   M=C:\XHARBOUR\LIB\DBFNTX.LIB|dbfntx1 ACBP=A9
 0001:00075C30 000002D9 C=CODE    S=_TEXT    G=(none)   M=C:\XHARBOUR\LIB\BCC640.LIB|handles ACBP=A9
 0001:00075F0C 00006620 C=CODE    S=_TEXT    G=(none)   M=C:\XHARBOUR\LIB\DBFFPT.LIB|dbffpt1 ACBP=A9
 0001:0007C52C 000003B5 C=CODE    S=_TEXT    G=(none)   M=C:\XHARBOUR\LIB\HBSIX.LIB|sxcrypt ACBP=A9
 0001:0007C8E4 000000E8 C=CODE    S=_TEXT    G=(none)   M=C:\XHARBOUR\LIB\HBSIX.LIB|sxdate ACBP=A9
 0001:0007C9CC 0000BC5C C=CODE    S=_TEXT    G=(none)   M=C:\HELIO\SIACHB\LIB\DBFCDX.LIB|dbfcdx1 ACBP=A9
 0001:00088628 00000045 C=CODE    S=_TEXT    G=(none)   M=C:\HELIO\SIACHB\LIB\DBFCDX.LIB|dbfcdx0 ACBP=A9
 0001:00088670 0000018C C=CODE    S=_TEXT    G=(none)   M=C:\HELIO\SIACHB\LIB\WVWTOOLS.LIB|gchckbox ACBP=A9
 0001:000887FC 000003CB C=CODE    S=_TEXT    G=(none)   M=C:\HELIO\SIACHB\LIB\WVWTOOLS.LIB|getsys ACBP=A9
 0001:00088BC8 00000481 C=CODE    S=_TEXT    G=(none)   M=C:\HELIO\SIACHB\LIB\WVWTOOLS.LIB|glistbox ACBP=A9
 0001:0008904C 000001A6 C=CODE    S=_TEXT    G=(none)   M=C:\HELIO\SIACHB\LIB\WVWTOOLS.LIB|gpushbtn ACBP=A9
 0001:000891F4 00000228 C=CODE    S=_TEXT    G=(none)   M=C:\HELIO\SIACHB\LIB\WVWTOOLS.LIB|gradigrp ACBP=A9
 0001:0008941C 00019F0E C=CODE    S=_TEXT    G=(none)   M=C:\HELIO\SIACHB\LIB\WVWTOOLS.LIB|gtwvw ACBP=A9
 0001:000A332C 00000088 C=CODE    S=_TEXT    G=(none)   M=C:\HELIO\SIACHB\LIB\WVWTOOLS.LIB|middlwvw ACBP=A9
 0001:000A33B4 00000172 C=CODE    S=_TEXT    G=(none)   M=C:\HELIO\SIACHB\LIB\WVWTOOLS.LIB|tappl ACBP=A9
 0001:000A3528 00000315 C=CODE    S=_TEXT    G=(none)   M=C:\HELIO\SIACHB\LIB\WVWTOOLS.LIB|tgetlist ACBP=A9
 0001:000A3840 00000481 C=CODE    S=_TEXT    G=(none)   M=C:\HELIO\SIACHB\LIB\WVWTOOLS.LIB|ttabpage ACBP=A9
 0001:000A3CC4 00000794 C=CODE    S=_TEXT    G=(none)   M=C:\HELIO\SIACHB\LIB\WVWTOOLS.LIB|twindows ACBP=A9
 0001:000A4458 000003AB C=CODE    S=_TEXT    G=(none)   M=C:\HELIO\SIACHB\LIB\WVWTOOLS.LIB|winapi ACBP=A9
 0001:000A4804 000003A3 C=CODE    S=_TEXT    G=(none)   M=C:\HELIO\SIACHB\LIB\WVWTOOLS.LIB|wvwmisc ACBP=A9
 0001:000A4BA8 0000002B C=CODE    S=_TEXT    G=(none)   M=C:\BORLAND\BCC55\LIB\CW32.LIB|calloc ACBP=A9
 0001:000A4BD4 0000000F C=CODE    S=_TEXT    G=(none)   M=C:\BORLAND\BCC55\LIB\CW32.LIB|del ACBP=A9
 0001:000A4BE4 0000000F C=CODE    S=_TEXT    G=(none)   M=C:\BORLAND\BCC55\LIB\CW32.LIB|delarray ACBP=A9
 0001:000A4BF4 00000111 C=CODE    S=_TEXT    G=(none)   M=C:\BORLAND\BCC55\LIB\CW32.LIB|virtmem ACBP=A9
 0001:000A4D08 0000009F C=CODE    S=_TEXT    G=(none)   M=C:\BORLAND\BCC55\LIB\CW32.LIB|hrdir_b ACBP=A9
 0001:000A4DA8 00000020 C=CODE    S=_TEXT    G=(none)   M=C:\BORLAND\BCC55\LIB\CW32.LIB|hrdir_mf ACBP=A9
 0001:000A4DC8 00000016 C=CODE    S=_TEXT    G=(none)   M=C:\BORLAND\BCC55\LIB\CW32.LIB|hrdir_r ACBP=A9
 0001:000A4DE0 000000B8 C=CODE    S=_TEXT    G=(none)   M=C:\BORLAND\BCC55\LIB\CW32.LIB|hrdir_s ACBP=A9
 0001:000A4E98 00000001 C=CODE    S=_TEXT    G=(none)   M=C:\BORLAND\BCC55\LIB\CW32.LIB|hrdir_us ACBP=A9
 0001:000A4E9C 000009CC C=CODE    S=_TEXT    G=(none)   M=C:\BORLAND\BCC55\LIB\CW32.LIB|heap ACBP=A9
 0001:000A5868 00000292 C=CODE    S=_TEXT    G=(none)   M=C:\BORLAND\BCC55\LIB\CW32.LIB|realloc ACBP=A9
 0001:000A5AFC 00000001 C=CODE    S=_TEXT    G=(none)   M=C:\BORLAND\BCC55\LIB\CW32.LIB|crtlst_i ACBP=A9
 0001:000A5B00 00000001 C=CODE    S=_TEXT    G=(none)   M=C:\BORLAND\BCC55\LIB\CW32.LIB|crtlst_l ACBP=A9
 0001:000A5B04 0000001E C=CODE    S=_TEXT    G=(none)   M=C:\BORLAND\BCC55\LIB\CW32.LIB|memchr ACBP=A9
 0001:000A5B24 00000024 C=CODE    S=_TEXT    G=(none)   M=C:\BORLAND\BCC55\LIB\CW32.LIB|memcpy ACBP=A9
 0001:000A5B48 0000004A C=CODE    S=_TEXT    G=(none)   M=C:\BORLAND\BCC55\LIB\CW32.LIB|memmove ACBP=A9
 0001:000A5B94 0000008A C=CODE    S=_TEXT    G=(none)   M=C:\BORLAND\BCC55\LIB\CW32.LIB|memset ACBP=A9
 0001:000A5C20 00000018 C=CODE    S=_TEXT    G=(none)   M=C:\BORLAND\BCC55\LIB\CW32.LIB|wmemset ACBP=A9
 0001:000A5C38 0000003C C=CODE    S=_TEXT    G=(none)   M=C:\BORLAND\BCC55\LIB\CW32.LIB|strcat ACBP=A9
 0001:000A5C74 00000053 C=CODE    S=_TEXT    G=(none)   M=C:\BORLAND\BCC55\LIB\CW32.LIB|strchr ACBP=A9
 0001:000A5CC8 0000004B C=CODE    S=_TEXT    G=(none)   M=C:\BORLAND\BCC55\LIB\CW32.LIB|strcmp ACBP=A9
 0001:000A5D14 0000002F C=CODE    S=_TEXT    G=(none)   M=C:\BORLAND\BCC55\LIB\CW32.LIB|strcpy ACBP=A9
 0001:000A5D44 0000005A C=CODE    S=_TEXT    G=(none)   M=C:\BORLAND\BCC55\LIB\CW32.LIB|strlen ACBP=A9
 0001:000A5DA0 0000006E C=CODE    S=_TEXT    G=(none)   M=C:\BORLAND\BCC55\LIB\CW32.LIB|strncat ACBP=A9
 0001:000A5E10 00000027 C=CODE    S=_TEXT    G=(none)   M=C:\BORLAND\BCC55\LIB\CW32.LIB|strncmp ACBP=A9
 0001:000A5E38 0000006C C=CODE    S=_TEXT    G=(none)   M=C:\BORLAND\BCC55\LIB\CW32.LIB|memcmp ACBP=A9
 0001:000A5EA4 00000032 C=CODE    S=_TEXT    G=(none)   M=C:\BORLAND\BCC55\LIB\CW32.LIB|strdup ACBP=A9
 0001:000A5ED8 0000004F C=CODE    S=_TEXT    G=(none)   M=C:\BORLAND\BCC55\LIB\CW32.LIB|strncpy ACBP=A9
 0001:000A5F28 0000002B C=CODE    S=_TEXT    G=(none)   M=C:\BORLAND\BCC55\LIB\CW32.LIB|strpbrk ACBP=A9
 0001:000A5F54 00000029 C=CODE    S=_TEXT    G=(none)   M=C:\BORLAND\BCC55\LIB\CW32.LIB|strrchr ACBP=A9
 0001:000A5F80 00000054 C=CODE    S=_TEXT    G=(none)   M=C:\BORLAND\BCC55\LIB\CW32.LIB|strstr ACBP=A9
 0001:000A5FD4 00000067 C=CODE    S=_TEXT    G=(none)   M=C:\BORLAND\BCC55\LIB\CW32.LIB|strtok ACBP=A9
 0001:000A603C 00000037 C=CODE    S=_TEXT    G=(none)   M=C:\BORLAND\BCC55\LIB\CW32.LIB|_stpcpy ACBP=A9
 0001:000A6074 00000018 C=CODE    S=_TEXT    G=(none)   M=C:\BORLAND\BCC55\LIB\CW32.LIB|wcslen ACBP=A9
 0001:000A608C 0000003F C=CODE    S=_TEXT    G=(none)   M=C:\BORLAND\BCC55\LIB\CW32.LIB|wcscpy ACBP=A9
 0001:000A60CC 00000070 C=CODE    S=_TEXT    G=(none)   M=C:\BORLAND\BCC55\LIB\CW32.LIB|xxa ACBP=A9
 0001:000A613C 00000778 C=CODE    S=_TEXT    G=(none)   M=C:\BORLAND\BCC55\LIB\CW32.LIB|xxtype ACBP=A9
 0001:000A688E 000000B6 C=CODE    S=_TEXT    G=(none)   M=C:\BORLAND\BCC55\LIB\CW32.LIB|xxut ACBP=A9
 0001:000A6930 0000014B C=CODE    S=_TEXT    G=(none)   M=C:\BORLAND\BCC55\LIB\CW32.LIB|xxv ACBP=A9
 0001:000A6A7C 0000000A C=CODE    S=_TEXT    G=(none)   M=C:\BORLAND\BCC55\LIB\CW32.LIB|defhandl ACBP=A9
 0001:000A6A88 00000179 C=CODE    S=_TEXT    G=(none)   M=C:\BORLAND\BCC55\LIB\CW32.LIB|except ACBP=A9
 0001:000A6C04 00000046 C=CODE    S=_TEXT    G=(none)   M=C:\BORLAND\BCC55\LIB\CW32.LIB|setexc ACBP=A9
 0001:000A6C4C 00000022 C=CODE    S=_TEXT    G=(none)   M=C:\BORLAND\BCC55\LIB\CW32.LIB|ta ACBP=A9
 0001:000A6C70 0000003C C=CODE    S=_TEXT    G=(none)   M=C:\BORLAND\BCC55\LIB\CW32.LIB|__access ACBP=A9
 0001:000A6CAC 00000060 C=CODE    S=_TEXT    G=(none)   M=C:\BORLAND\BCC55\LIB\CW32.LIB|__close ACBP=A9
 0001:000A6D0C 00000013 C=CODE    S=_TEXT    G=(none)   M=C:\BORLAND\BCC55\LIB\CW32.LIB|__dup ACBP=A9
 0001:000A6D20 000000EF C=CODE    S=_TEXT    G=(none)   M=C:\BORLAND\BCC55\LIB\CW32.LIB|__dup2 ACBP=A9
 0001:000A6E10 00000086 C=CODE    S=_TEXT    G=(none)   M=C:\BORLAND\BCC55\LIB\CW32.LIB|__eof ACBP=A9
 0001:000A6E98 00000047 C=CODE    S=_TEXT    G=(none)   M=C:\BORLAND\BCC55\LIB\CW32.LIB|__isatty ACBP=A9
 0001:000A6EE0 00000076 C=CODE    S=_TEXT    G=(none)   M=C:\BORLAND\BCC55\LIB\CW32.LIB|__lseek ACBP=A9
 0001:000A6F58 000001FA C=CODE    S=_TEXT    G=(none)   M=C:\BORLAND\BCC55\LIB\CW32.LIB|__open ACBP=A9
 0001:000A7154 0000011C C=CODE    S=_TEXT    G=(none)   M=C:\BORLAND\BCC55\LIB\CW32.LIB|__write ACBP=A9
 0001:000A7270 00000011 C=CODE    S=_TEXT    G=(none)   M=C:\BORLAND\BCC55\LIB\CW32.LIB|_cfinfo ACBP=A9
 0001:000A7284 00000038 C=CODE    S=_TEXT    G=(none)   M=C:\BORLAND\BCC55\LIB\CW32.LIB|_flshall ACBP=A9
 0001:000A72BC 00000008 C=CODE    S=_TEXT    G=(none)   M=C:\BORLAND\BCC55\LIB\CW32.LIB|_stat ACBP=A9
 0001:000A72C4 00000017 C=CODE    S=_TEXT    G=(none)   M=C:\BORLAND\BCC55\LIB\CW32.LIB|_umask ACBP=A9
 0001:000A72C4 00000061 C=CODE    S=_TEXT    G=(none)   M=C:\BORLAND\BCC55\LIB\CW32.LIB|_write ACBP=A9
 0001:000A7328 00000008 C=CODE    S=_TEXT    G=(none)   M=C:\BORLAND\BCC55\LIB\CW32.LIB|access ACBP=A9
 0001:000A7330 0000007D C=CODE    S=_TEXT    G=(none)   M=C:\BORLAND\BCC55\LIB\CW32.LIB|allocbuf ACBP=A9
 0001:000A73B0 0000009B C=CODE    S=_TEXT    G=(none)   M=C:\BORLAND\BCC55\LIB\CW32.LIB|chdrive ACBP=A9
 0001:000A744C 00000008 C=CODE    S=_TEXT    G=(none)   M=C:\BORLAND\BCC55\LIB\CW32.LIB|close ACBP=A9
 0001:000A7454 00000008 C=CODE    S=_TEXT    G=(none)   M=C:\BORLAND\BCC55\LIB\CW32.LIB|dup ACBP=A9
 0001:000A745C 00000008 C=CODE    S=_TEXT    G=(none)   M=C:\BORLAND\BCC55\LIB\CW32.LIB|eof ACBP=A9
 0001:000A7464 0000008E C=CODE    S=_TEXT    G=(none)   M=C:\BORLAND\BCC55\LIB\CW32.LIB|fclose ACBP=A9
 0001:000A74F4 0000007F C=CODE    S=_TEXT    G=(none)   M=C:\BORLAND\BCC55\LIB\CW32.LIB|fflush ACBP=A9
 0001:000A7574 0000005A C=CODE    S=_TEXT    G=(none)   M=C:\BORLAND\BCC55\LIB\CW32.LIB|flushout ACBP=A9
 0001:000A75D0 00000023 C=CODE    S=_TEXT    G=(none)   M=C:\BORLAND\BCC55\LIB\CW32.LIB|fmodeptr ACBP=A9
 0001:000A75F4 000001DD C=CODE    S=_TEXT    G=(none)   M=C:\BORLAND\BCC55\LIB\CW32.LIB|fopen ACBP=A9
 0001:000A77D4 00000022 C=CODE    S=_TEXT    G=(none)   M=C:\BORLAND\BCC55\LIB\CW32.LIB|fprintf ACBP=A9
 0001:000A77F8 000000D9 C=CODE    S=_TEXT    G=(none)   M=C:\BORLAND\BCC55\LIB\CW32.LIB|fputn ACBP=A9
 0001:000A78D4 0000013E C=CODE    S=_TEXT    G=(none)   M=C:\BORLAND\BCC55\LIB\CW32.LIB|fseek ACBP=A9
 0001:000A7A14 000000D4 C=CODE    S=_TEXT    G=(none)   M=C:\BORLAND\BCC55\LIB\CW32.LIB|fullpath ACBP=A9
 0001:000A7AE8 00000076 C=CODE    S=_TEXT    G=(none)   M=C:\BORLAND\BCC55\LIB\CW32.LIB|ioerror ACBP=A9
 0001:000A7B60 00000008 C=CODE    S=_TEXT    G=(none)   M=C:\BORLAND\BCC55\LIB\CW32.LIB|isatty ACBP=A9
 0001:000A7B68 00000110 C=CODE    S=_TEXT    G=(none)   M=C:\BORLAND\BCC55\LIB\CW32.LIB|lputc ACBP=A9
 0001:000A7C78 00000091 C=CODE    S=_TEXT    G=(none)   M=C:\BORLAND\BCC55\LIB\CW32.LIB|mkname ACBP=A9
 0001:000A7D09 00000079 C=CODE    S=_TEXT    G=(none)   M=C:\BORLAND\BCC55\LIB\CW32.LIB|perror ACBP=A9
 0001:000A7D0C 00000023 C=CODE    S=_TEXT    G=(none)   M=C:\BORLAND\BCC55\LIB\CW32.LIB|printf ACBP=A9
 0001:000A7D30 0000006B C=CODE    S=_TEXT    G=(none)   M=C:\BORLAND\BCC55\LIB\CW32.LIB|setmode ACBP=A9
 0001:000A7D9C 0000004D C=CODE    S=_TEXT    G=(none)   M=C:\BORLAND\BCC55\LIB\CW32.LIB|setvbuf ACBP=A9
 0001:000A7DEC 00000100 C=CODE    S=_TEXT    G=(none)   M=C:\BORLAND\BCC55\LIB\CW32.LIB|snprntf ACBP=A9
 0001:000A7EEC 00000078 C=CODE    S=_TEXT    G=(none)   M=C:\BORLAND\BCC55\LIB\CW32.LIB|sprintf ACBP=A9
 0001:000A7F64 00000205 C=CODE    S=_TEXT    G=(none)   M=C:\BORLAND\BCC55\LIB\CW32.LIB|stat ACBP=A9
 0001:000A816C 00000115 C=CODE    S=_TEXT    G=(none)   M=C:\BORLAND\BCC55\LIB\CW32.LIB|streams ACBP=A9
 0001:000A8284 0000001A C=CODE    S=_TEXT    G=(none)   M=C:\BORLAND\BCC55\LIB\CW32.LIB|unlink ACBP=A9
 0001:000A82A0 00000022 C=CODE    S=_TEXT    G=(none)   M=C:\BORLAND\BCC55\LIB\CW32.LIB|vfprintf ACBP=A9
 0001:000A82C4 000009EC C=CODE    S=_TEXT    G=(none)   M=C:\BORLAND\BCC55\LIB\CW32.LIB|vprinter ACBP=A9
 0001:000A8CB0 0000002E C=CODE    S=_TEXT    G=(none)   M=C:\BORLAND\BCC55\LIB\CW32.LIB|xfclose ACBP=A9
 0001:000A8CE0 00000027 C=CODE    S=_TEXT    G=(none)   M=C:\BORLAND\BCC55\LIB\CW32.LIB|xfflush ACBP=A9
 0001:000A8D08 00000051 C=CODE    S=_TEXT    G=(none)   M=C:\BORLAND\BCC55\LIB\CW32.LIB|getinfo ACBP=A9
 0001:000A8D5C 00000102 C=CODE    S=_TEXT    G=(none)   M=C:\BORLAND\BCC55\LIB\CW32.LIB|is ACBP=A9
 0001:000A8E60 00000103 C=CODE    S=_TEXT    G=(none)   M=C:\BORLAND\BCC55\LIB\CW32.LIB|wis ACBP=A9
 0001:000A8F64 00000043 C=CODE    S=_TEXT    G=(none)   M=C:\BORLAND\BCC55\LIB\CW32.LIB|isctype ACBP=A9
 0001:000A8FA8 00000055 C=CODE    S=_TEXT    G=(none)   M=C:\BORLAND\BCC55\LIB\CW32.LIB|iswctype ACBP=A9
 0001:000A9000 00000054 C=CODE    S=_TEXT    G=(none)   M=C:\BORLAND\BCC55\LIB\CW32.LIB|ltolower ACBP=A9
 0001:000A9054 00000054 C=CODE    S=_TEXT    G=(none)   M=C:\BORLAND\BCC55\LIB\CW32.LIB|ltowlwr ACBP=A9
 0001:000A90A8 00000054 C=CODE    S=_TEXT    G=(none)   M=C:\BORLAND\BCC55\LIB\CW32.LIB|ltoupper ACBP=A9
 0001:000A90FC 00000054 C=CODE    S=_TEXT    G=(none)   M=C:\BORLAND\BCC55\LIB\CW32.LIB|ltowupr ACBP=A9
 0001:000A9150 000004D0 C=CODE    S=_TEXT    G=(none)   M=C:\BORLAND\BCC55\LIB\CW32.LIB|mbyte1 ACBP=A9
 0001:000A9620 00000200 C=CODE    S=_TEXT    G=(none)   M=C:\BORLAND\BCC55\LIB\CW32.LIB|_ll ACBP=A9
 0001:000A9820 0000001D C=CODE    S=_TEXT    G=(none)   M=C:\BORLAND\BCC55\LIB\CW32.LIB|_finite ACBP=A9
 0001:000A9840 00000045 C=CODE    S=_TEXT    G=(none)   M=C:\BORLAND\BCC55\LIB\CW32.LIB|_isnan ACBP=A9
 0001:000A9888 000000B0 C=CODE    S=_TEXT    G=(none)   M=C:\BORLAND\BCC55\LIB\CW32.LIB|_matherr ACBP=A9
 0001:000A9938 00000188 C=CODE    S=_TEXT    G=(none)   M=C:\BORLAND\BCC55\LIB\CW32.LIB|_pow10 ACBP=A9
 0001:000A9AC0 00000077 C=CODE    S=_TEXT    G=(none)   M=C:\BORLAND\BCC55\LIB\CW32.LIB|atol ACBP=A9
 0001:000A9B38 0000001C C=CODE    S=_TEXT    G=(none)   M=C:\BORLAND\BCC55\LIB\CW32.LIB|ceil ACBP=A9
 0001:000A9B54 00000013 C=CODE    S=_TEXT    G=(none)   M=C:\BORLAND\BCC55\LIB\CW32.LIB|clear87 ACBP=A9
 0001:000A9B68 0000002F C=CODE    S=_TEXT    G=(none)   M=C:\BORLAND\BCC55\LIB\CW32.LIB|ctrl87 ACBP=A9
 0001:000A9B98 00000018 C=CODE    S=_TEXT    G=(none)   M=C:\BORLAND\BCC55\LIB\CW32.LIB|cvtentry ACBP=A9
 0001:000A9BB0 00000018 C=CODE    S=_TEXT    G=(none)   M=C:\BORLAND\BCC55\LIB\CW32.LIB|cvtfak ACBP=A9
 0001:000A9BC8 00000018 C=CODE    S=_TEXT    G=(none)   M=C:\BORLAND\BCC55\LIB\CW32.LIB|cvtfakw ACBP=A9
 0001:000A9BE0 0000006C C=CODE    S=_TEXT    G=(none)   M=C:\BORLAND\BCC55\LIB\CW32.LIB|exp ACBP=A9
 0001:000A9C4C 000000CD C=CODE    S=_TEXT    G=(none)   M=C:\BORLAND\BCC55\LIB\CW32.LIB|f87exp ACBP=A9
 0001:000A9D1C 00000048 C=CODE    S=_TEXT    G=(none)   M=C:\BORLAND\BCC55\LIB\CW32.LIB|f87log ACBP=A9
 0001:000A9D64 0000004D C=CODE    S=_TEXT    G=(none)   M=C:\BORLAND\BCC55\LIB\CW32.LIB|fmod ACBP=A9
 0001:000A9DB4 00000016 C=CODE    S=_TEXT    G=(none)   M=C:\BORLAND\BCC55\LIB\CW32.LIB|fpreset ACBP=A9
 0001:000A9DCC 00000028 C=CODE    S=_TEXT    G=(none)   M=C:\BORLAND\BCC55\LIB\CW32.LIB|ftol ACBP=A9
 0001:000A9DF4 0000002D C=CODE    S=_TEXT    G=(none)   M=C:\BORLAND\BCC55\LIB\CW32.LIB|fuildq ACBP=A9
 0001:000A9E24 00000021 C=CODE    S=_TEXT    G=(none)   M=C:\BORLAND\BCC55\LIB\CW32.LIB|fuistq ACBP=A9
 0001:000A9E48 00000011 C=CODE    S=_TEXT    G=(none)   M=C:\BORLAND\BCC55\LIB\CW32.LIB|fxam ACBP=A9
 0001:000A9E5C 000000B1 C=CODE    S=_TEXT    G=(none)   M=C:\BORLAND\BCC55\LIB\CW32.LIB|int64toa ACBP=A9
 0001:000A9F10 00000117 C=CODE    S=_TEXT    G=(none)   M=C:\BORLAND\BCC55\LIB\CW32.LIB|ldtrunc ACBP=A9
 0001:000AA028 0000006D C=CODE    S=_TEXT    G=(none)   M=C:\BORLAND\BCC55\LIB\CW32.LIB|log ACBP=A9
 0001:000AA098 0000008F C=CODE    S=_TEXT    G=(none)   M=C:\BORLAND\BCC55\LIB\CW32.LIB|longtoa ACBP=A9
 0001:000AA128 00000075 C=CODE    S=_TEXT    G=(none)   M=C:\BORLAND\BCC55\LIB\CW32.LIB|ltoa1 ACBP=A9
 0001:000AA1A0 0000002E C=CODE    S=_TEXT    G=(none)   M=C:\BORLAND\BCC55\LIB\CW32.LIB|matherrl ACBP=A9
 0001:000AA1D0 00000016 C=CODE    S=_TEXT    G=(none)   M=C:\BORLAND\BCC55\LIB\CW32.LIB|mathptr ACBP=A9
 0001:000AA1E8 00000030 C=CODE    S=_TEXT    G=(none)   M=C:\BORLAND\BCC55\LIB\CW32.LIB|modf ACBP=A9
 0001:000AA218 000001DC C=CODE    S=_TEXT    G=(none)   M=C:\BORLAND\BCC55\LIB\CW32.LIB|pow ACBP=A9
 0001:000AA3F4 00000025 C=CODE    S=_TEXT    G=(none)   M=C:\BORLAND\BCC55\LIB\CW32.LIB|qdiv10 ACBP=A9
 0001:000AA41C 0000002E C=CODE    S=_TEXT    G=(none)   M=C:\BORLAND\BCC55\LIB\CW32.LIB|qmul10 ACBP=A9
 0001:000AA44C 0000008E C=CODE    S=_TEXT    G=(none)   M=C:\BORLAND\BCC55\LIB\CW32.LIB|rand ACBP=A9
 0001:000AA4DC 000002F9 C=CODE    S=_TEXT    G=(none)   M=C:\BORLAND\BCC55\LIB\CW32.LIB|realcvt ACBP=A9
 0001:000AA7D8 00000331 C=CODE    S=_TEXT    G=(none)   M=C:\BORLAND\BCC55\LIB\CW32.LIB|realcvtw ACBP=A9
 0001:000AAB0C 0000002C C=CODE    S=_TEXT    G=(none)   M=C:\BORLAND\BCC55\LIB\CW32.LIB|round ACBP=A9
 0001:000AAB38 000004E1 C=CODE    S=_TEXT    G=(none)   M=C:\BORLAND\BCC55\LIB\CW32.LIB|scantod ACBP=A9
 0001:000AB01C 000004DD C=CODE    S=_TEXT    G=(none)   M=C:\BORLAND\BCC55\LIB\CW32.LIB|scanwtod ACBP=A9
 0001:000AB4FC 0000003A C=CODE    S=_TEXT    G=(none)   M=C:\BORLAND\BCC55\LIB\CW32.LIB|sqrt ACBP=A9
 0001:000AB538 000002D2 C=CODE    S=_TEXT    G=(none)   M=C:\BORLAND\BCC55\LIB\CW32.LIB|xcvt ACBP=A9
 0001:000AB80C 000002F1 C=CODE    S=_TEXT    G=(none)   M=C:\BORLAND\BCC55\LIB\CW32.LIB|xcvtw ACBP=A9
 0001:000ABB00 00000139 C=CODE    S=_TEXT    G=(none)   M=C:\BORLAND\BCC55\LIB\CW32.LIB|mbctype ACBP=A9
 0001:000ABC3C 0000003D C=CODE    S=_TEXT    G=(none)   M=C:\BORLAND\BCC55\LIB\CW32.LIB|mbisalp ACBP=A9
 0001:000ABC7C 0000001A C=CODE    S=_TEXT    G=(none)   M=C:\BORLAND\BCC55\LIB\CW32.LIB|mbisdgt ACBP=A9
 0001:000ABC98 0000001A C=CODE    S=_TEXT    G=(none)   M=C:\BORLAND\BCC55\LIB\CW32.LIB|mbisspc ACBP=A9
 0001:000ABCB4 0000009B C=CODE    S=_TEXT    G=(none)   M=C:\BORLAND\BCC55\LIB\CW32.LIB|mbsicmp ACBP=A9
 0001:000ABD50 00000054 C=CODE    S=_TEXT    G=(none)   M=C:\BORLAND\BCC55\LIB\CW32.LIB|mbsnbcpy ACBP=A9
 0001:000ABDA4 000000BF C=CODE    S=_TEXT    G=(none)   M=C:\BORLAND\BCC55\LIB\CW32.LIB|mbsnbicm ACBP=A9
 0001:000ABE64 0000006C C=CODE    S=_TEXT    G=(none)   M=C:\BORLAND\BCC55\LIB\CW32.LIB|mbspbrk ACBP=A9
 0001:000ABED0 00000056 C=CODE    S=_TEXT    G=(none)   M=C:\BORLAND\BCC55\LIB\CW32.LIB|mbsrchr ACBP=A9
 0001:000ABF28 0000001D C=CODE    S=_TEXT    G=(none)   M=C:\BORLAND\BCC55\LIB\CW32.LIB|mbtoupr ACBP=A9
 0001:000ABF48 000000A6 C=CODE    S=_TEXT    G=(none)   M=C:\BORLAND\BCC55\LIB\CW32.LIB|assert ACBP=A9
 0001:000ABFF0 000000B8 C=CODE    S=_TEXT    G=(none)   M=C:\BORLAND\BCC55\LIB\CW32.LIB|ermsghlp ACBP=A9
 0001:000AC0A8 00000006 C=CODE    S=_TEXT    G=(none)   M=C:\BORLAND\BCC55\LIB\CW32.LIB|errno ACBP=A9
 0001:000AC0A8 0000019B C=CODE    S=_TEXT    G=(none)   M=C:\BORLAND\BCC55\LIB\CW32.LIB|errormsg ACBP=A9
 0001:000AC244 00000089 C=CODE    S=_TEXT    G=(none)   M=C:\BORLAND\BCC55\LIB\CW32.LIB|platform ACBP=A9
 0001:000AC2D0 00000236 C=CODE    S=_TEXT    G=(none)   M=C:\BORLAND\BCC55\LIB\CW32.LIB|qsort ACBP=A9
 0001:000AC508 00000022 C=CODE    S=_TEXT    G=(none)   M=C:\BORLAND\BCC55\LIB\CW32.LIB|abort ACBP=A9
 0001:000AC52C 000000A7 C=CODE    S=_TEXT    G=(none)   M=C:\BORLAND\BCC55\LIB\CW32.LIB|exit ACBP=A9
 0001:000AC5D4 00000057 C=CODE    S=_TEXT    G=(none)   M=C:\BORLAND\BCC55\LIB\CW32.LIB|getenv ACBP=A9
 0001:000AC62C 0000001A C=CODE    S=_TEXT    G=(none)   M=C:\BORLAND\BCC55\LIB\CW32.LIB|initwild ACBP=A9
 0001:000AC648 00000011 C=CODE    S=_TEXT    G=(none)   M=C:\BORLAND\BCC55\LIB\CW32.LIB|exparg ACBP=A9
 0001:000AC65C 00000011 C=CODE    S=_TEXT    G=(none)   M=C:\BORLAND\BCC55\LIB\CW32.LIB|wexparg ACBP=A9
 0001:000AC670 00000027 C=CODE    S=_TEXT    G=(none)   M=C:\BORLAND\BCC55\LIB\CW32.LIB|initargv ACBP=A9
 0001:000AC698 0000016C C=CODE    S=_TEXT    G=(none)   M=C:\BORLAND\BCC55\LIB\CW32.LIB|setargv ACBP=A9
 0001:000AC804 000001E5 C=CODE    S=_TEXT    G=(none)   M=C:\BORLAND\BCC55\LIB\CW32.LIB|hsargv ACBP=A9
 0001:000AC9EC 00000227 C=CODE    S=_TEXT    G=(none)   M=C:\BORLAND\BCC55\LIB\CW32.LIB|whsargv ACBP=A9
 0001:000ACC14 00000045 C=CODE    S=_TEXT    G=(none)   M=C:\BORLAND\BCC55\LIB\CW32.LIB|setargv0 ACBP=A9
 0001:000ACC5C 000001A0 C=CODE    S=_TEXT    G=(none)   M=C:\BORLAND\BCC55\LIB\CW32.LIB|setenvp ACBP=A9
 0001:000ACDFC 000002F8 C=CODE    S=_TEXT    G=(none)   M=C:\BORLAND\BCC55\LIB\CW32.LIB|signal ACBP=A9
 0001:000AD0F4 00000157 C=CODE    S=_TEXT    G=(none)   M=C:\BORLAND\BCC55\LIB\CW32.LIB|initexit ACBP=A9
 0001:000AD24C 000001A4 C=CODE    S=_TEXT    G=(none)   M=C:\BORLAND\BCC55\LIB\CW32.LIB|startup ACBP=A9
 0001:000AD3F0 0000004F C=CODE    S=_TEXT    G=(none)   M=C:\BORLAND\BCC55\LIB\CW32.LIB|tlsstat ACBP=A9
 0001:000AD440 000001A9 C=CODE    S=_TEXT    G=(none)   M=C:\BORLAND\BCC55\LIB\CW32.LIB|gmtime ACBP=A9
 0001:000AD5EC 000002A4 C=CODE    S=_TEXT    G=(none)   M=C:\BORLAND\BCC55\LIB\CW32.LIB|timefunc ACBP=A9
 0001:000AD890 00000006 C=CODE    S=_TEXT    G=(none)   M=C:\BORLAND\BCC55\LIB\CW32.LIB|tzdata ACBP=A9
 0001:000AD898 000001C8 C=CODE    S=_TEXT    G=(none)   M=C:\BORLAND\BCC55\LIB\CW32.LIB|tzset ACBP=A9
 0001:000ADA60 00000008 C=CODE    S=_TEXT    G=(none)   M=C:\BORLAND\BCC55\LIB\CW32.LIB|_tzset ACBP=A9
 0001:000ADA68 00000017 C=CODE    S=_TEXT    G=(none)   M=C:\BORLAND\BCC55\LIB\CW32.LIB|clock ACBP=A9
 0001:000ADA80 0000009E C=CODE    S=_TEXT    G=(none)   M=C:\BORLAND\BCC55\LIB\CW32.LIB|ftime ACBP=A9
 0001:000ADB20 00000156 C=CODE    S=_TEXT    G=(none)   M=C:\BORLAND\BCC55\LIB\CW32.LIB|statcvt ACBP=A9
 0001:000ADC78 0000004D C=CODE    S=_TEXT    G=(none)   M=C:\BORLAND\BCC55\LIB\CW32.LIB|time ACBP=A9
 0001:000ADCC8 00003C4B C=CODE    S=_TEXT    G=(none)   M=C:\BORLAND\BCC55\LIB\CW32.LIB|pcre ACBP=A9
 0001:000B1914 00000254 C=CODE    S=_TEXT    G=(none)   M=C:\BORLAND\BCC55\LIB\CW32.LIB|pcreposix ACBP=A9
 0001:000B1B68 00000008 C=CODE    S=_TEXT    G=(none)   M=C:\BORLAND\BCC55\LIB\CW32.LIB|_rcomp ACBP=A9
 0001:000B1B70 00000008 C=CODE    S=_TEXT    G=(none)   M=C:\BORLAND\BCC55\LIB\CW32.LIB|_rexec ACBP=A9
 0001:000B1B78 00000008 C=CODE    S=_TEXT    G=(none)   M=C:\BORLAND\BCC55\LIB\CW32.LIB|_rfree ACBP=A9
 0001:000B1B80 00001BA2 C=CODE    S=_TEXT    G=(none)   M=C:\BORLAND\BCC55\LIB\CW32.LIB|xx ACBP=A9
 0002:00000230 000000A4 C=DATA    S=_DATA    G=DGROUP   M=C:\BORLAND\BCC55\LIB\C0W32.OBJ ACBP=A9
 0002:000002D4 00002978 C=DATA    S=_DATA    G=DGROUP   M=C:\HELIO\SIACHB\SAC.OBJ ACBP=A9
 0002:00002C4C 0001B194 C=DATA    S=_DATA    G=DGROUP   M=C:\HELIO\SIACHB\HRBFUN.OBJ ACBP=A9
 0002:0001DDE0 0001E038 C=DATA    S=_DATA    G=DGROUP   M=C:\HELIO\SIACHB\SACROT.OBJ ACBP=A9
 0002:0003BE18 00008EFC C=DATA    S=_DATA    G=DGROUP   M=C:\HELIO\SIACHB\SACROT1.OBJ ACBP=A9
 0002:00044D14 000011B0 C=DATA    S=_DATA    G=DGROUP   M=C:\HELIO\SIACHB\SISVENDA.OBJ ACBP=A9
 0002:00045EC4 00008FDC C=DATA    S=_DATA    G=DGROUP   M=C:\HELIO\SIACHB\SACTP.OBJ ACBP=A9
 0002:0004EEA0 0001DBAC C=DATA    S=_DATA    G=DGROUP   M=C:\HELIO\SIACHB\SACTPS.OBJ ACBP=A9
 0002:0006CA4C 00000988 C=DATA    S=_DATA    G=DGROUP   M=C:\XHARBOUR\LIB\LANG.LIB|msgen ACBP=A9
 0002:0006D3D4 00000AE8 C=DATA    S=_DATA    G=DGROUP   M=C:\XHARBOUR\LIB\LANG.LIB|msges ACBP=A9
 0002:0006DEBC 000001A0 C=DATA    S=_DATA    G=DGROUP   M=C:\XHARBOUR\LIB\VM.LIB|arrayshb ACBP=A9
 0002:0006E05C 0000056C C=DATA    S=_DATA    G=DGROUP   M=C:\XHARBOUR\LIB\VM.LIB|classes ACBP=A9
 0002:0006E5C8 000000E4 C=DATA    S=_DATA    G=DGROUP   M=C:\XHARBOUR\LIB\VM.LIB|cmdarg ACBP=A9
 0002:0006E6AC 00000034 C=DATA    S=_DATA    G=DGROUP   M=C:\XHARBOUR\LIB\VM.LIB|codebloc ACBP=A9
 0002:0006E6E0 00000004 C=DATA    S=_DATA    G=DGROUP   M=C:\XHARBOUR\LIB\VM.LIB|do ACBP=A9
 0002:0006E6E4 00000014 C=DATA    S=_DATA    G=DGROUP   M=C:\XHARBOUR\LIB\VM.LIB|dynsym ACBP=A9
 0002:0006E6F8 000001D4 C=DATA    S=_DATA    G=DGROUP   M=C:\XHARBOUR\LIB\VM.LIB|errorapi ACBP=A9
 0002:0006E8CC 00000144 C=DATA    S=_DATA    G=DGROUP   M=C:\XHARBOUR\LIB\VM.LIB|estack ACBP=A9
 0002:0006EA10 0000001C C=DATA    S=_DATA    G=DGROUP   M=C:\XHARBOUR\LIB\VM.LIB|eval ACBP=A9
 0002:0006EA2C 00000004 C=DATA    S=_DATA    G=DGROUP   M=C:\XHARBOUR\LIB\VM.LIB|extend ACBP=A9
 0002:0006EA30 00000044 C=DATA    S=_DATA    G=DGROUP   M=C:\XHARBOUR\LIB\VM.LIB|garbage ACBP=A9
 0002:0006EA74 00000328 C=DATA    S=_DATA    G=DGROUP   M=C:\XHARBOUR\LIB\VM.LIB|hash ACBP=A9
 0002:0006ED9C 000000E0 C=DATA    S=_DATA    G=DGROUP   M=C:\XHARBOUR\LIB\VM.LIB|hbi18n ACBP=A9
 0002:0006EE7C 00000DC8 C=DATA    S=_DATA    G=DGROUP   M=C:\XHARBOUR\LIB\VM.LIB|hvm ACBP=A9
 0002:0006FC44 00000568 C=DATA    S=_DATA    G=DGROUP   M=C:\XHARBOUR\LIB\VM.LIB|initsymb ACBP=A9
 0002:000701AC 00000034 C=DATA    S=_DATA    G=DGROUP   M=C:\XHARBOUR\LIB\VM.LIB|itemapi ACBP=A9
 0002:000701E0 000000A8 C=DATA    S=_DATA    G=DGROUP   M=C:\XHARBOUR\LIB\VM.LIB|fastitem ACBP=A9
 0002:00070288 00000024 C=DATA    S=_DATA    G=DGROUP   M=C:\XHARBOUR\LIB\VM.LIB|macro ACBP=A9
 0002:000702AC 00000004 C=DATA    S=_DATA    G=DGROUP   M=C:\XHARBOUR\LIB\VM.LIB|mainwin ACBP=A9
 0002:000702B0 00000124 C=DATA    S=_DATA    G=DGROUP   M=C:\XHARBOUR\LIB\VM.LIB|memvars ACBP=A9
 0002:000703D4 000000C8 C=DATA    S=_DATA    G=DGROUP   M=C:\XHARBOUR\LIB\VM.LIB|proc ACBP=A9
 0002:0007049C 00000008 C=DATA    S=_DATA    G=DGROUP   M=C:\XHARBOUR\LIB\VM.LIB|throw ACBP=A9
 0002:000704A4 00000444 C=DATA    S=_DATA    G=DGROUP   M=C:\XHARBOUR\LIB\VM.LIB|harbinit ACBP=A9
 0002:000708E8 00000004 C=DATA    S=_DATA    G=DGROUP   M=C:\XHARBOUR\LIB\RTL.LIB|abs ACBP=A9
 0002:000708EC 0000000C C=DATA    S=_DATA    G=DGROUP   M=C:\XHARBOUR\LIB\RTL.LIB|at ACBP=A9
 0002:000708F8 00000010 C=DATA    S=_DATA    G=DGROUP   M=C:\XHARBOUR\LIB\RTL.LIB|bkgtsks ACBP=A9
 0002:00070908 0000000C C=DATA    S=_DATA    G=DGROUP   M=C:\XHARBOUR\LIB\RTL.LIB|box ACBP=A9
 0002:00070914 00000264 C=DATA    S=_DATA    G=DGROUP   M=C:\XHARBOUR\LIB\RTL.LIB|cdpapi ACBP=A9
 0002:00070B78 00000008 C=DATA    S=_DATA    G=DGROUP   M=C:\XHARBOUR\LIB\RTL.LIB|chrasc ACBP=A9
 0002:00070B80 00000004 C=DATA    S=_DATA    G=DGROUP   M=C:\XHARBOUR\LIB\RTL.LIB|colorind ACBP=A9
 0002:00070B84 0000002C C=DATA    S=_DATA    G=DGROUP   M=C:\XHARBOUR\LIB\RTL.LIB|console ACBP=A9
 0002:00070BB0 00000010 C=DATA    S=_DATA    G=DGROUP   M=C:\XHARBOUR\LIB\RTL.LIB|datec ACBP=A9
 0002:00070BC0 00000040 C=DATA    S=_DATA    G=DGROUP   M=C:\XHARBOUR\LIB\RTL.LIB|dates ACBP=A9
 0002:00070C00 00000034 C=DATA    S=_DATA    G=DGROUP   M=C:\XHARBOUR\LIB\RTL.LIB|dateshb ACBP=A9
 0002:00070C34 00000018 C=DATA    S=_DATA    G=DGROUP   M=C:\XHARBOUR\LIB\RTL.LIB|direct ACBP=A9
 0002:00070C4C 00000018 C=DATA    S=_DATA    G=DGROUP   M=C:\XHARBOUR\LIB\RTL.LIB|filesys ACBP=A9
 0002:00070C64 00000004 C=DATA    S=_DATA    G=DGROUP   M=C:\XHARBOUR\LIB\RTL.LIB|fserror ACBP=A9
 0002:00070C68 00000004 C=DATA    S=_DATA    G=DGROUP   M=C:\XHARBOUR\LIB\RTL.LIB|fstemp ACBP=A9
 0002:00070C6C 00000004 C=DATA    S=_DATA    G=DGROUP   M=C:\XHARBOUR\LIB\RTL.LIB|gete ACBP=A9
 0002:00070C70 00000184 C=DATA    S=_DATA    G=DGROUP   M=C:\XHARBOUR\LIB\RTL.LIB|gtapi ACBP=A9
 0002:00070DF4 00000068 C=DATA    S=_DATA    G=DGROUP   M=C:\XHARBOUR\LIB\RTL.LIB|gx ACBP=A9
 0002:00070E5C 00000060 C=DATA    S=_DATA    G=DGROUP   M=C:\XHARBOUR\LIB\RTL.LIB|hbbitf ACBP=A9
 0002:00070EBC 00000020 C=DATA    S=_DATA    G=DGROUP   M=C:\XHARBOUR\LIB\RTL.LIB|hbffind ACBP=A9
 0002:00070EDC 00000024 C=DATA    S=_DATA    G=DGROUP   M=C:\XHARBOUR\LIB\RTL.LIB|hbhex2n ACBP=A9
 0002:00070F00 00000004 C=DATA    S=_DATA    G=DGROUP   M=C:\XHARBOUR\LIB\RTL.LIB|hbrandom ACBP=A9
 0002:00070F04 00000018 C=DATA    S=_DATA    G=DGROUP   M=C:\XHARBOUR\LIB\RTL.LIB|idle ACBP=A9
 0002:00070F1C 0000002C C=DATA    S=_DATA    G=DGROUP   M=C:\XHARBOUR\LIB\RTL.LIB|inkey ACBP=A9
 0002:00070F48 00000060 C=DATA    S=_DATA    G=DGROUP   M=C:\XHARBOUR\LIB\RTL.LIB|langapi ACBP=A9
 0002:00070FA8 00000008 C=DATA    S=_DATA    G=DGROUP   M=C:\XHARBOUR\LIB\RTL.LIB|left ACBP=A9
 0002:00070FB0 00000004 C=DATA    S=_DATA    G=DGROUP   M=C:\XHARBOUR\LIB\RTL.LIB|len ACBP=A9
 0002:00070FB4 00000154 C=DATA    S=_DATA    G=DGROUP   M=C:\XHARBOUR\LIB\RTL.LIB|math ACBP=A9
 0002:00071108 00000004 C=DATA    S=_DATA    G=DGROUP   M=C:\XHARBOUR\LIB\RTL.LIB|memofile ACBP=A9
 0002:0007110C 00000008 C=DATA    S=_DATA    G=DGROUP   M=C:\XHARBOUR\LIB\RTL.LIB|minmax ACBP=A9
 0002:00071114 00000004 C=DATA    S=_DATA    G=DGROUP   M=C:\XHARBOUR\LIB\RTL.LIB|mod ACBP=A9
 0002:00071118 00000010 C=DATA    S=_DATA    G=DGROUP   M=C:\XHARBOUR\LIB\RTL.LIB|mouseapi ACBP=A9
 0002:00071128 00000038 C=DATA    S=_DATA    G=DGROUP   M=C:\XHARBOUR\LIB\RTL.LIB|natmsg ACBP=A9
 0002:00071160 00000004 C=DATA    S=_DATA    G=DGROUP   M=C:\XHARBOUR\LIB\RTL.LIB|oemansi ACBP=A9
 0002:00071164 00000004 C=DATA    S=_DATA    G=DGROUP   M=C:\XHARBOUR\LIB\RTL.LIB|padc ACBP=A9
 0002:00071168 00000004 C=DATA    S=_DATA    G=DGROUP   M=C:\XHARBOUR\LIB\RTL.LIB|padl ACBP=A9
 0002:0007116C 00000004 C=DATA    S=_DATA    G=DGROUP   M=C:\XHARBOUR\LIB\RTL.LIB|padr ACBP=A9
 0002:00071170 000000E0 C=DATA    S=_DATA    G=DGROUP   M=C:\XHARBOUR\LIB\RTL.LIB|philes ACBP=A9
 0002:00071250 00000020 C=DATA    S=_DATA    G=DGROUP   M=C:\XHARBOUR\LIB\RTL.LIB|philesx ACBP=A9
 0002:00071270 0000008C C=DATA    S=_DATA    G=DGROUP   M=C:\XHARBOUR\LIB\RTL.LIB|regex ACBP=A9
 0002:000712FC 0000000C C=DATA    S=_DATA    G=DGROUP   M=C:\XHARBOUR\LIB\RTL.LIB|replic ACBP=A9
 0002:00071308 00000004 C=DATA    S=_DATA    G=DGROUP   M=C:\XHARBOUR\LIB\RTL.LIB|right ACBP=A9
 0002:0007130C 0000000C C=DATA    S=_DATA    G=DGROUP   M=C:\XHARBOUR\LIB\RTL.LIB|round ACBP=A9
 0002:00071318 00000008 C=DATA    S=_DATA    G=DGROUP   M=C:\XHARBOUR\LIB\RTL.LIB|seconds ACBP=A9
 0002:00071320 000000AC C=DATA    S=_DATA    G=DGROUP   M=C:\XHARBOUR\LIB\RTL.LIB|set ACBP=A9
 0002:000713CC 00000008 C=DATA    S=_DATA    G=DGROUP   M=C:\XHARBOUR\LIB\RTL.LIB|space ACBP=A9
 0002:000713D4 00000004 C=DATA    S=_DATA    G=DGROUP   M=C:\XHARBOUR\LIB\RTL.LIB|spfiles ACBP=A9
 0002:000713D8 00000004 C=DATA    S=_DATA    G=DGROUP   M=C:\XHARBOUR\LIB\RTL.LIB|str ACBP=A9
 0002:000713DC 0000000C C=DATA    S=_DATA    G=DGROUP   M=C:\XHARBOUR\LIB\RTL.LIB|strcase ACBP=A9
 0002:000713E8 00000004 C=DATA    S=_DATA    G=DGROUP   M=C:\XHARBOUR\LIB\RTL.LIB|strdel ACBP=A9
 0002:000713EC 0000000C C=DATA    S=_DATA    G=DGROUP   M=C:\XHARBOUR\LIB\RTL.LIB|strtran ACBP=A9
 0002:000713F8 0000000C C=DATA    S=_DATA    G=DGROUP   M=C:\XHARBOUR\LIB\RTL.LIB|strzero ACBP=A9
 0002:00071404 00000004 C=DATA    S=_DATA    G=DGROUP   M=C:\XHARBOUR\LIB\RTL.LIB|stuff ACBP=A9
 0002:00071408 00000008 C=DATA    S=_DATA    G=DGROUP   M=C:\XHARBOUR\LIB\RTL.LIB|substr ACBP=A9
 0002:00071410 00000004 C=DATA    S=_DATA    G=DGROUP   M=C:\XHARBOUR\LIB\RTL.LIB|teditorl ACBP=A9
 0002:00071414 00000090 C=DATA    S=_DATA    G=DGROUP   M=C:\XHARBOUR\LIB\RTL.LIB|tprinter ACBP=A9
 0002:000714A4 0000002C C=DATA    S=_DATA    G=DGROUP   M=C:\XHARBOUR\LIB\RTL.LIB|trace ACBP=A9
 0002:000714D0 0000016C C=DATA    S=_DATA    G=DGROUP   M=C:\XHARBOUR\LIB\RTL.LIB|transfrm ACBP=A9
 0002:0007163C 00000010 C=DATA    S=_DATA    G=DGROUP   M=C:\XHARBOUR\LIB\RTL.LIB|trim ACBP=A9
 0002:0007164C 0000000C C=DATA    S=_DATA    G=DGROUP   M=C:\XHARBOUR\LIB\RTL.LIB|txtline ACBP=A9
 0002:00071658 00000008 C=DATA    S=_DATA    G=DGROUP   M=C:\XHARBOUR\LIB\RTL.LIB|type ACBP=A9
 0002:00071660 00000004 C=DATA    S=_DATA    G=DGROUP   M=C:\XHARBOUR\LIB\RTL.LIB|val ACBP=A9
 0002:00071664 0000000C C=DATA    S=_DATA    G=DGROUP   M=C:\XHARBOUR\LIB\RTL.LIB|valtype ACBP=A9
 0002:00071670 00000008 C=DATA    S=_DATA    G=DGROUP   M=C:\XHARBOUR\LIB\RTL.LIB|word ACBP=A9
 0002:00071678 00000008 C=DATA    S=_DATA    G=DGROUP   M=C:\XHARBOUR\LIB\RTL.LIB|xhelp ACBP=A9
 0002:00071680 00000004 C=DATA    S=_DATA    G=DGROUP   M=C:\XHARBOUR\LIB\RTL.LIB|xsavescr ACBP=A9
 0002:00071684 00001B90 C=DATA    S=_DATA    G=DGROUP   M=C:\XHARBOUR\LIB\RTL.LIB|achoice ACBP=A9
 0002:00073214 00001010 C=DATA    S=_DATA    G=DGROUP   M=C:\XHARBOUR\LIB\RTL.LIB|alert ACBP=A9
 0002:00074224 00000158 C=DATA    S=_DATA    G=DGROUP   M=C:\XHARBOUR\LIB\RTL.LIB|browdb ACBP=A9
 0002:0007437C 00000800 C=DATA    S=_DATA    G=DGROUP   M=C:\XHARBOUR\LIB\RTL.LIB|color53 ACBP=A9
 0002:00074B7C 00000FD8 C=DATA    S=_DATA    G=DGROUP   M=C:\XHARBOUR\LIB\RTL.LIB|cstr ACBP=A9
 0002:00075B54 00000118 C=DATA    S=_DATA    G=DGROUP   M=C:\XHARBOUR\LIB\RTL.LIB|devoutp ACBP=A9
 0002:00075C6C 0000016C C=DATA    S=_DATA    G=DGROUP   M=C:\XHARBOUR\LIB\RTL.LIB|fieldbl ACBP=A9
 0002:00075DD8 0000011C C=DATA    S=_DATA    G=DGROUP   M=C:\XHARBOUR\LIB\RTL.LIB|getlist ACBP=A9
 0002:00075EF4 00001004 C=DATA    S=_DATA    G=DGROUP   M=C:\XHARBOUR\LIB\RTL.LIB|getsys ACBP=A9
 0002:00076EF8 00003C94 C=DATA    S=_DATA    G=DGROUP   M=C:\XHARBOUR\LIB\RTL.LIB|listbox ACBP=A9
 0002:0007AB8C 000016F8 C=DATA    S=_DATA    G=DGROUP   M=C:\XHARBOUR\LIB\RTL.LIB|memoedit ACBP=A9
 0002:0007C284 000000DC C=DATA    S=_DATA    G=DGROUP   M=C:\XHARBOUR\LIB\RTL.LIB|memvarbl ACBP=A9
 0002:0007C360 00000954 C=DATA    S=_DATA    G=DGROUP   M=C:\XHARBOUR\LIB\RTL.LIB|menuto ACBP=A9
 0002:0007CCB4 00000BEC C=DATA    S=_DATA    G=DGROUP   M=C:\XHARBOUR\LIB\RTL.LIB|mssgline ACBP=A9
 0002:0007D8A0 00001128 C=DATA    S=_DATA    G=DGROUP   M=C:\XHARBOUR\LIB\RTL.LIB|objfunc ACBP=A9
 0002:0007E9C8 000000E8 C=DATA    S=_DATA    G=DGROUP   M=C:\XHARBOUR\LIB\RTL.LIB|readvar ACBP=A9
 0002:0007EAB0 00001840 C=DATA    S=_DATA    G=DGROUP   M=C:\XHARBOUR\LIB\RTL.LIB|scrollbr ACBP=A9
 0002:000802F0 000011D8 C=DATA    S=_DATA    G=DGROUP   M=C:\XHARBOUR\LIB\RTL.LIB|tbcolumn ACBP=A9
 0002:000814C8 00009450 C=DATA    S=_DATA    G=DGROUP   M=C:\XHARBOUR\LIB\RTL.LIB|tbrowse ACBP=A9
 0002:0008A918 00002A34 C=DATA    S=_DATA    G=DGROUP   M=C:\XHARBOUR\LIB\RTL.LIB|tclass ACBP=A9
 0002:0008D34C 00007568 C=DATA    S=_DATA    G=DGROUP   M=C:\XHARBOUR\LIB\RTL.LIB|teditor ACBP=A9
 0002:000948B4 000005A8 C=DATA    S=_DATA    G=DGROUP   M=C:\XHARBOUR\LIB\RTL.LIB|terror ACBP=A9
 0002:00094E5C 00005934 C=DATA    S=_DATA    G=DGROUP   M=C:\XHARBOUR\LIB\RTL.LIB|tget ACBP=A9
 0002:0009A790 000003B0 C=DATA    S=_DATA    G=DGROUP   M=C:\XHARBOUR\LIB\RTL.LIB|tgetint ACBP=A9
 0002:0009AB40 00003CC8 C=DATA    S=_DATA    G=DGROUP   M=C:\XHARBOUR\LIB\RTL.LIB|tgetlist ACBP=A9
 0002:0009E808 0000079C C=DATA    S=_DATA    G=DGROUP   M=C:\XHARBOUR\LIB\RTL.LIB|tobject ACBP=A9
 0002:0009EFA4 0000040C C=DATA    S=_DATA    G=DGROUP   M=C:\XHARBOUR\LIB\RTL.LIB|traceprg ACBP=A9
 0002:0009F3B0 00000328 C=DATA    S=_DATA    G=DGROUP   M=C:\XHARBOUR\LIB\RTL.LIB|ttextlin ACBP=A9
 0002:0009F6D8 000021E4 C=DATA    S=_DATA    G=DGROUP   M=C:\XHARBOUR\LIB\RTL.LIB|win32ole ACBP=A9
 0002:000A18BC 00000518 C=DATA    S=_DATA    G=DGROUP   M=C:\XHARBOUR\LIB\RTL.LIB|winos ACBP=A9
 0002:000A1DD4 000003C0 C=DATA    S=_DATA    G=DGROUP   M=C:\XHARBOUR\LIB\RTL.LIB|winreg ACBP=A9
 0002:000A2194 000004CC C=DATA    S=_DATA    G=DGROUP   M=C:\XHARBOUR\LIB\RDD.LIB|dbcmd ACBP=A9
 0002:000A2660 00000028 C=DATA    S=_DATA    G=DGROUP   M=C:\XHARBOUR\LIB\RDD.LIB|workarea ACBP=A9
 0002:000A2688 0000020C C=DATA    S=_DATA    G=DGROUP   M=C:\XHARBOUR\LIB\RDD.LIB|dbf1 ACBP=A9
 0002:000A2894 00000304 C=DATA    S=_DATA    G=DGROUP   M=C:\XHARBOUR\LIB\RDD.LIB|rddord ACBP=A9
 0002:000A2B98 0000006C C=DATA    S=_DATA    G=DGROUP   M=C:\XHARBOUR\LIB\RDD.LIB|rddsys ACBP=A9
 0002:000A2C04 00002D48 C=DATA    S=_DATA    G=DGROUP   M=C:\XHARBOUR\LIB\MACRO.LIB|macroy ACBP=A9
 0002:000A594C 0000003E C=DATA    S=_DATA    G=DGROUP   M=C:\XHARBOUR\LIB\MACRO.LIB|macroa ACBP=A9
 0002:000A598C 00000158 C=DATA    S=_DATA    G=DGROUP   M=C:\XHARBOUR\LIB\MACRO.LIB|macrob ACBP=A9
 0002:000A5AE4 00000C44 C=DATA    S=_DATA    G=DGROUP   M=C:\XHARBOUR\LIB\MACRO.LIB|macroslx ACBP=A9
 0002:000A6728 00000008 C=DATA    S=_DATA    G=DGROUP   M=C:\XHARBOUR\LIB\COMMON.LIB|hbfsapi ACBP=A9
 0002:000A6730 00000088 C=DATA    S=_DATA    G=DGROUP   M=C:\XHARBOUR\LIB\COMMON.LIB|hbstr ACBP=A9
 0002:000A67B8 000000C0 C=DATA    S=_DATA    G=DGROUP   M=C:\XHARBOUR\LIB\COMMON.LIB|hbtrace ACBP=A9
 0002:000A6878 00000FCC C=DATA    S=_DATA    G=DGROUP   M=C:\XHARBOUR\LIB\COMMON.LIB|hbver ACBP=A9
 0002:000A7844 000001AC C=DATA    S=_DATA    G=DGROUP   M=C:\XHARBOUR\LIB\COMMON.LIB|expropt1 ACBP=A9
 0002:000A79F0 0000025C C=DATA    S=_DATA    G=DGROUP   M=C:\XHARBOUR\LIB\COMMON.LIB|reserved ACBP=A9
 0002:000A7C4C 00000094 C=DATA    S=_DATA    G=DGROUP   M=C:\XHARBOUR\LIB\CODEPAGE.LIB|cpesdos ACBP=A9
 0002:000A7CE0 000000B0 C=DATA    S=_DATA    G=DGROUP   M=C:\XHARBOUR\LIB\CODEPAGE.LIB|cpesmwin ACBP=A9
 0002:000A7D90 00000098 C=DATA    S=_DATA    G=DGROUP   M=C:\XHARBOUR\LIB\CODEPAGE.LIB|cpeswin ACBP=A9
 0002:000A7E28 00000218 C=DATA    S=_DATA    G=DGROUP   M=C:\XHARBOUR\LIB\CODEPAGE.LIB|uc850 ACBP=A9
 0002:000A8040 0000021C C=DATA    S=_DATA    G=DGROUP   M=C:\XHARBOUR\LIB\CODEPAGE.LIB|uc8859_1 ACBP=A9
 0002:000A825C 0000054C C=DATA    S=_DATA    G=DGROUP   M=C:\XHARBOUR\LIB\DBFNTX.LIB|dbfntx1 ACBP=A9
 0002:000A87A8 000041A0 C=DATA    S=_DATA    G=DGROUP   M=C:\XHARBOUR\LIB\BCC640.LIB|files ACBP=A9
 0002:000AC948 00000AF4 C=DATA    S=_DATA    G=DGROUP   M=C:\XHARBOUR\LIB\BCC640.LIB|files2 ACBP=A9
 0002:000AD43C 00000280 C=DATA    S=_DATA    G=DGROUP   M=C:\XHARBOUR\LIB\DBFFPT.LIB|dbffpt1 ACBP=A9
 0002:000AD6BC 00000F30 C=DATA    S=_DATA    G=DGROUP   M=C:\HELIO\SIACHB\LIB\DBFCDX.LIB|dbfcdx1 ACBP=A9
 0002:000AE5EC 00000090 C=DATA    S=_DATA    G=DGROUP   M=C:\HELIO\SIACHB\LIB\DBFCDX.LIB|dbfcdx0 ACBP=A9
 0002:000AE67C 0000175C C=DATA    S=_DATA    G=DGROUP   M=C:\HELIO\SIACHB\LIB\WVWTOOLS.LIB|gchckbox ACBP=A9
 0002:000AFDD8 00002DFC C=DATA    S=_DATA    G=DGROUP   M=C:\HELIO\SIACHB\LIB\WVWTOOLS.LIB|getsys ACBP=A9
 0002:000B2BD4 000040B4 C=DATA    S=_DATA    G=DGROUP   M=C:\HELIO\SIACHB\LIB\WVWTOOLS.LIB|glistbox ACBP=A9
 0002:000B6C88 00001538 C=DATA    S=_DATA    G=DGROUP   M=C:\HELIO\SIACHB\LIB\WVWTOOLS.LIB|gpushbtn ACBP=A9
 0002:000B81C0 00001C5C C=DATA    S=_DATA    G=DGROUP   M=C:\HELIO\SIACHB\LIB\WVWTOOLS.LIB|gradigrp ACBP=A9
 0002:000B9E1C 000016E4 C=DATA    S=_DATA    G=DGROUP   M=C:\HELIO\SIACHB\LIB\WVWTOOLS.LIB|gtwvw ACBP=A9
 0002:000BB500 0000182C C=DATA    S=_DATA    G=DGROUP   M=C:\HELIO\SIACHB\LIB\WVWTOOLS.LIB|middlwvw ACBP=A9
 0002:000BCD2C 00001924 C=DATA    S=_DATA    G=DGROUP   M=C:\HELIO\SIACHB\LIB\WVWTOOLS.LIB|tappl ACBP=A9
 0002:000BE650 000046A4 C=DATA    S=_DATA    G=DGROUP   M=C:\HELIO\SIACHB\LIB\WVWTOOLS.LIB|tgetlist ACBP=A9
 0002:000C2CF4 000027D4 C=DATA    S=_DATA    G=DGROUP   M=C:\HELIO\SIACHB\LIB\WVWTOOLS.LIB|ttabpage ACBP=A9
 0002:000C54C8 000055FC C=DATA    S=_DATA    G=DGROUP   M=C:\HELIO\SIACHB\LIB\WVWTOOLS.LIB|twindows ACBP=A9
 0002:000CAAC4 000016A0 C=DATA    S=_DATA    G=DGROUP   M=C:\HELIO\SIACHB\LIB\WVWTOOLS.LIB|wvwmisc ACBP=A9
 0002:000CC164 00000004 C=DATA    S=_DATA    G=DGROUP   M=C:\BORLAND\BCC55\LIB\CW32.LIB|virtmem ACBP=A9
 0002:000CC168 00000098 C=DATA    S=_DATA    G=DGROUP   M=C:\BORLAND\BCC55\LIB\CW32.LIB|hrdir_b ACBP=A9
 0002:000CC200 00000020 C=DATA    S=_DATA    G=DGROUP   M=C:\BORLAND\BCC55\LIB\CW32.LIB|hrdir_s ACBP=A9
 0002:000CC220 00000040 C=DATA    S=_DATA    G=DGROUP   M=C:\BORLAND\BCC55\LIB\CW32.LIB|heap ACBP=A9
 0002:000CC260 00000004 C=DATA    S=_DATA    G=DGROUP   M=C:\BORLAND\BCC55\LIB\CW32.LIB|xx_xpf ACBP=A9
 0002:000CC264 00000330 C=DATA    S=_DATA    G=DGROUP   M=C:\BORLAND\BCC55\LIB\CW32.LIB|xxtype ACBP=A9
 0002:000CC584 0000003C C=DATA    S=_DATA    G=DGROUP   M=C:\BORLAND\BCC55\LIB\CW32.LIB|xxut ACBP=A9
 0002:000CC5C0 000000E4 C=DATA    S=_DATA    G=DGROUP   M=C:\BORLAND\BCC55\LIB\CW32.LIB|xxv ACBP=A9
 0002:000CC6A4 00000014 C=DATA    S=_DATA    G=DGROUP   M=C:\BORLAND\BCC55\LIB\CW32.LIB|except ACBP=A9
 0002:000CC6B8 0000000C C=DATA    S=_DATA    G=DGROUP   M=C:\BORLAND\BCC55\LIB\CW32.LIB|__dup2 ACBP=A9
 0002:000CC6C4 00000004 C=DATA    S=_DATA    G=DGROUP   M=C:\BORLAND\BCC55\LIB\CW32.LIB|_cfinfo ACBP=A9
 0002:000CC6C8 00000004 C=DATA    S=_DATA    G=DGROUP   M=C:\BORLAND\BCC55\LIB\CW32.LIB|_umask ACBP=A9
 0002:000CC6CC 00000004 C=DATA    S=_DATA    G=DGROUP   M=C:\BORLAND\BCC55\LIB\CW32.LIB|cfinfo ACBP=A9
 0002:000CC6D0 00000004 C=DATA    S=_DATA    G=DGROUP   M=C:\BORLAND\BCC55\LIB\CW32.LIB|fmode ACBP=A9
 0002:000CC6D4 00000004 C=DATA    S=_DATA    G=DGROUP   M=C:\BORLAND\BCC55\LIB\CW32.LIB|fmodeptr ACBP=A9
 0002:000CC6D8 0000012B C=DATA    S=_DATA    G=DGROUP   M=C:\BORLAND\BCC55\LIB\CW32.LIB|ioerror ACBP=A9
 0002:000CC804 0000000C C=DATA    S=_DATA    G=DGROUP   M=C:\BORLAND\BCC55\LIB\CW32.LIB|mkname ACBP=A9
 0002:000CC810 0000047C C=DATA    S=_DATA    G=DGROUP   M=C:\BORLAND\BCC55\LIB\CW32.LIB|perror ACBP=A9
 0002:000CCC8C 00000018 C=DATA    S=_DATA    G=DGROUP   M=C:\BORLAND\BCC55\LIB\CW32.LIB|stat ACBP=A9
 0002:000CCCA4 00000076 C=DATA    S=_DATA    G=DGROUP   M=C:\BORLAND\BCC55\LIB\CW32.LIB|vprinter ACBP=A9
 0002:000CCD1C 00000202 C=DATA    S=_DATA    G=DGROUP   M=C:\BORLAND\BCC55\LIB\CW32.LIB|bigctype ACBP=A9
 0002:000CCF20 00000100 C=DATA    S=_DATA    G=DGROUP   M=C:\BORLAND\BCC55\LIB\CW32.LIB|clower ACBP=A9
 0002:000CD020 00000100 C=DATA    S=_DATA    G=DGROUP   M=C:\BORLAND\BCC55\LIB\CW32.LIB|cupper ACBP=A9
 0002:000CD120 00000260 C=DATA    S=_DATA    G=DGROUP   M=C:\BORLAND\BCC55\LIB\CW32.LIB|clocale ACBP=A9
 0002:000CD380 00000010 C=DATA    S=_DATA    G=DGROUP   M=C:\BORLAND\BCC55\LIB\CW32.LIB|_matherr ACBP=A9
 0002:000CD390 000000C0 C=DATA    S=_DATA    G=DGROUP   M=C:\BORLAND\BCC55\LIB\CW32.LIB|_pow10 ACBP=A9
 0002:000CD450 00000068 C=DATA    S=_DATA    G=DGROUP   M=C:\BORLAND\BCC55\LIB\CW32.LIB|cvtfak ACBP=A9
 0002:000CD4B8 00000068 C=DATA    S=_DATA    G=DGROUP   M=C:\BORLAND\BCC55\LIB\CW32.LIB|cvtfakw ACBP=A9
 0002:000CD520 00000004 C=DATA    S=_DATA    G=DGROUP   M=C:\BORLAND\BCC55\LIB\CW32.LIB|deflt87 ACBP=A9
 0002:000CD524 0000000C C=DATA    S=_DATA    G=DGROUP   M=C:\BORLAND\BCC55\LIB\CW32.LIB|exp ACBP=A9
 0002:000CD530 00000012 C=DATA    S=_DATA    G=DGROUP   M=C:\BORLAND\BCC55\LIB\CW32.LIB|f87exp ACBP=A9
 0002:000CD544 00000016 C=DATA    S=_DATA    G=DGROUP   M=C:\BORLAND\BCC55\LIB\CW32.LIB|f87log ACBP=A9
 0002:000CD55C 0000007C C=DATA    S=_DATA    G=DGROUP   M=C:\BORLAND\BCC55\LIB\CW32.LIB|hugeval ACBP=A9
 0002:000CD5D8 00000008 C=DATA    S=_DATA    G=DGROUP   M=C:\BORLAND\BCC55\LIB\CW32.LIB|initcvt ACBP=A9
 0002:000CD5E0 0000000C C=DATA    S=_DATA    G=DGROUP   M=C:\BORLAND\BCC55\LIB\CW32.LIB|log ACBP=A9
 0002:000CD5EC 00000008 C=DATA    S=_DATA    G=DGROUP   M=C:\BORLAND\BCC55\LIB\CW32.LIB|mathptr ACBP=A9
 0002:000CD5F4 00000044 C=DATA    S=_DATA    G=DGROUP   M=C:\BORLAND\BCC55\LIB\CW32.LIB|mathwhy ACBP=A9
 0002:000CD638 0000001C C=DATA    S=_DATA    G=DGROUP   M=C:\BORLAND\BCC55\LIB\CW32.LIB|pow ACBP=A9
 0002:000CD654 00000008 C=DATA    S=_DATA    G=DGROUP   M=C:\BORLAND\BCC55\LIB\CW32.LIB|rand ACBP=A9
 0002:000CD65C 00000014 C=DATA    S=_DATA    G=DGROUP   M=C:\BORLAND\BCC55\LIB\CW32.LIB|realcvt ACBP=A9
 0002:000CD670 00000028 C=DATA    S=_DATA    G=DGROUP   M=C:\BORLAND\BCC55\LIB\CW32.LIB|realcvtw ACBP=A9
 0002:000CD698 00000028 C=DATA    S=_DATA    G=DGROUP   M=C:\BORLAND\BCC55\LIB\CW32.LIB|scantod ACBP=A9
 0002:000CD6C0 00000028 C=DATA    S=_DATA    G=DGROUP   M=C:\BORLAND\BCC55\LIB\CW32.LIB|scanwtod ACBP=A9
 0002:000CD6E8 00000010 C=DATA    S=_DATA    G=DGROUP   M=C:\BORLAND\BCC55\LIB\CW32.LIB|sqrt ACBP=A9
 0002:000CD6F8 00000048 C=DATA    S=_DATA    G=DGROUP   M=C:\BORLAND\BCC55\LIB\CW32.LIB|mbctype ACBP=A9
 0002:000CD740 00000024 C=DATA    S=_DATA    G=DGROUP   M=C:\BORLAND\BCC55\LIB\CW32.LIB|assert ACBP=A9
 0002:000CD764 00000024 C=DATA    S=_DATA    G=DGROUP   M=C:\BORLAND\BCC55\LIB\CW32.LIB|ermsghlp ACBP=A9
 0002:000CD788 00000004 C=DATA    S=_DATA    G=DGROUP   M=C:\BORLAND\BCC55\LIB\CW32.LIB|errno ACBP=A9
 0002:000CD78C 00000010 C=DATA    S=_DATA    G=DGROUP   M=C:\BORLAND\BCC55\LIB\CW32.LIB|errormsg ACBP=A9
 0002:000CD79C 00000028 C=DATA    S=_DATA    G=DGROUP   M=C:\BORLAND\BCC55\LIB\CW32.LIB|platform ACBP=A9
 0002:000CD7C4 00000020 C=DATA    S=_DATA    G=DGROUP   M=C:\BORLAND\BCC55\LIB\CW32.LIB|abort ACBP=A9
 0002:000CD7E4 00000004 C=DATA    S=_DATA    G=DGROUP   M=C:\BORLAND\BCC55\LIB\CW32.LIB|patexit ACBP=A9
 0002:000CD7E8 0000000C C=DATA    S=_DATA    G=DGROUP   M=C:\BORLAND\BCC55\LIB\CW32.LIB|exit ACBP=A9
 0002:000CD7F4 00000008 C=DATA    S=_DATA    G=DGROUP   M=C:\BORLAND\BCC55\LIB\CW32.LIB|saptr ACBP=A9
 0002:000CD7FC 00000008 C=DATA    S=_DATA    G=DGROUP   M=C:\BORLAND\BCC55\LIB\CW32.LIB|wsaptr ACBP=A9
 0002:000CD804 00000054 C=DATA    S=_DATA    G=DGROUP   M=C:\BORLAND\BCC55\LIB\CW32.LIB|setargv ACBP=A9
 0002:000CD858 00000028 C=DATA    S=_DATA    G=DGROUP   M=C:\BORLAND\BCC55\LIB\CW32.LIB|hsargv ACBP=A9
 0002:000CD880 00000024 C=DATA    S=_DATA    G=DGROUP   M=C:\BORLAND\BCC55\LIB\CW32.LIB|whsargv ACBP=A9
 0002:000CD8A4 00000004 C=DATA    S=_DATA    G=DGROUP   M=C:\BORLAND\BCC55\LIB\CW32.LIB|wildptr ACBP=A9
 0002:000CD8A8 00000004 C=DATA    S=_DATA    G=DGROUP   M=C:\BORLAND\BCC55\LIB\CW32.LIB|wwildptr ACBP=A9
 0002:000CD8AC 00000020 C=DATA    S=_DATA    G=DGROUP   M=C:\BORLAND\BCC55\LIB\CW32.LIB|setargv0 ACBP=A9
 0002:000CD8CC 00000054 C=DATA    S=_DATA    G=DGROUP   M=C:\BORLAND\BCC55\LIB\CW32.LIB|setenvp ACBP=A9
 0002:000CD920 0000005E C=DATA    S=_DATA    G=DGROUP   M=C:\BORLAND\BCC55\LIB\CW32.LIB|signal ACBP=A9
 0002:000CD980 00000004 C=DATA    S=_DATA    G=DGROUP   M=C:\BORLAND\BCC55\LIB\CW32.LIB|globals ACBP=A9
 0002:000CD984 00000004 C=DATA    S=_DATA    G=DGROUP   M=C:\BORLAND\BCC55\LIB\CW32.LIB|initexit ACBP=A9
 0002:000CD988 000001C4 C=DATA    S=_DATA    G=DGROUP   M=C:\BORLAND\BCC55\LIB\CW32.LIB|timedata ACBP=A9
 0002:000CDB4C 00000008 C=DATA    S=_DATA    G=DGROUP   M=C:\BORLAND\BCC55\LIB\CW32.LIB|tzdata ACBP=A9
 0002:000CDB54 00000010 C=DATA    S=_DATA    G=DGROUP   M=C:\BORLAND\BCC55\LIB\CW32.LIB|tzset ACBP=A9
 0002:000CDB64 00000004 C=DATA    S=_DATA    G=DGROUP   M=C:\BORLAND\BCC55\LIB\CW32.LIB|clock ACBP=A9
 0002:000CDB68 000007FC C=DATA    S=_DATA    G=DGROUP   M=C:\BORLAND\BCC55\LIB\CW32.LIB|pcre ACBP=A9
 0002:000CE364 00000580 C=DATA    S=_DATA    G=DGROUP   M=C:\BORLAND\BCC55\LIB\CW32.LIB|pcreposix ACBP=A9
 0002:000CE8E4 0000088C C=DATA    S=_DATA    G=DGROUP   M=C:\BORLAND\BCC55\LIB\CW32.LIB|xx ACBP=A9
 0002:000CF170 00000010 C=DATA    S=_DATA    G=DGROUP   M=C:\BORLAND\BCC55\LIB\IMPORT32.LIB|uuid ACBP=A9
 0002:000CF180 00000040 C=DATA    S=_DATA    G=DGROUP   M=C:\BORLAND\BCC55\LIB\IMPORT32.LIB|inetguid ACBP=A9
 0003:00000000 00000008 C=BSS     S=_BSS     G=DGROUP   M=C:\XHARBOUR\LIB\VM.LIB|errorapi ACBP=A9
 0003:00000008 00000048 C=BSS     S=_BSS     G=DGROUP   M=C:\XHARBOUR\LIB\VM.LIB|estack ACBP=A9
 0003:00000050 00000018 C=BSS     S=_BSS     G=DGROUP   M=C:\XHARBOUR\LIB\VM.LIB|extend ACBP=A9
 0003:00000068 00000201 C=BSS     S=_BSS     G=DGROUP   M=C:\XHARBOUR\LIB\VM.LIB|fm ACBP=A9
 0003:0000026C 00000185 C=BSS     S=_BSS     G=DGROUP   M=C:\XHARBOUR\LIB\VM.LIB|hbi18n ACBP=A9
 0003:000003F4 000009EC C=BSS     S=_BSS     G=DGROUP   M=C:\XHARBOUR\LIB\VM.LIB|hvm ACBP=A9
 0003:00000DE0 00000300 C=BSS     S=_BSS     G=DGROUP   M=C:\XHARBOUR\LIB\VM.LIB|mainwin ACBP=A9
 0003:000010E0 00000100 C=BSS     S=_BSS     G=DGROUP   M=C:\XHARBOUR\LIB\RTL.LIB|cdpapi ACBP=A9
 0003:000011E0 00000014 C=BSS     S=_BSS     G=DGROUP   M=C:\XHARBOUR\LIB\RTL.LIB|console ACBP=A9
 0003:000011F4 00000018 C=BSS     S=_BSS     G=DGROUP   M=C:\XHARBOUR\LIB\RTL.LIB|direct ACBP=A9
 0003:0000120C 00000208 C=BSS     S=_BSS     G=DGROUP   M=C:\XHARBOUR\LIB\RTL.LIB|filesys ACBP=A9
 0003:00001414 00000034 C=BSS     S=_BSS     G=DGROUP   M=C:\XHARBOUR\LIB\RTL.LIB|gtapi ACBP=A9
 0003:00001448 000000CC C=BSS     S=_BSS     G=DGROUP   M=C:\XHARBOUR\LIB\RTL.LIB|inkey ACBP=A9
 0003:00001514 00000100 C=BSS     S=_BSS     G=DGROUP   M=C:\XHARBOUR\LIB\RTL.LIB|langapi ACBP=A9
 0003:00001614 0000056C C=BSS     S=_BSS     G=DGROUP   M=C:\XHARBOUR\LIB\RTL.LIB|set ACBP=A9
 0003:00001B80 00000004 C=BSS     S=_BSS     G=DGROUP   M=C:\XHARBOUR\LIB\RTL.LIB|setkey ACBP=A9
 0003:00001B84 00000004 C=BSS     S=_BSS     G=DGROUP   M=C:\XHARBOUR\LIB\RTL.LIB|xsavescr ACBP=A9
 0003:00001B88 00000074 C=BSS     S=_BSS     G=DGROUP   M=C:\XHARBOUR\LIB\RTL.LIB|win32ole ACBP=A9
 0003:00001BFC 0000018C C=BSS     S=_BSS     G=DGROUP   M=C:\XHARBOUR\LIB\RDD.LIB|dbf1 ACBP=A9
 0003:00001D88 00000044 C=BSS     S=_BSS     G=DGROUP   M=C:\XHARBOUR\LIB\MACRO.LIB|macroy ACBP=A9
 0003:00001DCC 000086DC C=BSS     S=_BSS     G=DGROUP   M=C:\XHARBOUR\LIB\MACRO.LIB|macroslx ACBP=A9
 0003:0000A4A8 0000018E C=BSS     S=_BSS     G=DGROUP   M=C:\XHARBOUR\LIB\DBFNTX.LIB|dbfntx1 ACBP=A9
 0003:0000A638 000015E0 C=BSS     S=_BSS     G=DGROUP   M=C:\XHARBOUR\LIB\BCC640.LIB|files2 ACBP=A9
 0003:0000BC18 0000018C C=BSS     S=_BSS     G=DGROUP   M=C:\XHARBOUR\LIB\DBFFPT.LIB|dbffpt1 ACBP=A9
 0003:0000BDA4 0000017C C=BSS     S=_BSS     G=DGROUP   M=C:\HELIO\SIACHB\LIB\DBFCDX.LIB|dbfcdx1 ACBP=A9
 0003:0000BF20 0000044C C=BSS     S=_BSS     G=DGROUP   M=C:\HELIO\SIACHB\LIB\WVWTOOLS.LIB|gtwvw ACBP=A9
 0003:0000C36C 00000018 C=BSS     S=_BSS     G=DGROUP   M=C:\BORLAND\BCC55\LIB\CW32.LIB|hrdir_b ACBP=A9
 0003:0000C384 00000004 C=BSS     S=_BSS     G=DGROUP   M=C:\BORLAND\BCC55\LIB\CW32.LIB|strtok ACBP=A9
 0003:0000C388 00000410 C=BSS     S=_BSS     G=DGROUP   M=C:\BORLAND\BCC55\LIB\CW32.LIB|xxtype ACBP=A9
 0003:0000C798 00000008 C=BSS     S=_BSS     G=DGROUP   M=C:\BORLAND\BCC55\LIB\CW32.LIB|xxv ACBP=A9
 0003:0000C7A0 00000008 C=BSS     S=_BSS     G=DGROUP   M=C:\BORLAND\BCC55\LIB\CW32.LIB|except ACBP=A9
 0003:0000C7A8 00000004 C=BSS     S=_BSS     G=DGROUP   M=C:\BORLAND\BCC55\LIB\CW32.LIB|ioerror ACBP=A9
 0003:0000C7AC 0000000F C=BSS     S=_BSS     G=DGROUP   M=C:\BORLAND\BCC55\LIB\CW32.LIB|mkname ACBP=A9
 0003:0000C7BC 00000108 C=BSS     S=_BSS     G=DGROUP   M=C:\BORLAND\BCC55\LIB\CW32.LIB|mbctype ACBP=A9
 0003:0000C8C4 00000100 C=BSS     S=_BSS     G=DGROUP   M=C:\BORLAND\BCC55\LIB\CW32.LIB|assert ACBP=A9
 0003:0000C9C4 00000019 C=BSS     S=_BSS     G=DGROUP   M=C:\BORLAND\BCC55\LIB\CW32.LIB|ermsghlp ACBP=A9
 0003:0000C9E0 00000004 C=BSS     S=_BSS     G=DGROUP   M=C:\BORLAND\BCC55\LIB\CW32.LIB|platform ACBP=A9
 0003:0000C9E4 00000008 C=BSS     S=_BSS     G=DGROUP   M=C:\BORLAND\BCC55\LIB\CW32.LIB|qsort ACBP=A9
 0003:0000C9EC 0000000C C=BSS     S=_BSS     G=DGROUP   M=C:\BORLAND\BCC55\LIB\CW32.LIB|setargv ACBP=A9
 0003:0000C9F8 00000004 C=BSS     S=_BSS     G=DGROUP   M=C:\BORLAND\BCC55\LIB\CW32.LIB|hsargv ACBP=A9
 0003:0000C9FC 00000004 C=BSS     S=_BSS     G=DGROUP   M=C:\BORLAND\BCC55\LIB\CW32.LIB|whsargv ACBP=A9
 0003:0000CA00 00000010 C=BSS     S=_BSS     G=DGROUP   M=C:\BORLAND\BCC55\LIB\CW32.LIB|setenvp ACBP=A9
 0003:0000CA10 00000040 C=BSS     S=_BSS     G=DGROUP   M=C:\BORLAND\BCC55\LIB\CW32.LIB|globals ACBP=A9
 0003:0000CA50 00000024 C=BSS     S=_BSS     G=DGROUP   M=C:\BORLAND\BCC55\LIB\CW32.LIB|gmtime ACBP=A9
 0003:0000CA74 00000008 C=BSS     S=_BSS     G=DGROUP   M=C:\BORLAND\BCC55\LIB\CW32.LIB|tzset ACBP=A9
 0003:0000CA7C 00000010 C=BSS     S=_BSS     G=DGROUP   M=C:\BORLAND\BCC55\LIB\CW32.LIB|xx ACBP=A9
 0004:00000000 0000009C C=TLS     S=_TLS     G=DGROUP   M=C:\BORLAND\BCC55\LIB\CW32.LIB|xxv ACBP=A9

  Address         Publics by Name

 0001:000A4BD4      @$bdele$qpv
 0001:000A4BE4      @$bdla$qpv
 0003:0000C384      @B1188_1
 0003:0000C388      @B1238_2
 0003:0000C798      @B1242_2
 0003:0000C7A0      @B1248_2
 0003:0000C7A8      @B1509_2
 0003:0000C7AC      @B1533_2
 0003:00000000      @B162_2
 0003:00000008      @B164_2
 0003:00000050      @B170_2
 0003:00000068      @B172_1
 0003:0000026C      @B178_2
 0003:000003F4      @B180_2
 0003:00000DE0      @B198_2
 0003:0000C7BC      @B2135_2
 0003:0000C8C4      @B2271_2
 0003:0000C9C4      @B2287_2
 0003:0000C9E0      @B2299_2
 0003:0000C9E4      @B2303_1
 0003:000010E0      @B234_2
 0003:0000C9EC      @B2380_2
 0003:0000C9F8      @B2382_2
 0003:0000C9FC      @B2384_2
 0003:000011E0      @B240_2
 0003:0000CA00      @B2455_2
 0003:0000CA10      @B2477_1
 0003:0000CA50      @B2502_1
 0003:0000CA74      @B2516_2
 0003:0000CA7C      @B2572_2
 0003:000011F4      @B258_2
 0003:0000120C      @B274_2
 0003:00001414      @B292_2
 0003:00001448      @B332_2
 0003:00001514      @B338_2
 0003:00001614      @B412_2
 0003:00001B80      @B422_1
 0003:00001B84      @B486_2
 0003:00001B88      @B628_2
 0003:00001BFC      @B640_2
 0003:00001D88      @B672_2
 0003:00001DCC      @B680_2
 0003:0000A4A8      @B816_2
 0003:0000A638      @B822_1
 0003:0000BC18      @B828_2
 0003:0000BDA4      @B839_2
 0003:0000BF20      @B855_2
 0003:0000C36C      @B925_2
 0001:000A5B04      @C1106_0
 0001:000A5B24      @C1110_0
 0001:000A5B48      @C1114_0
 0001:000A5B94      @C1116_0
 0001:000A5C20      @C1118_0
 0001:000A5C38      @C1132_0
 0001:000A5C74      @C1134_0
 0001:000A5CC8      @C1136_0
 0001:000A5D14      @C1138_0
 0001:000A5D44      @C1140_0
 0001:000A5DA0      @C1142_0
 0001:000A5E10      @C1144_0
 0001:000A5E38      @C1158_0
 0001:000A5EA4      @C1164_0
 0001:000A5ED8      @C1170_0
 0001:000A5F28      @C1176_0
 0001:000A5F54      @C1178_0
 0001:000A5F80      @C1186_0
 0001:000A5FD4      @C1188_0
 0001:000A603C      @C1190_0
 0001:000A6074      @C1192_0
 0001:000A608C      @C1194_0
 0001:000A60CC      @C1234_0
 0001:000A613C      @C1238_0
 0001:000A6293      @C1238_3
 0001:000A6930      @C1242_0
 0001:000A6930      @C1242_4
 0001:000A6A7C      @C1244_0
 0001:000A6A88      @C1248_0
 0001:000A6BC4      @C1248_3
 0001:000A6BDC      @C1248_4
 0001:000A6C04      @C1252_0
 0001:000A6C4C      @C1254_0
 0001:000A6C70      @C1258_0
 0001:000A6CAC      @C1260_0
 0001:000A6D0C      @C1262_0
 0001:000A6D20      @C1264_0
 0001:000A6E10      @C1266_0
 0001:000A6E98      @C1270_0
 0001:000A6EE0      @C1272_0
 0001:000A6F58      @C1274_0
 0001:000A7154      @C1282_0
 0001:000A7270      @C1284_0
 0001:000A7284      @C1302_0
 0001:000A72BC      @C1334_0
 0001:000A72C4      @C1358_0
 0001:000A7328      @C1360_0
 0001:000A7330      @C1362_0
 0001:000A73B0      @C1368_0
 0001:000A744C      @C1376_0
 0001:00001960      @C138_0
 0001:000A7454      @C1409_0
 0001:00002F74      @C140_0
 0001:000A745C      @C1413_0
 0001:000A7464      @C1415_0
 0001:000A74F4      @C1423_0
 0001:000064A0      @C142_0
 0001:000A7574      @C1443_0
 0001:000A75D0      @C1447_0
 0001:0000690C      @C144_0
 0001:000A75F4      @C1452_0
 0001:000A77D4      @C1454_0
 0001:000A77F8      @C1460_0
 0001:00006920      @C146_0
 0001:000A78D4      @C1478_0
 0001:000A7A14      @C1486_0
 0001:0000BE28      @C148_0
 0001:0000C3BC      @C148_2
 0001:000A7AE8      @C1509_0
 0001:0000C3D8      @C150_0
 0001:000A7B60      @C1513_0
 0001:000A7B68      @C1523_0
 0001:000A7C78      @C1533_0
 0001:000A7D0C      @C1543_0
 0001:0000C708      @C156_0
 0001:000A7D30      @C1585_0
 0001:000A7D9C      @C1587_0
 0001:000A7DEC      @C1589_0
 0001:000A7EEC      @C1596_0
 0001:000A7F64      @C1604_0
 0001:000A816C      @C1608_0
 0001:000A8228      @C1608_1
 0001:0000C954      @C160_0
 0001:000A8284      @C1624_0
 0001:000A82A0      @C1628_0
 0001:0000D028      @C162_0
 0001:000A82C4      @C1636_0
 0001:0000E6D0      @C164_0
 0001:0000EF20      @C166_0
 0001:0000FA24      @C170_0
 0001:000A8CB0      @C1712_0
 0001:000A8CE0      @C1714_0
 0001:000A8D08      @C1728_0
 0001:000115E4      @C172_0
 0001:000A8D5C      @C1735_0
 0001:000A8E60      @C1737_0
 0001:000A8F64      @C1739_0
 0001:000A8FA8      @C1741_0
 0001:0001199C      @C174_0
 0001:000120A4      @C176_0
 0001:000A9000      @C1779_0
 0001:000A9054      @C1781_0
 0001:000A90A8      @C1783_0
 0001:000A90FC      @C1785_0
 0001:000A9150      @C1787_0
 0001:000154C0      @C178_0
 0001:0001669C      @C180_0
 0001:000A9620      @C1837_0
 0001:00028A54      @C184_0
 0001:000A9820      @C1851_0
 0001:000A9840      @C1861_0
 0001:00028A5C      @C186_0
 0001:000A9888      @C1871_0
 0001:000A9938      @C1877_0
 0001:00028A74      @C188_0
 0001:000A9AC0      @C1900_0
 0001:000A9B38      @C1908_0
 0001:0002A4E4      @C190_0
 0001:000A9B54      @C1912_0
 0001:000A9B68      @C1926_0
 0001:000A9B98      @C1928_0
 0001:0002B024      @C192_0
 0001:000A9BB0      @C1932_0
 0001:000A9BC8      @C1934_0
 0001:000A9BE0      @C1942_0
 0001:000A9C4C      @C1950_0
 0001:000A9D1C      @C1952_0
 0001:000A9D64      @C1970_0
 0001:000A9DB4      @C1974_0
 0001:000A9DCC      @C1980_0
 0001:000A9DF4      @C1982_0
 0001:000A9E24      @C1984_0
 0001:000A9E48      @C1986_0
 0001:0002CCA4      @C198_0
 0001:00000000      @C1_0
 0001:000A9E5C      @C2002_0
 0001:0002CDC4      @C200_0
 0001:000A9F10      @C2012_0
 0001:000AA028      @C2014_0
 0001:000AA098      @C2022_0
 0001:000AA128      @C2030_0
 0001:000AA1A0      @C2036_0
 0001:000AA1D0      @C2038_0
 0001:000AA1E8      @C2044_0
 0001:0002EBAC      @C204_0
 0001:000AA218      @C2052_0
 0001:000AA3F4      @C2060_0
 0001:000AA41C      @C2062_0
 0001:000AA44C      @C2064_0
 0001:000AA468      @C2064_2
 0001:000AA4DC      @C2066_0
 0001:000AA7D8      @C2068_0
 0001:0002EBE8      @C206_0
 0001:000AAB0C      @C2073_0
 0001:000AAB38      @C2075_0
 0001:000AB01C      @C2077_0
 0001:000AB4FC      @C2087_0
 0001:000AB538      @C2121_0
 0001:000AB80C      @C2123_0
 0001:000ABB00      @C2135_0
 0001:000ABC2C      @C2135_3
 0001:000ABC3C      @C2137_0
 0001:000ABC7C      @C2139_0
 0001:0002F12C      @C214_0
 0001:000ABC98      @C2157_0
 0001:0002F1A0      @C216_0
 0001:0002F1A0      @C216_2
 0001:000ABCB4      @C2177_0
 0001:0002F27C      @C218_0
 0001:000ABD50      @C2195_0
 0001:000ABDA4      @C2197_0
 0001:000ABE64      @C2217_0
 0001:000ABED0      @C2219_0
 0001:000ABF28      @C2243_0
 0001:0002F3F4      @C224_0
 0001:0002F6A4      @C226_0
 0001:000ABF48      @C2271_0
 0001:000ABFF0      @C2287_0
 0001:000AC0A8      @C2291_0
 0001:000AC244      @C2299_0
 0001:000AC244      @C2299_3
 0001:000AC2D0      @C2303_0
 0001:0002FBFC      @C230_0
 0001:000AC508      @C2318_0
 0001:0002FD2C      @C232_0
 0001:0002FEAC      @C234_0
 0001:00030DC0      @C234_3
 0001:000AC52C      @C2356_0
 0001:000AC5D4      @C2358_0
 0001:000AC62C      @C2364_0
 0001:000AC648      @C2366_0
 0001:000AC65C      @C2368_0
 0001:00030DCC      @C236_0
 0001:000AC670      @C2374_0
 0001:000AC698      @C2380_0
 0001:000AC698      @C2380_3
 0001:000AC720      @C2380_4
 0001:000AC804      @C2382_0
 0001:000AC9EC      @C2384_0
 0001:00030E70      @C238_0
 0001:00030F28      @C240_0
 0001:000ACC14      @C2441_0
 0001:000ACC14      @C2441_2
 0001:000ACC4C      @C2441_3
 0001:000318A0      @C244_0
 0001:000ACC5C      @C2455_0
 0001:000ACDDC      @C2455_3
 0001:000ACC5C      @C2455_4
 0001:000ACDFC      @C2459_0
 0001:000319E4      @C246_0
 0001:000AD0F4      @C2478_0
 0001:000AD24C      @C2480_0
 0001:000321DC      @C248_0
 0001:000AD3F0      @C2494_0
 0001:000AD440      @C2502_0
 0001:000AD5EC      @C2512_0
 0001:000AD890      @C2514_0
 0001:000AD890      @C2514_2
 0001:000AD898      @C2516_0
 0001:000ADA60      @C2518_0
 0001:000ADA68      @C2522_0
 0001:000ADA74      @C2522_2
 0001:000ADA80      @C2528_0
 0001:000ADB20      @C2534_0
 0001:000ADC78      @C2544_0
 0001:000ADCC8      @C2546_0
 0001:000B1914      @C2548_0
 0001:000B1B68      @C2564_0
 0001:000B1B70      @C2568_0
 0001:000327BC      @C256_0
 0001:000B1B78      @C2570_0
 0001:000B1B80      @C2572_0
 0001:000B1B80      @C2572_3
 0001:000329AC      @C258_0
 0001:00033184      @C266_0
 0001:0003330C      @C268_0
 0001:00033444      @C270_0
 0001:000334B8      @C274_0
 0001:000349D8      @C276_0
 0001:00034A90      @C280_0
 0001:00034B6C      @C284_0
 0001:00034C1C      @C286_0
 0001:00034D48      @C288_0
 0001:00034DEC      @C290_0
 0001:00034E24      @C292_0
 0001:00038D88      @C298_0
 0001:00000150      @C2_0
 0001:00000150      @C2_2
 0001:000392B0      @C302_0
 0001:00039698      @C312_0
 0001:00039ED0      @C314_0
 0001:0003A31C      @C320_0
 0001:0003A5C4      @C330_0
 0001:0003A9BC      @C332_0
 0001:0003B1A4      @C334_0
 0001:0003B4B4      @C336_0
 0001:0003B798      @C338_0
 0001:0003BA0C      @C340_0
 0001:0003BAC0      @C342_0
 0001:0003BB2C      @C346_0
 0001:0003C480      @C348_0
 0001:0003C548      @C350_0
 0001:0003C6A0      @C352_0
 0001:0003CB78      @C358_0
 0001:0003CCE8      @C360_0
 0001:0003D0B0      @C366_0
 0001:0003D1DC      @C368_0
 0001:0003D228      @C370_0
 0001:0003D2D8      @C378_0
 0001:0003D3FC      @C380_0
 0001:0003D4EC      @C382_0
 0001:0003D5D8      @C384_0
 0001:0003E020      @C388_0
 0001:0003E0C0      @C390_0
 0001:0003E158      @C394_0
 0001:0003F2E0      @C396_0
 0001:0003F414      @C398_0
 0001:000001DC      @C3_0
 0001:000001DC      @C3_2
 0001:0003F474      @C400_0
 0001:0003F59C      @C406_0
 0001:0003F74C      @C408_0
 0001:0003F850      @C410_0
 0001:0003FA2C      @C412_0
 0001:00042144      @C418_0
 0001:0004222C      @C420_0
 0001:00042288      @C422_0
 0001:00042804      @C424_0
 0001:00042884      @C426_0
 0001:000428B0      @C432_0
 0001:0004292C      @C434_0
 0001:00042B50      @C436_0
 0001:00042CE4      @C440_0
 0001:00042F84      @C442_0
 0001:000430B0      @C444_0
 0001:000430E8      @C446_0
 0001:0004350C      @C450_0
 0001:000437E8      @C452_0
 0001:0004390C      @C454_0
 0001:00043A74      @C456_0
 0001:00043B98      @C458_0
 0001:00043DB0      @C460_0
 0001:00043E08      @C462_0
 0001:00044978      @C464_0
 0001:00044AA8      @C466_0
 0001:0004638C      @C468_0
 0001:000465A8      @C470_0
 0001:0004753C      @C472_0
 0001:000475A4      @C474_0
 0001:00047638      @C478_0
 0001:000478A8      @C482_0
 0001:000478EC      @C484_0
 0001:00047944      @C486_0
 0001:00047A24      @C488_0
 0001:00047A24      @C488_2
 0001:00047C58      @C492_0
 0001:00047C58      @C492_2
 0001:00047CD4      @C496_0
 0001:00047CD4      @C496_2
 0001:00000950      @C4_0
 0001:00000950      @C4_2
 0001:00047D08      @C504_0
 0001:00047D08      @C504_2
 0001:00047E74      @C506_0
 0001:00047E74      @C506_2
 0001:00047F20      @C514_0
 0001:00047F20      @C514_2
 0001:00047F54      @C526_0
 0001:00047F54      @C526_2
 0001:00047FA0      @C528_0
 0001:00047FA0      @C528_2
 0001:00001940      @C52_0
 0001:00001944      @C52_2
 0001:0004801C      @C530_0
 0001:0004801C      @C530_2
 0001:00048260      @C542_0
 0001:00048260      @C542_2
 0001:000485F8      @C544_0
 0001:000485F8      @C544_2
 0001:000486D4      @C546_0
 0001:000486D4      @C546_2
 0001:00048708      @C548_0
 0001:00048708      @C548_2
 0001:00048784      @C550_0
 0001:00048784      @C550_2
 0001:00048890      @C552_0
 0001:00048890      @C552_2
 0001:00048AA4      @C568_0
 0001:00048AA4      @C568_2
 0001:00001950      @C56_0
 0001:00001954      @C56_2
 0001:00048AF0      @C572_0
 0001:00048AF0      @C572_2
 0001:00048C74      @C582_0
 0001:00048C74      @C582_2
 0001:00048D38      @C584_0
 0001:00048D38      @C584_2
 0001:00049490      @C586_0
 0001:00049490      @C586_2
 0001:000498A0      @C588_0
 0001:000498A0      @C588_2
 0001:00049EF0      @C590_0
 0001:00049EF0      @C590_2
 0001:00049F3C      @C594_0
 0001:00049F3C      @C594_2
 0001:0004A37C      @C596_0
 0001:0004A37C      @C596_2
 0001:0004A3E0      @C598_0
 0001:0004A3E0      @C598_2
 0001:00001280      @C5_0
[...]
 0001:000AC244      @C2299_0
 0001:000AC2D0      @C2303_0
 0001:000AC4DC      ___org_qsort
 0001:000AC4DC      _qsort
 0001:000AC508      @C2318_0
 0001:000AC508      __abort
 0001:000AC51C      _abort
 0001:000AC52C      @C2356_0
 0001:000AC584      _exit
 0001:000AC59C      __exit
 0001:000AC5B4      __cexit
 0001:000AC5C4      __c_exit
 0001:000AC5D4      @C2358_0
 0001:000AC5D4      _getenv
 0001:000AC5D4      ___org_getenv
 0001:000AC62C      __init_wild_handlers
 0001:000AC62C      @C2364_0
 0001:000AC648      @C2366_0
 0001:000AC648      __argv_default_expand
 0001:000AC65C      @C2368_0
 0001:000AC65C      __wargv_default_expand
 0001:000AC670      __init_setargv_handlers
 0001:000AC670      @C2374_0
 0001:000AC698      @C2380_3
 0001:000AC698      @C2380_0
 0001:000AC698      __setargv
 0001:000AC720      @C2380_4
 0001:000AC720      __exitargv
 0001:000AC804      __handle_setargv
 0001:000AC804      @C2382_0
 0001:000AC95C      __handle_exitargv
 0001:000AC9EC      @C2384_0
 0001:000AC9EC      __handle_wsetargv
 0001:000ACB80      __handle_wexitargv
 0001:000ACC14      @C2441_2
 0001:000ACC14      @C2441_0
 0001:000ACC4C      @C2441_3
 0001:000ACC5C      @C2455_0
 0001:000ACC5C      @C2455_4
 0001:000ACC90      __expandblock
 0001:000ACDDC      @C2455_3
 0001:000ACDFC      @C2459_0
 0001:000AD024      _signal
 0001:000AD084      _raise
 0001:000AD084      ___org_raise
 0001:000AD0F4      @C2478_0
 0001:000AD0F4      __terminate
 0001:000AD104      __create_shmem
 0001:000AD10C      __init_exit_proc
 0001:000AD1E0      __cleanup
 0001:000AD24C      __startup
 0001:000AD24C      @C2480_0
 0001:000AD3F0      @C2494_0
 0001:000AD3F0      ___CRTL_TLS_Alloc
 0001:000AD3F8      ___CRTL_TLS_Free
 0001:000AD408      ___CRTL_TLS_GetValue
 0001:000AD418      ___CRTL_TLS_SetValue
 0001:000AD42C      ___CRTL_TLS_InitThread
 0001:000AD434      ___CRTL_TLS_ExitThread
 0001:000AD43C      ___CRTL_TLS_GetInfo
 0001:000AD440      @C2502_0
 0001:000AD5AC      ___org_gmtime
 0001:000AD5AC      _gmtime
 0001:000AD5C4      ___org_localtime
 0001:000AD5C4      _localtime
 0001:000AD5EC      __isDST
 0001:000AD5EC      @C2512_0
 0001:000AD700      __totalsec
 0001:000AD890      @C2514_2
 0001:000AD890      @C2514_0
 0001:000AD898      @C2516_0
 0001:000AD898      __tzset
 0001:000ADA60      _tzset
 0001:000ADA60      @C2518_0
 0001:000ADA68      @C2522_0
 0001:000ADA68      _clock
 0001:000ADA74      @C2522_2
 0001:000ADA80      _ftime
 0001:000ADA80      @C2528_0
 0001:000ADA80      ___org_ftime
 0001:000ADB20      @C2534_0
 0001:000ADB84      __statcvt
 0001:000ADBF0      __statcvt_i64
 0001:000ADC78      _time
 0001:000ADC78      ___org_time
 0001:000ADC78      @C2544_0
 0001:000ADCC8      @C2546_0
 0001:000ADCC8      __pcre_version
 0001:000ADCD0      _pcre_info
 0001:000AF214      __pcre_compile
 0001:000B15E4      __pcre_exec
 0001:000B1914      @C2548_0
 0001:000B1964      __pcre_regerror
 0001:000B1A10      __pcre_regfree
 0001:000B1A24      __pcre_regcomp
 0001:000B1A8C      __pcre_regexec
 0001:000B1B68      _regcomp
 0001:000B1B68      @C2564_0
 0001:000B1B70      _regexec
 0001:000B1B70      @C2568_0
 0001:000B1B78      _regfree
 0001:000B1B78      @C2570_0
 0001:000B1B80      @C2572_0
 0001:000B1B80      @C2572_3
 0001:000B1BAB      ___JumpToCatch__
 0001:000B1E15      ___raiseDebuggerException
 0001:000B21D0      @_ThrowExceptionLDTC$qpvt1t1t1uiuiuipuct1
 0001:000B2205      @_ReThrowException$quipuc
 0001:000B2270      __Global_unwind
 0001:000B23AC      @_CatchCleanup$qv
 0001:000B28DC      __Local_unwind
 0001:000B28EF      __Return_unwind
 0001:000B2950      ____ExceptionHandler
 0001:000B36CE      __CurrExcContext
 0002:00000230      @D1_1
 0002:00000274      ___isGUI
 0002:000002AC      ___isVCLPackage
 0002:000002AD      ___isDLL
 0002:000002BA      ___useDynamicTLS
 0002:000002BB      __TLS_index
 0002:000002BF      __TLS_index4
 0002:000002C3      __hInstance
 0002:000002C8      ___CPPdebugHook
 0002:000002C8      ___CPPdebugHook_segment
 0002:000002CC      __PackageInfoTable
 0002:000002D4      @D2_1
 0002:00002C4C      @D3_1
 0002:0001DDE0      @D4_1
 0002:0003BE18      @D5_1
 0002:00044D14      @D6_1
 0002:00045EC4      @D7_1
 0002:0004EEA0      @D8_1
 0002:0006CA4C      @D52_1
 0002:0006D3D4      @D56_1
 0002:0006DEBC      @D140_1
 0002:0006E05C      @D146_1
 0002:0006E084      _hb_cls_uiArrayClass
 0002:0006E086      _hb_cls_uiBlockClass
 0002:0006E088      _hb_cls_uiCharacterClass
 0002:0006E08A      _hb_cls_uiDateClass
 0002:0006E08C      _hb_cls_uiLogicalClass
 0002:0006E08E      _hb_cls_uiNilClass
 0002:0006E090      _hb_cls_uiNumericClass
 0002:0006E092      _hb_cls_uiPointerClass
 0002:0006E094      _hb_cls_uiHashClass
 0002:0006E098      _hb_symDestructor
 0002:0006E5C8      @D148_1
 0002:0006E5D0      _b_MouseEnable
 0002:0006E5D4      _hb_hInstance
 0002:0006E5D8      _hb_hPrevInstance
 0002:0006E5DC      _hb_iCmdShow
 0002:0006E5E0      _s_WinMainParam
 0002:0006E6AC      @D150_1
 0002:0006E6E0      @D156_1
 0002:0006E6E4      @D160_1
 0002:0006E6F8      @D162_1
 0002:0006E8CC      _hb_stack_ptr
 0002:0006E8CC      @D164_1
 0002:0006E8D0      _hb_stack_ready
 0002:0006EA10      @D166_1
 0002:0006EA2C      @D170_1
 0002:0006EA30      @D174_1
 0002:0006EA3C      _hb_gc_bReleaseAll
 0002:0006EA74      @D176_1
 0002:0006ED9C      @D178_1
 0002:0006EE7C      _hb_vm_iExtraParamsIndex
 0002:0006EE7C      @D180_1
 0002:0006EE80      _hb_vm_iExtraElementsIndex
 0002:0006EE84      _hb_vm_iExtraElements
 0002:0006EE8C      _pHVMFuncService
 0002:0006EE90      _hb_bProfiler
 0002:0006EE94      _hb_bTracePrgCalls
 0002:0006EE98      _hb_symEval
 0002:0006EEC0      _hb_vm_pFunDbgEntry
 0002:0006EEC8      _hb_vm_sNull
 0002:0006EECC      _hb_vm_acAscii
 0002:0006F2CC      _hb_vm_bWithObject
 0002:0006F2D0      _hb_vm_wEnumCollectionCounter
 0002:0006F2D4      _hb_vm_iTry
 0002:0006F2D8      _hb_vm_BreakBlock
 0002:0006FC44      @D186_1
 0002:000701AC      @D188_1
 0002:000701E0      @D190_1
 0002:00070288      _hb_comp_bShortCuts
 0002:00070288      @D192_1
 0002:000702AC      @D198_1
 0002:000702B0      @D200_1
 0002:000703D4      @D206_1
 0002:0007049C      @D214_1
 0002:000704A4      @D216_1
 0002:000708E8      @D218_1
 0002:000708EC      @D224_1
 0002:000708F8      @D226_1
 0002:00070908      @D232_1
 0002:00070914      @D234_1
 0002:00070B14      _hb_uniTbl_437
 0002:00070B68      _hb_cdp_page
 0002:00070B78      @D236_1
 0002:00070B80      @D238_1
 0002:00070B84      @D240_1
 0002:00070BB0      @D244_1
 0002:00070BC0      @D246_1
 0002:00070C00      @D248_1
 0002:00070C34      @D258_1
 0002:00070C4C      @D274_1
 0002:00070C64      @D276_1
 0002:00070C68      @D286_1
 0002:00070C6C      @D288_1
 0002:00070C70      @D292_1
 0002:00070C88      _hb_gt_gcoldefs
 0002:00070DF4      @D298_1
 0002:00070E5C      @D302_1
 0002:00070EBC      @D312_1
 0002:00070EDC      @D314_1
 0002:00070F00      @D320_1
 0002:00070F04      @D330_1
 0002:00070F18      _hb_vm_bCollectGarbage
 0002:00070F1C      @D332_1
 0002:00070F48      @D338_1
 0002:00070FA8      @D340_1
 0002:00070FB0      @D342_1
 0002:00070FB4      @D346_1
 0002:00071108      @D350_1
 0002:0007110C      @D352_1
 0002:00071114      @D358_1
 0002:00071118      @D360_1
 0002:00071128      @D366_1
 0002:00071160      @D370_1
 0002:00071164      @D378_1
 0002:00071168      @D380_1
 0002:0007116C      @D382_1
 0002:00071170      @D384_1
 0002:00071250      @D388_1
 0002:00071270      @D394_1
 0002:000712FC      @D396_1
 0002:00071308      @D398_1
 0002:0007130C      @D400_1
 0002:00071318      @D410_1
 0002:00071320      _hb_set_ptr
 0002:00071320      @D412_1
 0002:000713CC      @D432_1
 0002:000713D4      @D434_1
 0002:000713D8      @D436_1
 0002:000713DC      @D440_1
 0002:000713E8      @D442_1
 0002:000713EC      @D450_1
 0002:000713F8      @D452_1
 0002:00071404      @D454_1
 0002:00071408      @D456_1
 0002:00071410      @D458_1
 0002:00071414      @D462_1
 0002:000714A4      @D464_1
 0002:000714D0      @D466_1
 0002:0007163C      @D468_1
 0002:0007164C      @D470_1
 0002:00071658      @D472_1
 0002:00071660      @D474_1
 0002:00071664      @D478_1
 0002:00071670      @D482_1
 0002:00071678      @D484_1
 0002:00071680      @D486_1
 0002:00071684      @D488_1
 0002:00073214      @D492_1
 0002:00074224      @D496_1
 0002:0007437C      @D504_1
 0002:00074B7C      @D506_1
 0002:00075B54      @D514_1
 0002:00075C6C      @D526_1
 0002:00075DD8      @D528_1
 0002:00075EF4      @D530_1
 0002:00076EF8      @D542_1
 0002:0007AB8C      @D544_1
 0002:0007C284      @D546_1
 0002:0007C360      @D548_1
 0002:0007CCB4      @D550_1
 0002:0007D8A0      @D552_1
 0002:0007E9C8      @D568_1
 0002:0007EAB0      @D572_1
 0002:000802F0      @D582_1
 0002:000814C8      @D584_1
 0002:0008A918      @D586_1
 0002:0008D34C      @D588_1
 0002:000948B4      @D590_1
 0002:00094E5C      @D594_1
 0002:0009A790      @D596_1
 0002:0009AB40      @D598_1
 0002:0009E808      @D604_1
 0002:0009EFA4      @D608_1
 0002:0009F3B0      @D618_1
 0002:0009F6D8      @D628_1
 0002:000A18BC      @D632_1
 0002:000A1DD4      @D634_1
 0002:000A2194      @D636_1
 0002:000A2660      @D638_1
 0002:000A2688      @D640_1
 0002:000A2894      @D668_1
 0002:000A2B98      @D670_1
 0002:000A2C04      @D672_1
 0002:000A594C      @D674_1
 0002:000A598C      _hb_comp_ExprTable
 0002:000A598C      @D676_1
 0002:000A5AE4      @D680_1
 0002:000A5B18      _yytext
 0002:000A5BD8      _aPairs
 0002:000A6728      @D694_1
 0002:000A6730      @D700_1
 0002:000A67B8      _hb_tr_file_
 0002:000A67B8      @D702_1
 0002:000A67BC      _hb_tr_line_
 0002:000A67C0      _hb_tr_level_
 0002:000A6878      @D704_1
 0002:000A7844      @D706_1
 0002:000A79F0      @D710_1
 0002:000A7C4C      @D720_1
 0002:000A7CE0      @D722_1
 0002:000A7D90      @D724_1
 0002:000A7E28      @D798_0
 0002:000A8028      _hb_uniTbl_850
 0002:000A8040      @D804_0
 0002:000A8240      _hb_uniTbl_8859_1
 0002:000A825C      @D816_1
 0002:000A87A8      @D818_0
 0002:000A87A8      __streams
 0002:000AC948      @D822_0
 0002:000AC948      __nfile
 0002:000AC94C      __openfd
 0002:000AD43C      @D828_1
 0002:000AD6BC      @D839_1
 0002:000AE5EC      @D841_1
 0002:000AE67C      @D843_1
 0002:000AFDD8      @D845_1
 0002:000B2BD4      @D847_1
 0002:000B6C88      @D849_1
 0002:000B81C0      @D853_1
 0002:000B9E1C      @D855_1
 0002:000BB500      @D859_1
 0002:000BCD2C      @D861_1
 0002:000BE650      @D863_1
 0002:000C2CF4      @D869_1
 0002:000C54C8      @D875_1
 0002:000C687C      _SAWINDOWS
 0002:000C6894      _OWINACTIVE
 0002:000CAAC4      @D879_1
 0002:000CC164      @D923_1
 0002:000CC168      @D925_1
 0002:000CC200      @D935_1
 0002:000CC204      __heap_redirector
 0002:000CC220      @D941_1
 0002:000CC220      __virt_heap_size
 0002:000CC224      __virt_chunk_size
 0002:000CC228      __virt_chunk_size2
 0002:000CC22C      __nv_heap_size
 0002:000CC230      __smalloc_threshold
 0002:000CC234      __virt_chunk_free
 0002:000CC238      __virt_chunk_free2
 0002:000CC23C      __firstHeap
 0002:000CC240      __lastHeap
 0002:000CC244      __linktable
 0002:000CC248      __freeStart
 0002:000CC254      __rover
 0002:000CC25C      ___allocated
 0002:000CC260      ___xxPersonality
 0002:000CC260      @D1236_0
 0002:000CC264      @D1238_1
 0002:000CC584      ___terminatePTR
 0002:000CC584      @D1240_1
 0002:000CC588      ___unexpectdPTR
 0002:000CC58C      @_$CHNC$@std@terminate$qv
 0002:000CC5AC      @_$ECTOC$@std@terminate$qv
 0002:000CC5C0      ___CPPexceptionList
 0002:000CC5C0      @D1242_1
 0002:000CC5C4      ___exceptFlags
 0002:000CC5C8      ___throwFileName
 0002:000CC5CC      ___throwLineNumber
 0002:000CC5D0      ___throwExceptionName
 0002:000CC5D4      ___exceptStaticBuffP
 0002:000CC5D8      ___exceptMemAllocVars
 0002:000CC5DC      ___ExceptStaticXbuff
 0002:000CC65C      __ExceptVarsSize
 0002:000CC670      @_$CHNC$@__call_terminate$qv
 0002:000CC690      @_$ECTOC$@__call_terminate$qv
 0002:000CC6A4      @D1248_1
 0002:000CC6A4      __stkchk
 0002:000CC6B8      @D1264_1
 0002:000CC6C4      @D1284_1
 0002:000CC6C4      __cfinfo_get
 0002:000CC6C8      __notUmask
 0002:000CC6C8      @D1338_1
 0002:000CC6CC      @D1364_0
 0002:000CC6CC      __fileinfo
 0002:000CC6D0      __fmode
 0002:000CC6D0      @D1445_0
 0002:000CC6D4      @D1447_1
 0002:000CC6D4      __fmodeptr
 0002:000CC6D8      __dosErrorToSV
 0002:000CC6D8      @D1509_1
 0002:000CC804      @D1533_1
 0002:000CC810      @D1541_1
 0002:000CC810      __sys_errlist
 0002:000CC8D4      __sys_nerr
 0002:000CCC8C      @D1604_1
 0002:000CCCA4      @D1636_1
 0002:000CCD1C      __chartype
 0002:000CCD1C      @D1716_0
 0002:000CCF20      @D1722_0
 0002:000CCF20      __lower
 0002:000CD020      @D1726_0
 0002:000CD020      __upper
 0002:000CD120      _CMonetary
 0002:000CD120      @D1745_0
 0002:000CD154      _CNumeric
 0002:000CD16C      _CTimeDate
 0002:000CD230      _CLOCALE
 0002:000CD25C      ___locale
 0002:000CD380      @D1871_1
 0002:000CD390      @D1877_1
 0002:000CD450      __realcvtptr
 0002:000CD450      @D1932_1
 0002:000CD454      __nextrealptr
 0002:000CD458      __scantodptr
 0002:000CD45C      __scanrsltptr
 0002:000CD4B8      @D1934_1
 0002:000CD4B8      __realcvtwptr
 0002:000CD4BC      __nextrealwptr
 0002:000CD4C0      __scanwtodptr
 0002:000CD4C4      __scanwrsltptr
 0002:000CD520      @D1936_0
 0002:000CD520      __default87
 0002:000CD524      @D1942_1
 0002:000CD530      @D1950_1
 0002:000CD544      @D1952_1
 0002:000CD55C      @D1990_0
 0002:000CD55C      __huge_flt
 0002:000CD560      __huge_dble
 0002:000CD568      __huge_ldble
 0002:000CD572      __max_flt
 0002:000CD576      __max_dble
 0002:000CD57E      __max_ldble
 0002:000CD588      __indefinite
 0002:000CD58C      __tiny_ldble
 0002:000CD598      ___ieee_64_p_inf
 0002:000CD5A0      ___ieee_64_n_inf
 0002:000CD5A8      ___ieee_64_p_nanq
 0002:000CD5B0      ___ieee_64_n_nanq
 0002:000CD5B8      ___ieee_64_p_nans
 0002:000CD5C0      ___ieee_64_n_nans
 0002:000CD5C8      ___ieee_64_p_zero
 0002:000CD5D0      ___ieee_64_n_zero
 0002:000CD5D8      __turboFloat
 0002:000CD5D8      @D2000_0
 0002:000CD5DC      __floatconvert
 0002:000CD5E0      @D2014_1
 0002:000CD5EC      @D2038_1
 0002:000CD5EC      __pmatherr
 0002:000CD5F0      __pmatherrl
 0002:000CD5F4      __mathwhy
 0002:000CD5F4      @D2042_0
 0002:000CD638      @D2052_1
 0002:000CD654      @D2064_1
 0002:000CD65C      @D2066_1
 0002:000CD670      @D2068_1
 0002:000CD698      @D2075_1
 0002:000CD6C0      @D2077_1
 0002:000CD6E8      @D2087_1
 0002:000CD6F8      @D2135_1
 0002:000CD6F8      __kalpha
 0002:000CD6FA      __kpunct
 0002:000CD740      @D2271_1
 0002:000CD764      @D2287_1
 0002:000CD788      @D2289_1
 0002:000CD788      _errno
 0002:000CD78C      __messagefunc
 0002:000CD78C      @D2291_1
 0002:000CD790      __messagefile
 0002:000CD79C      @D2299_1
 0002:000CD7C4      @D2318_1
 0002:000CD7E4      @D2320_0
 0002:000CD7E4      ___pCallAtExitProcs
 0002:000CD7E8      @D2356_1
 0002:000CD7E8      __exitbuf
 0002:000CD7EC      __exitfopen
 0002:000CD7F0      __exitopen
 0002:000CD7F4      __setargv_ptr
 0002:000CD7F4      @D2376_0
 0002:000CD7F8      __exitargv_ptr
 0002:000CD7FC      __wsetargv_ptr
 0002:000CD7FC      @D2378_0
 0002:000CD800      __wexitargv_ptr
 0002:000CD804      __setargv__
 0002:000CD804      @D2380_1
 0002:000CD858      @D2382_1
 0002:000CD858      __cmdline_escapes
 0002:000CD880      @D2384_1
 0002:000CD8A4      __argv_expand_ptr
 0002:000CD8A4      @D2437_0
 0002:000CD8A8      __wargv_expand_ptr
 0002:000CD8A8      @D2439_0
 0002:000CD8AC      __argv0
 0002:000CD8AC      @D2441_1
 0002:000CD8CC      __setenvp__
 0002:000CD8CC      @D2455_1
 0002:000CD920      @D2459_1
 0002:000CD980      __isWindows
 0002:000CD980      @D2477_0
 0002:000CD984      @D2478_1
 0002:000CD988      __SWeekday
 0002:000CD988      @D2508_0
 0002:000CD9A4      __LWeekday
 0002:000CD9C0      __SMonth
 0002:000CD9F0      __LMonth
 0002:000CDA20      __AmPm
 0002:000CDA28      __Days
 0002:000CDA34      __YDays
 0002:000CDB4C      @D2514_1
 0002:000CDB4C      __timezone
 0002:000CDB50      __daylight
 0002:000CDB54      @D2516_1
 0002:000CDB54      __tzname
 0002:000CDB64      @D2522_1
 0002:000CDB68      @D2546_1
 0002:000CDC0C      _pcre_malloc
 0002:000CDC10      _pcre_free
 0002:000CE364      @D2548_1
 0002:000CE8E4      @D2572_1
 0002:000CE8E4      ___debuggerDisableTerminateCallback
 0002:000CF170      @D2721_0
 0002:000CF170      _GUID_NULL
 0002:000CF180      _IID_IEnumVARIANT
 0002:000CF190      _IID_IDispatch
 0002:000CF1A0      _IID_IPicture
 0003:00000000      @B162_2
 0003:00000008      _hb_stackST
 0003:00000008      @B164_2
 0003:00000050      @B170_2
 0003:00000068      @B172_1
 0003:0000026C      @B178_2
 0003:000003F4      _hb_vm_aiExtraParams
 0003:000003F4      @B180_2
 0003:00000434      _hb_vm_apExtraParamsSymbol
 0003:00000474      _hb_vm_aiExtraElements
 0003:000004B4      _hb_vm_iExtraIndex
 0003:000004B8      _hb_ulOpcodesCalls
 0003:00000760      _hb_ulOpcodesTime
 0003:00000A38      _hb_vm_aWithObject
 0003:00000BB8      _hb_vm_wWithObjectCounter
 0003:00000BBC      _hb_vm_aEnumCollection
 0003:00000D3C      _hb_vm_apEnumVar
 0003:00000D7C      _hb_vm_awEnumIndex
 0003:00000DBC      _hb_vm_pSequence
 0003:00000DE0      @B198_2
 0003:000010E0      @B234_2
 0003:000011E0      @B240_2
 0003:000011F4      @B258_2
 0003:0000120C      @B274_2
 0003:00001414      _hb_gt_gobjects
 0003:00001414      @B292_2
 0003:00001418      _hb_gt_gobjects_end
 0003:00001438      _hb_gtGForeground
 0003:00001440      _hb_gtGBackground
 0003:00001448      @B332_2
 0003:00001514      @B338_2
 0003:00001614      _hb_set
 0003:00001614      @B412_2
 0003:0000197C      _s_PrintFileName
 0003:00001A7C      _s_PrinterName
 0003:00001B7C      _s_isDefaultPrinterDevice
 0003:00001B80      @B422_1
 0003:00001B84      @B486_2
 0003:00001B88      @B628_2
 0003:00001BFC      @B640_2
 0003:00001D88      @B672_2
 0003:00001DCC      @B680_2
 0003:00005E90      _yyleng
 0003:00005E9C      _yyin
 0003:0000A4A8      @B816_2
 0003:0000A638      @B822_1
 0003:0000A638      __pidtab
 0003:0000B128      __handles
 0003:0000BC18      @B828_2
 0003:0000BDA4      @B839_2
 0003:0000BF20      @B855_2
 0003:0000C368      _last_gobject
 0003:0000C36C      @B925_2
 0003:0000C36C      __bormm_pfn_FreeMem
 0003:0000C370      __bormm_pfn_GetMem
 0003:0000C374      __bormm_pfn_ReallocMem
 0003:0000C378      __bormm_pfn_HeapAddRef
 0003:0000C37C      __bormm_pfn_HeapRelease
 0003:0000C384      @B1188_1
 0003:0000C388      @B1238_2
 0003:0000C798      @B1242_2
 0003:0000C798      __DestructorCountPtr
 0003:0000C7A0      @B1248_2
 0003:0000C7A0      __HandlerPtr
 0003:0000C7A4      __UserHandlerPtr
 0003:0000C7A8      __doserrno
 0003:0000C7A8      @B1509_2
 0003:0000C7AC      @B1533_2
 0003:0000C7AC      __tmpnum
 0003:0000C7BC      __mbctype
 0003:0000C7BC      @B2135_2
 0003:0000C8C0      __mbcsCodePage
 0003:0000C8C4      @B2271_2
 0003:0000C9C4      @B2287_2
 0003:0000C9E0      __ostype
 0003:0000C9E0      @B2299_2
 0003:0000C9E4      @B2303_1
 0003:0000C9EC      __argv
 0003:0000C9EC      @B2380_2
 0003:0000C9F8      @B2382_2
 0003:0000C9FC      @B2384_2
 0003:0000CA00      @B2455_2
 0003:0000CA00      __environ
 0003:0000CA08      __envsize
 0003:0000CA0C      __env_lock
 0003:0000CA10      __C0argc
 0003:0000CA10      @B2477_1
 0003:0000CA14      __C0argv
 0003:0000CA18      __C0environ
 0003:0000CA1C      __oscmd
 0003:0000CA20      __osenv
 0003:0000CA24      __argc
 0003:0000CA28      __dll_table
 0003:0000CA30      __ExcRegPtr
 0003:0000CA34      __wosenv
 0003:0000CA38      __woscmd
 0003:0000CA3C      __wC0argv
 0003:0000CA40      __wC0environ
 0003:0000CA44      __exe_table
 0003:0000CA4C      __stkbase
 0003:0000CA50      @B2502_1
 0003:0000CA74      @B2516_2
 0003:0000CA7C      @B2572_2
 0003:0000CA80      ___pCPPdebugHook
 0004:00000000      ___xxInfo
 0004:00000000      @T1242_3
